###############################################################
#  Generated by:      Cadence Innovus 23.13-s082_1
#  OS:                Linux x86_64(Host ID n01-zeus.olympus.ece.tamu.edu)
#  Generated on:      Thu Sep 24 10:44:03 2026
#  Design:            ddr4_controller_top
#  Command:           report_timing > $REPORTS_DIR/timing_postroute.rpt
###############################################################
Path 1: VIOLATED Setup Check with Pin rsp_rdata_q_reg[17]/CLK 
Endpoint:   rsp_rdata_q_reg[17]/D   (v) checked with  leading edge of 'clk'
Beginpoint: service_addr_q_reg[0]/Q (^) triggered by  leading edge of 'clk'
Path Groups: {clk}
Analysis View: VIEW_TYP
Other End Arrival Time          0.387
- Setup                         0.119
+ Phase Shift                   4.348
- Uncertainty                   0.100
= Required Time                 4.516
- Arrival Time                  4.535
= Slack Time                   -0.019
     Clock Rise Edge                 0.000
     + Clock Network Latency (Prop)  0.034
     = Beginpoint Arrival Time       0.034
     +----------------------------------------------------------------------------------------------------+ 
     |          Instance          |     Arc      |           Cell            | Delay | Arrival | Required | 
     |                            |              |                           |       |  Time   |   Time   | 
     |----------------------------+--------------+---------------------------+-------+---------+----------| 
     | service_addr_q_reg[0]      | CLK ^        |                           |       |   0.034 |    0.014 | 
     | service_addr_q_reg[0]      | CLK ^ -> Q ^ | sky130_fd_sc_hd__dfxtp_1  | 0.436 |   0.470 |    0.450 | 
     | FE_OFC176_service_addr_q_0 | A ^ -> Y v   | sky130_fd_sc_hd__inv_2    | 0.072 |   0.541 |    0.522 | 
     | FE_OFC177_service_addr_q_0 | A v -> Y ^   | sky130_fd_sc_hd__inv_2    | 0.076 |   0.617 |    0.598 | 
     | g189594                    | B ^ -> Y v   | sky130_fd_sc_hd__nor2_1   | 0.045 |   0.662 |    0.643 | 
     | FE_OFC87_n_38              | A v -> X v   | sky130_fd_sc_hd__buf_4    | 0.258 |   0.921 |    0.901 | 
     | FE_OFC151_n_38             | A v -> X v   | sky130_fd_sc_hd__buf_6    | 0.321 |   1.242 |    1.222 | 
     | FE_OFC91_n_38              | A v -> X v   | sky130_fd_sc_hd__buf_8    | 0.476 |   1.718 |    1.699 | 
     | g189310                    | A v -> X v   | sky130_fd_sc_hd__and2_4   | 0.255 |   1.973 |    1.953 | 
     | FE_PSBC200_n_114           | A v -> X v   | sky130_fd_sc_hd__buf_12   | 0.201 |   2.173 |    2.154 | 
     | g185833__7482              | A1 v -> Y ^  | sky130_fd_sc_hd__a221oi_1 | 0.497 |   2.671 |    2.652 | 
     | FE_PSBC186_n_3552          | A ^ -> X ^   | sky130_fd_sc_hd__buf_1    | 0.196 |   2.867 |    2.847 | 
     | g183598__6260              | A ^ -> Y v   | sky130_fd_sc_hd__nand4_1  | 0.154 |   3.021 |    3.001 | 
     | g183320__1881              | A1 v -> Y ^  | sky130_fd_sc_hd__a22oi_1  | 1.395 |   4.415 |    4.396 | 
     | g183092__5526              | B ^ -> Y v   | sky130_fd_sc_hd__nand2_1  | 0.120 |   4.535 |    4.516 | 
     | rsp_rdata_q_reg[17]        | D v          | sky130_fd_sc_hd__dfxtp_1  | 0.000 |   4.535 |    4.516 | 
     +----------------------------------------------------------------------------------------------------+ 

