###############################################################
#  Generated by:      Cadence Innovus 23.13-s082_1
#  OS:                Linux x86_64(Host ID n01-zeus.olympus.ece.tamu.edu)
#  Generated on:      Thu Sep 24 10:26:53 2026
#  Design:            ddr4_controller_top
#  Command:           report_timing > $REPORTS_DIR/timing_postroute.rpt
###############################################################
Path 1: VIOLATED Setup Check with Pin rsp_rdata_q_reg[30]/CLK 
Endpoint:   rsp_rdata_q_reg[30]/D   (v) checked with  leading edge of 'clk'
Beginpoint: service_addr_q_reg[2]/Q (^) triggered by  leading edge of 'clk'
Path Groups: {clk}
Analysis View: VIEW_TYP
Other End Arrival Time          0.484
- Setup                         0.090
+ Phase Shift                   4.348
- Uncertainty                   0.100
= Required Time                 4.643
- Arrival Time                  5.432
= Slack Time                   -0.789
     Clock Rise Edge                 0.000
     + Clock Network Latency (Prop)  0.035
     = Beginpoint Arrival Time       0.035
     +-----------------------------------------------------------------------------------------------+ 
     |       Instance        |     Arc      |           Cell            | Delay | Arrival | Required | 
     |                       |              |                           |       |  Time   |   Time   | 
     |-----------------------+--------------+---------------------------+-------+---------+----------| 
     | service_addr_q_reg[2] | CLK ^        |                           |       |   0.035 |   -0.754 | 
     | service_addr_q_reg[2] | CLK ^ -> Q ^ | sky130_fd_sc_hd__dfxtp_2  | 0.590 |   0.625 |   -0.164 | 
     | g189596               | B ^ -> Y v   | sky130_fd_sc_hd__nor2_1   | 0.085 |   0.710 |   -0.079 | 
     | FE_OFC170_n_36        | A v -> X v   | sky130_fd_sc_hd__buf_4    | 0.390 |   1.100 |    0.311 | 
     | FE_OFC87_n_36         | A v -> Y ^   | sky130_fd_sc_hd__inv_2    | 0.261 |   1.362 |    0.573 | 
     | FE_OFC88_n_36         | A ^ -> Y v   | sky130_fd_sc_hd__inv_4    | 0.295 |   1.657 |    0.867 | 
     | FE_OFC141_n_36        | A v -> X v   | sky130_fd_sc_hd__buf_4    | 0.588 |   2.244 |    1.455 | 
     | g188323               | B1 v -> Y ^  | sky130_fd_sc_hd__a221oi_1 | 0.399 |   2.644 |    1.855 | 
     | g188046               | A2 ^ -> Y v  | sky130_fd_sc_hd__o22ai_1  | 0.131 |   2.775 |    1.986 | 
     | g185885__7098         | C1 v -> Y ^  | sky130_fd_sc_hd__a221oi_1 | 0.317 |   3.092 |    2.303 | 
     | g183650__6417         | A ^ -> Y v   | sky130_fd_sc_hd__nand4_1  | 0.304 |   3.396 |    2.607 | 
     | g183330__7410         | A2 v -> Y ^  | sky130_fd_sc_hd__a22oi_1  | 1.913 |   5.309 |    4.520 | 
     | g183102__1881         | B ^ -> Y v   | sky130_fd_sc_hd__nand2_1  | 0.123 |   5.432 |    4.643 | 
     | rsp_rdata_q_reg[30]   | D v          | sky130_fd_sc_hd__dfxtp_1  | 0.000 |   5.432 |    4.643 | 
     +-----------------------------------------------------------------------------------------------+ 

