###############################################################
#  Generated by:      Cadence Innovus 23.13-s082_1
#  OS:                Linux x86_64(Host ID n01-zeus.olympus.ece.tamu.edu)
#  Generated on:      Thu Sep 24 10:35:44 2026
#  Design:            ddr4_controller_top
#  Command:           report_timing > $REPORTS_DIR/timing_postroute.rpt
###############################################################
Path 1: VIOLATED Setup Check with Pin rsp_rdata_q_reg[1]/CLK 
Endpoint:   rsp_rdata_q_reg[1]/D    (v) checked with  leading edge of 'clk'
Beginpoint: service_addr_q_reg[0]/Q (v) triggered by  leading edge of 'clk'
Path Groups: {clk}
Analysis View: VIEW_TYP
Other End Arrival Time          0.392
- Setup                         0.063
+ Phase Shift                   4.348
- Uncertainty                   0.100
= Required Time                 4.577
- Arrival Time                  4.881
= Slack Time                   -0.305
     Clock Rise Edge                 0.000
     + Clock Network Latency (Prop)  0.028
     = Beginpoint Arrival Time       0.028
     +-----------------------------------------------------------------------------------------------+ 
     |       Instance        |     Arc      |           Cell            | Delay | Arrival | Required | 
     |                       |              |                           |       |  Time   |   Time   | 
     |-----------------------+--------------+---------------------------+-------+---------+----------| 
     | service_addr_q_reg[0] | CLK ^        |                           |       |   0.028 |   -0.276 | 
     | service_addr_q_reg[0] | CLK ^ -> Q v | sky130_fd_sc_hd__dfxtp_1  | 0.442 |   0.470 |    0.166 | 
     | g189593               | B v -> X v   | sky130_fd_sc_hd__and2_1   | 0.267 |   0.737 |    0.432 | 
     | FE_OFC165_n_15        | A v -> X v   | sky130_fd_sc_hd__buf_4    | 0.414 |   1.151 |    0.846 | 
     | FE_OFC142_n_15        | A v -> X v   | sky130_fd_sc_hd__buf_4    | 0.651 |   1.802 |    1.497 | 
     | g189246               | B1 v -> X v  | sky130_fd_sc_hd__a22o_1   | 0.398 |   2.200 |    1.895 | 
     | g188396               | C1 v -> Y ^  | sky130_fd_sc_hd__a221oi_1 | 0.321 |   2.521 |    2.216 | 
     | g187978               | B2 ^ -> Y v  | sky130_fd_sc_hd__o22ai_1  | 0.144 |   2.665 |    2.360 | 
     | g185768__1617         | C1 v -> Y ^  | sky130_fd_sc_hd__a221oi_1 | 0.267 |   2.932 |    2.627 | 
     | FE_PSC177_n_3617      | A ^ -> X ^   | sky130_fd_sc_hd__clkbuf_1 | 0.232 |   3.164 |    2.859 | 
     | g183531__2398         | A ^ -> Y v   | sky130_fd_sc_hd__nand4_1  | 0.115 |   3.278 |    2.974 | 
     | g183300__2346         | B1 v -> Y ^  | sky130_fd_sc_hd__a22oi_1  | 1.104 |   4.382 |    4.077 | 
     | FE_PDC176_n_4002      | A ^ -> X ^   | sky130_fd_sc_hd__clkbuf_1 | 0.411 |   4.793 |    4.488 | 
     | g183087__2398         | A ^ -> Y v   | sky130_fd_sc_hd__nand2_1  | 0.088 |   4.881 |    4.577 | 
     | rsp_rdata_q_reg[1]    | D v          | sky130_fd_sc_hd__dfxtp_1  | 0.000 |   4.881 |    4.577 | 
     +-----------------------------------------------------------------------------------------------+ 

