###############################################################
#  Generated by:      Cadence Innovus 23.13-s082_1
#  OS:                Linux x86_64(Host ID n01-zeus.olympus.ece.tamu.edu)
#  Generated on:      Mon Sep 28 16:05:37 2026
#  Design:            ddr4_controller_top
#  Command:           report_timing -max_paths 10 > $REPORTS_DIR/timing_postroute.rpt
###############################################################
Path 1: MET Setup Check with Pin rsp_rdata_q_reg[29]/CLK 
Endpoint:   rsp_rdata_q_reg[29]/D   (v) checked with  leading edge of 'clk'
Beginpoint: service_addr_q_reg[0]/Q (^) triggered by  leading edge of 'clk'
Path Groups: {clk}
Analysis View: VIEW_TYP
Other End Arrival Time          0.386
- Setup                         0.121
+ Phase Shift                   4.167
- Uncertainty                   0.100
= Required Time                 4.332
- Arrival Time                  4.321
= Slack Time                    0.011
     Clock Rise Edge                 0.000
     + Clock Network Latency (Prop)  0.034
     = Beginpoint Arrival Time       0.034
     +----------------------------------------------------------------------------------------------------+ 
     |          Instance          |     Arc      |           Cell            | Delay | Arrival | Required | 
     |                            |              |                           |       |  Time   |   Time   | 
     |----------------------------+--------------+---------------------------+-------+---------+----------| 
     | service_addr_q_reg[0]      | CLK ^        |                           |       |   0.034 |    0.045 | 
     | service_addr_q_reg[0]      | CLK ^ -> Q ^ | sky130_fd_sc_hd__dfxtp_2  | 0.453 |   0.486 |    0.497 | 
     | FE_OFC114_service_addr_q_0 | A ^ -> Y v   | sky130_fd_sc_hd__inv_2    | 0.058 |   0.544 |    0.555 | 
     | g189595                    | A v -> Y ^   | sky130_fd_sc_hd__nand2_1  | 0.143 |   0.687 |    0.698 | 
     | FE_OFC192_n_10             | A ^ -> Y v   | sky130_fd_sc_hd__inv_6    | 0.173 |   0.860 |    0.871 | 
     | FE_OFC193_n_10             | A v -> X v   | sky130_fd_sc_hd__buf_12   | 0.288 |   1.148 |    1.160 | 
     | FE_OFC183_FE_DBTN0_n_10    | A v -> X v   | sky130_fd_sc_hd__buf_2    | 0.398 |   1.547 |    1.558 | 
     | g188972                    | A1 v -> X v  | sky130_fd_sc_hd__a22o_1   | 0.296 |   1.842 |    1.853 | 
     | g188408                    | C1 v -> Y ^  | sky130_fd_sc_hd__a221oi_1 | 0.274 |   2.116 |    2.127 | 
     | g188127                    | A2 ^ -> Y v  | sky130_fd_sc_hd__o22ai_1  | 0.180 |   2.296 |    2.307 | 
     | g185881__2802              | C1 v -> Y ^  | sky130_fd_sc_hd__a221oi_1 | 0.527 |   2.823 |    2.834 | 
     | g183646__2883              | A ^ -> Y v   | sky130_fd_sc_hd__nand4_1  | 0.382 |   3.205 |    3.216 | 
     | g183329__1666              | A1 v -> Y ^  | sky130_fd_sc_hd__a22oi_1  | 0.984 |   4.189 |    4.200 | 
     | g183101__6131              | A ^ -> Y v   | sky130_fd_sc_hd__nand2_1  | 0.131 |   4.320 |    4.332 | 
     | rsp_rdata_q_reg[29]        | D v          | sky130_fd_sc_hd__dfxtp_1  | 0.000 |   4.321 |    4.332 | 
     +----------------------------------------------------------------------------------------------------+ 
Path 2: MET Setup Check with Pin rsp_rdata_q_reg[28]/CLK 
Endpoint:   rsp_rdata_q_reg[28]/D   (v) checked with  leading edge of 'clk'
Beginpoint: service_addr_q_reg[2]/Q (^) triggered by  leading edge of 'clk'
Path Groups: {clk}
Analysis View: VIEW_TYP
Other End Arrival Time          0.386
- Setup                         0.127
+ Phase Shift                   4.167
- Uncertainty                   0.100
= Required Time                 4.326
- Arrival Time                  4.311
= Slack Time                    0.015
     Clock Rise Edge                 0.000
     + Clock Network Latency (Prop)  0.035
     = Beginpoint Arrival Time       0.035
     +-----------------------------------------------------------------------------------------------+ 
     |       Instance        |     Arc      |           Cell            | Delay | Arrival | Required | 
     |                       |              |                           |       |  Time   |   Time   | 
     |-----------------------+--------------+---------------------------+-------+---------+----------| 
     | service_addr_q_reg[2] | CLK ^        |                           |       |   0.035 |    0.050 | 
     | service_addr_q_reg[2] | CLK ^ -> Q ^ | sky130_fd_sc_hd__dfxtp_2  | 0.496 |   0.531 |    0.546 | 
     | g189594               | A ^ -> Y v   | sky130_fd_sc_hd__nor2_2   | 0.076 |   0.607 |    0.622 | 
     | FE_OFC117_n_38        | A v -> X v   | sky130_fd_sc_hd__buf_6    | 0.311 |   0.918 |    0.933 | 
     | FE_OFC180_n_38        | A v -> X v   | sky130_fd_sc_hd__buf_2    | 0.559 |   1.477 |    1.492 | 
     | g189310               | B v -> X v   | sky130_fd_sc_hd__and2_4   | 0.532 |   2.009 |    2.024 | 
     | g185877__5526         | A1 v -> Y ^  | sky130_fd_sc_hd__a221oi_1 | 0.678 |   2.688 |    2.702 | 
     | g183642__4733         | A ^ -> Y v   | sky130_fd_sc_hd__nand4_1  | 0.201 |   2.889 |    2.904 | 
     | g183328__2346         | A1 v -> Y ^  | sky130_fd_sc_hd__a22oi_1  | 1.251 |   4.140 |    4.155 | 
     | g183100__7098         | B ^ -> Y v   | sky130_fd_sc_hd__nand2_1  | 0.171 |   4.311 |    4.326 | 
     | rsp_rdata_q_reg[28]   | D v          | sky130_fd_sc_hd__dfxtp_1  | 0.000 |   4.311 |    4.326 | 
     +-----------------------------------------------------------------------------------------------+ 
Path 3: MET Setup Check with Pin rsp_rdata_q_reg[1]/CLK 
Endpoint:   rsp_rdata_q_reg[1]/D    (v) checked with  leading edge of 'clk'
Beginpoint: service_addr_q_reg[0]/Q (^) triggered by  leading edge of 'clk'
Path Groups: {clk}
Analysis View: VIEW_TYP
Other End Arrival Time          0.347
- Setup                         0.097
+ Phase Shift                   4.167
- Uncertainty                   0.100
= Required Time                 4.317
- Arrival Time                  4.302
= Slack Time                    0.015
     Clock Rise Edge                 0.000
     + Clock Network Latency (Prop)  0.034
     = Beginpoint Arrival Time       0.034
     +----------------------------------------------------------------------------------------------------+ 
     |          Instance          |     Arc      |           Cell            | Delay | Arrival | Required | 
     |                            |              |                           |       |  Time   |   Time   | 
     |----------------------------+--------------+---------------------------+-------+---------+----------| 
     | service_addr_q_reg[0]      | CLK ^        |                           |       |   0.034 |    0.049 | 
     | service_addr_q_reg[0]      | CLK ^ -> Q ^ | sky130_fd_sc_hd__dfxtp_2  | 0.453 |   0.486 |    0.502 | 
     | FE_OFC114_service_addr_q_0 | A ^ -> Y v   | sky130_fd_sc_hd__inv_2    | 0.058 |   0.544 |    0.559 | 
     | g189595                    | A v -> Y ^   | sky130_fd_sc_hd__nand2_1  | 0.143 |   0.687 |    0.703 | 
     | FE_OFC192_n_10             | A ^ -> Y v   | sky130_fd_sc_hd__inv_6    | 0.173 |   0.860 |    0.875 | 
     | FE_OFC193_n_10             | A v -> X v   | sky130_fd_sc_hd__buf_12   | 0.288 |   1.148 |    1.164 | 
     | FE_OFC59_n_10              | A v -> Y ^   | sky130_fd_sc_hd__inv_2    | 0.273 |   1.421 |    1.436 | 
     | FE_OFC60_n_10              | A ^ -> Y v   | sky130_fd_sc_hd__inv_8    | 0.168 |   1.589 |    1.605 | 
     | FE_OFC61_n_10              | A v -> X v   | sky130_fd_sc_hd__buf_6    | 0.394 |   1.983 |    1.999 | 
     | g189246                    | A1 v -> X v  | sky130_fd_sc_hd__a22o_1   | 0.260 |   2.244 |    2.259 | 
     | g188396                    | C1 v -> Y ^  | sky130_fd_sc_hd__a221oi_1 | 0.217 |   2.461 |    2.476 | 
     | g187978                    | B2 ^ -> Y v  | sky130_fd_sc_hd__o22ai_1  | 0.249 |   2.710 |    2.725 | 
     | g185768__1617              | C1 v -> Y ^  | sky130_fd_sc_hd__a221oi_1 | 0.600 |   3.310 |    3.325 | 
     | g183531__2398              | D ^ -> Y v   | sky130_fd_sc_hd__nand4_1  | 0.344 |   3.654 |    3.669 | 
     | g183300__2346              | B1 v -> Y ^  | sky130_fd_sc_hd__a22oi_1  | 0.553 |   4.206 |    4.222 | 
     | g183087__2398              | A ^ -> Y v   | sky130_fd_sc_hd__nand2_1  | 0.096 |   4.302 |    4.317 | 
     | rsp_rdata_q_reg[1]         | D v          | sky130_fd_sc_hd__dfxtp_1  | 0.000 |   4.302 |    4.317 | 
     +----------------------------------------------------------------------------------------------------+ 
Path 4: MET Setup Check with Pin u_request_queue_req_mem_reg[2][wdata][14]/CLK 
Endpoint:   u_request_queue_req_mem_reg[2][wdata][14]/D (^) checked with  
leading edge of 'clk'
Beginpoint: row_open_valid_reg[0]/Q                     (^) triggered by  
leading edge of 'clk'
Path Groups: {clk}
Analysis View: VIEW_TYP
Other End Arrival Time          0.377
- Setup                         0.038
+ Phase Shift                   4.167
- Uncertainty                   0.100
= Required Time                 4.407
- Arrival Time                  4.371
= Slack Time                    0.035
     Clock Rise Edge                 0.000
     + Clock Network Latency (Prop)  0.034
     = Beginpoint Arrival Time       0.034
     +--------------------------------------------------------------------------------------------------------------------+ 
     |                 Instance                  |     Arc      |            Cell            | Delay | Arrival | Required | 
     |                                           |              |                            |       |  Time   |   Time   | 
     |-------------------------------------------+--------------+----------------------------+-------+---------+----------| 
     | row_open_valid_reg[0]                     | CLK ^        |                            |       |   0.034 |    0.069 | 
     | row_open_valid_reg[0]                     | CLK ^ -> Q ^ | sky130_fd_sc_hd__dfxtp_1   | 0.627 |   0.661 |    0.697 | 
     | FE_OFC214_row_open_valid_0                | A ^ -> Y v   | sky130_fd_sc_hd__inv_2     | 0.051 |   0.712 |    0.748 | 
     | g100736__6131                             | B1 v -> Y ^  | sky130_fd_sc_hd__a2bb2oi_1 | 0.269 |   0.981 |    1.017 | 
     | g100677__9315                             | D ^ -> Y v   | sky130_fd_sc_hd__nand4_1   | 0.183 |   1.164 |    1.199 | 
     | g100672__5115                             | A v -> Y ^   | sky130_fd_sc_hd__nand2_1   | 0.182 |   1.345 |    1.381 | 
     | g100657__5526                             | B ^ -> Y v   | sky130_fd_sc_hd__nand2_2   | 0.138 |   1.483 |    1.519 | 
     | g100646__7410                             | A2 v -> Y ^  | sky130_fd_sc_hd__o221ai_1  | 0.228 |   1.711 |    1.746 | 
     | g100641__9945                             | A ^ -> Y v   | sky130_fd_sc_hd__nand3_2   | 0.178 |   1.889 |    1.924 | 
     | g100630__7482                             | A2 v -> Y ^  | sky130_fd_sc_hd__o22ai_1   | 0.184 |   2.072 |    2.108 | 
     | g100621__2802                             | B ^ -> Y v   | sky130_fd_sc_hd__nor2_1    | 0.093 |   2.166 |    2.201 | 
     | g100605__1666                             | A2 v -> Y ^  | sky130_fd_sc_hd__o22ai_1   | 0.204 |   2.370 |    2.405 | 
     | g100603__2883                             | A ^ -> Y v   | sky130_fd_sc_hd__nor2_1    | 0.100 |   2.470 |    2.506 | 
     | g100598__6161                             | A1 v -> X v  | sky130_fd_sc_hd__a22o_1    | 0.224 |   2.694 |    2.730 | 
     | g100594__7482                             | B v -> Y ^   | sky130_fd_sc_hd__nor2_2    | 0.114 |   2.808 |    2.843 | 
     | FE_OFC116_n_4261                          | A ^ -> Y v   | sky130_fd_sc_hd__inv_2     | 0.073 |   2.882 |    2.917 | 
     | FE_RC_70_0                                | A1 v -> Y ^  | sky130_fd_sc_hd__a21oi_4   | 0.140 |   3.022 |    3.057 | 
     | g100588                                   | A ^ -> Y v   | sky130_fd_sc_hd__inv_2     | 0.086 |   3.107 |    3.143 | 
     | FE_RC_42_0                                | C v -> Y ^   | sky130_fd_sc_hd__nor3_4    | 0.199 |   3.306 |    3.341 | 
     | g188148                                   | A1 ^ -> Y v  | sky130_fd_sc_hd__a21oi_2   | 0.161 |   3.468 |    3.503 | 
     | FE_OFC115_n_1333                          | A v -> Y ^   | sky130_fd_sc_hd__inv_2     | 0.115 |   3.582 |    3.618 | 
     | g185751__6161                             | B ^ -> X ^   | sky130_fd_sc_hd__and2_1    | 0.148 |   3.730 |    3.766 | 
     | FE_OFC65_n_3674                           | A ^ -> Y v   | sky130_fd_sc_hd__inv_2     | 0.065 |   3.796 |    3.831 | 
     | FE_OFC143_n_3673                          | A v -> Y ^   | sky130_fd_sc_hd__inv_2     | 0.353 |   4.148 |    4.184 | 
     | g183469__1666                             | A1 ^ -> X ^  | sky130_fd_sc_hd__a22o_1    | 0.223 |   4.371 |    4.406 | 
     | u_request_queue_req_mem_reg[2][wdata][14] | D ^          | sky130_fd_sc_hd__dfxtp_1   | 0.000 |   4.371 |    4.407 | 
     +--------------------------------------------------------------------------------------------------------------------+ 
Path 5: MET Setup Check with Pin rsp_rdata_q_reg[22]/CLK 
Endpoint:   rsp_rdata_q_reg[22]/D   (v) checked with  leading edge of 'clk'
Beginpoint: service_addr_q_reg[0]/Q (^) triggered by  leading edge of 'clk'
Path Groups: {clk}
Analysis View: VIEW_TYP
Other End Arrival Time          0.349
- Setup                         0.106
+ Phase Shift                   4.167
- Uncertainty                   0.100
= Required Time                 4.309
- Arrival Time                  4.272
= Slack Time                    0.037
     Clock Rise Edge                 0.000
     + Clock Network Latency (Prop)  0.034
     = Beginpoint Arrival Time       0.034
     +----------------------------------------------------------------------------------------------------+ 
     |          Instance          |     Arc      |           Cell            | Delay | Arrival | Required | 
     |                            |              |                           |       |  Time   |   Time   | 
     |----------------------------+--------------+---------------------------+-------+---------+----------| 
     | service_addr_q_reg[0]      | CLK ^        |                           |       |   0.034 |    0.071 | 
     | service_addr_q_reg[0]      | CLK ^ -> Q ^ | sky130_fd_sc_hd__dfxtp_2  | 0.453 |   0.486 |    0.524 | 
     | FE_OFC114_service_addr_q_0 | A ^ -> Y v   | sky130_fd_sc_hd__inv_2    | 0.058 |   0.544 |    0.582 | 
     | g189595                    | A v -> Y ^   | sky130_fd_sc_hd__nand2_1  | 0.143 |   0.687 |    0.725 | 
     | FE_OFC192_n_10             | A ^ -> Y v   | sky130_fd_sc_hd__inv_6    | 0.173 |   0.860 |    0.897 | 
     | FE_OFC193_n_10             | A v -> X v   | sky130_fd_sc_hd__buf_12   | 0.288 |   1.148 |    1.186 | 
     | FE_OFC59_n_10              | A v -> Y ^   | sky130_fd_sc_hd__inv_2    | 0.273 |   1.421 |    1.458 | 
     | FE_OFC60_n_10              | A ^ -> Y v   | sky130_fd_sc_hd__inv_8    | 0.168 |   1.589 |    1.627 | 
     | FE_OFC61_n_10              | A v -> X v   | sky130_fd_sc_hd__buf_6    | 0.394 |   1.983 |    2.021 | 
     | g189214                    | A1 v -> X v  | sky130_fd_sc_hd__a22o_1   | 0.300 |   2.283 |    2.320 | 
     | g188516                    | C1 v -> Y ^  | sky130_fd_sc_hd__a221oi_1 | 0.271 |   2.554 |    2.592 | 
     | g188033                    | B2 ^ -> Y v  | sky130_fd_sc_hd__o22ai_1  | 0.250 |   2.805 |    2.842 | 
     | g185854__1705              | C1 v -> Y ^  | sky130_fd_sc_hd__a221oi_1 | 0.868 |   3.672 |    3.710 | 
     | g183619__2346              | A ^ -> Y v   | sky130_fd_sc_hd__nand4_1  | 0.224 |   3.896 |    3.933 | 
     | g183225__6131              | C1 v -> Y ^  | sky130_fd_sc_hd__a222oi_1 | 0.287 |   4.183 |    4.221 | 
     | g183095__1617              | A ^ -> Y v   | sky130_fd_sc_hd__nand2_1  | 0.089 |   4.272 |    4.309 | 
     | rsp_rdata_q_reg[22]        | D v          | sky130_fd_sc_hd__dfxtp_1  | 0.000 |   4.272 |    4.309 | 
     +----------------------------------------------------------------------------------------------------+ 
Path 6: MET Setup Check with Pin u_request_queue_req_mem_reg[2][wdata][27]/CLK 
Endpoint:   u_request_queue_req_mem_reg[2][wdata][27]/D (^) checked with  
leading edge of 'clk'
Beginpoint: row_open_valid_reg[0]/Q                     (^) triggered by  
leading edge of 'clk'
Path Groups: {clk}
Analysis View: VIEW_TYP
Other End Arrival Time          0.377
- Setup                         0.037
+ Phase Shift                   4.167
- Uncertainty                   0.100
= Required Time                 4.407
- Arrival Time                  4.367
= Slack Time                    0.040
     Clock Rise Edge                 0.000
     + Clock Network Latency (Prop)  0.034
     = Beginpoint Arrival Time       0.034
     +--------------------------------------------------------------------------------------------------------------------+ 
     |                 Instance                  |     Arc      |            Cell            | Delay | Arrival | Required | 
     |                                           |              |                            |       |  Time   |   Time   | 
     |-------------------------------------------+--------------+----------------------------+-------+---------+----------| 
     | row_open_valid_reg[0]                     | CLK ^        |                            |       |   0.034 |    0.074 | 
     | row_open_valid_reg[0]                     | CLK ^ -> Q ^ | sky130_fd_sc_hd__dfxtp_1   | 0.627 |   0.661 |    0.701 | 
     | FE_OFC214_row_open_valid_0                | A ^ -> Y v   | sky130_fd_sc_hd__inv_2     | 0.051 |   0.712 |    0.752 | 
     | g100736__6131                             | B1 v -> Y ^  | sky130_fd_sc_hd__a2bb2oi_1 | 0.269 |   0.981 |    1.021 | 
     | g100677__9315                             | D ^ -> Y v   | sky130_fd_sc_hd__nand4_1   | 0.183 |   1.164 |    1.204 | 
     | g100672__5115                             | A v -> Y ^   | sky130_fd_sc_hd__nand2_1   | 0.182 |   1.345 |    1.385 | 
     | g100657__5526                             | B ^ -> Y v   | sky130_fd_sc_hd__nand2_2   | 0.138 |   1.483 |    1.523 | 
     | g100646__7410                             | A2 v -> Y ^  | sky130_fd_sc_hd__o221ai_1  | 0.228 |   1.711 |    1.751 | 
     | g100641__9945                             | A ^ -> Y v   | sky130_fd_sc_hd__nand3_2   | 0.178 |   1.889 |    1.929 | 
     | g100630__7482                             | A2 v -> Y ^  | sky130_fd_sc_hd__o22ai_1   | 0.184 |   2.072 |    2.112 | 
     | g100621__2802                             | B ^ -> Y v   | sky130_fd_sc_hd__nor2_1    | 0.093 |   2.166 |    2.206 | 
     | g100605__1666                             | A2 v -> Y ^  | sky130_fd_sc_hd__o22ai_1   | 0.204 |   2.370 |    2.410 | 
     | g100603__2883                             | A ^ -> Y v   | sky130_fd_sc_hd__nor2_1    | 0.100 |   2.470 |    2.510 | 
     | g100598__6161                             | A1 v -> X v  | sky130_fd_sc_hd__a22o_1    | 0.224 |   2.694 |    2.734 | 
     | g100594__7482                             | B v -> Y ^   | sky130_fd_sc_hd__nor2_2    | 0.114 |   2.808 |    2.848 | 
     | FE_OFC116_n_4261                          | A ^ -> Y v   | sky130_fd_sc_hd__inv_2     | 0.073 |   2.882 |    2.922 | 
     | FE_RC_70_0                                | A1 v -> Y ^  | sky130_fd_sc_hd__a21oi_4   | 0.140 |   3.022 |    3.062 | 
     | g100588                                   | A ^ -> Y v   | sky130_fd_sc_hd__inv_2     | 0.086 |   3.107 |    3.147 | 
     | FE_RC_42_0                                | C v -> Y ^   | sky130_fd_sc_hd__nor3_4    | 0.199 |   3.306 |    3.346 | 
     | g188148                                   | A1 ^ -> Y v  | sky130_fd_sc_hd__a21oi_2   | 0.161 |   3.468 |    3.508 | 
     | FE_OFC115_n_1333                          | A v -> Y ^   | sky130_fd_sc_hd__inv_2     | 0.115 |   3.582 |    3.622 | 
     | g185751__6161                             | B ^ -> X ^   | sky130_fd_sc_hd__and2_1    | 0.148 |   3.730 |    3.770 | 
     | FE_OFC65_n_3674                           | A ^ -> Y v   | sky130_fd_sc_hd__inv_2     | 0.065 |   3.796 |    3.836 | 
     | FE_OFC143_n_3673                          | A v -> Y ^   | sky130_fd_sc_hd__inv_2     | 0.353 |   4.148 |    4.188 | 
     | g183482__2802                             | A1 ^ -> X ^  | sky130_fd_sc_hd__a22o_1    | 0.219 |   4.367 |    4.407 | 
     | u_request_queue_req_mem_reg[2][wdata][27] | D ^          | sky130_fd_sc_hd__dfxtp_1   | 0.000 |   4.367 |    4.407 | 
     +--------------------------------------------------------------------------------------------------------------------+ 
Path 7: MET Setup Check with Pin u_request_queue_req_mem_reg[2][wdata][22]/CLK 
Endpoint:   u_request_queue_req_mem_reg[2][wdata][22]/D (^) checked with  
leading edge of 'clk'
Beginpoint: row_open_valid_reg[0]/Q                     (^) triggered by  
leading edge of 'clk'
Path Groups: {clk}
Analysis View: VIEW_TYP
Other End Arrival Time          0.377
- Setup                         0.037
+ Phase Shift                   4.167
- Uncertainty                   0.100
= Required Time                 4.407
- Arrival Time                  4.366
= Slack Time                    0.041
     Clock Rise Edge                 0.000
     + Clock Network Latency (Prop)  0.034
     = Beginpoint Arrival Time       0.034
     +--------------------------------------------------------------------------------------------------------------------+ 
     |                 Instance                  |     Arc      |            Cell            | Delay | Arrival | Required | 
     |                                           |              |                            |       |  Time   |   Time   | 
     |-------------------------------------------+--------------+----------------------------+-------+---------+----------| 
     | row_open_valid_reg[0]                     | CLK ^        |                            |       |   0.034 |    0.075 | 
     | row_open_valid_reg[0]                     | CLK ^ -> Q ^ | sky130_fd_sc_hd__dfxtp_1   | 0.627 |   0.661 |    0.702 | 
     | FE_OFC214_row_open_valid_0                | A ^ -> Y v   | sky130_fd_sc_hd__inv_2     | 0.051 |   0.712 |    0.754 | 
     | g100736__6131                             | B1 v -> Y ^  | sky130_fd_sc_hd__a2bb2oi_1 | 0.269 |   0.981 |    1.022 | 
     | g100677__9315                             | D ^ -> Y v   | sky130_fd_sc_hd__nand4_1   | 0.183 |   1.164 |    1.205 | 
     | g100672__5115                             | A v -> Y ^   | sky130_fd_sc_hd__nand2_1   | 0.182 |   1.345 |    1.387 | 
     | g100657__5526                             | B ^ -> Y v   | sky130_fd_sc_hd__nand2_2   | 0.138 |   1.483 |    1.524 | 
     | g100646__7410                             | A2 v -> Y ^  | sky130_fd_sc_hd__o221ai_1  | 0.228 |   1.711 |    1.752 | 
     | g100641__9945                             | A ^ -> Y v   | sky130_fd_sc_hd__nand3_2   | 0.178 |   1.889 |    1.930 | 
     | g100630__7482                             | A2 v -> Y ^  | sky130_fd_sc_hd__o22ai_1   | 0.184 |   2.072 |    2.113 | 
     | g100621__2802                             | B ^ -> Y v   | sky130_fd_sc_hd__nor2_1    | 0.093 |   2.166 |    2.207 | 
     | g100605__1666                             | A2 v -> Y ^  | sky130_fd_sc_hd__o22ai_1   | 0.204 |   2.370 |    2.411 | 
     | g100603__2883                             | A ^ -> Y v   | sky130_fd_sc_hd__nor2_1    | 0.100 |   2.470 |    2.511 | 
     | g100598__6161                             | A1 v -> X v  | sky130_fd_sc_hd__a22o_1    | 0.224 |   2.694 |    2.736 | 
     | g100594__7482                             | B v -> Y ^   | sky130_fd_sc_hd__nor2_2    | 0.114 |   2.808 |    2.849 | 
     | FE_OFC116_n_4261                          | A ^ -> Y v   | sky130_fd_sc_hd__inv_2     | 0.073 |   2.882 |    2.923 | 
     | FE_RC_70_0                                | A1 v -> Y ^  | sky130_fd_sc_hd__a21oi_4   | 0.140 |   3.022 |    3.063 | 
     | g100588                                   | A ^ -> Y v   | sky130_fd_sc_hd__inv_2     | 0.086 |   3.107 |    3.149 | 
     | FE_RC_42_0                                | C v -> Y ^   | sky130_fd_sc_hd__nor3_4    | 0.199 |   3.306 |    3.347 | 
     | g188148                                   | A1 ^ -> Y v  | sky130_fd_sc_hd__a21oi_2   | 0.161 |   3.468 |    3.509 | 
     | FE_OFC115_n_1333                          | A v -> Y ^   | sky130_fd_sc_hd__inv_2     | 0.115 |   3.582 |    3.623 | 
     | g185751__6161                             | B ^ -> X ^   | sky130_fd_sc_hd__and2_1    | 0.148 |   3.730 |    3.772 | 
     | FE_OFC65_n_3674                           | A ^ -> Y v   | sky130_fd_sc_hd__inv_2     | 0.065 |   3.796 |    3.837 | 
     | FE_OFC143_n_3673                          | A v -> Y ^   | sky130_fd_sc_hd__inv_2     | 0.353 |   4.148 |    4.190 | 
     | g183477__8428                             | A1 ^ -> X ^  | sky130_fd_sc_hd__a22o_1    | 0.218 |   4.366 |    4.407 | 
     | u_request_queue_req_mem_reg[2][wdata][22] | D ^          | sky130_fd_sc_hd__dfxtp_1   | 0.000 |   4.366 |    4.407 | 
     +--------------------------------------------------------------------------------------------------------------------+ 
Path 8: MET Setup Check with Pin u_request_queue_req_mem_reg[2][wdata][7]/CLK 
Endpoint:   u_request_queue_req_mem_reg[2][wdata][7]/D (^) checked with  
leading edge of 'clk'
Beginpoint: row_open_valid_reg[0]/Q                    (^) triggered by  
leading edge of 'clk'
Path Groups: {clk}
Analysis View: VIEW_TYP
Other End Arrival Time          0.380
- Setup                         0.037
+ Phase Shift                   4.167
- Uncertainty                   0.100
= Required Time                 4.410
- Arrival Time                  4.367
= Slack Time                    0.043
     Clock Rise Edge                 0.000
     + Clock Network Latency (Prop)  0.034
     = Beginpoint Arrival Time       0.034
     +-------------------------------------------------------------------------------------------------------------------+ 
     |                 Instance                 |     Arc      |            Cell            | Delay | Arrival | Required | 
     |                                          |              |                            |       |  Time   |   Time   | 
     |------------------------------------------+--------------+----------------------------+-------+---------+----------| 
     | row_open_valid_reg[0]                    | CLK ^        |                            |       |   0.034 |    0.077 | 
     | row_open_valid_reg[0]                    | CLK ^ -> Q ^ | sky130_fd_sc_hd__dfxtp_1   | 0.627 |   0.661 |    0.704 | 
     | FE_OFC214_row_open_valid_0               | A ^ -> Y v   | sky130_fd_sc_hd__inv_2     | 0.051 |   0.712 |    0.755 | 
     | g100736__6131                            | B1 v -> Y ^  | sky130_fd_sc_hd__a2bb2oi_1 | 0.269 |   0.981 |    1.024 | 
     | g100677__9315                            | D ^ -> Y v   | sky130_fd_sc_hd__nand4_1   | 0.183 |   1.164 |    1.207 | 
     | g100672__5115                            | A v -> Y ^   | sky130_fd_sc_hd__nand2_1   | 0.182 |   1.345 |    1.388 | 
     | g100657__5526                            | B ^ -> Y v   | sky130_fd_sc_hd__nand2_2   | 0.138 |   1.483 |    1.526 | 
     | g100646__7410                            | A2 v -> Y ^  | sky130_fd_sc_hd__o221ai_1  | 0.228 |   1.711 |    1.754 | 
     | g100641__9945                            | A ^ -> Y v   | sky130_fd_sc_hd__nand3_2   | 0.178 |   1.889 |    1.932 | 
     | g100630__7482                            | A2 v -> Y ^  | sky130_fd_sc_hd__o22ai_1   | 0.184 |   2.072 |    2.115 | 
     | g100621__2802                            | B ^ -> Y v   | sky130_fd_sc_hd__nor2_1    | 0.093 |   2.166 |    2.209 | 
     | g100605__1666                            | A2 v -> Y ^  | sky130_fd_sc_hd__o22ai_1   | 0.204 |   2.370 |    2.413 | 
     | g100603__2883                            | A ^ -> Y v   | sky130_fd_sc_hd__nor2_1    | 0.100 |   2.470 |    2.513 | 
     | g100598__6161                            | A1 v -> X v  | sky130_fd_sc_hd__a22o_1    | 0.224 |   2.694 |    2.737 | 
     | g100594__7482                            | B v -> Y ^   | sky130_fd_sc_hd__nor2_2    | 0.114 |   2.808 |    2.851 | 
     | FE_OFC116_n_4261                         | A ^ -> Y v   | sky130_fd_sc_hd__inv_2     | 0.073 |   2.882 |    2.924 | 
     | FE_RC_70_0                               | A1 v -> Y ^  | sky130_fd_sc_hd__a21oi_4   | 0.140 |   3.022 |    3.064 | 
     | g100588                                  | A ^ -> Y v   | sky130_fd_sc_hd__inv_2     | 0.086 |   3.107 |    3.150 | 
     | FE_RC_42_0                               | C v -> Y ^   | sky130_fd_sc_hd__nor3_4    | 0.199 |   3.306 |    3.349 | 
     | g188148                                  | A1 ^ -> Y v  | sky130_fd_sc_hd__a21oi_2   | 0.161 |   3.468 |    3.510 | 
     | FE_OFC115_n_1333                         | A v -> Y ^   | sky130_fd_sc_hd__inv_2     | 0.115 |   3.582 |    3.625 | 
     | g185751__6161                            | B ^ -> X ^   | sky130_fd_sc_hd__and2_1    | 0.148 |   3.730 |    3.773 | 
     | FE_OFC65_n_3674                          | A ^ -> Y v   | sky130_fd_sc_hd__inv_2     | 0.065 |   3.796 |    3.839 | 
     | FE_OFC143_n_3673                         | A v -> Y ^   | sky130_fd_sc_hd__inv_2     | 0.353 |   4.148 |    4.191 | 
     | g183462__7482                            | A1 ^ -> X ^  | sky130_fd_sc_hd__a22o_1    | 0.218 |   4.367 |    4.410 | 
     | u_request_queue_req_mem_reg[2][wdata][7] | D ^          | sky130_fd_sc_hd__dfxtp_1   | 0.000 |   4.367 |    4.410 | 
     +-------------------------------------------------------------------------------------------------------------------+ 
Path 9: MET Setup Check with Pin u_request_queue_req_mem_reg[2][wdata][20]/CLK 
Endpoint:   u_request_queue_req_mem_reg[2][wdata][20]/D (^) checked with  
leading edge of 'clk'
Beginpoint: row_open_valid_reg[0]/Q                     (^) triggered by  
leading edge of 'clk'
Path Groups: {clk}
Analysis View: VIEW_TYP
Other End Arrival Time          0.380
- Setup                         0.037
+ Phase Shift                   4.167
- Uncertainty                   0.100
= Required Time                 4.410
- Arrival Time                  4.367
= Slack Time                    0.043
     Clock Rise Edge                 0.000
     + Clock Network Latency (Prop)  0.034
     = Beginpoint Arrival Time       0.034
     +--------------------------------------------------------------------------------------------------------------------+ 
     |                 Instance                  |     Arc      |            Cell            | Delay | Arrival | Required | 
     |                                           |              |                            |       |  Time   |   Time   | 
     |-------------------------------------------+--------------+----------------------------+-------+---------+----------| 
     | row_open_valid_reg[0]                     | CLK ^        |                            |       |   0.034 |    0.077 | 
     | row_open_valid_reg[0]                     | CLK ^ -> Q ^ | sky130_fd_sc_hd__dfxtp_1   | 0.627 |   0.661 |    0.704 | 
     | FE_OFC214_row_open_valid_0                | A ^ -> Y v   | sky130_fd_sc_hd__inv_2     | 0.051 |   0.712 |    0.756 | 
     | g100736__6131                             | B1 v -> Y ^  | sky130_fd_sc_hd__a2bb2oi_1 | 0.269 |   0.981 |    1.024 | 
     | g100677__9315                             | D ^ -> Y v   | sky130_fd_sc_hd__nand4_1   | 0.183 |   1.164 |    1.207 | 
     | g100672__5115                             | A v -> Y ^   | sky130_fd_sc_hd__nand2_1   | 0.182 |   1.345 |    1.389 | 
     | g100657__5526                             | B ^ -> Y v   | sky130_fd_sc_hd__nand2_2   | 0.138 |   1.483 |    1.526 | 
     | g100646__7410                             | A2 v -> Y ^  | sky130_fd_sc_hd__o221ai_1  | 0.228 |   1.711 |    1.754 | 
     | g100641__9945                             | A ^ -> Y v   | sky130_fd_sc_hd__nand3_2   | 0.178 |   1.889 |    1.932 | 
     | g100630__7482                             | A2 v -> Y ^  | sky130_fd_sc_hd__o22ai_1   | 0.184 |   2.072 |    2.115 | 
     | g100621__2802                             | B ^ -> Y v   | sky130_fd_sc_hd__nor2_1    | 0.093 |   2.166 |    2.209 | 
     | g100605__1666                             | A2 v -> Y ^  | sky130_fd_sc_hd__o22ai_1   | 0.204 |   2.370 |    2.413 | 
     | g100603__2883                             | A ^ -> Y v   | sky130_fd_sc_hd__nor2_1    | 0.100 |   2.470 |    2.513 | 
     | g100598__6161                             | A1 v -> X v  | sky130_fd_sc_hd__a22o_1    | 0.224 |   2.694 |    2.738 | 
     | g100594__7482                             | B v -> Y ^   | sky130_fd_sc_hd__nor2_2    | 0.114 |   2.808 |    2.851 | 
     | FE_OFC116_n_4261                          | A ^ -> Y v   | sky130_fd_sc_hd__inv_2     | 0.073 |   2.882 |    2.925 | 
     | FE_RC_70_0                                | A1 v -> Y ^  | sky130_fd_sc_hd__a21oi_4   | 0.140 |   3.022 |    3.065 | 
     | g100588                                   | A ^ -> Y v   | sky130_fd_sc_hd__inv_2     | 0.086 |   3.107 |    3.151 | 
     | FE_RC_42_0                                | C v -> Y ^   | sky130_fd_sc_hd__nor3_4    | 0.199 |   3.306 |    3.349 | 
     | g188148                                   | A1 ^ -> Y v  | sky130_fd_sc_hd__a21oi_2   | 0.161 |   3.468 |    3.511 | 
     | FE_OFC115_n_1333                          | A v -> Y ^   | sky130_fd_sc_hd__inv_2     | 0.115 |   3.582 |    3.625 | 
     | g185751__6161                             | B ^ -> X ^   | sky130_fd_sc_hd__and2_1    | 0.148 |   3.730 |    3.774 | 
     | FE_OFC65_n_3674                           | A ^ -> Y v   | sky130_fd_sc_hd__inv_2     | 0.065 |   3.796 |    3.839 | 
     | FE_OFC143_n_3673                          | A v -> Y ^   | sky130_fd_sc_hd__inv_2     | 0.353 |   4.148 |    4.192 | 
     | g183474__5107                             | A1 ^ -> X ^  | sky130_fd_sc_hd__a22o_1    | 0.218 |   4.367 |    4.410 | 
     | u_request_queue_req_mem_reg[2][wdata][20] | D ^          | sky130_fd_sc_hd__dfxtp_1   | 0.000 |   4.367 |    4.410 | 
     +--------------------------------------------------------------------------------------------------------------------+ 
Path 10: MET Setup Check with Pin u_request_queue_req_mem_reg[2][wdata][17]/CLK 
Endpoint:   u_request_queue_req_mem_reg[2][wdata][17]/D (^) checked with  
leading edge of 'clk'
Beginpoint: row_open_valid_reg[0]/Q                     (^) triggered by  
leading edge of 'clk'
Path Groups: {clk}
Analysis View: VIEW_TYP
Other End Arrival Time          0.379
- Setup                         0.037
+ Phase Shift                   4.167
- Uncertainty                   0.100
= Required Time                 4.410
- Arrival Time                  4.366
= Slack Time                    0.044
     Clock Rise Edge                 0.000
     + Clock Network Latency (Prop)  0.034
     = Beginpoint Arrival Time       0.034
     +--------------------------------------------------------------------------------------------------------------------+ 
     |                 Instance                  |     Arc      |            Cell            | Delay | Arrival | Required | 
     |                                           |              |                            |       |  Time   |   Time   | 
     |-------------------------------------------+--------------+----------------------------+-------+---------+----------| 
     | row_open_valid_reg[0]                     | CLK ^        |                            |       |   0.034 |    0.078 | 
     | row_open_valid_reg[0]                     | CLK ^ -> Q ^ | sky130_fd_sc_hd__dfxtp_1   | 0.627 |   0.661 |    0.705 | 
     | FE_OFC214_row_open_valid_0                | A ^ -> Y v   | sky130_fd_sc_hd__inv_2     | 0.051 |   0.712 |    0.757 | 
     | g100736__6131                             | B1 v -> Y ^  | sky130_fd_sc_hd__a2bb2oi_1 | 0.269 |   0.981 |    1.025 | 
     | g100677__9315                             | D ^ -> Y v   | sky130_fd_sc_hd__nand4_1   | 0.183 |   1.164 |    1.208 | 
     | g100672__5115                             | A v -> Y ^   | sky130_fd_sc_hd__nand2_1   | 0.182 |   1.345 |    1.390 | 
     | g100657__5526                             | B ^ -> Y v   | sky130_fd_sc_hd__nand2_2   | 0.138 |   1.483 |    1.527 | 
     | g100646__7410                             | A2 v -> Y ^  | sky130_fd_sc_hd__o221ai_1  | 0.228 |   1.711 |    1.755 | 
     | g100641__9945                             | A ^ -> Y v   | sky130_fd_sc_hd__nand3_2   | 0.178 |   1.889 |    1.933 | 
     | g100630__7482                             | A2 v -> Y ^  | sky130_fd_sc_hd__o22ai_1   | 0.184 |   2.072 |    2.116 | 
     | g100621__2802                             | B ^ -> Y v   | sky130_fd_sc_hd__nor2_1    | 0.093 |   2.166 |    2.210 | 
     | g100605__1666                             | A2 v -> Y ^  | sky130_fd_sc_hd__o22ai_1   | 0.204 |   2.370 |    2.414 | 
     | g100603__2883                             | A ^ -> Y v   | sky130_fd_sc_hd__nor2_1    | 0.100 |   2.470 |    2.514 | 
     | g100598__6161                             | A1 v -> X v  | sky130_fd_sc_hd__a22o_1    | 0.224 |   2.694 |    2.739 | 
     | g100594__7482                             | B v -> Y ^   | sky130_fd_sc_hd__nor2_2    | 0.114 |   2.808 |    2.852 | 
     | FE_OFC116_n_4261                          | A ^ -> Y v   | sky130_fd_sc_hd__inv_2     | 0.073 |   2.882 |    2.926 | 
     | FE_RC_70_0                                | A1 v -> Y ^  | sky130_fd_sc_hd__a21oi_4   | 0.140 |   3.022 |    3.066 | 
     | g100588                                   | A ^ -> Y v   | sky130_fd_sc_hd__inv_2     | 0.086 |   3.107 |    3.152 | 
     | FE_RC_42_0                                | C v -> Y ^   | sky130_fd_sc_hd__nor3_4    | 0.199 |   3.306 |    3.350 | 
     | g188148                                   | A1 ^ -> Y v  | sky130_fd_sc_hd__a21oi_2   | 0.161 |   3.468 |    3.512 | 
     | FE_OFC115_n_1333                          | A v -> Y ^   | sky130_fd_sc_hd__inv_2     | 0.115 |   3.582 |    3.626 | 
     | g185751__6161                             | B ^ -> X ^   | sky130_fd_sc_hd__and2_1    | 0.148 |   3.730 |    3.775 | 
     | FE_OFC65_n_3674                           | A ^ -> Y v   | sky130_fd_sc_hd__inv_2     | 0.065 |   3.796 |    3.840 | 
     | FE_OFC143_n_3673                          | A v -> Y ^   | sky130_fd_sc_hd__inv_2     | 0.353 |   4.148 |    4.193 | 
     | g183472__5477                             | A1 ^ -> X ^  | sky130_fd_sc_hd__a22o_1    | 0.217 |   4.366 |    4.410 | 
     | u_request_queue_req_mem_reg[2][wdata][17] | D ^          | sky130_fd_sc_hd__dfxtp_1   | 0.000 |   4.366 |    4.410 | 
     +--------------------------------------------------------------------------------------------------------------------+ 

