###############################################################
#  Generated by:      Cadence Innovus 23.13-s082_1
#  OS:                Linux x86_64(Host ID n01-zeus.olympus.ece.tamu.edu)
#  Generated on:      Mon Sep 28 15:48:20 2026
#  Design:            ddr4_controller_top
#  Command:           report_timing -max_paths 10 > $REPORTS_DIR/timing_postroute.rpt
###############################################################
Path 1: VIOLATED Setup Check with Pin rsp_rdata_q_reg[4]/CLK 
Endpoint:   rsp_rdata_q_reg[4]/D    (v) checked with  leading edge of 'clk'
Beginpoint: service_addr_q_reg[2]/Q (^) triggered by  leading edge of 'clk'
Path Groups: {clk}
Analysis View: VIEW_TYP
Other End Arrival Time          0.486
- Setup                         0.088
+ Phase Shift                   4.167
- Uncertainty                   0.100
= Required Time                 4.465
- Arrival Time                  5.223
= Slack Time                   -0.757
     Clock Rise Edge                 0.000
     + Clock Network Latency (Prop)  0.038
     = Beginpoint Arrival Time       0.038
     +-----------------------------------------------------------------------------------------------+ 
     |       Instance        |     Arc      |           Cell            | Delay | Arrival | Required | 
     |                       |              |                           |       |  Time   |   Time   | 
     |-----------------------+--------------+---------------------------+-------+---------+----------| 
     | service_addr_q_reg[2] | CLK ^        |                           |       |   0.038 |   -0.720 | 
     | service_addr_q_reg[2] | CLK ^ -> Q ^ | sky130_fd_sc_hd__dfxtp_2  | 0.606 |   0.644 |   -0.113 | 
     | g189596               | B ^ -> Y v   | sky130_fd_sc_hd__nor2_1   | 0.090 |   0.734 |   -0.023 | 
     | FE_OFC90_n_36         | A v -> Y ^   | sky130_fd_sc_hd__inv_2    | 0.079 |   0.814 |    0.056 | 
     | FE_OFC182_n_36        | A ^ -> Y v   | sky130_fd_sc_hd__inv_4    | 0.263 |   1.076 |    0.319 | 
     | FE_OFC184_n_36        | A v -> X v   | sky130_fd_sc_hd__buf_6    | 0.478 |   1.554 |    0.797 | 
     | FE_OFC95_n_36         | A v -> X v   | sky130_fd_sc_hd__buf_4    | 0.560 |   2.114 |    1.357 | 
     | g188293               | B1 v -> Y ^  | sky130_fd_sc_hd__a221oi_1 | 0.703 |   2.818 |    2.060 | 
     | g187980               | B2 ^ -> Y v  | sky130_fd_sc_hd__o22ai_1  | 0.161 |   2.979 |    2.221 | 
     | g185781__9945         | C1 v -> Y ^  | sky130_fd_sc_hd__a221oi_1 | 0.398 |   3.376 |    2.619 | 
     | g183523__9315         | D ^ -> Y v   | sky130_fd_sc_hd__nand4_1  | 0.157 |   3.534 |    2.776 | 
     | g183311__6783         | A2 v -> Y ^  | sky130_fd_sc_hd__a22oi_1  | 1.562 |   5.096 |    4.339 | 
     | g183083__1666         | B ^ -> Y v   | sky130_fd_sc_hd__nand2_1  | 0.126 |   5.223 |    4.465 | 
     | rsp_rdata_q_reg[4]    | D v          | sky130_fd_sc_hd__dfxtp_1  | 0.000 |   5.223 |    4.465 | 
     +-----------------------------------------------------------------------------------------------+ 
Path 2: VIOLATED Setup Check with Pin rsp_rdata_q_reg[25]/CLK 
Endpoint:   rsp_rdata_q_reg[25]/D   (v) checked with  leading edge of 'clk'
Beginpoint: service_addr_q_reg[2]/Q (^) triggered by  leading edge of 'clk'
Path Groups: {clk}
Analysis View: VIEW_TYP
Other End Arrival Time          0.483
- Setup                         0.082
+ Phase Shift                   4.167
- Uncertainty                   0.100
= Required Time                 4.468
- Arrival Time                  5.051
= Slack Time                   -0.583
     Clock Rise Edge                 0.000
     + Clock Network Latency (Prop)  0.038
     = Beginpoint Arrival Time       0.038
     +-----------------------------------------------------------------------------------------------+ 
     |       Instance        |     Arc      |           Cell            | Delay | Arrival | Required | 
     |                       |              |                           |       |  Time   |   Time   | 
     |-----------------------+--------------+---------------------------+-------+---------+----------| 
     | service_addr_q_reg[2] | CLK ^        |                           |       |   0.038 |   -0.545 | 
     | service_addr_q_reg[2] | CLK ^ -> Q ^ | sky130_fd_sc_hd__dfxtp_2  | 0.606 |   0.644 |    0.061 | 
     | g189596               | B ^ -> Y v   | sky130_fd_sc_hd__nor2_1   | 0.090 |   0.734 |    0.151 | 
     | FE_OFC90_n_36         | A v -> Y ^   | sky130_fd_sc_hd__inv_2    | 0.079 |   0.814 |    0.231 | 
     | FE_OFC182_n_36        | A ^ -> Y v   | sky130_fd_sc_hd__inv_4    | 0.263 |   1.076 |    0.494 | 
     | FE_OFC183_n_36        | A v -> X v   | sky130_fd_sc_hd__buf_2    | 0.628 |   1.705 |    1.122 | 
     | g188303               | B1 v -> Y ^  | sky130_fd_sc_hd__a221oi_1 | 0.457 |   2.162 |    1.580 | 
     | g188039               | A2 ^ -> Y v  | sky130_fd_sc_hd__o22ai_1  | 0.151 |   2.313 |    1.730 | 
     | g185865__9945         | C1 v -> Y ^  | sky130_fd_sc_hd__a221oi_1 | 0.935 |   3.248 |    2.666 | 
     | g183630__6783         | A ^ -> Y v   | sky130_fd_sc_hd__nand4_1  | 0.298 |   3.547 |    2.964 | 
     | g183325__9315         | A1 v -> Y ^  | sky130_fd_sc_hd__a22oi_1  | 1.389 |   4.936 |    4.353 | 
     | g183097__1705         | B ^ -> Y v   | sky130_fd_sc_hd__nand2_1  | 0.115 |   5.051 |    4.468 | 
     | rsp_rdata_q_reg[25]   | D v          | sky130_fd_sc_hd__dfxtp_1  | 0.000 |   5.051 |    4.468 | 
     +-----------------------------------------------------------------------------------------------+ 
Path 3: VIOLATED Setup Check with Pin rsp_rdata_q_reg[0]/CLK 
Endpoint:   rsp_rdata_q_reg[0]/D    (v) checked with  leading edge of 'clk'
Beginpoint: service_addr_q_reg[2]/Q (^) triggered by  leading edge of 'clk'
Path Groups: {clk}
Analysis View: VIEW_TYP
Other End Arrival Time          0.486
- Setup                         0.069
+ Phase Shift                   4.167
- Uncertainty                   0.100
= Required Time                 4.483
- Arrival Time                  4.942
= Slack Time                   -0.459
     Clock Rise Edge                 0.000
     + Clock Network Latency (Prop)  0.038
     = Beginpoint Arrival Time       0.038
     +-----------------------------------------------------------------------------------------------+ 
     |       Instance        |     Arc      |           Cell            | Delay | Arrival | Required | 
     |                       |              |                           |       |  Time   |   Time   | 
     |-----------------------+--------------+---------------------------+-------+---------+----------| 
     | service_addr_q_reg[2] | CLK ^        |                           |       |   0.038 |   -0.422 | 
     | service_addr_q_reg[2] | CLK ^ -> Q ^ | sky130_fd_sc_hd__dfxtp_2  | 0.606 |   0.644 |    0.185 | 
     | g189596               | B ^ -> Y v   | sky130_fd_sc_hd__nor2_1   | 0.090 |   0.734 |    0.275 | 
     | FE_OFC90_n_36         | A v -> Y ^   | sky130_fd_sc_hd__inv_2    | 0.079 |   0.814 |    0.354 | 
     | FE_OFC182_n_36        | A ^ -> Y v   | sky130_fd_sc_hd__inv_4    | 0.263 |   1.076 |    0.617 | 
     | FE_OFC184_n_36        | A v -> X v   | sky130_fd_sc_hd__buf_6    | 0.478 |   1.554 |    1.095 | 
     | FE_OFC95_n_36         | A v -> X v   | sky130_fd_sc_hd__buf_4    | 0.560 |   2.114 |    1.655 | 
     | g188384               | B1 v -> Y ^  | sky130_fd_sc_hd__a221oi_1 | 0.612 |   2.726 |    2.267 | 
     | g188052               | B2 ^ -> Y v  | sky130_fd_sc_hd__o22ai_1  | 0.175 |   2.901 |    2.442 | 
     | g185764__8428         | C1 v -> Y ^  | sky130_fd_sc_hd__a221oi_1 | 0.745 |   3.647 |    3.187 | 
     | g183529__6417         | B ^ -> Y v   | sky130_fd_sc_hd__nand4_1  | 0.347 |   3.994 |    3.535 | 
     | FE_RC_107_0           | B1 v -> Y ^  | sky130_fd_sc_hd__a22oi_2  | 0.832 |   4.826 |    4.367 | 
     | g183081__2883         | B ^ -> Y v   | sky130_fd_sc_hd__nand2_1  | 0.116 |   4.942 |    4.483 | 
     | rsp_rdata_q_reg[0]    | D v          | sky130_fd_sc_hd__dfxtp_1  | 0.000 |   4.942 |    4.483 | 
     +-----------------------------------------------------------------------------------------------+ 
Path 4: VIOLATED Setup Check with Pin rsp_rdata_q_reg[22]/CLK 
Endpoint:   rsp_rdata_q_reg[22]/D   (v) checked with  leading edge of 'clk'
Beginpoint: service_addr_q_reg[2]/Q (^) triggered by  leading edge of 'clk'
Path Groups: {clk}
Analysis View: VIEW_TYP
Other End Arrival Time          0.477
- Setup                         0.073
+ Phase Shift                   4.167
- Uncertainty                   0.100
= Required Time                 4.470
- Arrival Time                  4.900
= Slack Time                   -0.430
     Clock Rise Edge                 0.000
     + Clock Network Latency (Prop)  0.038
     = Beginpoint Arrival Time       0.038
     +-----------------------------------------------------------------------------------------------+ 
     |       Instance        |     Arc      |           Cell            | Delay | Arrival | Required | 
     |                       |              |                           |       |  Time   |   Time   | 
     |-----------------------+--------------+---------------------------+-------+---------+----------| 
     | service_addr_q_reg[2] | CLK ^        |                           |       |   0.038 |   -0.392 | 
     | service_addr_q_reg[2] | CLK ^ -> Q ^ | sky130_fd_sc_hd__dfxtp_2  | 0.606 |   0.644 |    0.214 | 
     | g189596               | B ^ -> Y v   | sky130_fd_sc_hd__nor2_1   | 0.090 |   0.734 |    0.304 | 
     | FE_OFC90_n_36         | A v -> Y ^   | sky130_fd_sc_hd__inv_2    | 0.079 |   0.814 |    0.384 | 
     | FE_OFC182_n_36        | A ^ -> Y v   | sky130_fd_sc_hd__inv_4    | 0.263 |   1.076 |    0.647 | 
     | FE_OFC184_n_36        | A v -> X v   | sky130_fd_sc_hd__buf_6    | 0.478 |   1.554 |    1.124 | 
     | FE_OFC95_n_36         | A v -> X v   | sky130_fd_sc_hd__buf_4    | 0.560 |   2.114 |    1.684 | 
     | g188316               | B1 v -> Y ^  | sky130_fd_sc_hd__a221oi_1 | 0.546 |   2.660 |    2.230 | 
     | g188032               | B2 ^ -> Y v  | sky130_fd_sc_hd__o22ai_1  | 0.159 |   2.819 |    2.390 | 
     | g185853__2802         | C1 v -> Y ^  | sky130_fd_sc_hd__a221oi_1 | 0.431 |   3.251 |    2.821 | 
     | g183618__2883         | B ^ -> Y v   | sky130_fd_sc_hd__nand4_2  | 0.297 |   3.547 |    3.118 | 
     | g183323__4733         | A1 v -> Y ^  | sky130_fd_sc_hd__a22oi_1  | 1.236 |   4.783 |    4.353 | 
     | g183095__1617         | B ^ -> Y v   | sky130_fd_sc_hd__nand2_1  | 0.117 |   4.900 |    4.470 | 
     | rsp_rdata_q_reg[22]   | D v          | sky130_fd_sc_hd__dfxtp_1  | 0.000 |   4.900 |    4.470 | 
     +-----------------------------------------------------------------------------------------------+ 
Path 5: VIOLATED Setup Check with Pin rsp_rdata_q_reg[5]/CLK 
Endpoint:   rsp_rdata_q_reg[5]/D    (v) checked with  leading edge of 'clk'
Beginpoint: service_addr_q_reg[2]/Q (^) triggered by  leading edge of 'clk'
Path Groups: {clk}
Analysis View: VIEW_TYP
Other End Arrival Time          0.484
- Setup                         0.080
+ Phase Shift                   4.167
- Uncertainty                   0.100
= Required Time                 4.471
- Arrival Time                  4.865
= Slack Time                   -0.394
     Clock Rise Edge                 0.000
     + Clock Network Latency (Prop)  0.038
     = Beginpoint Arrival Time       0.038
     +-----------------------------------------------------------------------------------------------+ 
     |       Instance        |     Arc      |           Cell            | Delay | Arrival | Required | 
     |                       |              |                           |       |  Time   |   Time   | 
     |-----------------------+--------------+---------------------------+-------+---------+----------| 
     | service_addr_q_reg[2] | CLK ^        |                           |       |   0.038 |   -0.356 | 
     | service_addr_q_reg[2] | CLK ^ -> Q ^ | sky130_fd_sc_hd__dfxtp_2  | 0.606 |   0.644 |    0.250 | 
     | g189596               | B ^ -> Y v   | sky130_fd_sc_hd__nor2_1   | 0.090 |   0.734 |    0.341 | 
     | FE_OFC90_n_36         | A v -> Y ^   | sky130_fd_sc_hd__inv_2    | 0.079 |   0.814 |    0.420 | 
     | FE_OFC182_n_36        | A ^ -> Y v   | sky130_fd_sc_hd__inv_4    | 0.263 |   1.076 |    0.683 | 
     | FE_OFC184_n_36        | A v -> X v   | sky130_fd_sc_hd__buf_6    | 0.478 |   1.554 |    1.161 | 
     | FE_OFC95_n_36         | A v -> X v   | sky130_fd_sc_hd__buf_4    | 0.560 |   2.114 |    1.721 | 
     | g188524               | B1 v -> Y ^  | sky130_fd_sc_hd__a221oi_1 | 0.411 |   2.525 |    2.132 | 
     | g188067               | B2 ^ -> Y v  | sky130_fd_sc_hd__o22ai_1  | 0.134 |   2.659 |    2.265 | 
     | g185784__1666         | C1 v -> Y ^  | sky130_fd_sc_hd__a221oi_1 | 0.352 |   3.011 |    2.618 | 
     | g183520__7482         | B ^ -> Y v   | sky130_fd_sc_hd__nand4_1  | 0.315 |   3.327 |    2.933 | 
     | g183312__3680         | B1 v -> Y ^  | sky130_fd_sc_hd__a22oi_1  | 1.418 |   4.745 |    4.351 | 
     | g183084__7410         | B ^ -> Y v   | sky130_fd_sc_hd__nand2_1  | 0.120 |   4.865 |    4.471 | 
     | rsp_rdata_q_reg[5]    | D v          | sky130_fd_sc_hd__dfxtp_1  | 0.000 |   4.865 |    4.471 | 
     +-----------------------------------------------------------------------------------------------+ 
Path 6: VIOLATED Setup Check with Pin rsp_rdata_q_reg[2]/CLK 
Endpoint:   rsp_rdata_q_reg[2]/D    (v) checked with  leading edge of 'clk'
Beginpoint: service_addr_q_reg[2]/Q (^) triggered by  leading edge of 'clk'
Path Groups: {clk}
Analysis View: VIEW_TYP
Other End Arrival Time          0.480
- Setup                         0.087
+ Phase Shift                   4.167
- Uncertainty                   0.100
= Required Time                 4.460
- Arrival Time                  4.817
= Slack Time                   -0.356
     Clock Rise Edge                 0.000
     + Clock Network Latency (Prop)  0.038
     = Beginpoint Arrival Time       0.038
     +-----------------------------------------------------------------------------------------------+ 
     |       Instance        |     Arc      |           Cell            | Delay | Arrival | Required | 
     |                       |              |                           |       |  Time   |   Time   | 
     |-----------------------+--------------+---------------------------+-------+---------+----------| 
     | service_addr_q_reg[2] | CLK ^        |                           |       |   0.038 |   -0.319 | 
     | service_addr_q_reg[2] | CLK ^ -> Q ^ | sky130_fd_sc_hd__dfxtp_2  | 0.606 |   0.644 |    0.288 | 
     | g189596               | B ^ -> Y v   | sky130_fd_sc_hd__nor2_1   | 0.090 |   0.734 |    0.378 | 
     | FE_OFC90_n_36         | A v -> Y ^   | sky130_fd_sc_hd__inv_2    | 0.079 |   0.814 |    0.457 | 
     | FE_OFC182_n_36        | A ^ -> Y v   | sky130_fd_sc_hd__inv_4    | 0.263 |   1.076 |    0.720 | 
     | FE_OFC184_n_36        | A v -> X v   | sky130_fd_sc_hd__buf_6    | 0.478 |   1.554 |    1.198 | 
     | FE_OFC95_n_36         | A v -> X v   | sky130_fd_sc_hd__buf_4    | 0.560 |   2.114 |    1.758 | 
     | g188315               | B1 v -> Y ^  | sky130_fd_sc_hd__a221oi_1 | 0.488 |   2.602 |    2.246 | 
     | g187991               | A2 ^ -> Y v  | sky130_fd_sc_hd__o22ai_1  | 0.149 |   2.751 |    2.394 | 
     | g185772__8246         | C1 v -> Y ^  | sky130_fd_sc_hd__a221oi_1 | 0.475 |   3.226 |    2.869 | 
     | g183535__8428         | D ^ -> Y v   | sky130_fd_sc_hd__nand4_1  | 0.192 |   3.417 |    3.061 | 
     | g183310__5526         | B1 v -> Y ^  | sky130_fd_sc_hd__a22oi_1  | 1.284 |   4.702 |    4.345 | 
     | g183082__2346         | A ^ -> Y v   | sky130_fd_sc_hd__nand2_1  | 0.115 |   4.817 |    4.460 | 
     | rsp_rdata_q_reg[2]    | D v          | sky130_fd_sc_hd__dfxtp_1  | 0.000 |   4.817 |    4.460 | 
     +-----------------------------------------------------------------------------------------------+ 
Path 7: VIOLATED Setup Check with Pin rsp_rdata_q_reg[8]/CLK 
Endpoint:   rsp_rdata_q_reg[8]/D    (v) checked with  leading edge of 'clk'
Beginpoint: service_addr_q_reg[2]/Q (^) triggered by  leading edge of 'clk'
Path Groups: {clk}
Analysis View: VIEW_TYP
Other End Arrival Time          0.485
- Setup                         0.080
+ Phase Shift                   4.167
- Uncertainty                   0.100
= Required Time                 4.473
- Arrival Time                  4.824
= Slack Time                   -0.351
     Clock Rise Edge                 0.000
     + Clock Network Latency (Prop)  0.038
     = Beginpoint Arrival Time       0.038
     +-----------------------------------------------------------------------------------------------+ 
     |       Instance        |     Arc      |           Cell            | Delay | Arrival | Required | 
     |                       |              |                           |       |  Time   |   Time   | 
     |-----------------------+--------------+---------------------------+-------+---------+----------| 
     | service_addr_q_reg[2] | CLK ^        |                           |       |   0.038 |   -0.314 | 
     | service_addr_q_reg[2] | CLK ^ -> Q ^ | sky130_fd_sc_hd__dfxtp_2  | 0.606 |   0.644 |    0.293 | 
     | g189596               | B ^ -> Y v   | sky130_fd_sc_hd__nor2_1   | 0.090 |   0.734 |    0.383 | 
     | FE_OFC90_n_36         | A v -> Y ^   | sky130_fd_sc_hd__inv_2    | 0.079 |   0.814 |    0.462 | 
     | FE_OFC182_n_36        | A ^ -> Y v   | sky130_fd_sc_hd__inv_4    | 0.263 |   1.076 |    0.725 | 
     | FE_OFC184_n_36        | A v -> X v   | sky130_fd_sc_hd__buf_6    | 0.478 |   1.554 |    1.203 | 
     | FE_OFC95_n_36         | A v -> X v   | sky130_fd_sc_hd__buf_4    | 0.560 |   2.114 |    1.763 | 
     | g188452               | B1 v -> Y ^  | sky130_fd_sc_hd__a221oi_1 | 0.417 |   2.532 |    2.180 | 
     | g188071               | B2 ^ -> Y v  | sky130_fd_sc_hd__o22ai_1  | 0.135 |   2.666 |    2.315 | 
     | g185796__1617         | C1 v -> Y ^  | sky130_fd_sc_hd__a221oi_1 | 0.402 |   3.068 |    2.717 | 
     | g183508__5526         | B ^ -> Y v   | sky130_fd_sc_hd__nand4_1  | 0.302 |   3.371 |    3.019 | 
     | g183314__2802         | B1 v -> Y ^  | sky130_fd_sc_hd__a22oi_1  | 1.333 |   4.703 |    4.352 | 
     | g183086__5477         | B ^ -> Y v   | sky130_fd_sc_hd__nand2_1  | 0.121 |   4.824 |    4.473 | 
     | rsp_rdata_q_reg[8]    | D v          | sky130_fd_sc_hd__dfxtp_1  | 0.000 |   4.824 |    4.473 | 
     +-----------------------------------------------------------------------------------------------+ 
Path 8: VIOLATED Setup Check with Pin rsp_rdata_q_reg[24]/CLK 
Endpoint:   rsp_rdata_q_reg[24]/D   (v) checked with  leading edge of 'clk'
Beginpoint: service_addr_q_reg[2]/Q (^) triggered by  leading edge of 'clk'
Path Groups: {clk}
Analysis View: VIEW_TYP
Other End Arrival Time          0.484
- Setup                         0.061
+ Phase Shift                   4.167
- Uncertainty                   0.100
= Required Time                 4.490
- Arrival Time                  4.818
= Slack Time                   -0.328
     Clock Rise Edge                 0.000
     + Clock Network Latency (Prop)  0.038
     = Beginpoint Arrival Time       0.038
     +-----------------------------------------------------------------------------------------------+ 
     |       Instance        |     Arc      |           Cell            | Delay | Arrival | Required | 
     |                       |              |                           |       |  Time   |   Time   | 
     |-----------------------+--------------+---------------------------+-------+---------+----------| 
     | service_addr_q_reg[2] | CLK ^        |                           |       |   0.038 |   -0.290 | 
     | service_addr_q_reg[2] | CLK ^ -> Q ^ | sky130_fd_sc_hd__dfxtp_2  | 0.606 |   0.644 |    0.316 | 
     | g189596               | B ^ -> Y v   | sky130_fd_sc_hd__nor2_1   | 0.090 |   0.734 |    0.406 | 
     | FE_OFC90_n_36         | A v -> Y ^   | sky130_fd_sc_hd__inv_2    | 0.079 |   0.814 |    0.486 | 
     | FE_OFC182_n_36        | A ^ -> Y v   | sky130_fd_sc_hd__inv_4    | 0.263 |   1.076 |    0.749 | 
     | FE_OFC184_n_36        | A v -> X v   | sky130_fd_sc_hd__buf_6    | 0.478 |   1.554 |    1.226 | 
     | FE_OFC95_n_36         | A v -> X v   | sky130_fd_sc_hd__buf_4    | 0.560 |   2.114 |    1.786 | 
     | g188310               | B1 v -> Y ^  | sky130_fd_sc_hd__a221oi_1 | 0.591 |   2.706 |    2.378 | 
     | g188097               | A2 ^ -> Y v  | sky130_fd_sc_hd__o22ai_1  | 0.162 |   2.867 |    2.539 | 
     | g185861__7482         | C1 v -> Y ^  | sky130_fd_sc_hd__a221oi_1 | 0.279 |   3.146 |    2.818 | 
     | g183626__6260         | A ^ -> Y v   | sky130_fd_sc_hd__nand4_1  | 0.382 |   3.528 |    3.200 | 
     | g183324__6161         | A2 v -> Y ^  | sky130_fd_sc_hd__a22oi_1  | 0.468 |   3.996 |    3.668 | 
     | FE_PSC212_n_3978      | A ^ -> X ^   | sky130_fd_sc_hd__clkbuf_1 | 0.719 |   4.715 |    4.387 | 
     | g183096__2802         | B ^ -> Y v   | sky130_fd_sc_hd__nand2_1  | 0.103 |   4.818 |    4.490 | 
     | rsp_rdata_q_reg[24]   | D v          | sky130_fd_sc_hd__dfxtp_1  | 0.000 |   4.818 |    4.490 | 
     +-----------------------------------------------------------------------------------------------+ 
Path 9: VIOLATED Setup Check with Pin rsp_rdata_q_reg[21]/CLK 
Endpoint:   rsp_rdata_q_reg[21]/D   (v) checked with  leading edge of 'clk'
Beginpoint: service_addr_q_reg[2]/Q (^) triggered by  leading edge of 'clk'
Path Groups: {clk}
Analysis View: VIEW_TYP
Other End Arrival Time          0.477
- Setup                         0.074
+ Phase Shift                   4.167
- Uncertainty                   0.100
= Required Time                 4.469
- Arrival Time                  4.761
= Slack Time                   -0.291
     Clock Rise Edge                 0.000
     + Clock Network Latency (Prop)  0.038
     = Beginpoint Arrival Time       0.038
     +-----------------------------------------------------------------------------------------------+ 
     |       Instance        |     Arc      |           Cell            | Delay | Arrival | Required | 
     |                       |              |                           |       |  Time   |   Time   | 
     |-----------------------+--------------+---------------------------+-------+---------+----------| 
     | service_addr_q_reg[2] | CLK ^        |                           |       |   0.038 |   -0.254 | 
     | service_addr_q_reg[2] | CLK ^ -> Q ^ | sky130_fd_sc_hd__dfxtp_2  | 0.606 |   0.644 |    0.353 | 
     | g189596               | B ^ -> Y v   | sky130_fd_sc_hd__nor2_1   | 0.090 |   0.734 |    0.443 | 
     | FE_OFC90_n_36         | A v -> Y ^   | sky130_fd_sc_hd__inv_2    | 0.079 |   0.814 |    0.522 | 
     | FE_OFC182_n_36        | A ^ -> Y v   | sky130_fd_sc_hd__inv_4    | 0.263 |   1.076 |    0.785 | 
     | FE_OFC184_n_36        | A v -> X v   | sky130_fd_sc_hd__buf_6    | 0.478 |   1.554 |    1.263 | 
     | FE_OFC95_n_36         | A v -> X v   | sky130_fd_sc_hd__buf_4    | 0.560 |   2.114 |    1.823 | 
     | g188403               | B1 v -> Y ^  | sky130_fd_sc_hd__a221oi_1 | 0.614 |   2.728 |    2.437 | 
     | g188030               | A2 ^ -> Y v  | sky130_fd_sc_hd__o22ai_1  | 0.175 |   2.903 |    2.612 | 
     | g185848__8428         | C1 v -> Y ^  | sky130_fd_sc_hd__a221oi_1 | 0.312 |   3.215 |    2.923 | 
     | g183613__7482         | A ^ -> Y v   | sky130_fd_sc_hd__nand4_1  | 0.343 |   3.558 |    3.267 | 
     | g183322__7482         | B1 v -> Y ^  | sky130_fd_sc_hd__a22oi_1  | 1.089 |   4.647 |    4.356 | 
     | g183094__3680         | B ^ -> Y v   | sky130_fd_sc_hd__nand2_1  | 0.114 |   4.761 |    4.469 | 
     | rsp_rdata_q_reg[21]   | D v          | sky130_fd_sc_hd__dfxtp_1  | 0.000 |   4.761 |    4.469 | 
     +-----------------------------------------------------------------------------------------------+ 
Path 10: VIOLATED Setup Check with Pin rsp_rdata_q_reg[26]/CLK 
Endpoint:   rsp_rdata_q_reg[26]/D   (v) checked with  leading edge of 'clk'
Beginpoint: service_addr_q_reg[2]/Q (^) triggered by  leading edge of 'clk'
Path Groups: {clk}
Analysis View: VIEW_TYP
Other End Arrival Time          0.484
- Setup                         0.085
+ Phase Shift                   4.167
- Uncertainty                   0.100
= Required Time                 4.466
- Arrival Time                  4.747
= Slack Time                   -0.281
     Clock Rise Edge                 0.000
     + Clock Network Latency (Prop)  0.038
     = Beginpoint Arrival Time       0.038
     +-----------------------------------------------------------------------------------------------+ 
     |       Instance        |     Arc      |           Cell            | Delay | Arrival | Required | 
     |                       |              |                           |       |  Time   |   Time   | 
     |-----------------------+--------------+---------------------------+-------+---------+----------| 
     | service_addr_q_reg[2] | CLK ^        |                           |       |   0.038 |   -0.244 | 
     | service_addr_q_reg[2] | CLK ^ -> Q ^ | sky130_fd_sc_hd__dfxtp_2  | 0.606 |   0.644 |    0.363 | 
     | g189596               | B ^ -> Y v   | sky130_fd_sc_hd__nor2_1   | 0.090 |   0.734 |    0.453 | 
     | FE_OFC90_n_36         | A v -> Y ^   | sky130_fd_sc_hd__inv_2    | 0.079 |   0.814 |    0.532 | 
     | FE_OFC182_n_36        | A ^ -> Y v   | sky130_fd_sc_hd__inv_4    | 0.263 |   1.076 |    0.795 | 
     | FE_OFC183_n_36        | A v -> X v   | sky130_fd_sc_hd__buf_2    | 0.628 |   1.705 |    1.424 | 
     | g188347               | B1 v -> Y ^  | sky130_fd_sc_hd__a221oi_1 | 0.480 |   2.185 |    1.903 | 
     | g188041               | B2 ^ -> Y v  | sky130_fd_sc_hd__o22ai_1  | 0.189 |   2.373 |    2.092 | 
     | g185869__7410         | C1 v -> Y ^  | sky130_fd_sc_hd__a221oi_1 | 0.635 |   3.008 |    2.727 | 
     | g183634__1705         | A ^ -> Y v   | sky130_fd_sc_hd__nand4_1  | 0.259 |   3.267 |    2.986 | 
     | g183326__9945         | A1 v -> Y ^  | sky130_fd_sc_hd__a22oi_1  | 1.347 |   4.615 |    4.333 | 
     | g183099__8246         | B ^ -> Y v   | sky130_fd_sc_hd__nand2_1  | 0.132 |   4.747 |    4.466 | 
     | rsp_rdata_q_reg[26]   | D v          | sky130_fd_sc_hd__dfxtp_1  | 0.000 |   4.747 |    4.466 | 
     +-----------------------------------------------------------------------------------------------+ 

