
Power Net Detected:
        Voltage	    Name
             0V	    VSS
           1.8V	    VDD
Using Power View: VIEW_TYP.
Load RC corner of view VIEW_TYP

Begin Power Analysis

             0V	    VSS
           1.8V	    VDD

Begin Processing Timing Library for Power Calculation

Ended Processing Timing Library for Power Calculation: (cpu=0:00:00, real=0:00:00, mem(process/total/peak)=2798.07MB/4857.38MB/2969.29MB)



Begin Processing Power Net/Grid for Power Calculation

Ended Processing Power Net/Grid for Power Calculation: (cpu=0:00:00, real=0:00:00, mem(process/total/peak)=2798.07MB/4857.38MB/2969.29MB)

Begin Processing Timing Window Data for Power Calculation

clk(239.981MHz) CK: assigning clock clk to net clk
Ended Processing Timing Window Data for Power Calculation: (cpu=0:00:00, real=0:00:00, mem(process/total/peak)=2798.36MB/4857.38MB/2969.29MB)

Begin Processing User Attributes

Ended Processing User Attributes: (cpu=0:00:00, real=0:00:00, mem(process/total/peak)=2798.36MB/4857.38MB/2969.29MB)

Begin Processing Signal Activity


Starting Levelizing
2026-Sep-28 16:05:37 (2026-Sep-28 21:05:37 GMT)
2026-Sep-28 16:05:37 (2026-Sep-28 21:05:37 GMT): 10%
2026-Sep-28 16:05:37 (2026-Sep-28 21:05:37 GMT): 20%
2026-Sep-28 16:05:37 (2026-Sep-28 21:05:37 GMT): 30%
2026-Sep-28 16:05:37 (2026-Sep-28 21:05:37 GMT): 40%
2026-Sep-28 16:05:37 (2026-Sep-28 21:05:37 GMT): 50%
2026-Sep-28 16:05:37 (2026-Sep-28 21:05:37 GMT): 60%
2026-Sep-28 16:05:37 (2026-Sep-28 21:05:37 GMT): 70%
2026-Sep-28 16:05:37 (2026-Sep-28 21:05:37 GMT): 80%
2026-Sep-28 16:05:38 (2026-Sep-28 21:05:38 GMT): 90%

Finished Levelizing
2026-Sep-28 16:05:38 (2026-Sep-28 21:05:38 GMT)

Starting Activity Propagation
2026-Sep-28 16:05:38 (2026-Sep-28 21:05:38 GMT)
** INFO:  (VOLTUS_POWR-1356): No default input activity has been set. Defaulting to 0.2.
Use 'set_default_switching_activity -input_activity' command to change the default activity value.

2026-Sep-28 16:05:38 (2026-Sep-28 21:05:38 GMT): 10%
2026-Sep-28 16:05:38 (2026-Sep-28 21:05:38 GMT): 20%

Finished Activity Propagation
2026-Sep-28 16:05:38 (2026-Sep-28 21:05:38 GMT)
Ended Processing Signal Activity: (cpu=0:00:00, real=0:00:00, mem(process/total/peak)=2798.61MB/4857.38MB/2969.29MB)

Begin Power Computation

      ----------------------------------------------------------
      # of cell(s) missing both power/leakage table: 0
      # of cell(s) missing power table: 0
      # of cell(s) missing leakage table: 0
      ----------------------------------------------------------



Starting Calculating power
2026-Sep-28 16:05:38 (2026-Sep-28 21:05:38 GMT)
 ... Calculating switching power
2026-Sep-28 16:05:38 (2026-Sep-28 21:05:38 GMT): 10%
2026-Sep-28 16:05:38 (2026-Sep-28 21:05:38 GMT): 20%
2026-Sep-28 16:05:38 (2026-Sep-28 21:05:38 GMT): 30%
2026-Sep-28 16:05:38 (2026-Sep-28 21:05:38 GMT): 40%
2026-Sep-28 16:05:38 (2026-Sep-28 21:05:38 GMT): 50%
 ... Calculating internal and leakage power
2026-Sep-28 16:05:38 (2026-Sep-28 21:05:38 GMT): 60%
2026-Sep-28 16:05:38 (2026-Sep-28 21:05:38 GMT): 70%
2026-Sep-28 16:05:38 (2026-Sep-28 21:05:38 GMT): 80%
2026-Sep-28 16:05:38 (2026-Sep-28 21:05:38 GMT): 90%

Finished Calculating power
2026-Sep-28 16:05:39 (2026-Sep-28 21:05:39 GMT)
      # of MSMV cell(s) missing power_level: 0
Ended Power Computation: (cpu=0:00:01, real=0:00:00, mem(process/total/peak)=2799.80MB/4857.38MB/2969.29MB)

Begin Processing User Attributes

Begin Processing set_power
Ended Processing set_power: (cpu=0:00:00, real=0:00:00,
mem(process/total/peak)=2799.80MB/4857.38MB/2969.29MB)
Ended Processing User Attributes: (cpu=0:00:00, real=0:00:00, mem(process/total/peak)=2799.80MB/4857.38MB/2969.29MB)

Ended Power Analysis: (cpu=0:00:01, real=0:00:01, mem(process/total/peak)=2800.13MB/4857.38MB/2969.29MB)

Begin Boundary Leakage Calculation
Ended Boundary Leakage Calculation: (cpu=0:00:00, real=0:00:00,
mem(process/total/peak)=2800.13MB/4857.38MB/2969.29MB)
Begin Static Power Report Generation
*----------------------------------------------------------------------------------------
*	Innovus 23.13-s082_1 (64bit) 11/13/2024 13:42 (Linux 3.10.0-693.el7.x86_64)
*	
*
* 	Date & Time:	2026-Sep-28 16:05:39 (2026-Sep-28 21:05:39 GMT)
*
*----------------------------------------------------------------------------------------
*
*	Design: ddr4_controller_top
*
*	Liberty Libraries used:
*	        VIEW_TYP: /home/ugrads/a/antgamez1203/.volare/volare/sky130/versions/0fe599b2afb6708d281543108caf8310912f54af/sky130A/libs.ref/sky130_fd_sc_hd/lib/sky130_fd_sc_hd__tt_025C_1v80.lib
*
*	Parasitic Files used:
*
*       Power View : VIEW_TYP
*
*       User-Defined Activity : N.A.
*
*       Activity File: N.A.
*
*       Hierarchical Global Activity: N.A.
*
*       Global Activity: N.A.
*
*       Sequential Element Activity: 0.200000
*
*       Primary Input Activity: 0.200000
*
*       Default icg ratio: N.A.
*
*       Global Comb ClockGate Ratio: N.A.
*
*	Power Units = 1W
*
*	Time Units = 1e-09 secs
*
*       report_power
*
-----------------------------------------------------------------------------------------
*



Total Power
-----------------------------------------------------------------------------------------
Total Internal Power:        0.02852141 	   69.5786%
Total Switching Power:       0.01247017 	   30.4213%
Total Leakage Power:         0.00000003 	    0.0001%
Total Power:                 0.04099161
-----------------------------------------------------------------------------------------


Group                           Internal   Switching     Leakage       Total  Percentage 
                                Power      Power         Power         Power  (%)        
-----------------------------------------------------------------------------------------
Sequential                       0.02513     0.00147    1.99e-08      0.0266       64.89
Macro                                  0           0           0           0           0
IO                                     0           0           0           0           0
Combinational                   0.002857    0.004711   9.606e-09    0.007569       18.46
Clock (Combinational)          0.0005354    0.006289   3.203e-10    0.006824       16.65
Clock (Sequential)                     0           0           0           0           0
-----------------------------------------------------------------------------------------
Total                            0.02852     0.01247   2.982e-08     0.04099         100
-----------------------------------------------------------------------------------------


Rail                  Voltage   Internal   Switching     Leakage       Total  Percentage 
                                Power      Power         Power         Power  (%)        
-----------------------------------------------------------------------------------------
VDD                       1.8    0.02852     0.01247   2.982e-08     0.04099         100


Clock                           Internal   Switching     Leakage       Total  Percentage 
                                Power      Power         Power         Power  (%)        
-----------------------------------------------------------------------------------------
clk                            0.0005354    0.006289   3.203e-10    0.006824       16.65
-----------------------------------------------------------------------------------------
Total                          0.0005354    0.006289   3.203e-10    0.006824       16.65
-----------------------------------------------------------------------------------------
Clock: clk
Clock Period: 0.004167 usec 
Clock Toggle Rate:   479.9616 Mhz 
Clock Static Probability:  0.6000
  
 
 
-----------------------------------------------------------------------------------------
*	Power Distribution Summary: 
*              Highest Average Power:       CTS_ccl_a_inv_00003 (sky130_fd_sc_hd__clkinv_16):        0.0002658
*              Highest Leakage Power:                FE_RC_67_0 (sky130_fd_sc_hd__bufinv_8):        1.306e-11
*                Total Cap:      9.73537e-11 F
*                Total instances in design:  6910
*                Total instances in design with no power:     0
*                Total instances in design with no activty:     0

*                Total Fillers and Decap:     0
-----------------------------------------------------------------------------------------
 
** INFO:  (VOLTUS_POWR-3465): There are 0 decaps and 0 fillers in the design

Ended Static Power Report Generation: (cpu=0:00:00, real=0:00:00,
mem(process/total/peak)=2802.41MB/4857.38MB/2969.29MB)

Power Units: W
