###############################################################
#  Generated by:      Cadence Innovus 23.13-s082_1
#  OS:                Linux x86_64(Host ID n01-zeus.olympus.ece.tamu.edu)
#  Generated on:      Mon Sep 28 15:57:09 2026
#  Design:            ddr4_controller_top
#  Command:           report_timing -max_paths 10 > $REPORTS_DIR/timing_postroute.rpt
###############################################################
Path 1: VIOLATED Setup Check with Pin rsp_rdata_q_reg[17]/CLK 
Endpoint:   rsp_rdata_q_reg[17]/D   (v) checked with  leading edge of 'clk'
Beginpoint: service_addr_q_reg[2]/Q (^) triggered by  leading edge of 'clk'
Path Groups: {clk}
Analysis View: VIEW_TYP
Other End Arrival Time          0.370
- Setup                         0.062
+ Phase Shift                   4.167
- Uncertainty                   0.100
= Required Time                 4.375
- Arrival Time                  4.574
= Slack Time                   -0.199
     Clock Rise Edge                 0.000
     + Clock Network Latency (Prop)  0.031
     = Beginpoint Arrival Time       0.031
     +-----------------------------------------------------------------------------------------------+ 
     |       Instance        |     Arc      |           Cell            | Delay | Arrival | Required | 
     |                       |              |                           |       |  Time   |   Time   | 
     |-----------------------+--------------+---------------------------+-------+---------+----------| 
     | service_addr_q_reg[2] | CLK ^        |                           |       |   0.031 |   -0.167 | 
     | service_addr_q_reg[2] | CLK ^ -> Q ^ | sky130_fd_sc_hd__dfxtp_2  | 0.528 |   0.560 |    0.361 | 
     | g189594               | B ^ -> Y v   | sky130_fd_sc_hd__nor2_1   | 0.065 |   0.625 |    0.426 | 
     | FE_OFC87_n_38         | A v -> X v   | sky130_fd_sc_hd__buf_4    | 0.271 |   0.896 |    0.697 | 
     | FE_OFC174_n_38        | A v -> X v   | sky130_fd_sc_hd__buf_6    | 0.444 |   1.340 |    1.141 | 
     | g189310               | B v -> X v   | sky130_fd_sc_hd__and2_4   | 0.675 |   2.015 |    1.816 | 
     | g185833__7482         | A1 v -> Y ^  | sky130_fd_sc_hd__a221oi_1 | 0.929 |   2.943 |    2.744 | 
     | g183598__6260         | D ^ -> Y v   | sky130_fd_sc_hd__nand4_1  | 0.259 |   3.203 |    3.004 | 
     | g183320__1881         | A1 v -> Y ^  | sky130_fd_sc_hd__a22oi_1  | 0.589 |   3.791 |    3.593 | 
     | FE_PSC198_n_3982      | A ^ -> X ^   | sky130_fd_sc_hd__buf_1    | 0.671 |   4.462 |    4.264 | 
     | g183092__5526         | B ^ -> Y v   | sky130_fd_sc_hd__nand2_1  | 0.111 |   4.574 |    4.375 | 
     | rsp_rdata_q_reg[17]   | D v          | sky130_fd_sc_hd__dfxtp_1  | 0.000 |   4.574 |    4.375 | 
     +-----------------------------------------------------------------------------------------------+ 
Path 2: VIOLATED Setup Check with Pin rsp_rdata_q_reg[4]/CLK 
Endpoint:   rsp_rdata_q_reg[4]/D    (v) checked with  leading edge of 'clk'
Beginpoint: service_addr_q_reg[2]/Q (v) triggered by  leading edge of 'clk'
Path Groups: {clk}
Analysis View: VIEW_TYP
Other End Arrival Time          0.371
- Setup                         0.059
+ Phase Shift                   4.167
- Uncertainty                   0.100
= Required Time                 4.379
- Arrival Time                  4.511
= Slack Time                   -0.133
     Clock Rise Edge                 0.000
     + Clock Network Latency (Prop)  0.031
     = Beginpoint Arrival Time       0.031
     +-------------------------------------------------------------------------------------------------+ 
     |        Instance         |     Arc      |           Cell            | Delay | Arrival | Required | 
     |                         |              |                           |       |  Time   |   Time   | 
     |-------------------------+--------------+---------------------------+-------+---------+----------| 
     | service_addr_q_reg[2]   | CLK ^        |                           |       |   0.031 |   -0.102 | 
     | service_addr_q_reg[2]   | CLK ^ -> Q v | sky130_fd_sc_hd__dfxtp_2  | 0.466 |   0.497 |    0.364 | 
     | g189593                 | A v -> X v   | sky130_fd_sc_hd__and2_2   | 0.263 |   0.760 |    0.627 | 
     | FE_OFC191_n_15          | A v -> X v   | sky130_fd_sc_hd__buf_6    | 0.285 |   1.046 |    0.913 | 
     | FE_OFC180_n_15          | A v -> X v   | sky130_fd_sc_hd__clkbuf_1 | 0.470 |   1.516 |    1.383 | 
     | FE_PSC222_FE_OFN76_n_15 | A v -> X v   | sky130_fd_sc_hd__buf_1    | 0.261 |   1.777 |    1.644 | 
     | g189122                 | B1 v -> X v  | sky130_fd_sc_hd__a22o_1   | 0.216 |   1.993 |    1.860 | 
     | g188294                 | C1 v -> Y ^  | sky130_fd_sc_hd__a221oi_1 | 0.363 |   2.356 |    2.223 | 
     | g187980                 | A2 ^ -> Y v  | sky130_fd_sc_hd__o22ai_1  | 0.194 |   2.551 |    2.418 | 
     | g185781__9945           | C1 v -> Y ^  | sky130_fd_sc_hd__a221oi_1 | 0.546 |   3.097 |    2.964 | 
     | g183523__9315           | B ^ -> Y v   | sky130_fd_sc_hd__nand4_1  | 0.287 |   3.384 |    3.251 | 
     | g183311__6783           | A2 v -> Y ^  | sky130_fd_sc_hd__a22oi_1  | 0.772 |   4.156 |    4.023 | 
     | FE_PSBC207_n_3991       | A ^ -> X ^   | sky130_fd_sc_hd__buf_2    | 0.288 |   4.445 |    4.312 | 
     | g183083__1666           | B ^ -> Y v   | sky130_fd_sc_hd__nand2_1  | 0.067 |   4.511 |    4.379 | 
     | rsp_rdata_q_reg[4]      | D v          | sky130_fd_sc_hd__dfxtp_1  | 0.000 |   4.511 |    4.379 | 
     +-------------------------------------------------------------------------------------------------+ 
Path 3: VIOLATED Setup Check with Pin rsp_rdata_q_reg[30]/CLK 
Endpoint:   rsp_rdata_q_reg[30]/D   (v) checked with  leading edge of 'clk'
Beginpoint: service_addr_q_reg[2]/Q (^) triggered by  leading edge of 'clk'
Path Groups: {clk}
Analysis View: VIEW_TYP
Other End Arrival Time          0.371
- Setup                         0.077
+ Phase Shift                   4.167
- Uncertainty                   0.100
= Required Time                 4.361
- Arrival Time                  4.487
= Slack Time                   -0.127
     Clock Rise Edge                 0.000
     + Clock Network Latency (Prop)  0.031
     = Beginpoint Arrival Time       0.031
     +--------------------------------------------------------------------------------------------------+ 
     |         Instance         |     Arc      |           Cell            | Delay | Arrival | Required | 
     |                          |              |                           |       |  Time   |   Time   | 
     |--------------------------+--------------+---------------------------+-------+---------+----------| 
     | service_addr_q_reg[2]    | CLK ^        |                           |       |   0.031 |   -0.096 | 
     | service_addr_q_reg[2]    | CLK ^ -> Q ^ | sky130_fd_sc_hd__dfxtp_2  | 0.528 |   0.560 |    0.433 | 
     | g189594                  | B ^ -> Y v   | sky130_fd_sc_hd__nor2_1   | 0.065 |   0.625 |    0.498 | 
     | FE_OFC87_n_38            | A v -> X v   | sky130_fd_sc_hd__buf_4    | 0.271 |   0.896 |    0.769 | 
     | FE_OFC174_n_38           | A v -> X v   | sky130_fd_sc_hd__buf_6    | 0.444 |   1.340 |    1.213 | 
     | FE_OFC92_n_38            | A v -> X v   | sky130_fd_sc_hd__buf_4    | 0.557 |   1.896 |    1.770 | 
     | FE_PSBC216_FE_OFN70_n_38 | A v -> X v   | sky130_fd_sc_hd__buf_1    | 0.366 |   2.263 |    2.136 | 
     | g188353                  | A1 v -> Y ^  | sky130_fd_sc_hd__a221oi_1 | 0.402 |   2.665 |    2.538 | 
     | g188106                  | B2 ^ -> Y v  | sky130_fd_sc_hd__o22ai_1  | 0.118 |   2.783 |    2.656 | 
     | g185887__1881            | C1 v -> Y ^  | sky130_fd_sc_hd__a221oi_1 | 1.015 |   3.798 |    3.671 | 
     | g183652__2398            | A ^ -> Y v   | sky130_fd_sc_hd__nand4_1  | 0.218 |   4.016 |    3.889 | 
     | g183201__4733            | A2 v -> Y ^  | sky130_fd_sc_hd__a222oi_1 | 0.388 |   4.404 |    4.277 | 
     | g183102__1881            | A ^ -> Y v   | sky130_fd_sc_hd__nand2_1  | 0.083 |   4.487 |    4.361 | 
     | rsp_rdata_q_reg[30]      | D v          | sky130_fd_sc_hd__dfxtp_1  | 0.000 |   4.487 |    4.361 | 
     +--------------------------------------------------------------------------------------------------+ 
Path 4: VIOLATED Setup Check with Pin rsp_rdata_q_reg[3]/CLK 
Endpoint:   rsp_rdata_q_reg[3]/D    (v) checked with  leading edge of 'clk'
Beginpoint: service_addr_q_reg[2]/Q (^) triggered by  leading edge of 'clk'
Path Groups: {clk}
Analysis View: VIEW_TYP
Other End Arrival Time          0.393
- Setup                         0.088
+ Phase Shift                   4.167
- Uncertainty                   0.100
= Required Time                 4.372
- Arrival Time                  4.448
= Slack Time                   -0.076
     Clock Rise Edge                 0.000
     + Clock Network Latency (Prop)  0.031
     = Beginpoint Arrival Time       0.031
     +-----------------------------------------------------------------------------------------------+ 
     |       Instance        |     Arc      |           Cell            | Delay | Arrival | Required | 
     |                       |              |                           |       |  Time   |   Time   | 
     |-----------------------+--------------+---------------------------+-------+---------+----------| 
     | service_addr_q_reg[2] | CLK ^        |                           |       |   0.031 |   -0.045 | 
     | service_addr_q_reg[2] | CLK ^ -> Q ^ | sky130_fd_sc_hd__dfxtp_2  | 0.528 |   0.560 |    0.484 | 
     | g189594               | B ^ -> Y v   | sky130_fd_sc_hd__nor2_1   | 0.065 |   0.625 |    0.549 | 
     | FE_OFC87_n_38         | A v -> X v   | sky130_fd_sc_hd__buf_4    | 0.271 |   0.896 |    0.820 | 
     | FE_OFC174_n_38        | A v -> X v   | sky130_fd_sc_hd__buf_6    | 0.444 |   1.340 |    1.264 | 
     | FE_OFC92_n_38         | A v -> X v   | sky130_fd_sc_hd__buf_4    | 0.557 |   1.896 |    1.820 | 
     | g188410               | A1 v -> Y ^  | sky130_fd_sc_hd__a221oi_1 | 0.493 |   2.389 |    2.313 | 
     | g187975               | B2 ^ -> Y v  | sky130_fd_sc_hd__o22ai_1  | 0.158 |   2.547 |    2.471 | 
     | g185776__5115         | C1 v -> Y ^  | sky130_fd_sc_hd__a221oi_1 | 0.510 |   3.056 |    2.980 | 
     | g183539__1617         | D ^ -> Y v   | sky130_fd_sc_hd__nand4_1  | 0.204 |   3.260 |    3.184 | 
     | g183301__1666         | B1 v -> Y ^  | sky130_fd_sc_hd__a22oi_1  | 1.070 |   4.330 |    4.254 | 
     | g183073__6131         | B ^ -> Y v   | sky130_fd_sc_hd__nand2_1  | 0.118 |   4.448 |    4.372 | 
     | rsp_rdata_q_reg[3]    | D v          | sky130_fd_sc_hd__dfxtp_1  | 0.000 |   4.448 |    4.372 | 
     +-----------------------------------------------------------------------------------------------+ 
Path 5: VIOLATED Setup Check with Pin rsp_rdata_q_reg[25]/CLK 
Endpoint:   rsp_rdata_q_reg[25]/D   (v) checked with  leading edge of 'clk'
Beginpoint: service_addr_q_reg[2]/Q (^) triggered by  leading edge of 'clk'
Path Groups: {clk}
Analysis View: VIEW_TYP
Other End Arrival Time          0.370
- Setup                         0.083
+ Phase Shift                   4.167
- Uncertainty                   0.100
= Required Time                 4.353
- Arrival Time                  4.422
= Slack Time                   -0.069
     Clock Rise Edge                 0.000
     + Clock Network Latency (Prop)  0.031
     = Beginpoint Arrival Time       0.031
     +-----------------------------------------------------------------------------------------------+ 
     |       Instance        |     Arc      |           Cell            | Delay | Arrival | Required | 
     |                       |              |                           |       |  Time   |   Time   | 
     |-----------------------+--------------+---------------------------+-------+---------+----------| 
     | service_addr_q_reg[2] | CLK ^        |                           |       |   0.031 |   -0.037 | 
     | service_addr_q_reg[2] | CLK ^ -> Q ^ | sky130_fd_sc_hd__dfxtp_2  | 0.528 |   0.560 |    0.491 | 
     | g189594               | B ^ -> Y v   | sky130_fd_sc_hd__nor2_1   | 0.065 |   0.625 |    0.556 | 
     | FE_OFC87_n_38         | A v -> X v   | sky130_fd_sc_hd__buf_4    | 0.271 |   0.896 |    0.828 | 
     | FE_OFC174_n_38        | A v -> X v   | sky130_fd_sc_hd__buf_6    | 0.444 |   1.340 |    1.271 | 
     | g189310               | B v -> X v   | sky130_fd_sc_hd__and2_4   | 0.675 |   2.015 |    1.946 | 
     | g185865__9945         | A1 v -> Y ^  | sky130_fd_sc_hd__a221oi_1 | 0.967 |   2.982 |    2.913 | 
     | g183630__6783         | A ^ -> Y v   | sky130_fd_sc_hd__nand4_1  | 0.282 |   3.264 |    3.195 | 
     | g183325__9315         | A1 v -> Y ^  | sky130_fd_sc_hd__a22oi_1  | 1.042 |   4.306 |    4.237 | 
     | g183097__1705         | B ^ -> Y v   | sky130_fd_sc_hd__nand2_1  | 0.116 |   4.422 |    4.353 | 
     | rsp_rdata_q_reg[25]   | D v          | sky130_fd_sc_hd__dfxtp_1  | 0.000 |   4.422 |    4.353 | 
     +-----------------------------------------------------------------------------------------------+ 
Path 6: VIOLATED Setup Check with Pin rsp_rdata_q_reg[19]/CLK 
Endpoint:   rsp_rdata_q_reg[19]/D   (v) checked with  leading edge of 'clk'
Beginpoint: service_addr_q_reg[3]/Q (^) triggered by  leading edge of 'clk'
Path Groups: {clk}
Analysis View: VIEW_TYP
Other End Arrival Time          0.365
- Setup                         0.076
+ Phase Shift                   4.167
- Uncertainty                   0.100
= Required Time                 4.356
- Arrival Time                  4.357
= Slack Time                   -0.000
     Clock Rise Edge                 0.000
     + Clock Network Latency (Prop)  0.031
     = Beginpoint Arrival Time       0.031
     +----------------------------------------------------------------------------------------------------+ 
     |          Instance          |     Arc      |           Cell            | Delay | Arrival | Required | 
     |                            |              |                           |       |  Time   |   Time   | 
     |----------------------------+--------------+---------------------------+-------+---------+----------| 
     | service_addr_q_reg[3]      | CLK ^        |                           |       |   0.031 |    0.030 | 
     | service_addr_q_reg[3]      | CLK ^ -> Q ^ | sky130_fd_sc_hd__dfxbp_1  | 0.811 |   0.841 |    0.841 | 
     | g189573                    | A ^ -> X ^   | sky130_fd_sc_hd__or2_4    | 0.725 |   1.567 |    1.567 | 
     | FE_PSC201_n_64             | A ^ -> X ^   | sky130_fd_sc_hd__clkbuf_1 | 0.594 |   2.161 |    2.160 | 
     | FE_PSBC210_FE_PSN3785_n_64 | A ^ -> X ^   | sky130_fd_sc_hd__buf_2    | 0.298 |   2.459 |    2.459 | 
     | g188093                    | A1 ^ -> Y v  | sky130_fd_sc_hd__o22ai_1  | 0.160 |   2.619 |    2.619 | 
     | g185841__7410              | C1 v -> Y ^  | sky130_fd_sc_hd__a221oi_1 | 0.374 |   2.993 |    2.993 | 
     | g183606__1705              | A ^ -> Y v   | sky130_fd_sc_hd__nand4_1  | 0.300 |   3.293 |    3.293 | 
     | g183307__6260              | A2 v -> Y ^  | sky130_fd_sc_hd__a22oi_1  | 0.941 |   4.235 |    4.235 | 
     | g183079__9315              | B ^ -> Y v   | sky130_fd_sc_hd__nand2_1  | 0.122 |   4.357 |    4.356 | 
     | rsp_rdata_q_reg[19]        | D v          | sky130_fd_sc_hd__dfxtp_1  | 0.000 |   4.357 |    4.356 | 
     +----------------------------------------------------------------------------------------------------+ 
Path 7: MET Setup Check with Pin rsp_rdata_q_reg[14]/CLK 
Endpoint:   rsp_rdata_q_reg[14]/D   (v) checked with  leading edge of 'clk'
Beginpoint: service_addr_q_reg[3]/Q (^) triggered by  leading edge of 'clk'
Path Groups: {clk}
Analysis View: VIEW_TYP
Other End Arrival Time          0.371
- Setup                         0.085
+ Phase Shift                   4.167
- Uncertainty                   0.100
= Required Time                 4.353
- Arrival Time                  4.346
= Slack Time                    0.006
     Clock Rise Edge                 0.000
     + Clock Network Latency (Prop)  0.031
     = Beginpoint Arrival Time       0.031
     +-----------------------------------------------------------------------------------------------+ 
     |       Instance        |     Arc      |           Cell            | Delay | Arrival | Required | 
     |                       |              |                           |       |  Time   |   Time   | 
     |-----------------------+--------------+---------------------------+-------+---------+----------| 
     | service_addr_q_reg[3] | CLK ^        |                           |       |   0.031 |    0.037 | 
     | service_addr_q_reg[3] | CLK ^ -> Q ^ | sky130_fd_sc_hd__dfxbp_1  | 0.811 |   0.841 |    0.848 | 
     | g189591               | A ^ -> X ^   | sky130_fd_sc_hd__or2_2    | 0.490 |   1.332 |    1.338 | 
     | FE_OFC170_n_44        | A ^ -> Y v   | sky130_fd_sc_hd__inv_2    | 0.191 |   1.522 |    1.528 | 
     | g189309               | A v -> X v   | sky130_fd_sc_hd__and2_4   | 0.492 |   2.014 |    2.021 | 
     | g185821__5526         | B1 v -> Y ^  | sky130_fd_sc_hd__a221oi_1 | 0.858 |   2.873 |    2.879 | 
     | g183586__4733         | D ^ -> Y v   | sky130_fd_sc_hd__nand4_1  | 0.256 |   3.129 |    3.135 | 
     | g183318__7098         | A2 v -> Y ^  | sky130_fd_sc_hd__a22oi_1  | 1.090 |   4.219 |    4.226 | 
     | g183090__4319         | B ^ -> Y v   | sky130_fd_sc_hd__nand2_1  | 0.127 |   4.346 |    4.353 | 
     | rsp_rdata_q_reg[14]   | D v          | sky130_fd_sc_hd__dfxtp_1  | 0.000 |   4.346 |    4.353 | 
     +-----------------------------------------------------------------------------------------------+ 
Path 8: MET Setup Check with Pin rsp_rdata_q_reg[16]/CLK 
Endpoint:   rsp_rdata_q_reg[16]/D   (v) checked with  leading edge of 'clk'
Beginpoint: service_addr_q_reg[2]/Q (^) triggered by  leading edge of 'clk'
Path Groups: {clk}
Analysis View: VIEW_TYP
Other End Arrival Time          0.365
- Setup                         0.058
+ Phase Shift                   4.167
- Uncertainty                   0.100
= Required Time                 4.375
- Arrival Time                  4.364
= Slack Time                    0.011
     Clock Rise Edge                 0.000
     + Clock Network Latency (Prop)  0.031
     = Beginpoint Arrival Time       0.031
     +-----------------------------------------------------------------------------------------------+ 
     |       Instance        |     Arc      |           Cell            | Delay | Arrival | Required | 
     |                       |              |                           |       |  Time   |   Time   | 
     |-----------------------+--------------+---------------------------+-------+---------+----------| 
     | service_addr_q_reg[2] | CLK ^        |                           |       |   0.031 |    0.042 | 
     | service_addr_q_reg[2] | CLK ^ -> Q ^ | sky130_fd_sc_hd__dfxtp_2  | 0.528 |   0.560 |    0.570 | 
     | g189594               | B ^ -> Y v   | sky130_fd_sc_hd__nor2_1   | 0.065 |   0.625 |    0.635 | 
     | FE_OFC87_n_38         | A v -> X v   | sky130_fd_sc_hd__buf_4    | 0.271 |   0.896 |    0.907 | 
     | FE_OFC174_n_38        | A v -> X v   | sky130_fd_sc_hd__buf_6    | 0.444 |   1.340 |    1.351 | 
     | FE_OFC92_n_38         | A v -> X v   | sky130_fd_sc_hd__buf_4    | 0.557 |   1.896 |    1.907 | 
     | g188318               | A1 v -> Y ^  | sky130_fd_sc_hd__a221oi_1 | 0.396 |   2.292 |    2.303 | 
     | g188016               | B2 ^ -> Y v  | sky130_fd_sc_hd__o22ai_1  | 0.136 |   2.428 |    2.439 | 
     | g185829__7098         | C1 v -> Y ^  | sky130_fd_sc_hd__a221oi_1 | 0.641 |   3.069 |    3.080 | 
     | g183594__6417         | A ^ -> Y v   | sky130_fd_sc_hd__nand4_1  | 0.353 |   3.423 |    3.433 | 
     | g183305__2398         | A1 v -> Y ^  | sky130_fd_sc_hd__a22oi_1  | 0.406 |   3.828 |    3.839 | 
     | FE_PSBC226_n_3997     | A ^ -> X ^   | sky130_fd_sc_hd__clkbuf_1 | 0.450 |   4.279 |    4.289 | 
     | g183077__4733         | A ^ -> Y v   | sky130_fd_sc_hd__nand2_1  | 0.085 |   4.364 |    4.375 | 
     | rsp_rdata_q_reg[16]   | D v          | sky130_fd_sc_hd__dfxtp_1  | 0.000 |   4.364 |    4.375 | 
     +-----------------------------------------------------------------------------------------------+ 
Path 9: MET Setup Check with Pin rsp_rdata_q_reg[26]/CLK 
Endpoint:   rsp_rdata_q_reg[26]/D   (v) checked with  leading edge of 'clk'
Beginpoint: service_addr_q_reg[0]/Q (^) triggered by  leading edge of 'clk'
Path Groups: {clk}
Analysis View: VIEW_TYP
Other End Arrival Time          0.371
- Setup                         0.084
+ Phase Shift                   4.167
- Uncertainty                   0.100
= Required Time                 4.354
- Arrival Time                  4.331
= Slack Time                    0.022
     Clock Rise Edge                 0.000
     + Clock Network Latency (Prop)  0.028
     = Beginpoint Arrival Time       0.028
     +-----------------------------------------------------------------------------------------------+ 
     |       Instance        |     Arc      |           Cell            | Delay | Arrival | Required | 
     |                       |              |                           |       |  Time   |   Time   | 
     |-----------------------+--------------+---------------------------+-------+---------+----------| 
     | service_addr_q_reg[0] | CLK ^        |                           |       |   0.028 |    0.050 | 
     | service_addr_q_reg[0] | CLK ^ -> Q ^ | sky130_fd_sc_hd__dfxtp_1  | 0.515 |   0.543 |    0.566 | 
     | g189616               | A ^ -> Y v   | sky130_fd_sc_hd__inv_2    | 0.057 |   0.601 |    0.623 | 
     | g189595               | A v -> Y ^   | sky130_fd_sc_hd__nand2_1  | 0.125 |   0.726 |    0.748 | 
     | FE_OFC175_n_10        | A ^ -> Y v   | sky130_fd_sc_hd__inv_6    | 0.183 |   0.909 |    0.931 | 
     | FE_OFC177_n_10        | A v -> X v   | sky130_fd_sc_hd__buf_6    | 0.365 |   1.274 |    1.296 | 
     | FE_OFC63_n_10         | A v -> X v   | sky130_fd_sc_hd__buf_12   | 0.428 |   1.702 |    1.724 | 
     | g189311               | B v -> X v   | sky130_fd_sc_hd__and2_4   | 0.518 |   2.220 |    2.242 | 
     | g185868__1666         | B1 v -> Y ^  | sky130_fd_sc_hd__a221oi_1 | 0.514 |   2.734 |    2.756 | 
     | g183633__2802         | B ^ -> Y v   | sky130_fd_sc_hd__nand4_1  | 0.308 |   3.042 |    3.064 | 
     | g183326__9945         | B1 v -> Y ^  | sky130_fd_sc_hd__a22oi_1  | 1.167 |   4.209 |    4.231 | 
     | g183099__8246         | B ^ -> Y v   | sky130_fd_sc_hd__nand2_1  | 0.122 |   4.331 |    4.354 | 
     | rsp_rdata_q_reg[26]   | D v          | sky130_fd_sc_hd__dfxtp_1  | 0.000 |   4.331 |    4.354 | 
     +-----------------------------------------------------------------------------------------------+ 
Path 10: MET Setup Check with Pin rsp_rdata_q_reg[8]/CLK 
Endpoint:   rsp_rdata_q_reg[8]/D    (v) checked with  leading edge of 'clk'
Beginpoint: service_addr_q_reg[2]/Q (v) triggered by  leading edge of 'clk'
Path Groups: {clk}
Analysis View: VIEW_TYP
Other End Arrival Time          0.343
- Setup                         0.111
+ Phase Shift                   4.167
- Uncertainty                   0.100
= Required Time                 4.300
- Arrival Time                  4.274
= Slack Time                    0.026
     Clock Rise Edge                 0.000
     + Clock Network Latency (Prop)  0.031
     = Beginpoint Arrival Time       0.031
     +-----------------------------------------------------------------------------------------------+ 
     |       Instance        |     Arc      |           Cell            | Delay | Arrival | Required | 
     |                       |              |                           |       |  Time   |   Time   | 
     |-----------------------+--------------+---------------------------+-------+---------+----------| 
     | service_addr_q_reg[2] | CLK ^        |                           |       |   0.031 |    0.057 | 
     | service_addr_q_reg[2] | CLK ^ -> Q v | sky130_fd_sc_hd__dfxtp_2  | 0.466 |   0.497 |    0.523 | 
     | g189593               | A v -> X v   | sky130_fd_sc_hd__and2_2   | 0.263 |   0.760 |    0.786 | 
     | FE_OFC191_n_15        | A v -> X v   | sky130_fd_sc_hd__buf_6    | 0.285 |   1.046 |    1.072 | 
     | FE_OFC180_n_15        | A v -> X v   | sky130_fd_sc_hd__clkbuf_1 | 0.470 |   1.516 |    1.542 | 
     | g189137               | B1 v -> X v  | sky130_fd_sc_hd__a22o_1   | 0.269 |   1.785 |    1.811 | 
     | g188452               | C1 v -> Y ^  | sky130_fd_sc_hd__a221oi_1 | 0.191 |   1.976 |    2.002 | 
     | FE_PSBC208_n_889      | A ^ -> X ^   | sky130_fd_sc_hd__buf_1    | 0.172 |   2.148 |    2.174 | 
     | g188071               | B2 ^ -> Y v  | sky130_fd_sc_hd__o22ai_1  | 0.094 |   2.242 |    2.268 | 
     | g185796__1617         | C1 v -> Y ^  | sky130_fd_sc_hd__a221oi_1 | 0.391 |   2.633 |    2.659 | 
     | g183508__5526         | D ^ -> Y v   | sky130_fd_sc_hd__nand4_1  | 0.315 |   2.948 |    2.974 | 
     | g183314__2802         | B1 v -> Y ^  | sky130_fd_sc_hd__a22oi_1  | 1.205 |   4.153 |    4.179 | 
     | g183086__5477         | B ^ -> Y v   | sky130_fd_sc_hd__nand2_1  | 0.120 |   4.274 |    4.300 | 
     | rsp_rdata_q_reg[8]    | D v          | sky130_fd_sc_hd__dfxtp_1  | 0.000 |   4.274 |    4.300 | 
     +-----------------------------------------------------------------------------------------------+ 

