###############################################################
#  Generated by:      Cadence Innovus 23.13-s082_1
#  OS:                Linux x86_64(Host ID n01-zeus.olympus.ece.tamu.edu)
#  Generated on:      Mon Sep 14 17:50:05 2026
#  Design:            ddr4_controller_top
#  Command:           report_timing > $REPORTS_DIR/timing_postroute.rpt
###############################################################
Path 1: VIOLATED Setup Check with Pin rsp_rdata_q_reg[12]/CLK 
Endpoint:   rsp_rdata_q_reg[12]/D   (v) checked with  leading edge of 'clk'
Beginpoint: service_addr_q_reg[2]/Q (^) triggered by  leading edge of 'clk'
Path Groups: {clk}
Analysis View: VIEW_TYP
Other End Arrival Time          0.425
- Setup                         0.082
+ Phase Shift                   4.545
- Uncertainty                   0.100
= Required Time                 4.788
- Arrival Time                  5.162
= Slack Time                   -0.374
     Clock Rise Edge                 0.000
     + Clock Network Latency (Prop)  0.028
     = Beginpoint Arrival Time       0.028
     +-----------------------------------------------------------------------------------------------+ 
     |       Instance        |     Arc      |           Cell            | Delay | Arrival | Required | 
     |                       |              |                           |       |  Time   |   Time   | 
     |-----------------------+--------------+---------------------------+-------+---------+----------| 
     | service_addr_q_reg[2] | CLK ^        |                           |       |   0.028 |   -0.346 | 
     | service_addr_q_reg[2] | CLK ^ -> Q ^ | sky130_fd_sc_hd__dfxtp_2  | 0.538 |   0.566 |    0.192 | 
     | g189594               | B ^ -> Y v   | sky130_fd_sc_hd__nor2_1   | 0.072 |   0.638 |    0.264 | 
     | FE_OFC57_n_38         | A v -> X v   | sky130_fd_sc_hd__buf_4    | 0.374 |   1.012 |    0.638 | 
     | FE_OFC121_n_38        | A v -> X v   | sky130_fd_sc_hd__buf_4    | 0.534 |   1.547 |    1.172 | 
     | FE_OFC61_n_38         | A v -> X v   | sky130_fd_sc_hd__buf_4    | 0.538 |   2.085 |    1.711 | 
     | g188364               | A1 v -> Y ^  | sky130_fd_sc_hd__a221oi_1 | 0.412 |   2.497 |    2.123 | 
     | g188083               | B2 ^ -> Y v  | sky130_fd_sc_hd__o22ai_1  | 0.164 |   2.661 |    2.287 | 
     | g185812__1666         | C1 v -> Y ^  | sky130_fd_sc_hd__a221oi_1 | 0.697 |   3.358 |    2.984 | 
     | g183492__7482         | D ^ -> Y v   | sky130_fd_sc_hd__nand4_1  | 0.197 |   3.554 |    3.180 | 
     | g183304__5477         | B1 v -> Y ^  | sky130_fd_sc_hd__a22oi_1  | 0.807 |   4.361 |    3.987 | 
     | FE_PDC144_n_3998      | A ^ -> X ^   | sky130_fd_sc_hd__clkbuf_1 | 0.693 |   5.055 |    4.681 | 
     | g183076__7482         | A ^ -> Y v   | sky130_fd_sc_hd__nand2_1  | 0.107 |   5.162 |    4.788 | 
     | rsp_rdata_q_reg[12]   | D v          | sky130_fd_sc_hd__dfxtp_1  | 0.000 |   5.162 |    4.788 | 
     +-----------------------------------------------------------------------------------------------+ 

