###############################################################
#  Generated by:      Cadence Innovus 23.13-s082_1
#  OS:                Linux x86_64(Host ID n01-zeus.olympus.ece.tamu.edu)
#  Generated on:      Mon Sep 14 17:58:03 2026
#  Design:            ddr4_controller_top
#  Command:           report_timing > $REPORTS_DIR/timing_postroute.rpt
###############################################################
Path 1: MET Setup Check with Pin u_request_queue_req_mem_reg[0][wdata][21]/CLK 
Endpoint:   u_request_queue_req_mem_reg[0][wdata][21]/D (^) checked with  
leading edge of 'clk'
Beginpoint: u_request_queue_req_mem_reg[2][bank][0]/Q   (v) triggered by  
leading edge of 'clk'
Path Groups: {clk}
Analysis View: VIEW_TYP
Other End Arrival Time          0.319
- Setup                         0.041
+ Phase Shift                   4.545
- Uncertainty                   0.100
= Required Time                 4.723
- Arrival Time                  4.709
= Slack Time                    0.015
     Clock Rise Edge                 0.000
     + Clock Network Latency (Prop)  0.053
     = Beginpoint Arrival Time       0.053
     +-------------------------------------------------------------------------------------------------------------------+ 
     |                 Instance                  |     Arc      |           Cell            | Delay | Arrival | Required | 
     |                                           |              |                           |       |  Time   |   Time   | 
     |-------------------------------------------+--------------+---------------------------+-------+---------+----------| 
     | u_request_queue_req_mem_reg[2][bank][0]   | CLK ^        |                           |       |   0.053 |    0.067 | 
     | u_request_queue_req_mem_reg[2][bank][0]   | CLK ^ -> Q v | sky130_fd_sc_hd__dfxbp_2  | 0.445 |   0.498 |    0.513 | 
     | g100817__5107                             | B v -> Y ^   | sky130_fd_sc_hd__nor2_1   | 0.388 |   0.886 |    0.901 | 
     | g100698__3680                             | A ^ -> Y v   | sky130_fd_sc_hd__nand3_1  | 0.161 |   1.047 |    1.062 | 
     | g100683__6417                             | A v -> Y ^   | sky130_fd_sc_hd__nand4_2  | 0.147 |   1.194 |    1.208 | 
     | g100670__6131                             | A ^ -> Y v   | sky130_fd_sc_hd__nand3_1  | 0.166 |   1.359 |    1.374 | 
     | g100665__1705                             | A v -> Y ^   | sky130_fd_sc_hd__nand2_1  | 0.107 |   1.467 |    1.481 | 
     | g100661__1617                             | A ^ -> X ^   | sky130_fd_sc_hd__and2_4   | 0.181 |   1.648 |    1.662 | 
     | g100645__1666                             | A2 ^ -> Y v  | sky130_fd_sc_hd__a21boi_1 | 0.088 |   1.736 |    1.751 | 
     | g100636__4733                             | B v -> Y ^   | sky130_fd_sc_hd__nor2_2   | 0.174 |   1.909 |    1.924 | 
     | FE_OFC70_n_4234                           | A ^ -> Y v   | sky130_fd_sc_hd__inv_2    | 0.098 |   2.007 |    2.022 | 
     | g100626__7098                             | A2 v -> Y ^  | sky130_fd_sc_hd__o22ai_1  | 0.171 |   2.177 |    2.192 | 
     | g100621__2802                             | A ^ -> Y v   | sky130_fd_sc_hd__nor2_1   | 0.105 |   2.283 |    2.298 | 
     | g100605__1666                             | A2 v -> Y ^  | sky130_fd_sc_hd__o22ai_1  | 0.206 |   2.489 |    2.504 | 
     | g100603__2883                             | A ^ -> Y v   | sky130_fd_sc_hd__nor2_1   | 0.107 |   2.595 |    2.610 | 
     | g100598__6161                             | A1 v -> X v  | sky130_fd_sc_hd__a22o_1   | 0.230 |   2.825 |    2.840 | 
     | g100594__7482                             | B v -> Y ^   | sky130_fd_sc_hd__nor2_2   | 0.118 |   2.943 |    2.958 | 
     | g100593                                   | A ^ -> Y v   | sky130_fd_sc_hd__inv_2    | 0.068 |   3.011 |    3.026 | 
     | g100589__6131                             | A1 v -> Y ^  | sky130_fd_sc_hd__a21oi_2  | 0.152 |   3.163 |    3.178 | 
     | g100588                                   | A ^ -> Y v   | sky130_fd_sc_hd__inv_2    | 0.085 |   3.248 |    3.263 | 
     | FE_RC_25_0                                | C v -> Y ^   | sky130_fd_sc_hd__nor3_4   | 0.185 |   3.434 |    3.448 | 
     | FE_RC_23_0                                | A1 ^ -> Y v  | sky130_fd_sc_hd__a21oi_2  | 0.166 |   3.600 |    3.615 | 
     | FE_OFC106_n_1333                          | A v -> Y ^   | sky130_fd_sc_hd__inv_2    | 0.138 |   3.738 |    3.753 | 
     | g183660__1617                             | A1 ^ -> X ^  | sky130_fd_sc_hd__o21a_1   | 0.252 |   3.990 |    4.005 | 
     | FE_OFC71_n_3762                           | A ^ -> X ^   | sky130_fd_sc_hd__buf_4    | 0.490 |   4.481 |    4.495 | 
     | g183398__2802                             | B1 ^ -> X ^  | sky130_fd_sc_hd__a22o_1   | 0.228 |   4.708 |    4.723 | 
     | u_request_queue_req_mem_reg[0][wdata][21] | D ^          | sky130_fd_sc_hd__dfxtp_1  | 0.000 |   4.709 |    4.723 | 
     +-------------------------------------------------------------------------------------------------------------------+ 

