###############################################################
#  Generated by:      Cadence Innovus 23.13-s082_1
#  OS:                Linux x86_64(Host ID n01-zeus.olympus.ece.tamu.edu)
#  Generated on:      Mon Sep 14 17:41:40 2026
#  Design:            ddr4_controller_top
#  Command:           report_timing > $REPORTS_DIR/timing_postroute.rpt
###############################################################
Path 1: VIOLATED Setup Check with Pin rsp_rdata_q_reg[17]/CLK 
Endpoint:   rsp_rdata_q_reg[17]/D   (v) checked with  leading edge of 'clk'
Beginpoint: service_addr_q_reg[3]/Q (^) triggered by  leading edge of 'clk'
Path Groups: {clk}
Analysis View: VIEW_TYP
Other End Arrival Time          0.398
- Setup                         0.092
+ Phase Shift                   4.545
- Uncertainty                   0.100
= Required Time                 4.751
- Arrival Time                  5.681
= Slack Time                   -0.930
     Clock Rise Edge                 0.000
     + Clock Network Latency (Prop)  0.036
     = Beginpoint Arrival Time       0.036
     +-----------------------------------------------------------------------------------------------+ 
     |       Instance        |     Arc      |           Cell            | Delay | Arrival | Required | 
     |                       |              |                           |       |  Time   |   Time   | 
     |-----------------------+--------------+---------------------------+-------+---------+----------| 
     | service_addr_q_reg[3] | CLK ^        |                           |       |   0.036 |   -0.894 | 
     | service_addr_q_reg[3] | CLK ^ -> Q ^ | sky130_fd_sc_hd__dfxbp_1  | 0.924 |   0.960 |    0.030 | 
     | g189591               | A ^ -> X ^   | sky130_fd_sc_hd__or2_4    | 0.869 |   1.829 |    0.899 | 
     | g189360               | A ^ -> Y v   | sky130_fd_sc_hd__inv_2    | 0.251 |   2.079 |    1.150 | 
     | g189310               | A v -> X v   | sky130_fd_sc_hd__and2_4   | 0.456 |   2.536 |    1.606 | 
     | g185833__7482         | A1 v -> Y ^  | sky130_fd_sc_hd__a221oi_1 | 0.828 |   3.364 |    2.434 | 
     | g183598__6260         | D ^ -> Y v   | sky130_fd_sc_hd__nand4_1  | 0.278 |   3.642 |    2.712 | 
     | g183320__1881         | A1 v -> Y ^  | sky130_fd_sc_hd__a22oi_1  | 1.906 |   5.548 |    4.618 | 
     | g183092__5526         | B ^ -> Y v   | sky130_fd_sc_hd__nand2_1  | 0.133 |   5.681 |    4.751 | 
     | rsp_rdata_q_reg[17]   | D v          | sky130_fd_sc_hd__dfxtp_1  | 0.000 |   5.681 |    4.751 | 
     +-----------------------------------------------------------------------------------------------+ 

