###############################################################
#  Generated by:      Cadence Innovus 23.13-s082_1
#  OS:                Linux x86_64(Host ID n01-zeus.olympus.ece.tamu.edu)
#  Generated on:      Thu Sep 17 11:40:29 2026
#  Design:            ddr4_controller_top
#  Command:           report_timing > $REPORTS_DIR/timing_postroute.rpt
###############################################################
Path 1: VIOLATED Setup Check with Pin rsp_rdata_q_reg[30]/CLK 
Endpoint:   rsp_rdata_q_reg[30]/D   (v) checked with  leading edge of 'clk'
Beginpoint: service_addr_q_reg[2]/Q (^) triggered by  leading edge of 'clk'
Path Groups: {clk}
Analysis View: VIEW_TYP
Other End Arrival Time          0.489
- Setup                         0.085
+ Phase Shift                   4.347
- Uncertainty                   0.100
= Required Time                 4.651
- Arrival Time                  5.243
= Slack Time                   -0.592
     Clock Rise Edge                 0.000
     + Clock Network Latency (Prop)  0.036
     = Beginpoint Arrival Time       0.036
     +-----------------------------------------------------------------------------------------------+ 
     |       Instance        |     Arc      |           Cell            | Delay | Arrival | Required | 
     |                       |              |                           |       |  Time   |   Time   | 
     |-----------------------+--------------+---------------------------+-------+---------+----------| 
     | service_addr_q_reg[2] | CLK ^        |                           |       |   0.036 |   -0.556 | 
     | service_addr_q_reg[2] | CLK ^ -> Q ^ | sky130_fd_sc_hd__dfxtp_2  | 0.578 |   0.614 |    0.022 | 
     | g189596               | B ^ -> Y v   | sky130_fd_sc_hd__nor2_1   | 0.087 |   0.701 |    0.109 | 
     | FE_OFC170_n_36        | A v -> X v   | sky130_fd_sc_hd__buf_4    | 0.392 |   1.093 |    0.502 | 
     | FE_OFC87_n_36         | A v -> Y ^   | sky130_fd_sc_hd__inv_2    | 0.266 |   1.359 |    0.768 | 
     | FE_OFC88_n_36         | A ^ -> Y v   | sky130_fd_sc_hd__inv_4    | 0.283 |   1.643 |    1.051 | 
     | FE_OFC141_n_36        | A v -> X v   | sky130_fd_sc_hd__buf_4    | 0.559 |   2.202 |    1.610 | 
     | g188323               | B1 v -> Y ^  | sky130_fd_sc_hd__a221oi_1 | 0.407 |   2.608 |    2.017 | 
     | g188046               | A2 ^ -> Y v  | sky130_fd_sc_hd__o22ai_1  | 0.136 |   2.745 |    2.153 | 
     | g185885__7098         | C1 v -> Y ^  | sky130_fd_sc_hd__a221oi_1 | 0.307 |   3.051 |    2.460 | 
     | g183650__6417         | A ^ -> Y v   | sky130_fd_sc_hd__nand4_1  | 0.258 |   3.309 |    2.718 | 
     | g183330__7410         | A1 v -> Y ^  | sky130_fd_sc_hd__a22oi_1  | 1.805 |   5.114 |    4.523 | 
     | g183102__1881         | B ^ -> Y v   | sky130_fd_sc_hd__nand2_1  | 0.128 |   5.243 |    4.651 | 
     | rsp_rdata_q_reg[30]   | D v          | sky130_fd_sc_hd__dfxtp_1  | 0.000 |   5.243 |    4.651 | 
     +-----------------------------------------------------------------------------------------------+ 

