###############################################################
#  Generated by:      Cadence Innovus 23.13-s082_1
#  OS:                Linux x86_64(Host ID n01-zeus.olympus.ece.tamu.edu)
#  Generated on:      Thu Sep 17 11:57:18 2026
#  Design:            ddr4_controller_top
#  Command:           report_timing > $REPORTS_DIR/timing_postroute.rpt
###############################################################
Path 1: MET Setup Check with Pin rsp_rdata_q_reg[17]/CLK 
Endpoint:   rsp_rdata_q_reg[17]/D   (v) checked with  leading edge of 'clk'
Beginpoint: service_addr_q_reg[0]/Q (^) triggered by  leading edge of 'clk'
Path Groups: {clk}
Analysis View: VIEW_TYP
Other End Arrival Time          0.388
- Setup                         0.119
+ Phase Shift                   4.347
- Uncertainty                   0.100
= Required Time                 4.516
- Arrival Time                  4.504
= Slack Time                    0.013
     Clock Rise Edge                 0.000
     + Clock Network Latency (Prop)  0.034
     = Beginpoint Arrival Time       0.034
     +----------------------------------------------------------------------------------------------------+ 
     |          Instance          |     Arc      |           Cell            | Delay | Arrival | Required | 
     |                            |              |                           |       |  Time   |   Time   | 
     |----------------------------+--------------+---------------------------+-------+---------+----------| 
     | service_addr_q_reg[0]      | CLK ^        |                           |       |   0.034 |    0.047 | 
     | service_addr_q_reg[0]      | CLK ^ -> Q ^ | sky130_fd_sc_hd__dfxtp_1  | 0.429 |   0.463 |    0.476 | 
     | FE_OFC176_service_addr_q_0 | A ^ -> Y v   | sky130_fd_sc_hd__inv_2    | 0.074 |   0.537 |    0.549 | 
     | FE_OFC177_service_addr_q_0 | A v -> Y ^   | sky130_fd_sc_hd__inv_2    | 0.076 |   0.613 |    0.626 | 
     | g189594                    | B ^ -> Y v   | sky130_fd_sc_hd__nor2_1   | 0.046 |   0.659 |    0.672 | 
     | FE_OFC87_n_38              | A v -> X v   | sky130_fd_sc_hd__buf_4    | 0.266 |   0.925 |    0.938 | 
     | FE_OFC151_n_38             | A v -> X v   | sky130_fd_sc_hd__buf_6    | 0.320 |   1.245 |    1.258 | 
     | FE_OFC91_n_38              | A v -> X v   | sky130_fd_sc_hd__buf_8    | 0.464 |   1.709 |    1.721 | 
     | g189310                    | A v -> X v   | sky130_fd_sc_hd__and2_4   | 0.257 |   1.965 |    1.978 | 
     | FE_PSBC188_n_114           | A v -> X v   | sky130_fd_sc_hd__buf_12   | 0.215 |   2.180 |    2.193 | 
     | g185833__7482              | A1 v -> Y ^  | sky130_fd_sc_hd__a221oi_1 | 0.464 |   2.644 |    2.657 | 
     | FE_PSC184_n_3552           | A ^ -> X ^   | sky130_fd_sc_hd__buf_2    | 0.209 |   2.854 |    2.866 | 
     | g183598__6260              | A ^ -> Y v   | sky130_fd_sc_hd__nand4_1  | 0.159 |   3.013 |    3.025 | 
     | g183320__1881              | A2 v -> Y ^  | sky130_fd_sc_hd__a22oi_1  | 1.368 |   4.381 |    4.393 | 
     | g183092__5526              | B ^ -> Y v   | sky130_fd_sc_hd__nand2_1  | 0.123 |   4.504 |    4.516 | 
     | rsp_rdata_q_reg[17]        | D v          | sky130_fd_sc_hd__dfxtp_1  | 0.000 |   4.504 |    4.516 | 
     +----------------------------------------------------------------------------------------------------+ 

