###############################################################
#  Generated by:      Cadence Innovus 23.13-s082_1
#  OS:                Linux x86_64(Host ID n01-zeus.olympus.ece.tamu.edu)
#  Generated on:      Mon Sep 28 18:55:39 2026
#  Design:            ddr4_controller_top
#  Command:           report_timing -max_paths 10 > $REPORTS_DIR/timing_postroute.rpt
###############################################################
Path 1: VIOLATED Setup Check with Pin rsp_rdata_q_reg[14]/CLK 
Endpoint:   rsp_rdata_q_reg[14]/D   (v) checked with  leading edge of 'clk'
Beginpoint: service_addr_q_reg[2]/Q (^) triggered by  leading edge of 'clk'
Path Groups: {clk}
Analysis View: VIEW_TYP
Other End Arrival Time          0.374
- Setup                         0.086
+ Phase Shift                   4.000
- Uncertainty                   0.100
= Required Time                 4.188
- Arrival Time                  4.444
= Slack Time                   -0.255
     Clock Rise Edge                 0.000
     + Clock Network Latency (Prop)  0.035
     = Beginpoint Arrival Time       0.035
     +-----------------------------------------------------------------------------------------------+ 
     |       Instance        |     Arc      |           Cell            | Delay | Arrival | Required | 
     |                       |              |                           |       |  Time   |   Time   | 
     |-----------------------+--------------+---------------------------+-------+---------+----------| 
     | service_addr_q_reg[2] | CLK ^        |                           |       |   0.035 |   -0.221 | 
     | service_addr_q_reg[2] | CLK ^ -> Q ^ | sky130_fd_sc_hd__dfxtp_2  | 0.526 |   0.561 |    0.306 | 
     | g189594               | A ^ -> Y v   | sky130_fd_sc_hd__nor2_1   | 0.097 |   0.659 |    0.403 | 
     | FE_OFC218_n_38        | A v -> X v   | sky130_fd_sc_hd__buf_4    | 0.297 |   0.955 |    0.700 | 
     | FE_OFC220_n_38        | A v -> X v   | sky130_fd_sc_hd__clkbuf_1 | 0.546 |   1.501 |    1.245 | 
     | g188473               | A1 v -> Y ^  | sky130_fd_sc_hd__a221oi_1 | 0.602 |   2.103 |    1.847 | 
     | g188013               | A2 ^ -> Y v  | sky130_fd_sc_hd__o22ai_1  | 0.171 |   2.274 |    2.019 | 
     | g185821__5526         | C1 v -> Y ^  | sky130_fd_sc_hd__a221oi_1 | 0.733 |   3.007 |    2.751 | 
     | g183586__4733         | D ^ -> Y v   | sky130_fd_sc_hd__nand4_1  | 0.301 |   3.307 |    3.052 | 
     | g183318__7098         | A1 v -> Y ^  | sky130_fd_sc_hd__a22oi_2  | 0.995 |   4.303 |    4.047 | 
     | g183090__4319         | B ^ -> Y v   | sky130_fd_sc_hd__nand2_1  | 0.141 |   4.444 |    4.188 | 
     | rsp_rdata_q_reg[14]   | D v          | sky130_fd_sc_hd__dfxtp_1  | 0.000 |   4.444 |    4.188 | 
     +-----------------------------------------------------------------------------------------------+ 
Path 2: VIOLATED Setup Check with Pin rsp_rdata_q_reg[16]/CLK 
Endpoint:   rsp_rdata_q_reg[16]/D   (v) checked with  leading edge of 'clk'
Beginpoint: service_addr_q_reg[2]/Q (^) triggered by  leading edge of 'clk'
Path Groups: {clk}
Analysis View: VIEW_TYP
Other End Arrival Time          0.369
- Setup                         0.072
+ Phase Shift                   4.000
- Uncertainty                   0.100
= Required Time                 4.198
- Arrival Time                  4.438
= Slack Time                   -0.240
     Clock Rise Edge                 0.000
     + Clock Network Latency (Prop)  0.035
     = Beginpoint Arrival Time       0.035
     +-----------------------------------------------------------------------------------------------+ 
     |       Instance        |     Arc      |           Cell            | Delay | Arrival | Required | 
     |                       |              |                           |       |  Time   |   Time   | 
     |-----------------------+--------------+---------------------------+-------+---------+----------| 
     | service_addr_q_reg[2] | CLK ^        |                           |       |   0.035 |   -0.205 | 
     | service_addr_q_reg[2] | CLK ^ -> Q ^ | sky130_fd_sc_hd__dfxtp_2  | 0.526 |   0.561 |    0.321 | 
     | g189594               | A ^ -> Y v   | sky130_fd_sc_hd__nor2_1   | 0.097 |   0.659 |    0.419 | 
     | FE_OFC218_n_38        | A v -> X v   | sky130_fd_sc_hd__buf_4    | 0.297 |   0.955 |    0.715 | 
     | FE_OFC221_n_38        | A v -> Y ^   | sky130_fd_sc_hd__inv_2    | 0.153 |   1.108 |    0.868 | 
     | FE_OFC93_n_38         | A ^ -> Y v   | sky130_fd_sc_hd__inv_4    | 0.262 |   1.371 |    1.131 | 
     | FE_OFC185_n_38        | A v -> X v   | sky130_fd_sc_hd__buf_6    | 0.510 |   1.881 |    1.641 | 
     | g188318               | A1 v -> Y ^  | sky130_fd_sc_hd__a221oi_1 | 0.385 |   2.266 |    2.026 | 
     | g188016               | B2 ^ -> Y v  | sky130_fd_sc_hd__o22ai_1  | 0.130 |   2.396 |    2.156 | 
     | g185829__7098         | C1 v -> Y ^  | sky130_fd_sc_hd__a221oi_1 | 0.754 |   3.150 |    2.910 | 
     | g183594__6417         | D ^ -> Y v   | sky130_fd_sc_hd__nand4_1  | 0.323 |   3.473 |    3.233 | 
     | g183305__2398         | A1 v -> Y ^  | sky130_fd_sc_hd__a22oi_1  | 0.869 |   4.342 |    4.102 | 
     | g183077__4733         | A ^ -> Y v   | sky130_fd_sc_hd__nand2_1  | 0.096 |   4.438 |    4.198 | 
     | rsp_rdata_q_reg[16]   | D v          | sky130_fd_sc_hd__dfxtp_1  | 0.000 |   4.438 |    4.198 | 
     +-----------------------------------------------------------------------------------------------+ 
Path 3: VIOLATED Setup Check with Pin rsp_rdata_q_reg[25]/CLK 
Endpoint:   rsp_rdata_q_reg[25]/D   (v) checked with  leading edge of 'clk'
Beginpoint: service_addr_q_reg[2]/Q (^) triggered by  leading edge of 'clk'
Path Groups: {clk}
Analysis View: VIEW_TYP
Other End Arrival Time          0.373
- Setup                         0.084
+ Phase Shift                   4.000
- Uncertainty                   0.100
= Required Time                 4.189
- Arrival Time                  4.427
= Slack Time                   -0.238
     Clock Rise Edge                 0.000
     + Clock Network Latency (Prop)  0.035
     = Beginpoint Arrival Time       0.035
     +-----------------------------------------------------------------------------------------------+ 
     |       Instance        |     Arc      |           Cell            | Delay | Arrival | Required | 
     |                       |              |                           |       |  Time   |   Time   | 
     |-----------------------+--------------+---------------------------+-------+---------+----------| 
     | service_addr_q_reg[2] | CLK ^        |                           |       |   0.035 |   -0.203 | 
     | service_addr_q_reg[2] | CLK ^ -> Q ^ | sky130_fd_sc_hd__dfxtp_2  | 0.526 |   0.561 |    0.323 | 
     | g189594               | A ^ -> Y v   | sky130_fd_sc_hd__nor2_1   | 0.097 |   0.659 |    0.421 | 
     | FE_OFC218_n_38        | A v -> X v   | sky130_fd_sc_hd__buf_4    | 0.297 |   0.955 |    0.717 | 
     | FE_OFC220_n_38        | A v -> X v   | sky130_fd_sc_hd__clkbuf_1 | 0.546 |   1.501 |    1.263 | 
     | g188303               | A1 v -> Y ^  | sky130_fd_sc_hd__a221oi_1 | 0.501 |   2.002 |    1.764 | 
     | g188039               | A2 ^ -> Y v  | sky130_fd_sc_hd__o22ai_1  | 0.167 |   2.168 |    1.930 | 
     | g185865__9945         | C1 v -> Y ^  | sky130_fd_sc_hd__a221oi_1 | 0.694 |   2.862 |    2.624 | 
     | g183630__6783         | A ^ -> Y v   | sky130_fd_sc_hd__nand4_1  | 0.309 |   3.170 |    2.933 | 
     | g183325__9315         | A2 v -> Y ^  | sky130_fd_sc_hd__a22oi_1  | 1.129 |   4.300 |    4.062 | 
     | g183097__1705         | B ^ -> Y v   | sky130_fd_sc_hd__nand2_1  | 0.127 |   4.427 |    4.189 | 
     | rsp_rdata_q_reg[25]   | D v          | sky130_fd_sc_hd__dfxtp_1  | 0.000 |   4.427 |    4.189 | 
     +-----------------------------------------------------------------------------------------------+ 
Path 4: VIOLATED Setup Check with Pin rsp_rdata_q_reg[2]/CLK 
Endpoint:   rsp_rdata_q_reg[2]/D    (^) checked with  leading edge of 'clk'
Beginpoint: service_addr_q_reg[2]/Q (v) triggered by  leading edge of 'clk'
Path Groups: {clk}
Analysis View: VIEW_TYP
Other End Arrival Time          0.374
- Setup                         0.027
+ Phase Shift                   4.000
- Uncertainty                   0.100
= Required Time                 4.247
- Arrival Time                  4.433
= Slack Time                   -0.186
     Clock Rise Edge                 0.000
     + Clock Network Latency (Prop)  0.035
     = Beginpoint Arrival Time       0.035
     +--------------------------------------------------------------------------------------------------+ 
     |         Instance         |     Arc      |           Cell            | Delay | Arrival | Required | 
     |                          |              |                           |       |  Time   |   Time   | 
     |--------------------------+--------------+---------------------------+-------+---------+----------| 
     | service_addr_q_reg[2]    | CLK ^        |                           |       |   0.035 |   -0.151 | 
     | service_addr_q_reg[2]    | CLK ^ -> Q v | sky130_fd_sc_hd__dfxtp_2  | 0.466 |   0.501 |    0.315 | 
     | g189594                  | A v -> Y ^   | sky130_fd_sc_hd__nor2_1   | 0.157 |   0.658 |    0.473 | 
     | FE_OFC218_n_38           | A ^ -> X ^   | sky130_fd_sc_hd__buf_4    | 0.438 |   1.096 |    0.910 | 
     | FE_OFC221_n_38           | A ^ -> Y v   | sky130_fd_sc_hd__inv_2    | 0.119 |   1.215 |    1.029 | 
     | FE_OFC93_n_38            | A v -> Y ^   | sky130_fd_sc_hd__inv_4    | 0.653 |   1.868 |    1.683 | 
     | FE_PSBC240_FE_OFN70_n_38 | A ^ -> X ^   | sky130_fd_sc_hd__clkbuf_1 | 0.357 |   2.225 |    2.040 | 
     | g189285                  | A ^ -> X ^   | sky130_fd_sc_hd__and2_4   | 0.862 |   3.087 |    2.901 | 
     | g188699                  | A1 ^ -> Y v  | sky130_fd_sc_hd__a22oi_1  | 0.319 |   3.406 |    3.221 | 
     | g183535__8428            | B v -> Y ^   | sky130_fd_sc_hd__nand4_1  | 0.273 |   3.679 |    3.494 | 
     | g183310__5526            | B1 ^ -> Y v  | sky130_fd_sc_hd__a22oi_1  | 0.122 |   3.801 |    3.615 | 
     | FE_PDC228_n_3992         | A v -> X v   | sky130_fd_sc_hd__clkbuf_1 | 0.460 |   4.261 |    4.075 | 
     | g183082__2346            | A v -> Y ^   | sky130_fd_sc_hd__nand2_1  | 0.172 |   4.432 |    4.247 | 
     | rsp_rdata_q_reg[2]       | D ^          | sky130_fd_sc_hd__dfxtp_1  | 0.000 |   4.433 |    4.247 | 
     +--------------------------------------------------------------------------------------------------+ 
Path 5: VIOLATED Setup Check with Pin rsp_rdata_q_reg[27]/CLK 
Endpoint:   rsp_rdata_q_reg[27]/D   (v) checked with  leading edge of 'clk'
Beginpoint: service_addr_q_reg[2]/Q (^) triggered by  leading edge of 'clk'
Path Groups: {clk}
Analysis View: VIEW_TYP
Other End Arrival Time          0.374
- Setup                         0.091
+ Phase Shift                   4.000
- Uncertainty                   0.100
= Required Time                 4.183
- Arrival Time                  4.362
= Slack Time                   -0.180
     Clock Rise Edge                 0.000
     + Clock Network Latency (Prop)  0.035
     = Beginpoint Arrival Time       0.035
     +-----------------------------------------------------------------------------------------------+ 
     |       Instance        |     Arc      |           Cell            | Delay | Arrival | Required | 
     |                       |              |                           |       |  Time   |   Time   | 
     |-----------------------+--------------+---------------------------+-------+---------+----------| 
     | service_addr_q_reg[2] | CLK ^        |                           |       |   0.035 |   -0.145 | 
     | service_addr_q_reg[2] | CLK ^ -> Q ^ | sky130_fd_sc_hd__dfxtp_2  | 0.526 |   0.561 |    0.382 | 
     | g189594               | A ^ -> Y v   | sky130_fd_sc_hd__nor2_1   | 0.097 |   0.659 |    0.479 | 
     | FE_OFC218_n_38        | A v -> X v   | sky130_fd_sc_hd__buf_4    | 0.297 |   0.955 |    0.776 | 
     | FE_OFC221_n_38        | A v -> Y ^   | sky130_fd_sc_hd__inv_2    | 0.153 |   1.108 |    0.929 | 
     | FE_OFC93_n_38         | A ^ -> Y v   | sky130_fd_sc_hd__inv_4    | 0.262 |   1.371 |    1.191 | 
     | g189310               | A v -> X v   | sky130_fd_sc_hd__and2_4   | 0.668 |   2.039 |    1.859 | 
     | FE_PSBC241_n_114      | A v -> X v   | sky130_fd_sc_hd__clkbuf_1 | 0.235 |   2.274 |    2.095 | 
     | g185873__5107         | A1 v -> Y ^  | sky130_fd_sc_hd__a221oi_1 | 0.496 |   2.770 |    2.591 | 
     | g183638__6131         | A ^ -> Y v   | sky130_fd_sc_hd__nand4_1  | 0.339 |   3.109 |    2.929 | 
     | g183327__2883         | A1 v -> Y ^  | sky130_fd_sc_hd__a22oi_2  | 1.100 |   4.209 |    4.029 | 
     | g183098__5122         | B ^ -> Y v   | sky130_fd_sc_hd__nand2_1  | 0.154 |   4.362 |    4.183 | 
     | rsp_rdata_q_reg[27]   | D v          | sky130_fd_sc_hd__dfxtp_1  | 0.000 |   4.362 |    4.183 | 
     +-----------------------------------------------------------------------------------------------+ 
Path 6: VIOLATED Setup Check with Pin rsp_rdata_q_reg[7]/CLK 
Endpoint:   rsp_rdata_q_reg[7]/D    (v) checked with  leading edge of 'clk'
Beginpoint: service_addr_q_reg[2]/Q (^) triggered by  leading edge of 'clk'
Path Groups: {clk}
Analysis View: VIEW_TYP
Other End Arrival Time          0.372
- Setup                         0.081
+ Phase Shift                   4.000
- Uncertainty                   0.100
= Required Time                 4.191
- Arrival Time                  4.358
= Slack Time                   -0.167
     Clock Rise Edge                 0.000
     + Clock Network Latency (Prop)  0.035
     = Beginpoint Arrival Time       0.035
     +-----------------------------------------------------------------------------------------------+ 
     |       Instance        |     Arc      |           Cell            | Delay | Arrival | Required | 
     |                       |              |                           |       |  Time   |   Time   | 
     |-----------------------+--------------+---------------------------+-------+---------+----------| 
     | service_addr_q_reg[2] | CLK ^        |                           |       |   0.035 |   -0.132 | 
     | service_addr_q_reg[2] | CLK ^ -> Q ^ | sky130_fd_sc_hd__dfxtp_2  | 0.526 |   0.561 |    0.394 | 
     | g189594               | A ^ -> Y v   | sky130_fd_sc_hd__nor2_1   | 0.097 |   0.659 |    0.492 | 
     | FE_OFC218_n_38        | A v -> X v   | sky130_fd_sc_hd__buf_4    | 0.297 |   0.955 |    0.788 | 
     | FE_OFC220_n_38        | A v -> X v   | sky130_fd_sc_hd__clkbuf_1 | 0.546 |   1.501 |    1.334 | 
     | g188436               | A1 v -> Y ^  | sky130_fd_sc_hd__a221oi_1 | 0.527 |   2.028 |    1.861 | 
     | g188001               | A2 ^ -> Y v  | sky130_fd_sc_hd__o22ai_1  | 0.169 |   2.197 |    2.030 | 
     | g185793__5526         | C1 v -> Y ^  | sky130_fd_sc_hd__a221oi_1 | 0.546 |   2.743 |    2.576 | 
     | FE_PSBC242_n_3592     | A ^ -> X ^   | sky130_fd_sc_hd__clkbuf_1 | 0.246 |   2.989 |    2.822 | 
     | g183511__1617         | A ^ -> Y v   | sky130_fd_sc_hd__nand4_1  | 0.141 |   3.130 |    2.963 | 
     | g183313__1617         | A1 v -> Y ^  | sky130_fd_sc_hd__a22oi_1  | 1.110 |   4.240 |    4.074 | 
     | g183085__6417         | B ^ -> Y v   | sky130_fd_sc_hd__nand2_1  | 0.118 |   4.358 |    4.191 | 
     | rsp_rdata_q_reg[7]    | D v          | sky130_fd_sc_hd__dfxtp_1  | 0.000 |   4.358 |    4.191 | 
     +-----------------------------------------------------------------------------------------------+ 
Path 7: VIOLATED Setup Check with Pin rsp_rdata_q_reg[13]/CLK 
Endpoint:   rsp_rdata_q_reg[13]/D   (v) checked with  leading edge of 'clk'
Beginpoint: service_addr_q_reg[2]/Q (^) triggered by  leading edge of 'clk'
Path Groups: {clk}
Analysis View: VIEW_TYP
Other End Arrival Time          0.343
- Setup                         0.070
+ Phase Shift                   4.000
- Uncertainty                   0.100
= Required Time                 4.173
- Arrival Time                  4.316
= Slack Time                   -0.143
     Clock Rise Edge                 0.000
     + Clock Network Latency (Prop)  0.035
     = Beginpoint Arrival Time       0.035
     +--------------------------------------------------------------------------------------------------+ 
     |         Instance         |     Arc      |           Cell            | Delay | Arrival | Required | 
     |                          |              |                           |       |  Time   |   Time   | 
     |--------------------------+--------------+---------------------------+-------+---------+----------| 
     | service_addr_q_reg[2]    | CLK ^        |                           |       |   0.035 |   -0.108 | 
     | service_addr_q_reg[2]    | CLK ^ -> Q ^ | sky130_fd_sc_hd__dfxtp_2  | 0.526 |   0.561 |    0.418 | 
     | g189594                  | A ^ -> Y v   | sky130_fd_sc_hd__nor2_1   | 0.097 |   0.659 |    0.516 | 
     | FE_OFC218_n_38           | A v -> X v   | sky130_fd_sc_hd__buf_4    | 0.297 |   0.955 |    0.812 | 
     | FE_OFC221_n_38           | A v -> Y ^   | sky130_fd_sc_hd__inv_2    | 0.153 |   1.108 |    0.965 | 
     | FE_OFC93_n_38            | A ^ -> Y v   | sky130_fd_sc_hd__inv_4    | 0.262 |   1.371 |    1.228 | 
     | FE_PSBC240_FE_OFN70_n_38 | A v -> X v   | sky130_fd_sc_hd__clkbuf_1 | 0.369 |   1.740 |    1.597 | 
     | g189306                  | B v -> X v   | sky130_fd_sc_hd__and2_4   | 0.475 |   2.214 |    2.071 | 
     | g185816__2398            | A1 v -> Y ^  | sky130_fd_sc_hd__a221oi_1 | 0.838 |   3.053 |    2.910 | 
     | g183581__7098            | B ^ -> Y v   | sky130_fd_sc_hd__nand4_1  | 0.334 |   3.387 |    3.244 | 
     | g183317__8246            | B1 v -> Y ^  | sky130_fd_sc_hd__a22oi_1  | 0.408 |   3.795 |    3.652 | 
     | FE_PSBC233_n_3985        | A ^ -> X ^   | sky130_fd_sc_hd__clkbuf_1 | 0.434 |   4.228 |    4.085 | 
     | g183103__5115            | A ^ -> Y v   | sky130_fd_sc_hd__nand2_1  | 0.088 |   4.316 |    4.173 | 
     | rsp_rdata_q_reg[13]      | D v          | sky130_fd_sc_hd__dfxtp_1  | 0.000 |   4.316 |    4.173 | 
     +--------------------------------------------------------------------------------------------------+ 
Path 8: VIOLATED Setup Check with Pin rsp_rdata_q_reg[5]/CLK 
Endpoint:   rsp_rdata_q_reg[5]/D    (^) checked with  leading edge of 'clk'
Beginpoint: service_addr_q_reg[2]/Q (v) triggered by  leading edge of 'clk'
Path Groups: {clk}
Analysis View: VIEW_TYP
Other End Arrival Time          0.343
- Setup                         0.026
+ Phase Shift                   4.000
- Uncertainty                   0.100
= Required Time                 4.217
- Arrival Time                  4.301
= Slack Time                   -0.084
     Clock Rise Edge                 0.000
     + Clock Network Latency (Prop)  0.035
     = Beginpoint Arrival Time       0.035
     +--------------------------------------------------------------------------------------------------+ 
     |         Instance         |     Arc      |           Cell            | Delay | Arrival | Required | 
     |                          |              |                           |       |  Time   |   Time   | 
     |--------------------------+--------------+---------------------------+-------+---------+----------| 
     | service_addr_q_reg[2]    | CLK ^        |                           |       |   0.035 |   -0.049 | 
     | service_addr_q_reg[2]    | CLK ^ -> Q v | sky130_fd_sc_hd__dfxtp_2  | 0.466 |   0.501 |    0.417 | 
     | g189594                  | A v -> Y ^   | sky130_fd_sc_hd__nor2_1   | 0.157 |   0.658 |    0.575 | 
     | FE_OFC218_n_38           | A ^ -> X ^   | sky130_fd_sc_hd__buf_4    | 0.438 |   1.096 |    1.012 | 
     | FE_OFC221_n_38           | A ^ -> Y v   | sky130_fd_sc_hd__inv_2    | 0.119 |   1.215 |    1.131 | 
     | FE_OFC93_n_38            | A v -> Y ^   | sky130_fd_sc_hd__inv_4    | 0.653 |   1.868 |    1.785 | 
     | FE_PSBC240_FE_OFN70_n_38 | A ^ -> X ^   | sky130_fd_sc_hd__clkbuf_1 | 0.357 |   2.225 |    2.142 | 
     | g189306                  | B ^ -> X ^   | sky130_fd_sc_hd__and2_4   | 0.829 |   3.055 |    2.971 | 
     | g185784__1666            | A1 ^ -> Y v  | sky130_fd_sc_hd__a221oi_1 | 0.437 |   3.492 |    3.408 | 
     | g183520__7482            | B v -> Y ^   | sky130_fd_sc_hd__nand4_1  | 0.260 |   3.752 |    3.668 | 
     | g183312__3680            | B1 ^ -> Y v  | sky130_fd_sc_hd__a22oi_1  | 0.171 |   3.923 |    3.839 | 
     | FE_PSBC231_n_3990        | A v -> Y ^   | sky130_fd_sc_hd__inv_2    | 0.152 |   4.074 |    3.991 | 
     | FE_PSBC230_n_3990        | A ^ -> Y v   | sky130_fd_sc_hd__inv_2    | 0.130 |   4.205 |    4.121 | 
     | g183084__7410            | B v -> Y ^   | sky130_fd_sc_hd__nand2_1  | 0.096 |   4.301 |    4.217 | 
     | rsp_rdata_q_reg[5]       | D ^          | sky130_fd_sc_hd__dfxtp_1  | 0.000 |   4.301 |    4.217 | 
     +--------------------------------------------------------------------------------------------------+ 
Path 9: VIOLATED Setup Check with Pin rsp_rdata_q_reg[19]/CLK 
Endpoint:   rsp_rdata_q_reg[19]/D   (v) checked with  leading edge of 'clk'
Beginpoint: service_addr_q_reg[2]/Q (^) triggered by  leading edge of 'clk'
Path Groups: {clk}
Analysis View: VIEW_TYP
Other End Arrival Time          0.369
- Setup                         0.075
+ Phase Shift                   4.000
- Uncertainty                   0.100
= Required Time                 4.194
- Arrival Time                  4.269
= Slack Time                   -0.075
     Clock Rise Edge                 0.000
     + Clock Network Latency (Prop)  0.035
     = Beginpoint Arrival Time       0.035
     +-----------------------------------------------------------------------------------------------+ 
     |       Instance        |     Arc      |           Cell            | Delay | Arrival | Required | 
     |                       |              |                           |       |  Time   |   Time   | 
     |-----------------------+--------------+---------------------------+-------+---------+----------| 
     | service_addr_q_reg[2] | CLK ^        |                           |       |   0.035 |   -0.040 | 
     | service_addr_q_reg[2] | CLK ^ -> Q ^ | sky130_fd_sc_hd__dfxtp_2  | 0.526 |   0.561 |    0.486 | 
     | g189594               | A ^ -> Y v   | sky130_fd_sc_hd__nor2_1   | 0.097 |   0.659 |    0.583 | 
     | FE_OFC218_n_38        | A v -> X v   | sky130_fd_sc_hd__buf_4    | 0.297 |   0.955 |    0.880 | 
     | FE_OFC221_n_38        | A v -> Y ^   | sky130_fd_sc_hd__inv_2    | 0.153 |   1.108 |    1.033 | 
     | FE_OFC93_n_38         | A ^ -> Y v   | sky130_fd_sc_hd__inv_4    | 0.262 |   1.371 |    1.295 | 
     | FE_OFC185_n_38        | A v -> X v   | sky130_fd_sc_hd__buf_6    | 0.510 |   1.881 |    1.806 | 
     | g188343               | A1 v -> Y ^  | sky130_fd_sc_hd__a221oi_1 | 0.434 |   2.315 |    2.239 | 
     | g188093               | B2 ^ -> Y v  | sky130_fd_sc_hd__o22ai_1  | 0.183 |   2.498 |    2.423 | 
     | g185841__7410         | C1 v -> Y ^  | sky130_fd_sc_hd__a221oi_1 | 0.371 |   2.869 |    2.793 | 
     | g183606__1705         | A ^ -> Y v   | sky130_fd_sc_hd__nand4_1  | 0.326 |   3.194 |    3.119 | 
     | g183307__6260         | A2 v -> Y ^  | sky130_fd_sc_hd__a22oi_1  | 0.948 |   4.142 |    4.067 | 
     | g183079__9315         | B ^ -> Y v   | sky130_fd_sc_hd__nand2_1  | 0.126 |   4.269 |    4.193 | 
     | rsp_rdata_q_reg[19]   | D v          | sky130_fd_sc_hd__dfxtp_1  | 0.000 |   4.269 |    4.194 | 
     +-----------------------------------------------------------------------------------------------+ 
Path 10: VIOLATED Setup Check with Pin rsp_rdata_q_reg[15]/CLK 
Endpoint:   rsp_rdata_q_reg[15]/D   (v) checked with  leading edge of 'clk'
Beginpoint: service_addr_q_reg[2]/Q (^) triggered by  leading edge of 'clk'
Path Groups: {clk}
Analysis View: VIEW_TYP
Other End Arrival Time          0.374
- Setup                         0.076
+ Phase Shift                   4.000
- Uncertainty                   0.100
= Required Time                 4.198
- Arrival Time                  4.250
= Slack Time                   -0.052
     Clock Rise Edge                 0.000
     + Clock Network Latency (Prop)  0.035
     = Beginpoint Arrival Time       0.035
     +--------------------------------------------------------------------------------------------------+ 
     |         Instance         |     Arc      |           Cell            | Delay | Arrival | Required | 
     |                          |              |                           |       |  Time   |   Time   | 
     |--------------------------+--------------+---------------------------+-------+---------+----------| 
     | service_addr_q_reg[2]    | CLK ^        |                           |       |   0.035 |   -0.017 | 
     | service_addr_q_reg[2]    | CLK ^ -> Q ^ | sky130_fd_sc_hd__dfxtp_2  | 0.526 |   0.561 |    0.509 | 
     | g189594                  | A ^ -> Y v   | sky130_fd_sc_hd__nor2_1   | 0.097 |   0.659 |    0.607 | 
     | FE_OFC218_n_38           | A v -> X v   | sky130_fd_sc_hd__buf_4    | 0.297 |   0.955 |    0.903 | 
     | FE_OFC221_n_38           | A v -> Y ^   | sky130_fd_sc_hd__inv_2    | 0.153 |   1.108 |    1.056 | 
     | FE_OFC93_n_38            | A ^ -> Y v   | sky130_fd_sc_hd__inv_4    | 0.262 |   1.371 |    1.319 | 
     | FE_PSBC240_FE_OFN70_n_38 | A v -> X v   | sky130_fd_sc_hd__clkbuf_1 | 0.369 |   1.740 |    1.688 | 
     | g189306                  | B v -> X v   | sky130_fd_sc_hd__and2_4   | 0.475 |   2.214 |    2.162 | 
     | g185825__2802            | A1 v -> Y ^  | sky130_fd_sc_hd__a221oi_1 | 0.572 |   2.786 |    2.734 | 
     | g183590__2883            | B ^ -> Y v   | sky130_fd_sc_hd__nand4_1  | 0.250 |   3.036 |    2.984 | 
     | g183319__6131            | A2 v -> Y ^  | sky130_fd_sc_hd__a22oi_1  | 1.093 |   4.128 |    4.076 | 
     | g183091__8428            | B ^ -> Y v   | sky130_fd_sc_hd__nand2_1  | 0.122 |   4.250 |    4.198 | 
     | rsp_rdata_q_reg[15]      | D v          | sky130_fd_sc_hd__dfxtp_1  | 0.000 |   4.250 |    4.198 | 
     +--------------------------------------------------------------------------------------------------+ 

