###############################################################
#  Generated by:      Cadence Innovus 23.13-s082_1
#  OS:                Linux x86_64(Host ID n01-zeus.olympus.ece.tamu.edu)
#  Generated on:      Mon Sep 28 18:47:07 2026
#  Design:            ddr4_controller_top
#  Command:           report_timing -max_paths 10 > $REPORTS_DIR/timing_postroute.rpt
###############################################################
Path 1: VIOLATED Setup Check with Pin rsp_rdata_q_reg[14]/CLK 
Endpoint:   rsp_rdata_q_reg[14]/D   (v) checked with  leading edge of 'clk'
Beginpoint: service_addr_q_reg[2]/Q (^) triggered by  leading edge of 'clk'
Path Groups: {clk}
Analysis View: VIEW_TYP
Other End Arrival Time          0.388
- Setup                         0.089
+ Phase Shift                   4.000
- Uncertainty                   0.100
= Required Time                 4.199
- Arrival Time                  4.522
= Slack Time                   -0.323
     Clock Rise Edge                 0.000
     + Clock Network Latency (Prop)  0.039
     = Beginpoint Arrival Time       0.039
     +-----------------------------------------------------------------------------------------------+ 
     |       Instance        |     Arc      |           Cell            | Delay | Arrival | Required | 
     |                       |              |                           |       |  Time   |   Time   | 
     |-----------------------+--------------+---------------------------+-------+---------+----------| 
     | service_addr_q_reg[2] | CLK ^        |                           |       |   0.039 |   -0.284 | 
     | service_addr_q_reg[2] | CLK ^ -> Q ^ | sky130_fd_sc_hd__dfxtp_4  | 0.456 |   0.495 |    0.172 | 
     | g189594               | A ^ -> Y v   | sky130_fd_sc_hd__nor2_2   | 0.079 |   0.574 |    0.251 | 
     | FE_OFC136_n_38        | A v -> X v   | sky130_fd_sc_hd__buf_6    | 0.205 |   0.780 |    0.457 | 
     | FE_OFC137_n_38        | A v -> Y ^   | sky130_fd_sc_hd__inv_2    | 0.174 |   0.954 |    0.631 | 
     | FE_OFC138_n_38        | A ^ -> Y v   | sky130_fd_sc_hd__inv_8    | 0.144 |   1.097 |    0.774 | 
     | FE_OFC207_n_38        | A v -> X v   | sky130_fd_sc_hd__buf_2    | 0.392 |   1.489 |    1.166 | 
     | g189310               | A v -> X v   | sky130_fd_sc_hd__and2_4   | 0.472 |   1.962 |    1.638 | 
     | g185821__5526         | A1 v -> Y ^  | sky130_fd_sc_hd__a221oi_1 | 0.736 |   2.698 |    2.375 | 
     | g183586__4733         | A ^ -> Y v   | sky130_fd_sc_hd__nand4_1  | 0.286 |   2.983 |    2.660 | 
     | g183318__7098         | A1 v -> Y ^  | sky130_fd_sc_hd__a22oi_1  | 1.029 |   4.012 |    3.689 | 
     | FE_PSC255_n_3984      | A ^ -> X ^   | sky130_fd_sc_hd__clkbuf_1 | 0.422 |   4.434 |    4.111 | 
     | g183090__4319         | B ^ -> Y v   | sky130_fd_sc_hd__nand2_1  | 0.088 |   4.522 |    4.199 | 
     | rsp_rdata_q_reg[14]   | D v          | sky130_fd_sc_hd__dfxtp_1  | 0.000 |   4.522 |    4.199 | 
     +-----------------------------------------------------------------------------------------------+ 
Path 2: VIOLATED Setup Check with Pin rsp_rdata_q_reg[25]/CLK 
Endpoint:   rsp_rdata_q_reg[25]/D   (v) checked with  leading edge of 'clk'
Beginpoint: service_addr_q_reg[2]/Q (^) triggered by  leading edge of 'clk'
Path Groups: {clk}
Analysis View: VIEW_TYP
Other End Arrival Time          0.348
- Setup                         0.116
+ Phase Shift                   4.000
- Uncertainty                   0.100
= Required Time                 4.132
- Arrival Time                  4.436
= Slack Time                   -0.304
     Clock Rise Edge                 0.000
     + Clock Network Latency (Prop)  0.039
     = Beginpoint Arrival Time       0.039
     +-----------------------------------------------------------------------------------------------+ 
     |       Instance        |     Arc      |           Cell            | Delay | Arrival | Required | 
     |                       |              |                           |       |  Time   |   Time   | 
     |-----------------------+--------------+---------------------------+-------+---------+----------| 
     | service_addr_q_reg[2] | CLK ^        |                           |       |   0.039 |   -0.265 | 
     | service_addr_q_reg[2] | CLK ^ -> Q ^ | sky130_fd_sc_hd__dfxtp_4  | 0.456 |   0.495 |    0.191 | 
     | g189594               | A ^ -> Y v   | sky130_fd_sc_hd__nor2_2   | 0.079 |   0.574 |    0.270 | 
     | FE_OFC136_n_38        | A v -> X v   | sky130_fd_sc_hd__buf_6    | 0.205 |   0.780 |    0.476 | 
     | FE_OFC137_n_38        | A v -> Y ^   | sky130_fd_sc_hd__inv_2    | 0.174 |   0.954 |    0.650 | 
     | FE_OFC138_n_38        | A ^ -> Y v   | sky130_fd_sc_hd__inv_8    | 0.144 |   1.097 |    0.793 | 
     | FE_OFC207_n_38        | A v -> X v   | sky130_fd_sc_hd__buf_2    | 0.392 |   1.489 |    1.185 | 
     | g189310               | A v -> X v   | sky130_fd_sc_hd__and2_4   | 0.472 |   1.962 |    1.657 | 
     | g185865__9945         | A1 v -> Y ^  | sky130_fd_sc_hd__a221oi_1 | 0.731 |   2.692 |    2.388 | 
     | g183630__6783         | D ^ -> Y v   | sky130_fd_sc_hd__nand4_1  | 0.230 |   2.922 |    2.618 | 
     | g183325__9315         | A2 v -> Y ^  | sky130_fd_sc_hd__a22oi_1  | 1.394 |   4.316 |    4.012 | 
     | g183097__1705         | B ^ -> Y v   | sky130_fd_sc_hd__nand2_1  | 0.120 |   4.436 |    4.132 | 
     | rsp_rdata_q_reg[25]   | D v          | sky130_fd_sc_hd__dfxtp_1  | 0.000 |   4.436 |    4.132 | 
     +-----------------------------------------------------------------------------------------------+ 
Path 3: VIOLATED Setup Check with Pin rsp_rdata_q_reg[3]/CLK 
Endpoint:   rsp_rdata_q_reg[3]/D    (v) checked with  leading edge of 'clk'
Beginpoint: service_addr_q_reg[0]/Q (^) triggered by  leading edge of 'clk'
Path Groups: {clk}
Analysis View: VIEW_TYP
Other End Arrival Time          0.345
- Setup                         0.090
+ Phase Shift                   4.000
- Uncertainty                   0.100
= Required Time                 4.154
- Arrival Time                  4.412
= Slack Time                   -0.258
     Clock Rise Edge                 0.000
     + Clock Network Latency (Prop)  0.032
     = Beginpoint Arrival Time       0.032
     +----------------------------------------------------------------------------------------------------+ 
     |          Instance          |     Arc      |           Cell            | Delay | Arrival | Required | 
     |                            |              |                           |       |  Time   |   Time   | 
     |----------------------------+--------------+---------------------------+-------+---------+----------| 
     | service_addr_q_reg[0]      | CLK ^        |                           |       |   0.032 |   -0.225 | 
     | service_addr_q_reg[0]      | CLK ^ -> Q ^ | sky130_fd_sc_hd__dfxtp_4  | 0.440 |   0.473 |    0.215 | 
     | FE_OFC128_service_addr_q_0 | A ^ -> Y v   | sky130_fd_sc_hd__inv_2    | 0.052 |   0.524 |    0.267 | 
     | g189595                    | A v -> Y ^   | sky130_fd_sc_hd__nand2_1  | 0.096 |   0.620 |    0.363 | 
     | FE_OFC66_n_10              | A ^ -> Y v   | sky130_fd_sc_hd__inv_4    | 0.217 |   0.837 |    0.579 | 
     | FE_OFC68_n_10              | A v -> Y ^   | sky130_fd_sc_hd__clkinv_4 | 0.181 |   1.018 |    0.760 | 
     | FE_OFC210_FE_DBTN0_n_10    | A ^ -> Y v   | sky130_fd_sc_hd__inv_8    | 0.146 |   1.164 |    0.906 | 
     | FE_OFC211_FE_DBTN0_n_10    | A v -> X v   | sky130_fd_sc_hd__buf_6    | 0.436 |   1.600 |    1.342 | 
     | g189116                    | A1 v -> X v  | sky130_fd_sc_hd__a22o_1   | 0.366 |   1.966 |    1.709 | 
     | g188272                    | C1 v -> Y ^  | sky130_fd_sc_hd__a221oi_1 | 0.736 |   2.702 |    2.444 | 
     | g187975                    | A2 ^ -> Y v  | sky130_fd_sc_hd__o22ai_1  | 0.278 |   2.980 |    2.723 | 
     | g185776__5115              | C1 v -> Y ^  | sky130_fd_sc_hd__a221oi_1 | 0.524 |   3.504 |    3.246 | 
     | g183539__1617              | D ^ -> Y v   | sky130_fd_sc_hd__nand4_1  | 0.375 |   3.879 |    3.622 | 
     | g183301__1666              | B1 v -> Y ^  | sky130_fd_sc_hd__a22oi_1  | 0.424 |   4.304 |    4.046 | 
     | g183073__6131              | B ^ -> Y v   | sky130_fd_sc_hd__nand2_1  | 0.108 |   4.412 |    4.154 | 
     | rsp_rdata_q_reg[3]         | D v          | sky130_fd_sc_hd__dfxtp_1  | 0.000 |   4.412 |    4.154 | 
     +----------------------------------------------------------------------------------------------------+ 
Path 4: VIOLATED Setup Check with Pin rsp_rdata_q_reg[21]/CLK 
Endpoint:   rsp_rdata_q_reg[21]/D   (v) checked with  leading edge of 'clk'
Beginpoint: service_addr_q_reg[1]/Q (^) triggered by  leading edge of 'clk'
Path Groups: {clk}
Analysis View: VIEW_TYP
Other End Arrival Time          0.385
- Setup                         0.087
+ Phase Shift                   4.000
- Uncertainty                   0.100
= Required Time                 4.198
- Arrival Time                  4.424
= Slack Time                   -0.226
     Clock Rise Edge                 0.000
     + Clock Network Latency (Prop)  0.033
     = Beginpoint Arrival Time       0.033
     +-----------------------------------------------------------------------------------------------+ 
     |       Instance        |     Arc      |           Cell            | Delay | Arrival | Required | 
     |                       |              |                           |       |  Time   |   Time   | 
     |-----------------------+--------------+---------------------------+-------+---------+----------| 
     | service_addr_q_reg[1] | CLK ^        |                           |       |   0.033 |   -0.194 | 
     | service_addr_q_reg[1] | CLK ^ -> Q ^ | sky130_fd_sc_hd__dfxtp_1  | 0.587 |   0.620 |    0.393 | 
     | g189573               | B ^ -> X ^   | sky130_fd_sc_hd__or2_4    | 0.905 |   1.524 |    1.298 | 
     | g189358               | A ^ -> Y v   | sky130_fd_sc_hd__inv_2    | 0.217 |   1.741 |    1.515 | 
     | g189285               | B v -> X v   | sky130_fd_sc_hd__and2_4   | 0.565 |   2.306 |    2.080 | 
     | g188882               | A1 v -> Y ^  | sky130_fd_sc_hd__a22oi_1  | 0.340 |   2.646 |    2.420 | 
     | g183613__7482         | B ^ -> Y v   | sky130_fd_sc_hd__nand4_1  | 0.261 |   2.907 |    2.680 | 
     | g183322__7482         | B1 v -> Y ^  | sky130_fd_sc_hd__a22oi_1  | 0.924 |   3.830 |    3.604 | 
     | FE_PSC250_n_3980      | A ^ -> X ^   | sky130_fd_sc_hd__clkbuf_1 | 0.495 |   4.325 |    4.099 | 
     | g183094__3680         | B ^ -> Y v   | sky130_fd_sc_hd__nand2_1  | 0.099 |   4.424 |    4.198 | 
     | rsp_rdata_q_reg[21]   | D v          | sky130_fd_sc_hd__dfxtp_1  | 0.000 |   4.424 |    4.198 | 
     +-----------------------------------------------------------------------------------------------+ 
Path 5: VIOLATED Setup Check with Pin rsp_rdata_q_reg[12]/CLK 
Endpoint:   rsp_rdata_q_reg[12]/D   (v) checked with  leading edge of 'clk'
Beginpoint: service_addr_q_reg[0]/Q (^) triggered by  leading edge of 'clk'
Path Groups: {clk}
Analysis View: VIEW_TYP
Other End Arrival Time          0.369
- Setup                         0.106
+ Phase Shift                   4.000
- Uncertainty                   0.100
= Required Time                 4.163
- Arrival Time                  4.387
= Slack Time                   -0.224
     Clock Rise Edge                 0.000
     + Clock Network Latency (Prop)  0.032
     = Beginpoint Arrival Time       0.032
     +----------------------------------------------------------------------------------------------------+ 
     |          Instance          |     Arc      |           Cell            | Delay | Arrival | Required | 
     |                            |              |                           |       |  Time   |   Time   | 
     |----------------------------+--------------+---------------------------+-------+---------+----------| 
     | service_addr_q_reg[0]      | CLK ^        |                           |       |   0.032 |   -0.191 | 
     | service_addr_q_reg[0]      | CLK ^ -> Q ^ | sky130_fd_sc_hd__dfxtp_4  | 0.440 |   0.473 |    0.249 | 
     | FE_OFC128_service_addr_q_0 | A ^ -> Y v   | sky130_fd_sc_hd__inv_2    | 0.052 |   0.524 |    0.301 | 
     | g189595                    | A v -> Y ^   | sky130_fd_sc_hd__nand2_1  | 0.096 |   0.620 |    0.397 | 
     | FE_OFC66_n_10              | A ^ -> Y v   | sky130_fd_sc_hd__inv_4    | 0.217 |   0.837 |    0.613 | 
     | FE_OFC68_n_10              | A v -> Y ^   | sky130_fd_sc_hd__clkinv_4 | 0.181 |   1.018 |    0.794 | 
     | FE_OFC210_FE_DBTN0_n_10    | A ^ -> Y v   | sky130_fd_sc_hd__inv_8    | 0.146 |   1.164 |    0.940 | 
     | FE_OFC211_FE_DBTN0_n_10    | A v -> X v   | sky130_fd_sc_hd__buf_6    | 0.436 |   1.600 |    1.376 | 
     | g189073                    | A1 v -> X v  | sky130_fd_sc_hd__a22o_1   | 0.349 |   1.948 |    1.725 | 
     | g188363                    | C1 v -> Y ^  | sky130_fd_sc_hd__a221oi_1 | 0.405 |   2.353 |    2.130 | 
     | g188083                    | A2 ^ -> Y v  | sky130_fd_sc_hd__o22ai_1  | 0.260 |   2.613 |    2.389 | 
     | g185812__1666              | C1 v -> Y ^  | sky130_fd_sc_hd__a221oi_2 | 0.414 |   3.027 |    2.804 | 
     | g183492__7482              | A ^ -> Y v   | sky130_fd_sc_hd__nand4_1  | 0.412 |   3.440 |    3.216 | 
     | g183304__5477              | B1 v -> Y ^  | sky130_fd_sc_hd__a22oi_1  | 0.834 |   4.274 |    4.050 | 
     | g183076__7482              | A ^ -> Y v   | sky130_fd_sc_hd__nand2_1  | 0.113 |   4.387 |    4.163 | 
     | rsp_rdata_q_reg[12]        | D v          | sky130_fd_sc_hd__dfxtp_1  | 0.000 |   4.387 |    4.163 | 
     +----------------------------------------------------------------------------------------------------+ 
Path 6: VIOLATED Setup Check with Pin rsp_rdata_q_reg[30]/CLK 
Endpoint:   rsp_rdata_q_reg[30]/D   (v) checked with  leading edge of 'clk'
Beginpoint: service_addr_q_reg[2]/Q (^) triggered by  leading edge of 'clk'
Path Groups: {clk}
Analysis View: VIEW_TYP
Other End Arrival Time          0.388
- Setup                         0.122
+ Phase Shift                   4.000
- Uncertainty                   0.100
= Required Time                 4.167
- Arrival Time                  4.387
= Slack Time                   -0.221
     Clock Rise Edge                 0.000
     + Clock Network Latency (Prop)  0.039
     = Beginpoint Arrival Time       0.039
     +-----------------------------------------------------------------------------------------------+ 
     |       Instance        |     Arc      |           Cell            | Delay | Arrival | Required | 
     |                       |              |                           |       |  Time   |   Time   | 
     |-----------------------+--------------+---------------------------+-------+---------+----------| 
     | service_addr_q_reg[2] | CLK ^        |                           |       |   0.039 |   -0.181 | 
     | service_addr_q_reg[2] | CLK ^ -> Q ^ | sky130_fd_sc_hd__dfxtp_4  | 0.456 |   0.495 |    0.275 | 
     | g189594               | A ^ -> Y v   | sky130_fd_sc_hd__nor2_2   | 0.079 |   0.574 |    0.354 | 
     | FE_OFC136_n_38        | A v -> X v   | sky130_fd_sc_hd__buf_6    | 0.205 |   0.780 |    0.559 | 
     | FE_OFC137_n_38        | A v -> Y ^   | sky130_fd_sc_hd__inv_2    | 0.174 |   0.954 |    0.733 | 
     | FE_OFC138_n_38        | A ^ -> Y v   | sky130_fd_sc_hd__inv_8    | 0.144 |   1.097 |    0.877 | 
     | FE_OFC207_n_38        | A v -> X v   | sky130_fd_sc_hd__buf_2    | 0.392 |   1.489 |    1.269 | 
     | g189306               | B v -> X v   | sky130_fd_sc_hd__and2_4   | 0.472 |   1.961 |    1.740 | 
     | g185884__8246         | A1 v -> Y ^  | sky130_fd_sc_hd__a221oi_1 | 0.598 |   2.559 |    2.338 | 
     | g183649__7410         | B ^ -> Y v   | sky130_fd_sc_hd__nand4_1  | 0.338 |   2.897 |    2.676 | 
     | g183330__7410         | B1 v -> Y ^  | sky130_fd_sc_hd__a22oi_1  | 1.370 |   4.267 |    4.046 | 
     | g183102__1881         | B ^ -> Y v   | sky130_fd_sc_hd__nand2_1  | 0.120 |   4.387 |    4.167 | 
     | rsp_rdata_q_reg[30]   | D v          | sky130_fd_sc_hd__dfxtp_1  | 0.000 |   4.387 |    4.167 | 
     +-----------------------------------------------------------------------------------------------+ 
Path 7: VIOLATED Setup Check with Pin rsp_rdata_q_reg[5]/CLK 
Endpoint:   rsp_rdata_q_reg[5]/D    (v) checked with  leading edge of 'clk'
Beginpoint: service_addr_q_reg[1]/Q (^) triggered by  leading edge of 'clk'
Path Groups: {clk}
Analysis View: VIEW_TYP
Other End Arrival Time          0.344
- Setup                         0.096
+ Phase Shift                   4.000
- Uncertainty                   0.100
= Required Time                 4.148
- Arrival Time                  4.301
= Slack Time                   -0.153
     Clock Rise Edge                 0.000
     + Clock Network Latency (Prop)  0.033
     = Beginpoint Arrival Time       0.033
     +-----------------------------------------------------------------------------------------------+ 
     |       Instance        |     Arc      |           Cell            | Delay | Arrival | Required | 
     |                       |              |                           |       |  Time   |   Time   | 
     |-----------------------+--------------+---------------------------+-------+---------+----------| 
     | service_addr_q_reg[1] | CLK ^        |                           |       |   0.033 |   -0.121 | 
     | service_addr_q_reg[1] | CLK ^ -> Q ^ | sky130_fd_sc_hd__dfxtp_1  | 0.587 |   0.620 |    0.466 | 
     | g189573               | B ^ -> X ^   | sky130_fd_sc_hd__or2_4    | 0.905 |   1.524 |    1.371 | 
     | g189358               | A ^ -> Y v   | sky130_fd_sc_hd__inv_2    | 0.217 |   1.741 |    1.588 | 
     | g189284               | A v -> X v   | sky130_fd_sc_hd__and2_4   | 0.531 |   2.272 |    2.118 | 
     | g185785__7410         | B1 v -> Y ^  | sky130_fd_sc_hd__a221oi_1 | 0.772 |   3.044 |    2.890 | 
     | g183519__5115         | D ^ -> Y v   | sky130_fd_sc_hd__nand4_1  | 0.289 |   3.332 |    3.179 | 
     | g183312__3680         | A1 v -> Y ^  | sky130_fd_sc_hd__a22oi_1  | 0.864 |   4.196 |    4.043 | 
     | g183084__7410         | B ^ -> Y v   | sky130_fd_sc_hd__nand2_1  | 0.105 |   4.301 |    4.148 | 
     | rsp_rdata_q_reg[5]    | D v          | sky130_fd_sc_hd__dfxtp_1  | 0.000 |   4.301 |    4.148 | 
     +-----------------------------------------------------------------------------------------------+ 
Path 8: VIOLATED Setup Check with Pin rsp_rdata_q_reg[17]/CLK 
Endpoint:   rsp_rdata_q_reg[17]/D   (v) checked with  leading edge of 'clk'
Beginpoint: service_addr_q_reg[2]/Q (^) triggered by  leading edge of 'clk'
Path Groups: {clk}
Analysis View: VIEW_TYP
Other End Arrival Time          0.388
- Setup                         0.121
+ Phase Shift                   4.000
- Uncertainty                   0.100
= Required Time                 4.167
- Arrival Time                  4.293
= Slack Time                   -0.126
     Clock Rise Edge                 0.000
     + Clock Network Latency (Prop)  0.039
     = Beginpoint Arrival Time       0.039
     +-----------------------------------------------------------------------------------------------+ 
     |       Instance        |     Arc      |           Cell            | Delay | Arrival | Required | 
     |                       |              |                           |       |  Time   |   Time   | 
     |-----------------------+--------------+---------------------------+-------+---------+----------| 
     | service_addr_q_reg[2] | CLK ^        |                           |       |   0.039 |   -0.086 | 
     | service_addr_q_reg[2] | CLK ^ -> Q ^ | sky130_fd_sc_hd__dfxtp_4  | 0.456 |   0.495 |    0.370 | 
     | g189594               | A ^ -> Y v   | sky130_fd_sc_hd__nor2_2   | 0.079 |   0.574 |    0.449 | 
     | FE_OFC136_n_38        | A v -> X v   | sky130_fd_sc_hd__buf_6    | 0.205 |   0.780 |    0.654 | 
     | FE_OFC137_n_38        | A v -> Y ^   | sky130_fd_sc_hd__inv_2    | 0.174 |   0.954 |    0.828 | 
     | FE_OFC138_n_38        | A ^ -> Y v   | sky130_fd_sc_hd__inv_8    | 0.144 |   1.097 |    0.972 | 
     | FE_OFC207_n_38        | A v -> X v   | sky130_fd_sc_hd__buf_2    | 0.392 |   1.489 |    1.364 | 
     | g189310               | A v -> X v   | sky130_fd_sc_hd__and2_4   | 0.472 |   1.962 |    1.836 | 
     | g185833__7482         | A1 v -> Y ^  | sky130_fd_sc_hd__a221oi_1 | 0.807 |   2.769 |    2.643 | 
     | g183598__6260         | A ^ -> Y v   | sky130_fd_sc_hd__nand4_1  | 0.294 |   3.063 |    2.937 | 
     | g183320__1881         | A1 v -> Y ^  | sky130_fd_sc_hd__a22oi_1  | 1.111 |   4.174 |    4.048 | 
     | g183092__5526         | B ^ -> Y v   | sky130_fd_sc_hd__nand2_1  | 0.119 |   4.293 |    4.167 | 
     | rsp_rdata_q_reg[17]   | D v          | sky130_fd_sc_hd__dfxtp_1  | 0.000 |   4.293 |    4.167 | 
     +-----------------------------------------------------------------------------------------------+ 
Path 9: VIOLATED Setup Check with Pin rsp_rdata_q_reg[26]/CLK 
Endpoint:   rsp_rdata_q_reg[26]/D   (^) checked with  leading edge of 'clk'
Beginpoint: service_addr_q_reg[2]/Q (^) triggered by  leading edge of 'clk'
Path Groups: {clk}
Analysis View: VIEW_TYP
Other End Arrival Time          0.347
- Setup                         0.047
+ Phase Shift                   4.000
- Uncertainty                   0.100
= Required Time                 4.200
- Arrival Time                  4.313
= Slack Time                   -0.113
     Clock Rise Edge                 0.000
     + Clock Network Latency (Prop)  0.039
     = Beginpoint Arrival Time       0.039
     +--------------------------------------------------------------------------------------------------+ 
     |         Instance         |     Arc      |           Cell            | Delay | Arrival | Required | 
     |                          |              |                           |       |  Time   |   Time   | 
     |--------------------------+--------------+---------------------------+-------+---------+----------| 
     | service_addr_q_reg[2]    | CLK ^        |                           |       |   0.039 |   -0.074 | 
     | service_addr_q_reg[2]    | CLK ^ -> Q ^ | sky130_fd_sc_hd__dfxtp_4  | 0.456 |   0.495 |    0.382 | 
     | g189593                  | A ^ -> X ^   | sky130_fd_sc_hd__and2_4   | 0.695 |   1.191 |    1.078 | 
     | FE_OFC220_n_15           | A ^ -> Y v   | sky130_fd_sc_hd__clkinv_2 | 0.346 |   1.536 |    1.423 | 
     | FE_OFC221_n_15           | A v -> Y ^   | sky130_fd_sc_hd__inv_8    | 0.421 |   1.957 |    1.844 | 
     | FE_OFC93_n_15            | A ^ -> X ^   | sky130_fd_sc_hd__buf_12   | 0.457 |   2.414 |    2.301 | 
     | FE_PSBC260_FE_OFN76_n_15 | A ^ -> X ^   | sky130_fd_sc_hd__clkbuf_1 | 0.474 |   2.888 |    2.775 | 
     | g189215                  | B1 ^ -> X ^  | sky130_fd_sc_hd__a22o_1   | 0.229 |   3.117 |    3.004 | 
     | g188301                  | C1 ^ -> Y v  | sky130_fd_sc_hd__a221oi_1 | 0.064 |   3.181 |    3.068 | 
     | g188042                  | B2 v -> Y ^  | sky130_fd_sc_hd__o22ai_1  | 0.517 |   3.698 |    3.585 | 
     | g185870__6417            | C1 ^ -> Y v  | sky130_fd_sc_hd__a221oi_1 | 0.206 |   3.904 |    3.791 | 
     | g183635__5122            | A v -> Y ^   | sky130_fd_sc_hd__nand4_1  | 0.203 |   4.107 |    3.994 | 
     | g183228__7482            | C1 ^ -> Y v  | sky130_fd_sc_hd__a222oi_1 | 0.090 |   4.198 |    4.085 | 
     | g183099__8246            | A v -> Y ^   | sky130_fd_sc_hd__nand2_1  | 0.116 |   4.313 |    4.200 | 
     | rsp_rdata_q_reg[26]      | D ^          | sky130_fd_sc_hd__dfxtp_1  | 0.000 |   4.313 |    4.200 | 
     +--------------------------------------------------------------------------------------------------+ 
Path 10: VIOLATED Setup Check with Pin rsp_rdata_q_reg[22]/CLK 
Endpoint:   rsp_rdata_q_reg[22]/D   (^) checked with  leading edge of 'clk'
Beginpoint: service_addr_q_reg[2]/Q (^) triggered by  leading edge of 'clk'
Path Groups: {clk}
Analysis View: VIEW_TYP
Other End Arrival Time          0.348
- Setup                         0.045
+ Phase Shift                   4.000
- Uncertainty                   0.100
= Required Time                 4.204
- Arrival Time                  4.296
= Slack Time                   -0.092
     Clock Rise Edge                 0.000
     + Clock Network Latency (Prop)  0.039
     = Beginpoint Arrival Time       0.039
     +--------------------------------------------------------------------------------------------------+ 
     |         Instance         |     Arc      |           Cell            | Delay | Arrival | Required | 
     |                          |              |                           |       |  Time   |   Time   | 
     |--------------------------+--------------+---------------------------+-------+---------+----------| 
     | service_addr_q_reg[2]    | CLK ^        |                           |       |   0.039 |   -0.053 | 
     | service_addr_q_reg[2]    | CLK ^ -> Q ^ | sky130_fd_sc_hd__dfxtp_4  | 0.456 |   0.495 |    0.403 | 
     | g189593                  | A ^ -> X ^   | sky130_fd_sc_hd__and2_4   | 0.695 |   1.191 |    1.099 | 
     | FE_OFC220_n_15           | A ^ -> Y v   | sky130_fd_sc_hd__clkinv_2 | 0.346 |   1.536 |    1.444 | 
     | FE_OFC221_n_15           | A v -> Y ^   | sky130_fd_sc_hd__inv_8    | 0.421 |   1.957 |    1.865 | 
     | FE_OFC93_n_15            | A ^ -> X ^   | sky130_fd_sc_hd__buf_12   | 0.457 |   2.414 |    2.322 | 
     | FE_PSBC260_FE_OFN76_n_15 | A ^ -> X ^   | sky130_fd_sc_hd__clkbuf_1 | 0.474 |   2.888 |    2.796 | 
     | g189214                  | B1 ^ -> X ^  | sky130_fd_sc_hd__a22o_1   | 0.234 |   3.122 |    3.030 | 
     | g188516                  | C1 ^ -> Y v  | sky130_fd_sc_hd__a221oi_1 | 0.065 |   3.187 |    3.095 | 
     | g188033                  | B2 v -> Y ^  | sky130_fd_sc_hd__o22ai_1  | 0.504 |   3.690 |    3.599 | 
     | g185854__1705            | C1 ^ -> Y v  | sky130_fd_sc_hd__a221oi_1 | 0.210 |   3.901 |    3.809 | 
     | g183619__2346            | A v -> Y ^   | sky130_fd_sc_hd__nand4_1  | 0.193 |   4.094 |    4.002 | 
     | g183225__6131            | C1 ^ -> Y v  | sky130_fd_sc_hd__a222oi_1 | 0.086 |   4.180 |    4.088 | 
     | g183095__1617            | A v -> Y ^   | sky130_fd_sc_hd__nand2_1  | 0.116 |   4.296 |    4.204 | 
     | rsp_rdata_q_reg[22]      | D ^          | sky130_fd_sc_hd__dfxtp_1  | 0.000 |   4.296 |    4.204 | 
     +--------------------------------------------------------------------------------------------------+ 

