============================================================
  Generated by:           Genus(TM) Synthesis Solution 23.13-s073_1
  Generated on:           Sep 10 2026  11:46:50 am
  Module:                 ddr4_controller_top
  Operating conditions:   tt_025C_1v80 (balanced_tree)
  Wireload mode:          top
  Area mode:              timing library
============================================================


Path 1: MET (252 ps) Setup Check with Pin u_tFAW_tracker_act_count_reg[1]/CLK->D
          Group: clk
     Startpoint: (R) u_tFAW_tracker_act_window_reg[16]/CLK
          Clock: (R) clk
       Endpoint: (R) u_tFAW_tracker_act_count_reg[1]/D
          Clock: (R) clk

                     Capture       Launch     
        Clock Edge:+    5000            0     
       Src Latency:+       0            0     
       Net Latency:+       0 (I)        0 (I) 
           Arrival:=    5000            0     
                                              
             Setup:-      67                  
       Uncertainty:-     100                  
     Required Time:=    4833                  
      Launch Clock:-       0                  
         Data Path:-    4581                  
             Slack:=     252                  

#---------------------------------------------------------------------------------------------------------------------------------
#             Timing Point              Flags     Arc     Edge           Cell            Fanout Load Trans Delay Arrival Instance 
#                                                                                               (fF)  (ps)  (ps)   (ps)  Location 
#---------------------------------------------------------------------------------------------------------------------------------
  u_tFAW_tracker_act_window_reg[16]/CLK -       -         R     (arrival)                  2360    -     0     0       0    (-,-) 
  u_tFAW_tracker_act_window_reg[16]/Q   -       CLK->Q    F     sky130_fd_sc_hd__dfrtp_1      2  9.0    68   371     371    (-,-) 
  WALLACE_CSA_DUMMY_OP_groupi_g944/COUT -       A->COUT   F     sky130_fd_sc_hd__fa_1         1  3.2    73   427     798    (-,-) 
  WALLACE_CSA_DUMMY_OP_groupi_g939/SUM  -       A->SUM    F     sky130_fd_sc_hd__ha_1         1  4.8    63   314    1112    (-,-) 
  WALLACE_CSA_DUMMY_OP_groupi_g934/SUM  -       CIN->SUM  F     sky130_fd_sc_hd__fa_1         1  6.9   100   472    1584    (-,-) 
  WALLACE_CSA_DUMMY_OP_groupi_g928/SUM  -       A->SUM    F     sky130_fd_sc_hd__fa_1         1  6.9   100   528    2111    (-,-) 
  WALLACE_CSA_DUMMY_OP_groupi_g922/SUM  -       A->SUM    R     sky130_fd_sc_hd__fa_1         1  4.9    73   572    2683    (-,-) 
  WALLACE_CSA_DUMMY_OP_groupi_g919/SUM  -       CIN->SUM  F     sky130_fd_sc_hd__fa_1         2  5.0    89   431    3114    (-,-) 
  WALLACE_CSA_DUMMY_OP_groupi_g917/Y    -       B->Y      R     sky130_fd_sc_hd__nor2_1       2  5.4   123   133    3247    (-,-) 
  WALLACE_CSA_DUMMY_OP_groupi_g911/Y    -       A1->Y     F     sky130_fd_sc_hd__o21ai_1      2  7.2    78   114    3361    (-,-) 
  WALLACE_CSA_DUMMY_OP_groupi_g909/Y    -       A->Y      R     sky130_fd_sc_hd__inv_1        1  2.9    41    65    3426    (-,-) 
  WALLACE_CSA_DUMMY_OP_groupi_g907/Y    -       A2->Y     F     sky130_fd_sc_hd__o21ai_1      1  4.8    60    66    3493    (-,-) 
  WALLACE_CSA_DUMMY_OP_groupi_g906/COUT -       CIN->COUT F     sky130_fd_sc_hd__fa_1         1  3.1    72   369    3861    (-,-) 
  WALLACE_CSA_DUMMY_OP_groupi_g905/SUM  -       B->SUM    F     sky130_fd_sc_hd__ha_1         1  2.5    51   278    4139    (-,-) 
  g189103/Y                             -       D->Y      R     sky130_fd_sc_hd__nor4_1       3  6.1   341   260    4399    (-,-) 
  g188243/X                             -       A->X      R     sky130_fd_sc_hd__and2_1       1  2.3    48   178    4577    (-,-) 
  u_tFAW_tracker_act_count_reg[1]/D     -       -         R     sky130_fd_sc_hd__dfrtp_1      1    -     -     4    4581    (-,-) 
#---------------------------------------------------------------------------------------------------------------------------------



Path 2: MET (252 ps) Setup Check with Pin u_tFAW_tracker_act_count_reg[0]/CLK->D
          Group: clk
     Startpoint: (R) u_tFAW_tracker_act_window_reg[16]/CLK
          Clock: (R) clk
       Endpoint: (R) u_tFAW_tracker_act_count_reg[0]/D
          Clock: (R) clk

                     Capture       Launch     
        Clock Edge:+    5000            0     
       Src Latency:+       0            0     
       Net Latency:+       0 (I)        0 (I) 
           Arrival:=    5000            0     
                                              
             Setup:-      67                  
       Uncertainty:-     100                  
     Required Time:=    4833                  
      Launch Clock:-       0                  
         Data Path:-    4581                  
             Slack:=     252                  

#---------------------------------------------------------------------------------------------------------------------------------
#             Timing Point              Flags     Arc     Edge           Cell            Fanout Load Trans Delay Arrival Instance 
#                                                                                               (fF)  (ps)  (ps)   (ps)  Location 
#---------------------------------------------------------------------------------------------------------------------------------
  u_tFAW_tracker_act_window_reg[16]/CLK -       -         R     (arrival)                  2360    -     0     0       0    (-,-) 
  u_tFAW_tracker_act_window_reg[16]/Q   -       CLK->Q    F     sky130_fd_sc_hd__dfrtp_1      2  9.0    68   371     371    (-,-) 
  WALLACE_CSA_DUMMY_OP_groupi_g944/COUT -       A->COUT   F     sky130_fd_sc_hd__fa_1         1  3.2    73   427     798    (-,-) 
  WALLACE_CSA_DUMMY_OP_groupi_g939/SUM  -       A->SUM    F     sky130_fd_sc_hd__ha_1         1  4.8    63   314    1112    (-,-) 
  WALLACE_CSA_DUMMY_OP_groupi_g934/SUM  -       CIN->SUM  F     sky130_fd_sc_hd__fa_1         1  6.9   100   472    1584    (-,-) 
  WALLACE_CSA_DUMMY_OP_groupi_g928/SUM  -       A->SUM    F     sky130_fd_sc_hd__fa_1         1  6.9   100   528    2111    (-,-) 
  WALLACE_CSA_DUMMY_OP_groupi_g922/SUM  -       A->SUM    R     sky130_fd_sc_hd__fa_1         1  4.9    73   572    2683    (-,-) 
  WALLACE_CSA_DUMMY_OP_groupi_g919/SUM  -       CIN->SUM  F     sky130_fd_sc_hd__fa_1         2  5.0    89   431    3114    (-,-) 
  WALLACE_CSA_DUMMY_OP_groupi_g917/Y    -       B->Y      R     sky130_fd_sc_hd__nor2_1       2  5.4   123   133    3247    (-,-) 
  WALLACE_CSA_DUMMY_OP_groupi_g911/Y    -       A1->Y     F     sky130_fd_sc_hd__o21ai_1      2  7.2    78   114    3361    (-,-) 
  WALLACE_CSA_DUMMY_OP_groupi_g909/Y    -       A->Y      R     sky130_fd_sc_hd__inv_1        1  2.9    41    65    3426    (-,-) 
  WALLACE_CSA_DUMMY_OP_groupi_g907/Y    -       A2->Y     F     sky130_fd_sc_hd__o21ai_1      1  4.8    60    66    3493    (-,-) 
  WALLACE_CSA_DUMMY_OP_groupi_g906/COUT -       CIN->COUT F     sky130_fd_sc_hd__fa_1         1  3.1    72   369    3861    (-,-) 
  WALLACE_CSA_DUMMY_OP_groupi_g905/SUM  -       B->SUM    F     sky130_fd_sc_hd__ha_1         1  2.5    51   278    4139    (-,-) 
  g189103/Y                             -       D->Y      R     sky130_fd_sc_hd__nor4_1       3  6.1   341   260    4399    (-,-) 
  g188240/X                             -       A->X      R     sky130_fd_sc_hd__and2_1       1  2.3    48   178    4577    (-,-) 
  u_tFAW_tracker_act_count_reg[0]/D     -       -         R     sky130_fd_sc_hd__dfrtp_1      1    -     -     4    4581    (-,-) 
#---------------------------------------------------------------------------------------------------------------------------------



Path 3: MET (287 ps) Setup Check with Pin u_request_queue_req_valid_reg_reg[1]/CLK->D
          Group: clk
     Startpoint: (R) u_request_queue_req_mem_reg[0][row][1]/CLK
          Clock: (R) clk
       Endpoint: (R) u_request_queue_req_valid_reg_reg[1]/D
          Clock: (R) clk

                     Capture       Launch     
        Clock Edge:+    5000            0     
       Src Latency:+       0            0     
       Net Latency:+       0 (I)        0 (I) 
           Arrival:=    5000            0     
                                              
             Setup:-      66                  
       Uncertainty:-     100                  
     Required Time:=    4834                  
      Launch Clock:-       0                  
         Data Path:-    4547                  
             Slack:=     287                  

#---------------------------------------------------------------------------------------------------------------------------------------
#               Timing Point                 Flags    Arc    Edge            Cell             Fanout  Load Trans Delay Arrival Instance 
#                                                                                                     (fF)  (ps)  (ps)   (ps)  Location 
#---------------------------------------------------------------------------------------------------------------------------------------
  u_request_queue_req_mem_reg[0][row][1]/CLK -       -       R     (arrival)                    2360     -     0     0       0    (-,-) 
  u_request_queue_req_mem_reg[0][row][1]/Q   -       CLK->Q  R     sky130_fd_sc_hd__dfxtp_1        9  26.1   251   434     434    (-,-) 
  g100779__5477/Y                            -       A1_N->Y R     sky130_fd_sc_hd__o2bb2ai_1      1   2.8   108   150     584    (-,-) 
  g100729__3680/Y                            -       A->Y    F     sky130_fd_sc_hd__nor2_1         1   2.6    36    62     646    (-,-) 
  g100711__4733/Y                            -       A->Y    R     sky130_fd_sc_hd__nand2_1        1   2.7    44    54     700    (-,-) 
  g100681__1666/Y                            -       D->Y    F     sky130_fd_sc_hd__nand4_1        1   1.8    55    84     784    (-,-) 
  g100679__2883/X                            -       A->X    F     sky130_fd_sc_hd__and3_1         2   5.0    48   157     941    (-,-) 
  g189725/Y                                  -       B1->Y   R     sky130_fd_sc_hd__a41oi_1        2   5.3   204   197    1138    (-,-) 
  g100657__5526/Y                            -       A->Y    F     sky130_fd_sc_hd__nand2_1        8  21.6   169   198    1336    (-,-) 
  g100646__7410/Y                            -       A2->Y   R     sky130_fd_sc_hd__o221ai_1       1   2.7   160   217    1553    (-,-) 
  g100641__9945/Y                            -       A->Y    F     sky130_fd_sc_hd__nand3_1        5  11.6   141   161    1714    (-,-) 
  g100616__8428/Y                            -       A2->Y   R     sky130_fd_sc_hd__o221ai_1       3   8.2   269   285    1998    (-,-) 
  g100608__6417/X                            -       B1->X   R     sky130_fd_sc_hd__a22o_1         1   2.8    50   173    2172    (-,-) 
  g100603__2883/Y                            -       B->Y    F     sky130_fd_sc_hd__nor2_1         2   5.0    48    50    2222    (-,-) 
  g100598__6161/X                            -       A1->X   F     sky130_fd_sc_hd__a22o_1         1   2.5    40   203    2425    (-,-) 
  g100594__7482/Y                            -       B->Y    R     sky130_fd_sc_hd__nor2_1         2   7.6   158   144    2568    (-,-) 
  g100593/Y                                  -       A->Y    F     sky130_fd_sc_hd__inv_2          3   7.5    44    63    2631    (-,-) 
  g100589__6131/Y                            -       A1->Y   R     sky130_fd_sc_hd__a21oi_1        2   6.2   172   169    2800    (-,-) 
  g100588/Y                                  -       A->Y    F     sky130_fd_sc_hd__clkinv_1       3   6.6    79   118    2918    (-,-) 
  g188528/Y                                  -       B->Y    R     sky130_fd_sc_hd__nor3b_1        2   5.3   231   240    3158    (-,-) 
  g188148/Y                                  -       A1->Y   F     sky130_fd_sc_hd__a21oi_1        5  11.5   122   162    3320    (-,-) 
  g188062/Y                                  -       A->Y    R     sky130_fd_sc_hd__clkinv_1       4   9.1    67   104    3424    (-,-) 
  g183659__3680/X                            -       A1->X   R     sky130_fd_sc_hd__o21a_1        40 105.2   975   784    4208    (-,-) 
  g183490__1881/Y                            -       C1->Y   F     sky130_fd_sc_hd__o311ai_1       1   2.6   193   215    4423    (-,-) 
  g189647/Y                                  -       B->Y    R     sky130_fd_sc_hd__nand2b_1       1   2.0    67   121    4544    (-,-) 
  u_request_queue_req_valid_reg_reg[1]/D     -       -       R     sky130_fd_sc_hd__dfxtp_1        1     -     -     4    4547    (-,-) 
#---------------------------------------------------------------------------------------------------------------------------------------



Path 4: MET (294 ps) Setup Check with Pin u_tFAW_tracker_act_count_reg[2]/CLK->D
          Group: clk
     Startpoint: (R) u_tFAW_tracker_act_window_reg[16]/CLK
          Clock: (R) clk
       Endpoint: (F) u_tFAW_tracker_act_count_reg[2]/D
          Clock: (R) clk

                     Capture       Launch     
        Clock Edge:+    5000            0     
       Src Latency:+       0            0     
       Net Latency:+       0 (I)        0 (I) 
           Arrival:=    5000            0     
                                              
             Setup:-     133                  
       Uncertainty:-     100                  
     Required Time:=    4767                  
      Launch Clock:-       0                  
         Data Path:-    4473                  
             Slack:=     294                  

#---------------------------------------------------------------------------------------------------------------------------------
#             Timing Point              Flags     Arc     Edge           Cell            Fanout Load Trans Delay Arrival Instance 
#                                                                                               (fF)  (ps)  (ps)   (ps)  Location 
#---------------------------------------------------------------------------------------------------------------------------------
  u_tFAW_tracker_act_window_reg[16]/CLK -       -         R     (arrival)                  2360    -     0     0       0    (-,-) 
  u_tFAW_tracker_act_window_reg[16]/Q   -       CLK->Q    F     sky130_fd_sc_hd__dfrtp_1      2  9.0    68   371     371    (-,-) 
  WALLACE_CSA_DUMMY_OP_groupi_g944/COUT -       A->COUT   F     sky130_fd_sc_hd__fa_1         1  3.2    73   427     798    (-,-) 
  WALLACE_CSA_DUMMY_OP_groupi_g939/SUM  -       A->SUM    F     sky130_fd_sc_hd__ha_1         1  4.8    63   314    1112    (-,-) 
  WALLACE_CSA_DUMMY_OP_groupi_g934/SUM  -       CIN->SUM  F     sky130_fd_sc_hd__fa_1         1  6.9   100   472    1584    (-,-) 
  WALLACE_CSA_DUMMY_OP_groupi_g928/SUM  -       A->SUM    F     sky130_fd_sc_hd__fa_1         1  6.9   100   528    2111    (-,-) 
  WALLACE_CSA_DUMMY_OP_groupi_g922/SUM  -       A->SUM    R     sky130_fd_sc_hd__fa_1         1  4.9    73   572    2683    (-,-) 
  WALLACE_CSA_DUMMY_OP_groupi_g919/SUM  -       CIN->SUM  F     sky130_fd_sc_hd__fa_1         2  5.0    89   431    3114    (-,-) 
  WALLACE_CSA_DUMMY_OP_groupi_g917/Y    -       B->Y      R     sky130_fd_sc_hd__nor2_1       2  5.4   123   133    3247    (-,-) 
  WALLACE_CSA_DUMMY_OP_groupi_g911/Y    -       A1->Y     F     sky130_fd_sc_hd__o21ai_1      2  7.2    78   114    3361    (-,-) 
  WALLACE_CSA_DUMMY_OP_groupi_g909/Y    -       A->Y      R     sky130_fd_sc_hd__inv_1        1  2.9    41    65    3426    (-,-) 
  WALLACE_CSA_DUMMY_OP_groupi_g907/Y    -       A2->Y     F     sky130_fd_sc_hd__o21ai_1      1  4.8    60    66    3493    (-,-) 
  WALLACE_CSA_DUMMY_OP_groupi_g906/COUT -       CIN->COUT F     sky130_fd_sc_hd__fa_1         1  3.1    72   369    3861    (-,-) 
  WALLACE_CSA_DUMMY_OP_groupi_g905/SUM  -       B->SUM    F     sky130_fd_sc_hd__ha_1         1  2.5    51   278    4139    (-,-) 
  g189103/Y                             -       D->Y      R     sky130_fd_sc_hd__nor4_1       3  6.1   341   260    4399    (-,-) 
  g188969/Y                             -       A->Y      F     sky130_fd_sc_hd__inv_1        1  2.2    64    70    4469    (-,-) 
  u_tFAW_tracker_act_count_reg[2]/D     -       -         F     sky130_fd_sc_hd__dfrtp_1      1    -     -     4    4473    (-,-) 
#---------------------------------------------------------------------------------------------------------------------------------



Path 5: MET (326 ps) Setup Check with Pin service_wdata_q_reg[19]/CLK->D
          Group: clk
     Startpoint: (R) u_request_queue_req_mem_reg[0][row][1]/CLK
          Clock: (R) clk
       Endpoint: (F) service_wdata_q_reg[19]/D
          Clock: (R) clk

                     Capture       Launch     
        Clock Edge:+    5000            0     
       Src Latency:+       0            0     
       Net Latency:+       0 (I)        0 (I) 
           Arrival:=    5000            0     
                                              
             Setup:-     126                  
       Uncertainty:-     100                  
     Required Time:=    4774                  
      Launch Clock:-       0                  
         Data Path:-    4448                  
             Slack:=     326                  

#--------------------------------------------------------------------------------------------------------------------------------------
#               Timing Point                 Flags    Arc    Edge            Cell             Fanout Load Trans Delay Arrival Instance 
#                                                                                                    (fF)  (ps)  (ps)   (ps)  Location 
#--------------------------------------------------------------------------------------------------------------------------------------
  u_request_queue_req_mem_reg[0][row][1]/CLK -       -       R     (arrival)                    2360    -     0     0       0    (-,-) 
  u_request_queue_req_mem_reg[0][row][1]/Q   -       CLK->Q  R     sky130_fd_sc_hd__dfxtp_1        9 26.1   251   434     434    (-,-) 
  g100779__5477/Y                            -       A1_N->Y R     sky130_fd_sc_hd__o2bb2ai_1      1  2.8   108   150     584    (-,-) 
  g100729__3680/Y                            -       A->Y    F     sky130_fd_sc_hd__nor2_1         1  2.6    36    62     646    (-,-) 
  g100711__4733/Y                            -       A->Y    R     sky130_fd_sc_hd__nand2_1        1  2.7    44    54     700    (-,-) 
  g100681__1666/Y                            -       D->Y    F     sky130_fd_sc_hd__nand4_1        1  1.8    55    84     784    (-,-) 
  g100679__2883/X                            -       A->X    F     sky130_fd_sc_hd__and3_1         2  5.0    48   157     941    (-,-) 
  g189725/Y                                  -       B1->Y   R     sky130_fd_sc_hd__a41oi_1        2  5.3   204   197    1138    (-,-) 
  g100657__5526/Y                            -       A->Y    F     sky130_fd_sc_hd__nand2_1        8 21.6   169   198    1336    (-,-) 
  g100646__7410/Y                            -       A2->Y   R     sky130_fd_sc_hd__o221ai_1       1  2.7   160   217    1553    (-,-) 
  g100641__9945/Y                            -       A->Y    F     sky130_fd_sc_hd__nand3_1        5 11.6   141   161    1714    (-,-) 
  g100616__8428/Y                            -       A2->Y   R     sky130_fd_sc_hd__o221ai_1       3  8.2   269   285    1998    (-,-) 
  g100608__6417/X                            -       B1->X   R     sky130_fd_sc_hd__a22o_1         1  2.8    50   173    2172    (-,-) 
  g100603__2883/Y                            -       B->Y    F     sky130_fd_sc_hd__nor2_1         2  5.0    48    50    2222    (-,-) 
  g100598__6161/X                            -       A1->X   F     sky130_fd_sc_hd__a22o_1         1  2.5    40   203    2425    (-,-) 
  g100594__7482/Y                            -       B->Y    R     sky130_fd_sc_hd__nor2_1         2  7.6   158   144    2568    (-,-) 
  g100593/Y                                  -       A->Y    F     sky130_fd_sc_hd__inv_2          3  7.5    44    63    2631    (-,-) 
  g100589__6131/Y                            -       A1->Y   R     sky130_fd_sc_hd__a21oi_1        2  6.2   172   169    2800    (-,-) 
  g100588/Y                                  -       A->Y    F     sky130_fd_sc_hd__clkinv_1       3  6.6    79   118    2918    (-,-) 
  g100586__8246/X                            -       B->X    F     sky130_fd_sc_hd__or2_1          8 18.4   117   294    3212    (-,-) 
  g189572/X                                  -       A->X    F     sky130_fd_sc_hd__and2_0        41 92.2   683   658    3870    (-,-) 
  g185914__6131/Y                            -       B1->Y   R     sky130_fd_sc_hd__a222oi_1       1  2.7   271   490    4360    (-,-) 
  g184735__1617/Y                            -       B->Y    F     sky130_fd_sc_hd__nand2_1        1  2.0    56    84    4444    (-,-) 
  service_wdata_q_reg[19]/D                  -       -       F     sky130_fd_sc_hd__dfxtp_1        1    -     -     4    4448    (-,-) 
#--------------------------------------------------------------------------------------------------------------------------------------



Path 6: MET (326 ps) Setup Check with Pin service_wdata_q_reg[17]/CLK->D
          Group: clk
     Startpoint: (R) u_request_queue_req_mem_reg[0][row][1]/CLK
          Clock: (R) clk
       Endpoint: (F) service_wdata_q_reg[17]/D
          Clock: (R) clk

                     Capture       Launch     
        Clock Edge:+    5000            0     
       Src Latency:+       0            0     
       Net Latency:+       0 (I)        0 (I) 
           Arrival:=    5000            0     
                                              
             Setup:-     126                  
       Uncertainty:-     100                  
     Required Time:=    4774                  
      Launch Clock:-       0                  
         Data Path:-    4448                  
             Slack:=     326                  

#--------------------------------------------------------------------------------------------------------------------------------------
#               Timing Point                 Flags    Arc    Edge            Cell             Fanout Load Trans Delay Arrival Instance 
#                                                                                                    (fF)  (ps)  (ps)   (ps)  Location 
#--------------------------------------------------------------------------------------------------------------------------------------
  u_request_queue_req_mem_reg[0][row][1]/CLK -       -       R     (arrival)                    2360    -     0     0       0    (-,-) 
  u_request_queue_req_mem_reg[0][row][1]/Q   -       CLK->Q  R     sky130_fd_sc_hd__dfxtp_1        9 26.1   251   434     434    (-,-) 
  g100779__5477/Y                            -       A1_N->Y R     sky130_fd_sc_hd__o2bb2ai_1      1  2.8   108   150     584    (-,-) 
  g100729__3680/Y                            -       A->Y    F     sky130_fd_sc_hd__nor2_1         1  2.6    36    62     646    (-,-) 
  g100711__4733/Y                            -       A->Y    R     sky130_fd_sc_hd__nand2_1        1  2.7    44    54     700    (-,-) 
  g100681__1666/Y                            -       D->Y    F     sky130_fd_sc_hd__nand4_1        1  1.8    55    84     784    (-,-) 
  g100679__2883/X                            -       A->X    F     sky130_fd_sc_hd__and3_1         2  5.0    48   157     941    (-,-) 
  g189725/Y                                  -       B1->Y   R     sky130_fd_sc_hd__a41oi_1        2  5.3   204   197    1138    (-,-) 
  g100657__5526/Y                            -       A->Y    F     sky130_fd_sc_hd__nand2_1        8 21.6   169   198    1336    (-,-) 
  g100646__7410/Y                            -       A2->Y   R     sky130_fd_sc_hd__o221ai_1       1  2.7   160   217    1553    (-,-) 
  g100641__9945/Y                            -       A->Y    F     sky130_fd_sc_hd__nand3_1        5 11.6   141   161    1714    (-,-) 
  g100616__8428/Y                            -       A2->Y   R     sky130_fd_sc_hd__o221ai_1       3  8.2   269   285    1998    (-,-) 
  g100608__6417/X                            -       B1->X   R     sky130_fd_sc_hd__a22o_1         1  2.8    50   173    2172    (-,-) 
  g100603__2883/Y                            -       B->Y    F     sky130_fd_sc_hd__nor2_1         2  5.0    48    50    2222    (-,-) 
  g100598__6161/X                            -       A1->X   F     sky130_fd_sc_hd__a22o_1         1  2.5    40   203    2425    (-,-) 
  g100594__7482/Y                            -       B->Y    R     sky130_fd_sc_hd__nor2_1         2  7.6   158   144    2568    (-,-) 
  g100593/Y                                  -       A->Y    F     sky130_fd_sc_hd__inv_2          3  7.5    44    63    2631    (-,-) 
  g100589__6131/Y                            -       A1->Y   R     sky130_fd_sc_hd__a21oi_1        2  6.2   172   169    2800    (-,-) 
  g100588/Y                                  -       A->Y    F     sky130_fd_sc_hd__clkinv_1       3  6.6    79   118    2918    (-,-) 
  g100586__8246/X                            -       B->X    F     sky130_fd_sc_hd__or2_1          8 18.4   117   294    3212    (-,-) 
  g189572/X                                  -       A->X    F     sky130_fd_sc_hd__and2_0        41 92.2   683   658    3870    (-,-) 
  g185912__8246/Y                            -       B1->Y   R     sky130_fd_sc_hd__a222oi_1       1  2.7   271   490    4360    (-,-) 
  g184733__6783/Y                            -       B->Y    F     sky130_fd_sc_hd__nand2_1        1  2.0    56    84    4444    (-,-) 
  service_wdata_q_reg[17]/D                  -       -       F     sky130_fd_sc_hd__dfxtp_1        1    -     -     4    4448    (-,-) 
#--------------------------------------------------------------------------------------------------------------------------------------



Path 7: MET (326 ps) Setup Check with Pin service_wdata_q_reg[30]/CLK->D
          Group: clk
     Startpoint: (R) u_request_queue_req_mem_reg[0][row][1]/CLK
          Clock: (R) clk
       Endpoint: (F) service_wdata_q_reg[30]/D
          Clock: (R) clk

                     Capture       Launch     
        Clock Edge:+    5000            0     
       Src Latency:+       0            0     
       Net Latency:+       0 (I)        0 (I) 
           Arrival:=    5000            0     
                                              
             Setup:-     131                  
       Uncertainty:-     100                  
     Required Time:=    4769                  
      Launch Clock:-       0                  
         Data Path:-    4443                  
             Slack:=     326                  

#--------------------------------------------------------------------------------------------------------------------------------------
#               Timing Point                 Flags    Arc    Edge            Cell             Fanout Load Trans Delay Arrival Instance 
#                                                                                                    (fF)  (ps)  (ps)   (ps)  Location 
#--------------------------------------------------------------------------------------------------------------------------------------
  u_request_queue_req_mem_reg[0][row][1]/CLK -       -       R     (arrival)                    2360    -     0     0       0    (-,-) 
  u_request_queue_req_mem_reg[0][row][1]/Q   -       CLK->Q  R     sky130_fd_sc_hd__dfxtp_1        9 26.1   251   434     434    (-,-) 
  g100779__5477/Y                            -       A1_N->Y R     sky130_fd_sc_hd__o2bb2ai_1      1  2.8   108   150     584    (-,-) 
  g100729__3680/Y                            -       A->Y    F     sky130_fd_sc_hd__nor2_1         1  2.6    36    62     646    (-,-) 
  g100711__4733/Y                            -       A->Y    R     sky130_fd_sc_hd__nand2_1        1  2.7    44    54     700    (-,-) 
  g100681__1666/Y                            -       D->Y    F     sky130_fd_sc_hd__nand4_1        1  1.8    55    84     784    (-,-) 
  g100679__2883/X                            -       A->X    F     sky130_fd_sc_hd__and3_1         2  5.0    48   157     941    (-,-) 
  g189725/Y                                  -       B1->Y   R     sky130_fd_sc_hd__a41oi_1        2  5.3   204   197    1138    (-,-) 
  g100657__5526/Y                            -       A->Y    F     sky130_fd_sc_hd__nand2_1        8 21.6   169   198    1336    (-,-) 
  g100646__7410/Y                            -       A2->Y   R     sky130_fd_sc_hd__o221ai_1       1  2.7   160   217    1553    (-,-) 
  g100641__9945/Y                            -       A->Y    F     sky130_fd_sc_hd__nand3_1        5 11.6   141   161    1714    (-,-) 
  g100616__8428/Y                            -       A2->Y   R     sky130_fd_sc_hd__o221ai_1       3  8.2   269   285    1998    (-,-) 
  g100608__6417/X                            -       B1->X   R     sky130_fd_sc_hd__a22o_1         1  2.8    50   173    2172    (-,-) 
  g100603__2883/Y                            -       B->Y    F     sky130_fd_sc_hd__nor2_1         2  5.0    48    50    2222    (-,-) 
  g100598__6161/X                            -       A1->X   F     sky130_fd_sc_hd__a22o_1         1  2.5    40   203    2425    (-,-) 
  g100594__7482/Y                            -       B->Y    R     sky130_fd_sc_hd__nor2_1         2  7.6   158   144    2568    (-,-) 
  g100593/Y                                  -       A->Y    F     sky130_fd_sc_hd__inv_2          3  7.5    44    63    2631    (-,-) 
  g100589__6131/Y                            -       A1->Y   R     sky130_fd_sc_hd__a21oi_1        2  6.2   172   169    2800    (-,-) 
  g100588/Y                                  -       A->Y    F     sky130_fd_sc_hd__clkinv_1       3  6.6    79   118    2918    (-,-) 
  g100586__8246/X                            -       B->X    F     sky130_fd_sc_hd__or2_1          8 18.4   117   294    3212    (-,-) 
  g189572/X                                  -       A->X    F     sky130_fd_sc_hd__and2_0        41 92.2   683   658    3870    (-,-) 
  g185925__7410/Y                            -       B1->Y   R     sky130_fd_sc_hd__a222oi_1       1  2.7   284   490    4360    (-,-) 
  g184711__8246/Y                            -       A->Y    F     sky130_fd_sc_hd__nand2_1        1  2.0    67    79    4440    (-,-) 
  service_wdata_q_reg[30]/D                  -       -       F     sky130_fd_sc_hd__dfxtp_1        1    -     -     4    4443    (-,-) 
#--------------------------------------------------------------------------------------------------------------------------------------



Path 8: MET (326 ps) Setup Check with Pin service_wdata_q_reg[2]/CLK->D
          Group: clk
     Startpoint: (R) u_request_queue_req_mem_reg[0][row][1]/CLK
          Clock: (R) clk
       Endpoint: (F) service_wdata_q_reg[2]/D
          Clock: (R) clk

                     Capture       Launch     
        Clock Edge:+    5000            0     
       Src Latency:+       0            0     
       Net Latency:+       0 (I)        0 (I) 
           Arrival:=    5000            0     
                                              
             Setup:-     131                  
       Uncertainty:-     100                  
     Required Time:=    4769                  
      Launch Clock:-       0                  
         Data Path:-    4443                  
             Slack:=     326                  

#--------------------------------------------------------------------------------------------------------------------------------------
#               Timing Point                 Flags    Arc    Edge            Cell             Fanout Load Trans Delay Arrival Instance 
#                                                                                                    (fF)  (ps)  (ps)   (ps)  Location 
#--------------------------------------------------------------------------------------------------------------------------------------
  u_request_queue_req_mem_reg[0][row][1]/CLK -       -       R     (arrival)                    2360    -     0     0       0    (-,-) 
  u_request_queue_req_mem_reg[0][row][1]/Q   -       CLK->Q  R     sky130_fd_sc_hd__dfxtp_1        9 26.1   251   434     434    (-,-) 
  g100779__5477/Y                            -       A1_N->Y R     sky130_fd_sc_hd__o2bb2ai_1      1  2.8   108   150     584    (-,-) 
  g100729__3680/Y                            -       A->Y    F     sky130_fd_sc_hd__nor2_1         1  2.6    36    62     646    (-,-) 
  g100711__4733/Y                            -       A->Y    R     sky130_fd_sc_hd__nand2_1        1  2.7    44    54     700    (-,-) 
  g100681__1666/Y                            -       D->Y    F     sky130_fd_sc_hd__nand4_1        1  1.8    55    84     784    (-,-) 
  g100679__2883/X                            -       A->X    F     sky130_fd_sc_hd__and3_1         2  5.0    48   157     941    (-,-) 
  g189725/Y                                  -       B1->Y   R     sky130_fd_sc_hd__a41oi_1        2  5.3   204   197    1138    (-,-) 
  g100657__5526/Y                            -       A->Y    F     sky130_fd_sc_hd__nand2_1        8 21.6   169   198    1336    (-,-) 
  g100646__7410/Y                            -       A2->Y   R     sky130_fd_sc_hd__o221ai_1       1  2.7   160   217    1553    (-,-) 
  g100641__9945/Y                            -       A->Y    F     sky130_fd_sc_hd__nand3_1        5 11.6   141   161    1714    (-,-) 
  g100616__8428/Y                            -       A2->Y   R     sky130_fd_sc_hd__o221ai_1       3  8.2   269   285    1998    (-,-) 
  g100608__6417/X                            -       B1->X   R     sky130_fd_sc_hd__a22o_1         1  2.8    50   173    2172    (-,-) 
  g100603__2883/Y                            -       B->Y    F     sky130_fd_sc_hd__nor2_1         2  5.0    48    50    2222    (-,-) 
  g100598__6161/X                            -       A1->X   F     sky130_fd_sc_hd__a22o_1         1  2.5    40   203    2425    (-,-) 
  g100594__7482/Y                            -       B->Y    R     sky130_fd_sc_hd__nor2_1         2  7.6   158   144    2568    (-,-) 
  g100593/Y                                  -       A->Y    F     sky130_fd_sc_hd__inv_2          3  7.5    44    63    2631    (-,-) 
  g100589__6131/Y                            -       A1->Y   R     sky130_fd_sc_hd__a21oi_1        2  6.2   172   169    2800    (-,-) 
  g100588/Y                                  -       A->Y    F     sky130_fd_sc_hd__clkinv_1       3  6.6    79   118    2918    (-,-) 
  g100586__8246/X                            -       B->X    F     sky130_fd_sc_hd__or2_1          8 18.4   117   294    3212    (-,-) 
  g189572/X                                  -       A->X    F     sky130_fd_sc_hd__and2_0        41 92.2   683   658    3870    (-,-) 
  g185897__7410/Y                            -       B1->Y   R     sky130_fd_sc_hd__a222oi_1       1  2.7   284   490    4360    (-,-) 
  g184718__6161/Y                            -       A->Y    F     sky130_fd_sc_hd__nand2_1        1  2.0    67    79    4440    (-,-) 
  service_wdata_q_reg[2]/D                   -       -       F     sky130_fd_sc_hd__dfxtp_1        1    -     -     4    4443    (-,-) 
#--------------------------------------------------------------------------------------------------------------------------------------



Path 9: MET (329 ps) Setup Check with Pin service_wdata_q_reg[26]/CLK->D
          Group: clk
     Startpoint: (R) u_request_queue_req_mem_reg[0][row][1]/CLK
          Clock: (R) clk
       Endpoint: (F) service_wdata_q_reg[26]/D
          Clock: (R) clk

                     Capture       Launch     
        Clock Edge:+    5000            0     
       Src Latency:+       0            0     
       Net Latency:+       0 (I)        0 (I) 
           Arrival:=    5000            0     
                                              
             Setup:-     130                  
       Uncertainty:-     100                  
     Required Time:=    4770                  
      Launch Clock:-       0                  
         Data Path:-    4442                  
             Slack:=     329                  

#--------------------------------------------------------------------------------------------------------------------------------------
#               Timing Point                 Flags    Arc    Edge            Cell             Fanout Load Trans Delay Arrival Instance 
#                                                                                                    (fF)  (ps)  (ps)   (ps)  Location 
#--------------------------------------------------------------------------------------------------------------------------------------
  u_request_queue_req_mem_reg[0][row][1]/CLK -       -       R     (arrival)                    2360    -     0     0       0    (-,-) 
  u_request_queue_req_mem_reg[0][row][1]/Q   -       CLK->Q  R     sky130_fd_sc_hd__dfxtp_1        9 26.1   251   434     434    (-,-) 
  g100779__5477/Y                            -       A1_N->Y R     sky130_fd_sc_hd__o2bb2ai_1      1  2.8   108   150     584    (-,-) 
  g100729__3680/Y                            -       A->Y    F     sky130_fd_sc_hd__nor2_1         1  2.6    36    62     646    (-,-) 
  g100711__4733/Y                            -       A->Y    R     sky130_fd_sc_hd__nand2_1        1  2.7    44    54     700    (-,-) 
  g100681__1666/Y                            -       D->Y    F     sky130_fd_sc_hd__nand4_1        1  1.8    55    84     784    (-,-) 
  g100679__2883/X                            -       A->X    F     sky130_fd_sc_hd__and3_1         2  5.0    48   157     941    (-,-) 
  g189725/Y                                  -       B1->Y   R     sky130_fd_sc_hd__a41oi_1        2  5.3   204   197    1138    (-,-) 
  g100657__5526/Y                            -       A->Y    F     sky130_fd_sc_hd__nand2_1        8 21.6   169   198    1336    (-,-) 
  g100646__7410/Y                            -       A2->Y   R     sky130_fd_sc_hd__o221ai_1       1  2.7   160   217    1553    (-,-) 
  g100641__9945/Y                            -       A->Y    F     sky130_fd_sc_hd__nand3_1        5 11.6   141   161    1714    (-,-) 
  g100616__8428/Y                            -       A2->Y   R     sky130_fd_sc_hd__o221ai_1       3  8.2   269   285    1998    (-,-) 
  g100608__6417/X                            -       B1->X   R     sky130_fd_sc_hd__a22o_1         1  2.8    50   173    2172    (-,-) 
  g100603__2883/Y                            -       B->Y    F     sky130_fd_sc_hd__nor2_1         2  5.0    48    50    2222    (-,-) 
  g100598__6161/X                            -       A1->X   F     sky130_fd_sc_hd__a22o_1         1  2.5    40   203    2425    (-,-) 
  g100594__7482/Y                            -       B->Y    R     sky130_fd_sc_hd__nor2_1         2  7.6   158   144    2568    (-,-) 
  g100593/Y                                  -       A->Y    F     sky130_fd_sc_hd__inv_2          3  7.5    44    63    2631    (-,-) 
  g100589__6131/Y                            -       A1->Y   R     sky130_fd_sc_hd__a21oi_1        2  6.2   172   169    2800    (-,-) 
  g100588/Y                                  -       A->Y    F     sky130_fd_sc_hd__clkinv_1       3  6.6    79   118    2918    (-,-) 
  g100586__8246/X                            -       B->X    F     sky130_fd_sc_hd__or2_1          8 18.4   117   294    3212    (-,-) 
  g189572/X                                  -       A->X    F     sky130_fd_sc_hd__and2_0        41 92.2   683   658    3870    (-,-) 
  g185921__9945/Y                            -       B1->Y   R     sky130_fd_sc_hd__a222oi_1       1  2.7   270   490    4360    (-,-) 
  g184742__1881/Y                            -       A->Y    F     sky130_fd_sc_hd__nand2_1        1  2.0    65    78    4438    (-,-) 
  service_wdata_q_reg[26]/D                  -       -       F     sky130_fd_sc_hd__dfxtp_1        1    -     -     4    4442    (-,-) 
#--------------------------------------------------------------------------------------------------------------------------------------



Path 10: MET (329 ps) Setup Check with Pin service_wdata_q_reg[20]/CLK->D
          Group: clk
     Startpoint: (R) u_request_queue_req_mem_reg[0][row][1]/CLK
          Clock: (R) clk
       Endpoint: (F) service_wdata_q_reg[20]/D
          Clock: (R) clk

                     Capture       Launch     
        Clock Edge:+    5000            0     
       Src Latency:+       0            0     
       Net Latency:+       0 (I)        0 (I) 
           Arrival:=    5000            0     
                                              
             Setup:-     130                  
       Uncertainty:-     100                  
     Required Time:=    4770                  
      Launch Clock:-       0                  
         Data Path:-    4442                  
             Slack:=     329                  

#--------------------------------------------------------------------------------------------------------------------------------------
#               Timing Point                 Flags    Arc    Edge            Cell             Fanout Load Trans Delay Arrival Instance 
#                                                                                                    (fF)  (ps)  (ps)   (ps)  Location 
#--------------------------------------------------------------------------------------------------------------------------------------
  u_request_queue_req_mem_reg[0][row][1]/CLK -       -       R     (arrival)                    2360    -     0     0       0    (-,-) 
  u_request_queue_req_mem_reg[0][row][1]/Q   -       CLK->Q  R     sky130_fd_sc_hd__dfxtp_1        9 26.1   251   434     434    (-,-) 
  g100779__5477/Y                            -       A1_N->Y R     sky130_fd_sc_hd__o2bb2ai_1      1  2.8   108   150     584    (-,-) 
  g100729__3680/Y                            -       A->Y    F     sky130_fd_sc_hd__nor2_1         1  2.6    36    62     646    (-,-) 
  g100711__4733/Y                            -       A->Y    R     sky130_fd_sc_hd__nand2_1        1  2.7    44    54     700    (-,-) 
  g100681__1666/Y                            -       D->Y    F     sky130_fd_sc_hd__nand4_1        1  1.8    55    84     784    (-,-) 
  g100679__2883/X                            -       A->X    F     sky130_fd_sc_hd__and3_1         2  5.0    48   157     941    (-,-) 
  g189725/Y                                  -       B1->Y   R     sky130_fd_sc_hd__a41oi_1        2  5.3   204   197    1138    (-,-) 
  g100657__5526/Y                            -       A->Y    F     sky130_fd_sc_hd__nand2_1        8 21.6   169   198    1336    (-,-) 
  g100646__7410/Y                            -       A2->Y   R     sky130_fd_sc_hd__o221ai_1       1  2.7   160   217    1553    (-,-) 
  g100641__9945/Y                            -       A->Y    F     sky130_fd_sc_hd__nand3_1        5 11.6   141   161    1714    (-,-) 
  g100616__8428/Y                            -       A2->Y   R     sky130_fd_sc_hd__o221ai_1       3  8.2   269   285    1998    (-,-) 
  g100608__6417/X                            -       B1->X   R     sky130_fd_sc_hd__a22o_1         1  2.8    50   173    2172    (-,-) 
  g100603__2883/Y                            -       B->Y    F     sky130_fd_sc_hd__nor2_1         2  5.0    48    50    2222    (-,-) 
  g100598__6161/X                            -       A1->X   F     sky130_fd_sc_hd__a22o_1         1  2.5    40   203    2425    (-,-) 
  g100594__7482/Y                            -       B->Y    R     sky130_fd_sc_hd__nor2_1         2  7.6   158   144    2568    (-,-) 
  g100593/Y                                  -       A->Y    F     sky130_fd_sc_hd__inv_2          3  7.5    44    63    2631    (-,-) 
  g100589__6131/Y                            -       A1->Y   R     sky130_fd_sc_hd__a21oi_1        2  6.2   172   169    2800    (-,-) 
  g100588/Y                                  -       A->Y    F     sky130_fd_sc_hd__clkinv_1       3  6.6    79   118    2918    (-,-) 
  g100586__8246/X                            -       B->X    F     sky130_fd_sc_hd__or2_1          8 18.4   117   294    3212    (-,-) 
  g189572/X                                  -       A->X    F     sky130_fd_sc_hd__and2_0        41 92.2   683   658    3870    (-,-) 
  g185915__1881/Y                            -       B1->Y   R     sky130_fd_sc_hd__a222oi_1       1  2.7   270   490    4360    (-,-) 
  g184736__2802/Y                            -       A->Y    F     sky130_fd_sc_hd__nand2_1        1  2.0    65    78    4438    (-,-) 
  service_wdata_q_reg[20]/D                  -       -       F     sky130_fd_sc_hd__dfxtp_1        1    -     -     4    4442    (-,-) 
#--------------------------------------------------------------------------------------------------------------------------------------



Path 11: MET (345 ps) Setup Check with Pin u_request_queue_req_mem_reg[3][row][0]/CLK->D
          Group: clk
     Startpoint: (R) u_request_queue_req_mem_reg[0][row][1]/CLK
          Clock: (R) clk
       Endpoint: (R) u_request_queue_req_mem_reg[3][row][0]/D
          Clock: (R) clk

                     Capture       Launch     
        Clock Edge:+    5000            0     
       Src Latency:+       0            0     
       Net Latency:+       0 (I)        0 (I) 
           Arrival:=    5000            0     
                                              
             Setup:-      67                  
       Uncertainty:-     100                  
     Required Time:=    4833                  
      Launch Clock:-       0                  
         Data Path:-    4488                  
             Slack:=     345                  

#---------------------------------------------------------------------------------------------------------------------------------------
#               Timing Point                 Flags    Arc    Edge            Cell             Fanout  Load Trans Delay Arrival Instance 
#                                                                                                     (fF)  (ps)  (ps)   (ps)  Location 
#---------------------------------------------------------------------------------------------------------------------------------------
  u_request_queue_req_mem_reg[0][row][1]/CLK -       -       R     (arrival)                    2360     -     0     0       0    (-,-) 
  u_request_queue_req_mem_reg[0][row][1]/Q   -       CLK->Q  R     sky130_fd_sc_hd__dfxtp_1        9  26.1   251   434     434    (-,-) 
  g100779__5477/Y                            -       A1_N->Y R     sky130_fd_sc_hd__o2bb2ai_1      1   2.8   108   150     584    (-,-) 
  g100729__3680/Y                            -       A->Y    F     sky130_fd_sc_hd__nor2_1         1   2.6    36    62     646    (-,-) 
  g100711__4733/Y                            -       A->Y    R     sky130_fd_sc_hd__nand2_1        1   2.7    44    54     700    (-,-) 
  g100681__1666/Y                            -       D->Y    F     sky130_fd_sc_hd__nand4_1        1   1.8    55    84     784    (-,-) 
  g100679__2883/X                            -       A->X    F     sky130_fd_sc_hd__and3_1         2   5.0    48   157     941    (-,-) 
  g189725/Y                                  -       B1->Y   R     sky130_fd_sc_hd__a41oi_1        2   5.3   204   197    1138    (-,-) 
  g100657__5526/Y                            -       A->Y    F     sky130_fd_sc_hd__nand2_1        8  21.6   169   198    1336    (-,-) 
  g100646__7410/Y                            -       A2->Y   R     sky130_fd_sc_hd__o221ai_1       1   2.7   160   217    1553    (-,-) 
  g100641__9945/Y                            -       A->Y    F     sky130_fd_sc_hd__nand3_1        5  11.6   141   161    1714    (-,-) 
  g100616__8428/Y                            -       A2->Y   R     sky130_fd_sc_hd__o221ai_1       3   8.2   269   285    1998    (-,-) 
  g100608__6417/X                            -       B1->X   R     sky130_fd_sc_hd__a22o_1         1   2.8    50   173    2172    (-,-) 
  g100603__2883/Y                            -       B->Y    F     sky130_fd_sc_hd__nor2_1         2   5.0    48    50    2222    (-,-) 
  g100598__6161/X                            -       A1->X   F     sky130_fd_sc_hd__a22o_1         1   2.5    40   203    2425    (-,-) 
  g100594__7482/Y                            -       B->Y    R     sky130_fd_sc_hd__nor2_1         2   7.6   158   144    2568    (-,-) 
  g100593/Y                                  -       A->Y    F     sky130_fd_sc_hd__inv_2          3   7.5    44    63    2631    (-,-) 
  g100589__6131/Y                            -       A1->Y   R     sky130_fd_sc_hd__a21oi_1        2   6.2   172   169    2800    (-,-) 
  g100588/Y                                  -       A->Y    F     sky130_fd_sc_hd__clkinv_1       3   6.6    79   118    2918    (-,-) 
  g188528/Y                                  -       B->Y    R     sky130_fd_sc_hd__nor3b_1        2   5.3   231   240    3158    (-,-) 
  g188147/Y                                  -       A1->Y   F     sky130_fd_sc_hd__a22oi_1        3   9.5   123   172    3330    (-,-) 
  g186862/Y                                  -       B->Y    R     sky130_fd_sc_hd__nor2_1         2   3.5    95   123    3453    (-,-) 
  g185752__9315/X                            -       A->X    R     sky130_fd_sc_hd__and2_1        40 100.3   958   773    4226    (-,-) 
  g183334__5107/X                            -       A1->X   R     sky130_fd_sc_hd__a22o_1         1   2.0    60   259    4485    (-,-) 
  u_request_queue_req_mem_reg[3][row][0]/D   -       -       R     sky130_fd_sc_hd__dfxbp_1        1     -     -     4    4488    (-,-) 
#---------------------------------------------------------------------------------------------------------------------------------------



Path 12: MET (345 ps) Setup Check with Pin u_request_queue_req_mem_reg[3][row][1]/CLK->D
          Group: clk
     Startpoint: (R) u_request_queue_req_mem_reg[0][row][1]/CLK
          Clock: (R) clk
       Endpoint: (R) u_request_queue_req_mem_reg[3][row][1]/D
          Clock: (R) clk

                     Capture       Launch     
        Clock Edge:+    5000            0     
       Src Latency:+       0            0     
       Net Latency:+       0 (I)        0 (I) 
           Arrival:=    5000            0     
                                              
             Setup:-      67                  
       Uncertainty:-     100                  
     Required Time:=    4833                  
      Launch Clock:-       0                  
         Data Path:-    4488                  
             Slack:=     345                  

#---------------------------------------------------------------------------------------------------------------------------------------
#               Timing Point                 Flags    Arc    Edge            Cell             Fanout  Load Trans Delay Arrival Instance 
#                                                                                                     (fF)  (ps)  (ps)   (ps)  Location 
#---------------------------------------------------------------------------------------------------------------------------------------
  u_request_queue_req_mem_reg[0][row][1]/CLK -       -       R     (arrival)                    2360     -     0     0       0    (-,-) 
  u_request_queue_req_mem_reg[0][row][1]/Q   -       CLK->Q  R     sky130_fd_sc_hd__dfxtp_1        9  26.1   251   434     434    (-,-) 
  g100779__5477/Y                            -       A1_N->Y R     sky130_fd_sc_hd__o2bb2ai_1      1   2.8   108   150     584    (-,-) 
  g100729__3680/Y                            -       A->Y    F     sky130_fd_sc_hd__nor2_1         1   2.6    36    62     646    (-,-) 
  g100711__4733/Y                            -       A->Y    R     sky130_fd_sc_hd__nand2_1        1   2.7    44    54     700    (-,-) 
  g100681__1666/Y                            -       D->Y    F     sky130_fd_sc_hd__nand4_1        1   1.8    55    84     784    (-,-) 
  g100679__2883/X                            -       A->X    F     sky130_fd_sc_hd__and3_1         2   5.0    48   157     941    (-,-) 
  g189725/Y                                  -       B1->Y   R     sky130_fd_sc_hd__a41oi_1        2   5.3   204   197    1138    (-,-) 
  g100657__5526/Y                            -       A->Y    F     sky130_fd_sc_hd__nand2_1        8  21.6   169   198    1336    (-,-) 
  g100646__7410/Y                            -       A2->Y   R     sky130_fd_sc_hd__o221ai_1       1   2.7   160   217    1553    (-,-) 
  g100641__9945/Y                            -       A->Y    F     sky130_fd_sc_hd__nand3_1        5  11.6   141   161    1714    (-,-) 
  g100616__8428/Y                            -       A2->Y   R     sky130_fd_sc_hd__o221ai_1       3   8.2   269   285    1998    (-,-) 
  g100608__6417/X                            -       B1->X   R     sky130_fd_sc_hd__a22o_1         1   2.8    50   173    2172    (-,-) 
  g100603__2883/Y                            -       B->Y    F     sky130_fd_sc_hd__nor2_1         2   5.0    48    50    2222    (-,-) 
  g100598__6161/X                            -       A1->X   F     sky130_fd_sc_hd__a22o_1         1   2.5    40   203    2425    (-,-) 
  g100594__7482/Y                            -       B->Y    R     sky130_fd_sc_hd__nor2_1         2   7.6   158   144    2568    (-,-) 
  g100593/Y                                  -       A->Y    F     sky130_fd_sc_hd__inv_2          3   7.5    44    63    2631    (-,-) 
  g100589__6131/Y                            -       A1->Y   R     sky130_fd_sc_hd__a21oi_1        2   6.2   172   169    2800    (-,-) 
  g100588/Y                                  -       A->Y    F     sky130_fd_sc_hd__clkinv_1       3   6.6    79   118    2918    (-,-) 
  g188528/Y                                  -       B->Y    R     sky130_fd_sc_hd__nor3b_1        2   5.3   231   240    3158    (-,-) 
  g188147/Y                                  -       A1->Y   F     sky130_fd_sc_hd__a22oi_1        3   9.5   123   172    3330    (-,-) 
  g186862/Y                                  -       B->Y    R     sky130_fd_sc_hd__nor2_1         2   3.5    95   123    3453    (-,-) 
  g185752__9315/X                            -       A->X    R     sky130_fd_sc_hd__and2_1        40 100.3   958   773    4226    (-,-) 
  g183335__6260/X                            -       A1->X   R     sky130_fd_sc_hd__a22o_1         1   2.0    60   259    4485    (-,-) 
  u_request_queue_req_mem_reg[3][row][1]/D   -       -       R     sky130_fd_sc_hd__dfxbp_1        1     -     -     4    4488    (-,-) 
#---------------------------------------------------------------------------------------------------------------------------------------



Path 13: MET (345 ps) Setup Check with Pin u_request_queue_req_mem_reg[3][bank][1]/CLK->D
          Group: clk
     Startpoint: (R) u_request_queue_req_mem_reg[0][row][1]/CLK
          Clock: (R) clk
       Endpoint: (R) u_request_queue_req_mem_reg[3][bank][1]/D
          Clock: (R) clk

                     Capture       Launch     
        Clock Edge:+    5000            0     
       Src Latency:+       0            0     
       Net Latency:+       0 (I)        0 (I) 
           Arrival:=    5000            0     
                                              
             Setup:-      67                  
       Uncertainty:-     100                  
     Required Time:=    4833                  
      Launch Clock:-       0                  
         Data Path:-    4488                  
             Slack:=     345                  

#---------------------------------------------------------------------------------------------------------------------------------------
#               Timing Point                 Flags    Arc    Edge            Cell             Fanout  Load Trans Delay Arrival Instance 
#                                                                                                     (fF)  (ps)  (ps)   (ps)  Location 
#---------------------------------------------------------------------------------------------------------------------------------------
  u_request_queue_req_mem_reg[0][row][1]/CLK -       -       R     (arrival)                    2360     -     0     0       0    (-,-) 
  u_request_queue_req_mem_reg[0][row][1]/Q   -       CLK->Q  R     sky130_fd_sc_hd__dfxtp_1        9  26.1   251   434     434    (-,-) 
  g100779__5477/Y                            -       A1_N->Y R     sky130_fd_sc_hd__o2bb2ai_1      1   2.8   108   150     584    (-,-) 
  g100729__3680/Y                            -       A->Y    F     sky130_fd_sc_hd__nor2_1         1   2.6    36    62     646    (-,-) 
  g100711__4733/Y                            -       A->Y    R     sky130_fd_sc_hd__nand2_1        1   2.7    44    54     700    (-,-) 
  g100681__1666/Y                            -       D->Y    F     sky130_fd_sc_hd__nand4_1        1   1.8    55    84     784    (-,-) 
  g100679__2883/X                            -       A->X    F     sky130_fd_sc_hd__and3_1         2   5.0    48   157     941    (-,-) 
  g189725/Y                                  -       B1->Y   R     sky130_fd_sc_hd__a41oi_1        2   5.3   204   197    1138    (-,-) 
  g100657__5526/Y                            -       A->Y    F     sky130_fd_sc_hd__nand2_1        8  21.6   169   198    1336    (-,-) 
  g100646__7410/Y                            -       A2->Y   R     sky130_fd_sc_hd__o221ai_1       1   2.7   160   217    1553    (-,-) 
  g100641__9945/Y                            -       A->Y    F     sky130_fd_sc_hd__nand3_1        5  11.6   141   161    1714    (-,-) 
  g100616__8428/Y                            -       A2->Y   R     sky130_fd_sc_hd__o221ai_1       3   8.2   269   285    1998    (-,-) 
  g100608__6417/X                            -       B1->X   R     sky130_fd_sc_hd__a22o_1         1   2.8    50   173    2172    (-,-) 
  g100603__2883/Y                            -       B->Y    F     sky130_fd_sc_hd__nor2_1         2   5.0    48    50    2222    (-,-) 
  g100598__6161/X                            -       A1->X   F     sky130_fd_sc_hd__a22o_1         1   2.5    40   203    2425    (-,-) 
  g100594__7482/Y                            -       B->Y    R     sky130_fd_sc_hd__nor2_1         2   7.6   158   144    2568    (-,-) 
  g100593/Y                                  -       A->Y    F     sky130_fd_sc_hd__inv_2          3   7.5    44    63    2631    (-,-) 
  g100589__6131/Y                            -       A1->Y   R     sky130_fd_sc_hd__a21oi_1        2   6.2   172   169    2800    (-,-) 
  g100588/Y                                  -       A->Y    F     sky130_fd_sc_hd__clkinv_1       3   6.6    79   118    2918    (-,-) 
  g188528/Y                                  -       B->Y    R     sky130_fd_sc_hd__nor3b_1        2   5.3   231   240    3158    (-,-) 
  g188147/Y                                  -       A1->Y   F     sky130_fd_sc_hd__a22oi_1        3   9.5   123   172    3330    (-,-) 
  g186862/Y                                  -       B->Y    R     sky130_fd_sc_hd__nor2_1         2   3.5    95   123    3453    (-,-) 
  g185752__9315/X                            -       A->X    R     sky130_fd_sc_hd__and2_1        40 100.3   958   773    4226    (-,-) 
  g183332__5477/X                            -       A1->X   R     sky130_fd_sc_hd__a22o_1         1   2.0    60   259    4485    (-,-) 
  u_request_queue_req_mem_reg[3][bank][1]/D  -       -       R     sky130_fd_sc_hd__dfxbp_1        1     -     -     4    4488    (-,-) 
#---------------------------------------------------------------------------------------------------------------------------------------



Path 14: MET (345 ps) Setup Check with Pin u_request_queue_req_mem_reg[3][bank][0]/CLK->D
          Group: clk
     Startpoint: (R) u_request_queue_req_mem_reg[0][row][1]/CLK
          Clock: (R) clk
       Endpoint: (R) u_request_queue_req_mem_reg[3][bank][0]/D
          Clock: (R) clk

                     Capture       Launch     
        Clock Edge:+    5000            0     
       Src Latency:+       0            0     
       Net Latency:+       0 (I)        0 (I) 
           Arrival:=    5000            0     
                                              
             Setup:-      67                  
       Uncertainty:-     100                  
     Required Time:=    4833                  
      Launch Clock:-       0                  
         Data Path:-    4488                  
             Slack:=     345                  

#---------------------------------------------------------------------------------------------------------------------------------------
#               Timing Point                 Flags    Arc    Edge            Cell             Fanout  Load Trans Delay Arrival Instance 
#                                                                                                     (fF)  (ps)  (ps)   (ps)  Location 
#---------------------------------------------------------------------------------------------------------------------------------------
  u_request_queue_req_mem_reg[0][row][1]/CLK -       -       R     (arrival)                    2360     -     0     0       0    (-,-) 
  u_request_queue_req_mem_reg[0][row][1]/Q   -       CLK->Q  R     sky130_fd_sc_hd__dfxtp_1        9  26.1   251   434     434    (-,-) 
  g100779__5477/Y                            -       A1_N->Y R     sky130_fd_sc_hd__o2bb2ai_1      1   2.8   108   150     584    (-,-) 
  g100729__3680/Y                            -       A->Y    F     sky130_fd_sc_hd__nor2_1         1   2.6    36    62     646    (-,-) 
  g100711__4733/Y                            -       A->Y    R     sky130_fd_sc_hd__nand2_1        1   2.7    44    54     700    (-,-) 
  g100681__1666/Y                            -       D->Y    F     sky130_fd_sc_hd__nand4_1        1   1.8    55    84     784    (-,-) 
  g100679__2883/X                            -       A->X    F     sky130_fd_sc_hd__and3_1         2   5.0    48   157     941    (-,-) 
  g189725/Y                                  -       B1->Y   R     sky130_fd_sc_hd__a41oi_1        2   5.3   204   197    1138    (-,-) 
  g100657__5526/Y                            -       A->Y    F     sky130_fd_sc_hd__nand2_1        8  21.6   169   198    1336    (-,-) 
  g100646__7410/Y                            -       A2->Y   R     sky130_fd_sc_hd__o221ai_1       1   2.7   160   217    1553    (-,-) 
  g100641__9945/Y                            -       A->Y    F     sky130_fd_sc_hd__nand3_1        5  11.6   141   161    1714    (-,-) 
  g100616__8428/Y                            -       A2->Y   R     sky130_fd_sc_hd__o221ai_1       3   8.2   269   285    1998    (-,-) 
  g100608__6417/X                            -       B1->X   R     sky130_fd_sc_hd__a22o_1         1   2.8    50   173    2172    (-,-) 
  g100603__2883/Y                            -       B->Y    F     sky130_fd_sc_hd__nor2_1         2   5.0    48    50    2222    (-,-) 
  g100598__6161/X                            -       A1->X   F     sky130_fd_sc_hd__a22o_1         1   2.5    40   203    2425    (-,-) 
  g100594__7482/Y                            -       B->Y    R     sky130_fd_sc_hd__nor2_1         2   7.6   158   144    2568    (-,-) 
  g100593/Y                                  -       A->Y    F     sky130_fd_sc_hd__inv_2          3   7.5    44    63    2631    (-,-) 
  g100589__6131/Y                            -       A1->Y   R     sky130_fd_sc_hd__a21oi_1        2   6.2   172   169    2800    (-,-) 
  g100588/Y                                  -       A->Y    F     sky130_fd_sc_hd__clkinv_1       3   6.6    79   118    2918    (-,-) 
  g188528/Y                                  -       B->Y    R     sky130_fd_sc_hd__nor3b_1        2   5.3   231   240    3158    (-,-) 
  g188147/Y                                  -       A1->Y   F     sky130_fd_sc_hd__a22oi_1        3   9.5   123   172    3330    (-,-) 
  g186862/Y                                  -       B->Y    R     sky130_fd_sc_hd__nor2_1         2   3.5    95   123    3453    (-,-) 
  g185752__9315/X                            -       A->X    R     sky130_fd_sc_hd__and2_1        40 100.3   958   773    4226    (-,-) 
  g183487__6131/X                            -       A1->X   R     sky130_fd_sc_hd__a22o_1         1   2.0    60   259    4485    (-,-) 
  u_request_queue_req_mem_reg[3][bank][0]/D  -       -       R     sky130_fd_sc_hd__dfxbp_1        1     -     -     4    4488    (-,-) 
#---------------------------------------------------------------------------------------------------------------------------------------



Path 15: MET (348 ps) Setup Check with Pin u_request_queue_req_mem_reg[3][wdata][31]/CLK->D
          Group: clk
     Startpoint: (R) u_request_queue_req_mem_reg[0][row][1]/CLK
          Clock: (R) clk
       Endpoint: (R) u_request_queue_req_mem_reg[3][wdata][31]/D
          Clock: (R) clk

                     Capture       Launch     
        Clock Edge:+    5000            0     
       Src Latency:+       0            0     
       Net Latency:+       0 (I)        0 (I) 
           Arrival:=    5000            0     
                                              
             Setup:-      64                  
       Uncertainty:-     100                  
     Required Time:=    4836                  
      Launch Clock:-       0                  
         Data Path:-    4488                  
             Slack:=     348                  

#----------------------------------------------------------------------------------------------------------------------------------------
#                Timing Point                 Flags    Arc    Edge            Cell             Fanout  Load Trans Delay Arrival Instance 
#                                                                                                      (fF)  (ps)  (ps)   (ps)  Location 
#----------------------------------------------------------------------------------------------------------------------------------------
  u_request_queue_req_mem_reg[0][row][1]/CLK  -       -       R     (arrival)                    2360     -     0     0       0    (-,-) 
  u_request_queue_req_mem_reg[0][row][1]/Q    -       CLK->Q  R     sky130_fd_sc_hd__dfxtp_1        9  26.1   251   434     434    (-,-) 
  g100779__5477/Y                             -       A1_N->Y R     sky130_fd_sc_hd__o2bb2ai_1      1   2.8   108   150     584    (-,-) 
  g100729__3680/Y                             -       A->Y    F     sky130_fd_sc_hd__nor2_1         1   2.6    36    62     646    (-,-) 
  g100711__4733/Y                             -       A->Y    R     sky130_fd_sc_hd__nand2_1        1   2.7    44    54     700    (-,-) 
  g100681__1666/Y                             -       D->Y    F     sky130_fd_sc_hd__nand4_1        1   1.8    55    84     784    (-,-) 
  g100679__2883/X                             -       A->X    F     sky130_fd_sc_hd__and3_1         2   5.0    48   157     941    (-,-) 
  g189725/Y                                   -       B1->Y   R     sky130_fd_sc_hd__a41oi_1        2   5.3   204   197    1138    (-,-) 
  g100657__5526/Y                             -       A->Y    F     sky130_fd_sc_hd__nand2_1        8  21.6   169   198    1336    (-,-) 
  g100646__7410/Y                             -       A2->Y   R     sky130_fd_sc_hd__o221ai_1       1   2.7   160   217    1553    (-,-) 
  g100641__9945/Y                             -       A->Y    F     sky130_fd_sc_hd__nand3_1        5  11.6   141   161    1714    (-,-) 
  g100616__8428/Y                             -       A2->Y   R     sky130_fd_sc_hd__o221ai_1       3   8.2   269   285    1998    (-,-) 
  g100608__6417/X                             -       B1->X   R     sky130_fd_sc_hd__a22o_1         1   2.8    50   173    2172    (-,-) 
  g100603__2883/Y                             -       B->Y    F     sky130_fd_sc_hd__nor2_1         2   5.0    48    50    2222    (-,-) 
  g100598__6161/X                             -       A1->X   F     sky130_fd_sc_hd__a22o_1         1   2.5    40   203    2425    (-,-) 
  g100594__7482/Y                             -       B->Y    R     sky130_fd_sc_hd__nor2_1         2   7.6   158   144    2568    (-,-) 
  g100593/Y                                   -       A->Y    F     sky130_fd_sc_hd__inv_2          3   7.5    44    63    2631    (-,-) 
  g100589__6131/Y                             -       A1->Y   R     sky130_fd_sc_hd__a21oi_1        2   6.2   172   169    2800    (-,-) 
  g100588/Y                                   -       A->Y    F     sky130_fd_sc_hd__clkinv_1       3   6.6    79   118    2918    (-,-) 
  g188528/Y                                   -       B->Y    R     sky130_fd_sc_hd__nor3b_1        2   5.3   231   240    3158    (-,-) 
  g188147/Y                                   -       A1->Y   F     sky130_fd_sc_hd__a22oi_1        3   9.5   123   172    3330    (-,-) 
  g186862/Y                                   -       B->Y    R     sky130_fd_sc_hd__nor2_1         2   3.5    95   123    3453    (-,-) 
  g185752__9315/X                             -       A->X    R     sky130_fd_sc_hd__and2_1        40 100.3   958   773    4226    (-,-) 
  g183369__1617/X                             -       A1->X   R     sky130_fd_sc_hd__a22o_1         1   2.0    60   259    4485    (-,-) 
  u_request_queue_req_mem_reg[3][wdata][31]/D -       -       R     sky130_fd_sc_hd__dfxtp_1        1     -     -     4    4488    (-,-) 
#----------------------------------------------------------------------------------------------------------------------------------------



Path 16: MET (348 ps) Setup Check with Pin u_request_queue_req_mem_reg[3][wdata][30]/CLK->D
          Group: clk
     Startpoint: (R) u_request_queue_req_mem_reg[0][row][1]/CLK
          Clock: (R) clk
       Endpoint: (R) u_request_queue_req_mem_reg[3][wdata][30]/D
          Clock: (R) clk

                     Capture       Launch     
        Clock Edge:+    5000            0     
       Src Latency:+       0            0     
       Net Latency:+       0 (I)        0 (I) 
           Arrival:=    5000            0     
                                              
             Setup:-      64                  
       Uncertainty:-     100                  
     Required Time:=    4836                  
      Launch Clock:-       0                  
         Data Path:-    4488                  
             Slack:=     348                  

#----------------------------------------------------------------------------------------------------------------------------------------
#                Timing Point                 Flags    Arc    Edge            Cell             Fanout  Load Trans Delay Arrival Instance 
#                                                                                                      (fF)  (ps)  (ps)   (ps)  Location 
#----------------------------------------------------------------------------------------------------------------------------------------
  u_request_queue_req_mem_reg[0][row][1]/CLK  -       -       R     (arrival)                    2360     -     0     0       0    (-,-) 
  u_request_queue_req_mem_reg[0][row][1]/Q    -       CLK->Q  R     sky130_fd_sc_hd__dfxtp_1        9  26.1   251   434     434    (-,-) 
  g100779__5477/Y                             -       A1_N->Y R     sky130_fd_sc_hd__o2bb2ai_1      1   2.8   108   150     584    (-,-) 
  g100729__3680/Y                             -       A->Y    F     sky130_fd_sc_hd__nor2_1         1   2.6    36    62     646    (-,-) 
  g100711__4733/Y                             -       A->Y    R     sky130_fd_sc_hd__nand2_1        1   2.7    44    54     700    (-,-) 
  g100681__1666/Y                             -       D->Y    F     sky130_fd_sc_hd__nand4_1        1   1.8    55    84     784    (-,-) 
  g100679__2883/X                             -       A->X    F     sky130_fd_sc_hd__and3_1         2   5.0    48   157     941    (-,-) 
  g189725/Y                                   -       B1->Y   R     sky130_fd_sc_hd__a41oi_1        2   5.3   204   197    1138    (-,-) 
  g100657__5526/Y                             -       A->Y    F     sky130_fd_sc_hd__nand2_1        8  21.6   169   198    1336    (-,-) 
  g100646__7410/Y                             -       A2->Y   R     sky130_fd_sc_hd__o221ai_1       1   2.7   160   217    1553    (-,-) 
  g100641__9945/Y                             -       A->Y    F     sky130_fd_sc_hd__nand3_1        5  11.6   141   161    1714    (-,-) 
  g100616__8428/Y                             -       A2->Y   R     sky130_fd_sc_hd__o221ai_1       3   8.2   269   285    1998    (-,-) 
  g100608__6417/X                             -       B1->X   R     sky130_fd_sc_hd__a22o_1         1   2.8    50   173    2172    (-,-) 
  g100603__2883/Y                             -       B->Y    F     sky130_fd_sc_hd__nor2_1         2   5.0    48    50    2222    (-,-) 
  g100598__6161/X                             -       A1->X   F     sky130_fd_sc_hd__a22o_1         1   2.5    40   203    2425    (-,-) 
  g100594__7482/Y                             -       B->Y    R     sky130_fd_sc_hd__nor2_1         2   7.6   158   144    2568    (-,-) 
  g100593/Y                                   -       A->Y    F     sky130_fd_sc_hd__inv_2          3   7.5    44    63    2631    (-,-) 
  g100589__6131/Y                             -       A1->Y   R     sky130_fd_sc_hd__a21oi_1        2   6.2   172   169    2800    (-,-) 
  g100588/Y                                   -       A->Y    F     sky130_fd_sc_hd__clkinv_1       3   6.6    79   118    2918    (-,-) 
  g188528/Y                                   -       B->Y    R     sky130_fd_sc_hd__nor3b_1        2   5.3   231   240    3158    (-,-) 
  g188147/Y                                   -       A1->Y   F     sky130_fd_sc_hd__a22oi_1        3   9.5   123   172    3330    (-,-) 
  g186862/Y                                   -       B->Y    R     sky130_fd_sc_hd__nor2_1         2   3.5    95   123    3453    (-,-) 
  g185752__9315/X                             -       A->X    R     sky130_fd_sc_hd__and2_1        40 100.3   958   773    4226    (-,-) 
  g183368__3680/X                             -       A1->X   R     sky130_fd_sc_hd__a22o_1         1   2.0    60   259    4485    (-,-) 
  u_request_queue_req_mem_reg[3][wdata][30]/D -       -       R     sky130_fd_sc_hd__dfxtp_1        1     -     -     4    4488    (-,-) 
#----------------------------------------------------------------------------------------------------------------------------------------



Path 17: MET (348 ps) Setup Check with Pin u_request_queue_req_mem_reg[3][wdata][29]/CLK->D
          Group: clk
     Startpoint: (R) u_request_queue_req_mem_reg[0][row][1]/CLK
          Clock: (R) clk
       Endpoint: (R) u_request_queue_req_mem_reg[3][wdata][29]/D
          Clock: (R) clk

                     Capture       Launch     
        Clock Edge:+    5000            0     
       Src Latency:+       0            0     
       Net Latency:+       0 (I)        0 (I) 
           Arrival:=    5000            0     
                                              
             Setup:-      64                  
       Uncertainty:-     100                  
     Required Time:=    4836                  
      Launch Clock:-       0                  
         Data Path:-    4488                  
             Slack:=     348                  

#----------------------------------------------------------------------------------------------------------------------------------------
#                Timing Point                 Flags    Arc    Edge            Cell             Fanout  Load Trans Delay Arrival Instance 
#                                                                                                      (fF)  (ps)  (ps)   (ps)  Location 
#----------------------------------------------------------------------------------------------------------------------------------------
  u_request_queue_req_mem_reg[0][row][1]/CLK  -       -       R     (arrival)                    2360     -     0     0       0    (-,-) 
  u_request_queue_req_mem_reg[0][row][1]/Q    -       CLK->Q  R     sky130_fd_sc_hd__dfxtp_1        9  26.1   251   434     434    (-,-) 
  g100779__5477/Y                             -       A1_N->Y R     sky130_fd_sc_hd__o2bb2ai_1      1   2.8   108   150     584    (-,-) 
  g100729__3680/Y                             -       A->Y    F     sky130_fd_sc_hd__nor2_1         1   2.6    36    62     646    (-,-) 
  g100711__4733/Y                             -       A->Y    R     sky130_fd_sc_hd__nand2_1        1   2.7    44    54     700    (-,-) 
  g100681__1666/Y                             -       D->Y    F     sky130_fd_sc_hd__nand4_1        1   1.8    55    84     784    (-,-) 
  g100679__2883/X                             -       A->X    F     sky130_fd_sc_hd__and3_1         2   5.0    48   157     941    (-,-) 
  g189725/Y                                   -       B1->Y   R     sky130_fd_sc_hd__a41oi_1        2   5.3   204   197    1138    (-,-) 
  g100657__5526/Y                             -       A->Y    F     sky130_fd_sc_hd__nand2_1        8  21.6   169   198    1336    (-,-) 
  g100646__7410/Y                             -       A2->Y   R     sky130_fd_sc_hd__o221ai_1       1   2.7   160   217    1553    (-,-) 
  g100641__9945/Y                             -       A->Y    F     sky130_fd_sc_hd__nand3_1        5  11.6   141   161    1714    (-,-) 
  g100616__8428/Y                             -       A2->Y   R     sky130_fd_sc_hd__o221ai_1       3   8.2   269   285    1998    (-,-) 
  g100608__6417/X                             -       B1->X   R     sky130_fd_sc_hd__a22o_1         1   2.8    50   173    2172    (-,-) 
  g100603__2883/Y                             -       B->Y    F     sky130_fd_sc_hd__nor2_1         2   5.0    48    50    2222    (-,-) 
  g100598__6161/X                             -       A1->X   F     sky130_fd_sc_hd__a22o_1         1   2.5    40   203    2425    (-,-) 
  g100594__7482/Y                             -       B->Y    R     sky130_fd_sc_hd__nor2_1         2   7.6   158   144    2568    (-,-) 
  g100593/Y                                   -       A->Y    F     sky130_fd_sc_hd__inv_2          3   7.5    44    63    2631    (-,-) 
  g100589__6131/Y                             -       A1->Y   R     sky130_fd_sc_hd__a21oi_1        2   6.2   172   169    2800    (-,-) 
  g100588/Y                                   -       A->Y    F     sky130_fd_sc_hd__clkinv_1       3   6.6    79   118    2918    (-,-) 
  g188528/Y                                   -       B->Y    R     sky130_fd_sc_hd__nor3b_1        2   5.3   231   240    3158    (-,-) 
  g188147/Y                                   -       A1->Y   F     sky130_fd_sc_hd__a22oi_1        3   9.5   123   172    3330    (-,-) 
  g186862/Y                                   -       B->Y    R     sky130_fd_sc_hd__nor2_1         2   3.5    95   123    3453    (-,-) 
  g185752__9315/X                             -       A->X    R     sky130_fd_sc_hd__and2_1        40 100.3   958   773    4226    (-,-) 
  g183367__6783/X                             -       A1->X   R     sky130_fd_sc_hd__a22o_1         1   2.0    60   259    4485    (-,-) 
  u_request_queue_req_mem_reg[3][wdata][29]/D -       -       R     sky130_fd_sc_hd__dfxtp_1        1     -     -     4    4488    (-,-) 
#----------------------------------------------------------------------------------------------------------------------------------------



Path 18: MET (348 ps) Setup Check with Pin u_request_queue_req_mem_reg[3][wdata][28]/CLK->D
          Group: clk
     Startpoint: (R) u_request_queue_req_mem_reg[0][row][1]/CLK
          Clock: (R) clk
       Endpoint: (R) u_request_queue_req_mem_reg[3][wdata][28]/D
          Clock: (R) clk

                     Capture       Launch     
        Clock Edge:+    5000            0     
       Src Latency:+       0            0     
       Net Latency:+       0 (I)        0 (I) 
           Arrival:=    5000            0     
                                              
             Setup:-      64                  
       Uncertainty:-     100                  
     Required Time:=    4836                  
      Launch Clock:-       0                  
         Data Path:-    4488                  
             Slack:=     348                  

#----------------------------------------------------------------------------------------------------------------------------------------
#                Timing Point                 Flags    Arc    Edge            Cell             Fanout  Load Trans Delay Arrival Instance 
#                                                                                                      (fF)  (ps)  (ps)   (ps)  Location 
#----------------------------------------------------------------------------------------------------------------------------------------
  u_request_queue_req_mem_reg[0][row][1]/CLK  -       -       R     (arrival)                    2360     -     0     0       0    (-,-) 
  u_request_queue_req_mem_reg[0][row][1]/Q    -       CLK->Q  R     sky130_fd_sc_hd__dfxtp_1        9  26.1   251   434     434    (-,-) 
  g100779__5477/Y                             -       A1_N->Y R     sky130_fd_sc_hd__o2bb2ai_1      1   2.8   108   150     584    (-,-) 
  g100729__3680/Y                             -       A->Y    F     sky130_fd_sc_hd__nor2_1         1   2.6    36    62     646    (-,-) 
  g100711__4733/Y                             -       A->Y    R     sky130_fd_sc_hd__nand2_1        1   2.7    44    54     700    (-,-) 
  g100681__1666/Y                             -       D->Y    F     sky130_fd_sc_hd__nand4_1        1   1.8    55    84     784    (-,-) 
  g100679__2883/X                             -       A->X    F     sky130_fd_sc_hd__and3_1         2   5.0    48   157     941    (-,-) 
  g189725/Y                                   -       B1->Y   R     sky130_fd_sc_hd__a41oi_1        2   5.3   204   197    1138    (-,-) 
  g100657__5526/Y                             -       A->Y    F     sky130_fd_sc_hd__nand2_1        8  21.6   169   198    1336    (-,-) 
  g100646__7410/Y                             -       A2->Y   R     sky130_fd_sc_hd__o221ai_1       1   2.7   160   217    1553    (-,-) 
  g100641__9945/Y                             -       A->Y    F     sky130_fd_sc_hd__nand3_1        5  11.6   141   161    1714    (-,-) 
  g100616__8428/Y                             -       A2->Y   R     sky130_fd_sc_hd__o221ai_1       3   8.2   269   285    1998    (-,-) 
  g100608__6417/X                             -       B1->X   R     sky130_fd_sc_hd__a22o_1         1   2.8    50   173    2172    (-,-) 
  g100603__2883/Y                             -       B->Y    F     sky130_fd_sc_hd__nor2_1         2   5.0    48    50    2222    (-,-) 
  g100598__6161/X                             -       A1->X   F     sky130_fd_sc_hd__a22o_1         1   2.5    40   203    2425    (-,-) 
  g100594__7482/Y                             -       B->Y    R     sky130_fd_sc_hd__nor2_1         2   7.6   158   144    2568    (-,-) 
  g100593/Y                                   -       A->Y    F     sky130_fd_sc_hd__inv_2          3   7.5    44    63    2631    (-,-) 
  g100589__6131/Y                             -       A1->Y   R     sky130_fd_sc_hd__a21oi_1        2   6.2   172   169    2800    (-,-) 
  g100588/Y                                   -       A->Y    F     sky130_fd_sc_hd__clkinv_1       3   6.6    79   118    2918    (-,-) 
  g188528/Y                                   -       B->Y    R     sky130_fd_sc_hd__nor3b_1        2   5.3   231   240    3158    (-,-) 
  g188147/Y                                   -       A1->Y   F     sky130_fd_sc_hd__a22oi_1        3   9.5   123   172    3330    (-,-) 
  g186862/Y                                   -       B->Y    R     sky130_fd_sc_hd__nor2_1         2   3.5    95   123    3453    (-,-) 
  g185752__9315/X                             -       A->X    R     sky130_fd_sc_hd__and2_1        40 100.3   958   773    4226    (-,-) 
  g183365__8428/X                             -       A1->X   R     sky130_fd_sc_hd__a22o_1         1   2.0    60   259    4485    (-,-) 
  u_request_queue_req_mem_reg[3][wdata][28]/D -       -       R     sky130_fd_sc_hd__dfxtp_1        1     -     -     4    4488    (-,-) 
#----------------------------------------------------------------------------------------------------------------------------------------



Path 19: MET (348 ps) Setup Check with Pin u_request_queue_req_mem_reg[3][wdata][27]/CLK->D
          Group: clk
     Startpoint: (R) u_request_queue_req_mem_reg[0][row][1]/CLK
          Clock: (R) clk
       Endpoint: (R) u_request_queue_req_mem_reg[3][wdata][27]/D
          Clock: (R) clk

                     Capture       Launch     
        Clock Edge:+    5000            0     
       Src Latency:+       0            0     
       Net Latency:+       0 (I)        0 (I) 
           Arrival:=    5000            0     
                                              
             Setup:-      64                  
       Uncertainty:-     100                  
     Required Time:=    4836                  
      Launch Clock:-       0                  
         Data Path:-    4488                  
             Slack:=     348                  

#----------------------------------------------------------------------------------------------------------------------------------------
#                Timing Point                 Flags    Arc    Edge            Cell             Fanout  Load Trans Delay Arrival Instance 
#                                                                                                      (fF)  (ps)  (ps)   (ps)  Location 
#----------------------------------------------------------------------------------------------------------------------------------------
  u_request_queue_req_mem_reg[0][row][1]/CLK  -       -       R     (arrival)                    2360     -     0     0       0    (-,-) 
  u_request_queue_req_mem_reg[0][row][1]/Q    -       CLK->Q  R     sky130_fd_sc_hd__dfxtp_1        9  26.1   251   434     434    (-,-) 
  g100779__5477/Y                             -       A1_N->Y R     sky130_fd_sc_hd__o2bb2ai_1      1   2.8   108   150     584    (-,-) 
  g100729__3680/Y                             -       A->Y    F     sky130_fd_sc_hd__nor2_1         1   2.6    36    62     646    (-,-) 
  g100711__4733/Y                             -       A->Y    R     sky130_fd_sc_hd__nand2_1        1   2.7    44    54     700    (-,-) 
  g100681__1666/Y                             -       D->Y    F     sky130_fd_sc_hd__nand4_1        1   1.8    55    84     784    (-,-) 
  g100679__2883/X                             -       A->X    F     sky130_fd_sc_hd__and3_1         2   5.0    48   157     941    (-,-) 
  g189725/Y                                   -       B1->Y   R     sky130_fd_sc_hd__a41oi_1        2   5.3   204   197    1138    (-,-) 
  g100657__5526/Y                             -       A->Y    F     sky130_fd_sc_hd__nand2_1        8  21.6   169   198    1336    (-,-) 
  g100646__7410/Y                             -       A2->Y   R     sky130_fd_sc_hd__o221ai_1       1   2.7   160   217    1553    (-,-) 
  g100641__9945/Y                             -       A->Y    F     sky130_fd_sc_hd__nand3_1        5  11.6   141   161    1714    (-,-) 
  g100616__8428/Y                             -       A2->Y   R     sky130_fd_sc_hd__o221ai_1       3   8.2   269   285    1998    (-,-) 
  g100608__6417/X                             -       B1->X   R     sky130_fd_sc_hd__a22o_1         1   2.8    50   173    2172    (-,-) 
  g100603__2883/Y                             -       B->Y    F     sky130_fd_sc_hd__nor2_1         2   5.0    48    50    2222    (-,-) 
  g100598__6161/X                             -       A1->X   F     sky130_fd_sc_hd__a22o_1         1   2.5    40   203    2425    (-,-) 
  g100594__7482/Y                             -       B->Y    R     sky130_fd_sc_hd__nor2_1         2   7.6   158   144    2568    (-,-) 
  g100593/Y                                   -       A->Y    F     sky130_fd_sc_hd__inv_2          3   7.5    44    63    2631    (-,-) 
  g100589__6131/Y                             -       A1->Y   R     sky130_fd_sc_hd__a21oi_1        2   6.2   172   169    2800    (-,-) 
  g100588/Y                                   -       A->Y    F     sky130_fd_sc_hd__clkinv_1       3   6.6    79   118    2918    (-,-) 
  g188528/Y                                   -       B->Y    R     sky130_fd_sc_hd__nor3b_1        2   5.3   231   240    3158    (-,-) 
  g188147/Y                                   -       A1->Y   F     sky130_fd_sc_hd__a22oi_1        3   9.5   123   172    3330    (-,-) 
  g186862/Y                                   -       B->Y    R     sky130_fd_sc_hd__nor2_1         2   3.5    95   123    3453    (-,-) 
  g185752__9315/X                             -       A->X    R     sky130_fd_sc_hd__and2_1        40 100.3   958   773    4226    (-,-) 
  g183366__5526/X                             -       A1->X   R     sky130_fd_sc_hd__a22o_1         1   2.0    60   259    4485    (-,-) 
  u_request_queue_req_mem_reg[3][wdata][27]/D -       -       R     sky130_fd_sc_hd__dfxtp_1        1     -     -     4    4488    (-,-) 
#----------------------------------------------------------------------------------------------------------------------------------------



Path 20: MET (348 ps) Setup Check with Pin u_request_queue_req_mem_reg[3][wdata][26]/CLK->D
          Group: clk
     Startpoint: (R) u_request_queue_req_mem_reg[0][row][1]/CLK
          Clock: (R) clk
       Endpoint: (R) u_request_queue_req_mem_reg[3][wdata][26]/D
          Clock: (R) clk

                     Capture       Launch     
        Clock Edge:+    5000            0     
       Src Latency:+       0            0     
       Net Latency:+       0 (I)        0 (I) 
           Arrival:=    5000            0     
                                              
             Setup:-      64                  
       Uncertainty:-     100                  
     Required Time:=    4836                  
      Launch Clock:-       0                  
         Data Path:-    4488                  
             Slack:=     348                  

#----------------------------------------------------------------------------------------------------------------------------------------
#                Timing Point                 Flags    Arc    Edge            Cell             Fanout  Load Trans Delay Arrival Instance 
#                                                                                                      (fF)  (ps)  (ps)   (ps)  Location 
#----------------------------------------------------------------------------------------------------------------------------------------
  u_request_queue_req_mem_reg[0][row][1]/CLK  -       -       R     (arrival)                    2360     -     0     0       0    (-,-) 
  u_request_queue_req_mem_reg[0][row][1]/Q    -       CLK->Q  R     sky130_fd_sc_hd__dfxtp_1        9  26.1   251   434     434    (-,-) 
  g100779__5477/Y                             -       A1_N->Y R     sky130_fd_sc_hd__o2bb2ai_1      1   2.8   108   150     584    (-,-) 
  g100729__3680/Y                             -       A->Y    F     sky130_fd_sc_hd__nor2_1         1   2.6    36    62     646    (-,-) 
  g100711__4733/Y                             -       A->Y    R     sky130_fd_sc_hd__nand2_1        1   2.7    44    54     700    (-,-) 
  g100681__1666/Y                             -       D->Y    F     sky130_fd_sc_hd__nand4_1        1   1.8    55    84     784    (-,-) 
  g100679__2883/X                             -       A->X    F     sky130_fd_sc_hd__and3_1         2   5.0    48   157     941    (-,-) 
  g189725/Y                                   -       B1->Y   R     sky130_fd_sc_hd__a41oi_1        2   5.3   204   197    1138    (-,-) 
  g100657__5526/Y                             -       A->Y    F     sky130_fd_sc_hd__nand2_1        8  21.6   169   198    1336    (-,-) 
  g100646__7410/Y                             -       A2->Y   R     sky130_fd_sc_hd__o221ai_1       1   2.7   160   217    1553    (-,-) 
  g100641__9945/Y                             -       A->Y    F     sky130_fd_sc_hd__nand3_1        5  11.6   141   161    1714    (-,-) 
  g100616__8428/Y                             -       A2->Y   R     sky130_fd_sc_hd__o221ai_1       3   8.2   269   285    1998    (-,-) 
  g100608__6417/X                             -       B1->X   R     sky130_fd_sc_hd__a22o_1         1   2.8    50   173    2172    (-,-) 
  g100603__2883/Y                             -       B->Y    F     sky130_fd_sc_hd__nor2_1         2   5.0    48    50    2222    (-,-) 
  g100598__6161/X                             -       A1->X   F     sky130_fd_sc_hd__a22o_1         1   2.5    40   203    2425    (-,-) 
  g100594__7482/Y                             -       B->Y    R     sky130_fd_sc_hd__nor2_1         2   7.6   158   144    2568    (-,-) 
  g100593/Y                                   -       A->Y    F     sky130_fd_sc_hd__inv_2          3   7.5    44    63    2631    (-,-) 
  g100589__6131/Y                             -       A1->Y   R     sky130_fd_sc_hd__a21oi_1        2   6.2   172   169    2800    (-,-) 
  g100588/Y                                   -       A->Y    F     sky130_fd_sc_hd__clkinv_1       3   6.6    79   118    2918    (-,-) 
  g188528/Y                                   -       B->Y    R     sky130_fd_sc_hd__nor3b_1        2   5.3   231   240    3158    (-,-) 
  g188147/Y                                   -       A1->Y   F     sky130_fd_sc_hd__a22oi_1        3   9.5   123   172    3330    (-,-) 
  g186862/Y                                   -       B->Y    R     sky130_fd_sc_hd__nor2_1         2   3.5    95   123    3453    (-,-) 
  g185752__9315/X                             -       A->X    R     sky130_fd_sc_hd__and2_1        40 100.3   958   773    4226    (-,-) 
  g183364__4319/X                             -       A1->X   R     sky130_fd_sc_hd__a22o_1         1   2.0    60   259    4485    (-,-) 
  u_request_queue_req_mem_reg[3][wdata][26]/D -       -       R     sky130_fd_sc_hd__dfxtp_1        1     -     -     4    4488    (-,-) 
#----------------------------------------------------------------------------------------------------------------------------------------

