###############################################################
#  Generated by:      Cadence Innovus 23.13-s082_1
#  OS:                Linux x86_64(Host ID n01-zeus.olympus.ece.tamu.edu)
#  Generated on:      Mon Sep 28 15:33:53 2026
#  Design:            ddr4_controller_top
#  Command:           report_timing -max_paths 10 > $REPORTS_DIR/timing_postroute.rpt
###############################################################
Path 1: MET Setup Check with Pin rsp_rdata_q_reg[1]/CLK 
Endpoint:   rsp_rdata_q_reg[1]/D    (v) checked with  leading edge of 'clk'
Beginpoint: service_addr_q_reg[0]/Q (^) triggered by  leading edge of 'clk'
Path Groups: {clk}
Analysis View: VIEW_TYP
Other End Arrival Time          0.403
- Setup                         0.067
+ Phase Shift                   5.000
- Uncertainty                   0.100
= Required Time                 5.235
- Arrival Time                  5.227
= Slack Time                    0.008
     Clock Rise Edge                 0.000
     + Clock Network Latency (Prop)  0.041
     = Beginpoint Arrival Time       0.041
     +------------------------------------------------------------------------------------------------+ 
     |        Instance        |     Arc      |           Cell            | Delay | Arrival | Required | 
     |                        |              |                           |       |  Time   |   Time   | 
     |------------------------+--------------+---------------------------+-------+---------+----------| 
     | service_addr_q_reg[0]  | CLK ^        |                           |       |   0.041 |    0.049 | 
     | service_addr_q_reg[0]  | CLK ^ -> Q ^ | sky130_fd_sc_hd__dfxtp_1  | 0.561 |   0.602 |    0.610 | 
     | g189616                | A ^ -> Y v   | sky130_fd_sc_hd__inv_2    | 0.068 |   0.671 |    0.679 | 
     | g189595                | A v -> Y ^   | sky130_fd_sc_hd__nand2_1  | 0.152 |   0.823 |    0.831 | 
     | FE_OFC113_n_10         | A ^ -> Y v   | sky130_fd_sc_hd__inv_4    | 0.318 |   1.140 |    1.149 | 
     | FE_OFC115_n_10         | A v -> X v   | sky130_fd_sc_hd__buf_4    | 0.510 |   1.651 |    1.659 | 
     | FE_OFC97_FE_DBTN0_n_10 | A v -> X v   | sky130_fd_sc_hd__buf_4    | 0.677 |   2.328 |    2.336 | 
     | g189246                | A1 v -> X v  | sky130_fd_sc_hd__a22o_1   | 0.367 |   2.695 |    2.703 | 
     | g188396                | C1 v -> Y ^  | sky130_fd_sc_hd__a221oi_1 | 0.256 |   2.951 |    2.959 | 
     | g187978                | B2 ^ -> Y v  | sky130_fd_sc_hd__o22ai_1  | 0.162 |   3.113 |    3.122 | 
     | g185768__1617          | C1 v -> Y ^  | sky130_fd_sc_hd__a221oi_1 | 0.506 |   3.619 |    3.628 | 
     | g183531__2398          | A ^ -> Y v   | sky130_fd_sc_hd__nand4_1  | 0.199 |   3.818 |    3.827 | 
     | g183300__2346          | B1 v -> Y ^  | sky130_fd_sc_hd__a22oi_1  | 0.805 |   4.623 |    4.632 | 
     | FE_PSC132_n_4002       | A ^ -> X ^   | sky130_fd_sc_hd__buf_1    | 0.506 |   5.129 |    5.138 | 
     | g183087__2398          | A ^ -> Y v   | sky130_fd_sc_hd__nand2_1  | 0.098 |   5.227 |    5.235 | 
     | rsp_rdata_q_reg[1]     | D v          | sky130_fd_sc_hd__dfxtp_1  | 0.000 |   5.227 |    5.235 | 
     +------------------------------------------------------------------------------------------------+ 
Path 2: MET Setup Check with Pin u_request_queue_req_valid_reg_reg[3]/CLK 
Endpoint:   u_request_queue_req_valid_reg_reg[3]/D    (^) checked with  leading 
edge of 'clk'
Beginpoint: u_request_queue_req_mem_reg[0][bank][0]/Q (^) triggered by  leading 
edge of 'clk'
Path Groups: {clk}
Analysis View: VIEW_TYP
Other End Arrival Time          0.423
- Setup                         0.025
+ Phase Shift                   5.000
- Uncertainty                   0.100
= Required Time                 5.298
- Arrival Time                  5.248
= Slack Time                    0.050
     Clock Rise Edge                 0.000
     + Clock Network Latency (Prop)  0.042
     = Beginpoint Arrival Time       0.042
     +------------------------------------------------------------------------------------------------------------------+ 
     |                Instance                 |     Arc      |            Cell            | Delay | Arrival | Required | 
     |                                         |              |                            |       |  Time   |   Time   | 
     |-----------------------------------------+--------------+----------------------------+-------+---------+----------| 
     | u_request_queue_req_mem_reg[0][bank][0] | CLK ^        |                            |       |   0.042 |    0.092 | 
     | u_request_queue_req_mem_reg[0][bank][0] | CLK ^ -> Q ^ | sky130_fd_sc_hd__dfxtp_1   | 0.607 |   0.649 |    0.700 | 
     | g100838                                 | A ^ -> Y v   | sky130_fd_sc_hd__inv_2     | 0.050 |   0.700 |    0.750 | 
     | g100821__8428                           | A v -> Y ^   | sky130_fd_sc_hd__nand2_1   | 0.113 |   0.813 |    0.864 | 
     | g100745__2346                           | A_N ^ -> Y ^ | sky130_fd_sc_hd__nand2b_1  | 0.127 |   0.941 |    0.991 | 
     | g100694__4319                           | B1 ^ -> Y v  | sky130_fd_sc_hd__o2111ai_1 | 0.138 |   1.078 |    1.129 | 
     | g100679__2883                           | B v -> X v   | sky130_fd_sc_hd__and3_1    | 0.230 |   1.309 |    1.359 | 
     | g189725                                 | B1 v -> Y ^  | sky130_fd_sc_hd__a41oi_2   | 0.268 |   1.576 |    1.626 | 
     | g100657__5526                           | A ^ -> Y v   | sky130_fd_sc_hd__nand2_2   | 0.188 |   1.764 |    1.814 | 
     | g100654                                 | A v -> Y ^   | sky130_fd_sc_hd__inv_2     | 0.093 |   1.857 |    1.907 | 
     | g100643__2346                           | A ^ -> Y v   | sky130_fd_sc_hd__nand3_1   | 0.070 |   1.926 |    1.976 | 
     | g100642__2883                           | A v -> Y ^   | sky130_fd_sc_hd__nand2_1   | 0.217 |   2.143 |    2.193 | 
     | FE_OFC94_n_4300                         | A ^ -> Y v   | sky130_fd_sc_hd__inv_2     | 0.104 |   2.247 |    2.297 | 
     | g100630__7482                           | B2 v -> Y ^  | sky130_fd_sc_hd__o22ai_1   | 0.131 |   2.378 |    2.428 | 
     | g100621__2802                           | B ^ -> Y v   | sky130_fd_sc_hd__nor2_1    | 0.111 |   2.489 |    2.539 | 
     | g100604__2346                           | A2 v -> Y ^  | sky130_fd_sc_hd__o22ai_1   | 0.210 |   2.698 |    2.749 | 
     | g100601__9315                           | A ^ -> Y v   | sky130_fd_sc_hd__nor2_1    | 0.105 |   2.803 |    2.854 | 
     | g100596__4733                           | A2 v -> Y ^  | sky130_fd_sc_hd__o221ai_1  | 0.212 |   3.016 |    3.066 | 
     | g100594__7482                           | A ^ -> Y v   | sky130_fd_sc_hd__nor2_2    | 0.085 |   3.101 |    3.151 | 
     | FE_OFC55_n_4261                         | A v -> Y ^   | sky130_fd_sc_hd__inv_2     | 0.134 |   3.235 |    3.285 | 
     | g100589__6131                           | A1 ^ -> Y v  | sky130_fd_sc_hd__a21oi_4   | 0.073 |   3.308 |    3.358 | 
     | g100588                                 | A v -> Y ^   | sky130_fd_sc_hd__clkinv_1  | 0.088 |   3.395 |    3.446 | 
     | g188528                                 | B ^ -> Y v   | sky130_fd_sc_hd__nor3b_1   | 0.065 |   3.461 |    3.511 | 
     | g188147                                 | A1 v -> Y ^  | sky130_fd_sc_hd__a22oi_1   | 0.289 |   3.750 |    3.800 | 
     | g188061                                 | A ^ -> Y v   | sky130_fd_sc_hd__inv_2     | 0.080 |   3.829 |    3.880 | 
     | g186859                                 | A v -> Y ^   | sky130_fd_sc_hd__nand2_1   | 0.091 |   3.920 |    3.970 | 
     | g183661__2802                           | A2 ^ -> X ^  | sky130_fd_sc_hd__o21a_2    | 0.862 |   4.782 |    4.833 | 
     | g183491__5115                           | C1 ^ -> Y v  | sky130_fd_sc_hd__o311ai_0  | 0.313 |   5.096 |    5.146 | 
     | g100858                                 | B v -> Y ^   | sky130_fd_sc_hd__nand2b_1  | 0.152 |   5.247 |    5.298 | 
     | u_request_queue_req_valid_reg_reg[3]    | D ^          | sky130_fd_sc_hd__dfxtp_1   | 0.000 |   5.248 |    5.298 | 
     +------------------------------------------------------------------------------------------------------------------+ 
Path 3: MET Setup Check with Pin rsp_rdata_q_reg[16]/CLK 
Endpoint:   rsp_rdata_q_reg[16]/D   (^) checked with  leading edge of 'clk'
Beginpoint: service_addr_q_reg[2]/Q (v) triggered by  leading edge of 'clk'
Path Groups: {clk}
Analysis View: VIEW_TYP
Other End Arrival Time          0.403
- Setup                         0.025
+ Phase Shift                   5.000
- Uncertainty                   0.100
= Required Time                 5.278
- Arrival Time                  5.228
= Slack Time                    0.050
     Clock Rise Edge                 0.000
     + Clock Network Latency (Prop)  0.042
     = Beginpoint Arrival Time       0.042
     +-----------------------------------------------------------------------------------------------+ 
     |       Instance        |     Arc      |           Cell            | Delay | Arrival | Required | 
     |                       |              |                           |       |  Time   |   Time   | 
     |-----------------------+--------------+---------------------------+-------+---------+----------| 
     | service_addr_q_reg[2] | CLK ^        |                           |       |   0.042 |    0.092 | 
     | service_addr_q_reg[2] | CLK ^ -> Q v | sky130_fd_sc_hd__dfxtp_1  | 0.514 |   0.556 |    0.606 | 
     | g189594               | A v -> Y ^   | sky130_fd_sc_hd__nor2_1   | 0.146 |   0.701 |    0.752 | 
     | FE_OFC82_n_38         | A ^ -> X ^   | sky130_fd_sc_hd__buf_2    | 0.680 |   1.381 |    1.432 | 
     | FE_OFC84_n_38         | A ^ -> X ^   | sky130_fd_sc_hd__buf_4    | 0.850 |   2.231 |    2.281 | 
     | FE_OFC130_n_38        | A ^ -> X ^   | sky130_fd_sc_hd__buf_4    | 0.349 |   2.580 |    2.631 | 
     | g189310               | B ^ -> X ^   | sky130_fd_sc_hd__and2_4   | 0.579 |   3.160 |    3.210 | 
     | FE_PSC134_n_114       | A ^ -> X ^   | sky130_fd_sc_hd__clkbuf_1 | 0.937 |   4.097 |    4.147 | 
     | g185829__7098         | A1 ^ -> Y v  | sky130_fd_sc_hd__a221oi_1 | 0.426 |   4.523 |    4.573 | 
     | g183594__6417         | A v -> Y ^   | sky130_fd_sc_hd__nand4_1  | 0.292 |   4.815 |    4.865 | 
     | g183305__2398         | A1 ^ -> Y v  | sky130_fd_sc_hd__a22oi_1  | 0.272 |   5.087 |    5.138 | 
     | g183077__4733         | A v -> Y ^   | sky130_fd_sc_hd__nand2_1  | 0.141 |   5.228 |    5.278 | 
     | rsp_rdata_q_reg[16]   | D ^          | sky130_fd_sc_hd__dfxtp_1  | 0.000 |   5.228 |    5.278 | 
     +-----------------------------------------------------------------------------------------------+ 
Path 4: MET Setup Check with Pin rsp_rdata_q_reg[2]/CLK 
Endpoint:   rsp_rdata_q_reg[2]/D    (v) checked with  leading edge of 'clk'
Beginpoint: service_addr_q_reg[2]/Q (v) triggered by  leading edge of 'clk'
Path Groups: {clk}
Analysis View: VIEW_TYP
Other End Arrival Time          0.413
- Setup                         0.127
+ Phase Shift                   5.000
- Uncertainty                   0.100
= Required Time                 5.186
- Arrival Time                  5.125
= Slack Time                    0.060
     Clock Rise Edge                 0.000
     + Clock Network Latency (Prop)  0.042
     = Beginpoint Arrival Time       0.042
     +-----------------------------------------------------------------------------------------------+ 
     |       Instance        |     Arc      |           Cell            | Delay | Arrival | Required | 
     |                       |              |                           |       |  Time   |   Time   | 
     |-----------------------+--------------+---------------------------+-------+---------+----------| 
     | service_addr_q_reg[2] | CLK ^        |                           |       |   0.042 |    0.102 | 
     | service_addr_q_reg[2] | CLK ^ -> Q v | sky130_fd_sc_hd__dfxtp_1  | 0.514 |   0.556 |    0.616 | 
     | g189593               | A v -> X v   | sky130_fd_sc_hd__and2_4   | 0.464 |   1.020 |    1.081 | 
     | FE_OFC80_n_15         | A v -> X v   | sky130_fd_sc_hd__buf_4    | 0.515 |   1.535 |    1.596 | 
     | FE_OFC121_n_15        | A v -> X v   | sky130_fd_sc_hd__clkbuf_1 | 0.526 |   2.062 |    2.122 | 
     | g189039               | B1 v -> X v  | sky130_fd_sc_hd__a22o_1   | 0.323 |   2.385 |    2.445 | 
     | g188404               | C1 v -> Y ^  | sky130_fd_sc_hd__a221oi_1 | 0.303 |   2.688 |    2.748 | 
     | g187991               | B2 ^ -> Y v  | sky130_fd_sc_hd__o22ai_1  | 0.188 |   2.876 |    2.937 | 
     | g185772__8246         | C1 v -> Y ^  | sky130_fd_sc_hd__a221oi_1 | 0.491 |   3.368 |    3.428 | 
     | g183535__8428         | D ^ -> Y v   | sky130_fd_sc_hd__nand4_1  | 0.269 |   3.637 |    3.697 | 
     | g183310__5526         | B1 v -> Y ^  | sky130_fd_sc_hd__a22oi_1  | 1.366 |   5.003 |    5.063 | 
     | g183082__2346         | A ^ -> Y v   | sky130_fd_sc_hd__nand2_1  | 0.123 |   5.125 |    5.186 | 
     | rsp_rdata_q_reg[2]    | D v          | sky130_fd_sc_hd__dfxtp_1  | 0.000 |   5.125 |    5.186 | 
     +-----------------------------------------------------------------------------------------------+ 
Path 5: MET Setup Check with Pin rsp_rdata_q_reg[7]/CLK 
Endpoint:   rsp_rdata_q_reg[7]/D    (^) checked with  leading edge of 'clk'
Beginpoint: service_addr_q_reg[2]/Q (v) triggered by  leading edge of 'clk'
Path Groups: {clk}
Analysis View: VIEW_TYP
Other End Arrival Time          0.413
- Setup                         0.047
+ Phase Shift                   5.000
- Uncertainty                   0.100
= Required Time                 5.266
- Arrival Time                  5.202
= Slack Time                    0.064
     Clock Rise Edge                 0.000
     + Clock Network Latency (Prop)  0.042
     = Beginpoint Arrival Time       0.042
     +-----------------------------------------------------------------------------------------------+ 
     |       Instance        |     Arc      |           Cell            | Delay | Arrival | Required | 
     |                       |              |                           |       |  Time   |   Time   | 
     |-----------------------+--------------+---------------------------+-------+---------+----------| 
     | service_addr_q_reg[2] | CLK ^        |                           |       |   0.042 |    0.105 | 
     | service_addr_q_reg[2] | CLK ^ -> Q v | sky130_fd_sc_hd__dfxtp_1  | 0.514 |   0.556 |    0.620 | 
     | g189594               | A v -> Y ^   | sky130_fd_sc_hd__nor2_1   | 0.146 |   0.701 |    0.765 | 
     | FE_OFC82_n_38         | A ^ -> X ^   | sky130_fd_sc_hd__buf_2    | 0.680 |   1.381 |    1.445 | 
     | FE_OFC84_n_38         | A ^ -> X ^   | sky130_fd_sc_hd__buf_4    | 0.850 |   2.231 |    2.295 | 
     | FE_OFC130_n_38        | A ^ -> X ^   | sky130_fd_sc_hd__buf_4    | 0.349 |   2.580 |    2.644 | 
     | g189310               | B ^ -> X ^   | sky130_fd_sc_hd__and2_4   | 0.579 |   3.160 |    3.223 | 
     | FE_PSC134_n_114       | A ^ -> X ^   | sky130_fd_sc_hd__clkbuf_1 | 0.937 |   4.097 |    4.160 | 
     | g185795__3680         | A1 ^ -> Y v  | sky130_fd_sc_hd__a221oi_1 | 0.480 |   4.577 |    4.640 | 
     | g183509__6783         | A v -> Y ^   | sky130_fd_sc_hd__nand4_1  | 0.342 |   4.918 |    4.982 | 
     | g183206__2346         | A2 ^ -> Y v  | sky130_fd_sc_hd__a222oi_1 | 0.166 |   5.084 |    5.148 | 
     | g183085__6417         | A v -> Y ^   | sky130_fd_sc_hd__nand2_1  | 0.118 |   5.202 |    5.266 | 
     | rsp_rdata_q_reg[7]    | D ^          | sky130_fd_sc_hd__dfxtp_1  | 0.000 |   5.202 |    5.266 | 
     +-----------------------------------------------------------------------------------------------+ 
Path 6: MET Setup Check with Pin rsp_rdata_q_reg[5]/CLK 
Endpoint:   rsp_rdata_q_reg[5]/D    (v) checked with  leading edge of 'clk'
Beginpoint: service_addr_q_reg[2]/Q (v) triggered by  leading edge of 'clk'
Path Groups: {clk}
Analysis View: VIEW_TYP
Other End Arrival Time          0.418
- Setup                         0.084
+ Phase Shift                   5.000
- Uncertainty                   0.100
= Required Time                 5.234
- Arrival Time                  5.150
= Slack Time                    0.083
     Clock Rise Edge                 0.000
     + Clock Network Latency (Prop)  0.042
     = Beginpoint Arrival Time       0.042
     +-----------------------------------------------------------------------------------------------+ 
     |       Instance        |     Arc      |           Cell            | Delay | Arrival | Required | 
     |                       |              |                           |       |  Time   |   Time   | 
     |-----------------------+--------------+---------------------------+-------+---------+----------| 
     | service_addr_q_reg[2] | CLK ^        |                           |       |   0.042 |    0.125 | 
     | service_addr_q_reg[2] | CLK ^ -> Q v | sky130_fd_sc_hd__dfxtp_1  | 0.514 |   0.556 |    0.639 | 
     | g189593               | A v -> X v   | sky130_fd_sc_hd__and2_4   | 0.464 |   1.020 |    1.104 | 
     | FE_OFC80_n_15         | A v -> X v   | sky130_fd_sc_hd__buf_4    | 0.515 |   1.535 |    1.619 | 
     | FE_OFC121_n_15        | A v -> X v   | sky130_fd_sc_hd__clkbuf_1 | 0.526 |   2.062 |    2.145 | 
     | g189125               | B1 v -> X v  | sky130_fd_sc_hd__a22o_1   | 0.342 |   2.404 |    2.487 | 
     | g188524               | C1 v -> Y ^  | sky130_fd_sc_hd__a221oi_1 | 0.320 |   2.724 |    2.807 | 
     | g188067               | B2 ^ -> Y v  | sky130_fd_sc_hd__o22ai_1  | 0.180 |   2.904 |    2.987 | 
     | g185784__1666         | C1 v -> Y ^  | sky130_fd_sc_hd__a221oi_1 | 0.667 |   3.571 |    3.654 | 
     | g183520__7482         | B ^ -> Y v   | sky130_fd_sc_hd__nand4_1  | 0.277 |   3.848 |    3.932 | 
     | g183312__3680         | B1 v -> Y ^  | sky130_fd_sc_hd__a22oi_1  | 1.171 |   5.020 |    5.103 | 
     | g183084__7410         | B ^ -> Y v   | sky130_fd_sc_hd__nand2_1  | 0.131 |   5.150 |    5.234 | 
     | rsp_rdata_q_reg[5]    | D v          | sky130_fd_sc_hd__dfxtp_1  | 0.000 |   5.150 |    5.234 | 
     +-----------------------------------------------------------------------------------------------+ 
Path 7: MET Setup Check with Pin rsp_rdata_q_reg[19]/CLK 
Endpoint:   rsp_rdata_q_reg[19]/D   (^) checked with  leading edge of 'clk'
Beginpoint: service_addr_q_reg[2]/Q (v) triggered by  leading edge of 'clk'
Path Groups: {clk}
Analysis View: VIEW_TYP
Other End Arrival Time          0.410
- Setup                         0.030
+ Phase Shift                   5.000
- Uncertainty                   0.100
= Required Time                 5.280
- Arrival Time                  5.183
= Slack Time                    0.097
     Clock Rise Edge                 0.000
     + Clock Network Latency (Prop)  0.042
     = Beginpoint Arrival Time       0.042
     +-----------------------------------------------------------------------------------------------+ 
     |       Instance        |     Arc      |           Cell            | Delay | Arrival | Required | 
     |                       |              |                           |       |  Time   |   Time   | 
     |-----------------------+--------------+---------------------------+-------+---------+----------| 
     | service_addr_q_reg[2] | CLK ^        |                           |       |   0.042 |    0.138 | 
     | service_addr_q_reg[2] | CLK ^ -> Q v | sky130_fd_sc_hd__dfxtp_1  | 0.514 |   0.556 |    0.652 | 
     | g189594               | A v -> Y ^   | sky130_fd_sc_hd__nor2_1   | 0.146 |   0.701 |    0.798 | 
     | FE_OFC82_n_38         | A ^ -> X ^   | sky130_fd_sc_hd__buf_2    | 0.680 |   1.381 |    1.478 | 
     | FE_OFC84_n_38         | A ^ -> X ^   | sky130_fd_sc_hd__buf_4    | 0.850 |   2.231 |    2.328 | 
     | FE_OFC130_n_38        | A ^ -> X ^   | sky130_fd_sc_hd__buf_4    | 0.349 |   2.580 |    2.677 | 
     | g189310               | B ^ -> X ^   | sky130_fd_sc_hd__and2_4   | 0.579 |   3.160 |    3.256 | 
     | FE_PSC134_n_114       | A ^ -> X ^   | sky130_fd_sc_hd__clkbuf_1 | 0.937 |   4.097 |    4.193 | 
     | g188628               | A1 ^ -> Y v  | sky130_fd_sc_hd__a22oi_1  | 0.265 |   4.361 |    4.458 | 
     | g183606__1705         | C v -> Y ^   | sky130_fd_sc_hd__nand4_1  | 0.303 |   4.665 |    4.761 | 
     | g183307__6260         | A2 ^ -> Y v  | sky130_fd_sc_hd__a22oi_1  | 0.325 |   4.990 |    5.086 | 
     | g183079__9315         | B v -> Y ^   | sky130_fd_sc_hd__nand2_1  | 0.194 |   5.183 |    5.280 | 
     | rsp_rdata_q_reg[19]   | D ^          | sky130_fd_sc_hd__dfxtp_1  | 0.000 |   5.183 |    5.280 | 
     +-----------------------------------------------------------------------------------------------+ 
Path 8: MET Setup Check with Pin u_request_queue_req_mem_reg[0][wdata][2]/CLK 
Endpoint:   u_request_queue_req_mem_reg[0][wdata][2]/D (^) checked with  
leading edge of 'clk'
Beginpoint: u_request_queue_req_mem_reg[0][bank][0]/Q  (^) triggered by  
leading edge of 'clk'
Path Groups: {clk}
Analysis View: VIEW_TYP
Other End Arrival Time          0.361
- Setup                         0.030
+ Phase Shift                   5.000
- Uncertainty                   0.100
= Required Time                 5.231
- Arrival Time                  5.134
= Slack Time                    0.097
     Clock Rise Edge                 0.000
     + Clock Network Latency (Prop)  0.042
     = Beginpoint Arrival Time       0.042
     +-------------------------------------------------------------------------------------------------------------------+ 
     |                 Instance                 |     Arc      |            Cell            | Delay | Arrival | Required | 
     |                                          |              |                            |       |  Time   |   Time   | 
     |------------------------------------------+--------------+----------------------------+-------+---------+----------| 
     | u_request_queue_req_mem_reg[0][bank][0]  | CLK ^        |                            |       |   0.042 |    0.139 | 
     | u_request_queue_req_mem_reg[0][bank][0]  | CLK ^ -> Q ^ | sky130_fd_sc_hd__dfxtp_1   | 0.607 |   0.649 |    0.747 | 
     | g100838                                  | A ^ -> Y v   | sky130_fd_sc_hd__inv_2     | 0.050 |   0.700 |    0.797 | 
     | g100821__8428                            | A v -> Y ^   | sky130_fd_sc_hd__nand2_1   | 0.113 |   0.813 |    0.910 | 
     | g100745__2346                            | A_N ^ -> Y ^ | sky130_fd_sc_hd__nand2b_1  | 0.127 |   0.941 |    1.038 | 
     | g100694__4319                            | B1 ^ -> Y v  | sky130_fd_sc_hd__o2111ai_1 | 0.138 |   1.078 |    1.176 | 
     | g100679__2883                            | B v -> X v   | sky130_fd_sc_hd__and3_1    | 0.230 |   1.309 |    1.406 | 
     | g189725                                  | B1 v -> Y ^  | sky130_fd_sc_hd__a41oi_2   | 0.268 |   1.576 |    1.673 | 
     | g100657__5526                            | A ^ -> Y v   | sky130_fd_sc_hd__nand2_2   | 0.188 |   1.764 |    1.861 | 
     | g100654                                  | A v -> Y ^   | sky130_fd_sc_hd__inv_2     | 0.093 |   1.857 |    1.954 | 
     | g100643__2346                            | A ^ -> Y v   | sky130_fd_sc_hd__nand3_1   | 0.070 |   1.926 |    2.023 | 
     | g100642__2883                            | A v -> Y ^   | sky130_fd_sc_hd__nand2_1   | 0.217 |   2.143 |    2.240 | 
     | FE_OFC94_n_4300                          | A ^ -> Y v   | sky130_fd_sc_hd__inv_2     | 0.104 |   2.247 |    2.344 | 
     | g100630__7482                            | B2 v -> Y ^  | sky130_fd_sc_hd__o22ai_1   | 0.131 |   2.378 |    2.475 | 
     | g100621__2802                            | B ^ -> Y v   | sky130_fd_sc_hd__nor2_1    | 0.111 |   2.489 |    2.586 | 
     | g100604__2346                            | A2 v -> Y ^  | sky130_fd_sc_hd__o22ai_1   | 0.210 |   2.698 |    2.796 | 
     | g100601__9315                            | A ^ -> Y v   | sky130_fd_sc_hd__nor2_1    | 0.105 |   2.803 |    2.900 | 
     | g100596__4733                            | A2 v -> Y ^  | sky130_fd_sc_hd__o221ai_1  | 0.212 |   3.016 |    3.113 | 
     | g100594__7482                            | A ^ -> Y v   | sky130_fd_sc_hd__nor2_2    | 0.085 |   3.101 |    3.198 | 
     | FE_OFC55_n_4261                          | A v -> Y ^   | sky130_fd_sc_hd__inv_2     | 0.134 |   3.235 |    3.332 | 
     | g100589__6131                            | A1 ^ -> Y v  | sky130_fd_sc_hd__a21oi_4   | 0.073 |   3.308 |    3.405 | 
     | g100588                                  | A v -> Y ^   | sky130_fd_sc_hd__clkinv_1  | 0.088 |   3.395 |    3.493 | 
     | g188528                                  | B ^ -> Y v   | sky130_fd_sc_hd__nor3b_1   | 0.065 |   3.461 |    3.558 | 
     | g188147                                  | A1 v -> Y ^  | sky130_fd_sc_hd__a22oi_1   | 0.289 |   3.750 |    3.847 | 
     | g188061                                  | A ^ -> Y v   | sky130_fd_sc_hd__inv_2     | 0.080 |   3.829 |    3.927 | 
     | g186861                                  | B v -> Y ^   | sky130_fd_sc_hd__nor2_1    | 0.148 |   3.977 |    4.074 | 
     | g185750__4733                            | A ^ -> X ^   | sky130_fd_sc_hd__and2_2    | 0.830 |   4.807 |    4.904 | 
     | g183381__9315                            | A1 ^ -> X ^  | sky130_fd_sc_hd__a22o_1    | 0.327 |   5.134 |    5.231 | 
     | u_request_queue_req_mem_reg[0][wdata][2] | D ^          | sky130_fd_sc_hd__dfxtp_1   | 0.000 |   5.134 |    5.231 | 
     +-------------------------------------------------------------------------------------------------------------------+ 
Path 9: MET Setup Check with Pin u_request_queue_req_mem_reg[0][wdata][11]/CLK 
Endpoint:   u_request_queue_req_mem_reg[0][wdata][11]/D (^) checked with  
leading edge of 'clk'
Beginpoint: u_request_queue_req_mem_reg[0][bank][0]/Q   (^) triggered by  
leading edge of 'clk'
Path Groups: {clk}
Analysis View: VIEW_TYP
Other End Arrival Time          0.374
- Setup                         0.029
+ Phase Shift                   5.000
- Uncertainty                   0.100
= Required Time                 5.245
- Arrival Time                  5.145
= Slack Time                    0.099
     Clock Rise Edge                 0.000
     + Clock Network Latency (Prop)  0.042
     = Beginpoint Arrival Time       0.042
     +--------------------------------------------------------------------------------------------------------------------+ 
     |                 Instance                  |     Arc      |            Cell            | Delay | Arrival | Required | 
     |                                           |              |                            |       |  Time   |   Time   | 
     |-------------------------------------------+--------------+----------------------------+-------+---------+----------| 
     | u_request_queue_req_mem_reg[0][bank][0]   | CLK ^        |                            |       |   0.042 |    0.142 | 
     | u_request_queue_req_mem_reg[0][bank][0]   | CLK ^ -> Q ^ | sky130_fd_sc_hd__dfxtp_1   | 0.607 |   0.649 |    0.749 | 
     | g100838                                   | A ^ -> Y v   | sky130_fd_sc_hd__inv_2     | 0.050 |   0.700 |    0.799 | 
     | g100821__8428                             | A v -> Y ^   | sky130_fd_sc_hd__nand2_1   | 0.113 |   0.813 |    0.913 | 
     | g100745__2346                             | A_N ^ -> Y ^ | sky130_fd_sc_hd__nand2b_1  | 0.127 |   0.941 |    1.040 | 
     | g100694__4319                             | B1 ^ -> Y v  | sky130_fd_sc_hd__o2111ai_1 | 0.138 |   1.078 |    1.178 | 
     | g100679__2883                             | B v -> X v   | sky130_fd_sc_hd__and3_1    | 0.230 |   1.309 |    1.408 | 
     | g189725                                   | B1 v -> Y ^  | sky130_fd_sc_hd__a41oi_2   | 0.268 |   1.576 |    1.676 | 
     | g100657__5526                             | A ^ -> Y v   | sky130_fd_sc_hd__nand2_2   | 0.188 |   1.764 |    1.863 | 
     | g100654                                   | A v -> Y ^   | sky130_fd_sc_hd__inv_2     | 0.093 |   1.857 |    1.956 | 
     | g100643__2346                             | A ^ -> Y v   | sky130_fd_sc_hd__nand3_1   | 0.070 |   1.926 |    2.026 | 
     | g100642__2883                             | A v -> Y ^   | sky130_fd_sc_hd__nand2_1   | 0.217 |   2.143 |    2.242 | 
     | FE_OFC94_n_4300                           | A ^ -> Y v   | sky130_fd_sc_hd__inv_2     | 0.104 |   2.247 |    2.346 | 
     | g100630__7482                             | B2 v -> Y ^  | sky130_fd_sc_hd__o22ai_1   | 0.131 |   2.378 |    2.477 | 
     | g100621__2802                             | B ^ -> Y v   | sky130_fd_sc_hd__nor2_1    | 0.111 |   2.489 |    2.588 | 
     | g100604__2346                             | A2 v -> Y ^  | sky130_fd_sc_hd__o22ai_1   | 0.210 |   2.698 |    2.798 | 
     | g100601__9315                             | A ^ -> Y v   | sky130_fd_sc_hd__nor2_1    | 0.105 |   2.803 |    2.903 | 
     | g100596__4733                             | A2 v -> Y ^  | sky130_fd_sc_hd__o221ai_1  | 0.212 |   3.016 |    3.115 | 
     | g100594__7482                             | A ^ -> Y v   | sky130_fd_sc_hd__nor2_2    | 0.085 |   3.101 |    3.200 | 
     | FE_OFC55_n_4261                           | A v -> Y ^   | sky130_fd_sc_hd__inv_2     | 0.134 |   3.235 |    3.334 | 
     | g100589__6131                             | A1 ^ -> Y v  | sky130_fd_sc_hd__a21oi_4   | 0.073 |   3.308 |    3.407 | 
     | g100588                                   | A v -> Y ^   | sky130_fd_sc_hd__clkinv_1  | 0.088 |   3.395 |    3.495 | 
     | g188528                                   | B ^ -> Y v   | sky130_fd_sc_hd__nor3b_1   | 0.065 |   3.461 |    3.560 | 
     | g188147                                   | A1 v -> Y ^  | sky130_fd_sc_hd__a22oi_1   | 0.289 |   3.750 |    3.849 | 
     | g188061                                   | A ^ -> Y v   | sky130_fd_sc_hd__inv_2     | 0.080 |   3.829 |    3.929 | 
     | g186861                                   | B v -> Y ^   | sky130_fd_sc_hd__nor2_1    | 0.148 |   3.977 |    4.076 | 
     | g185750__4733                             | A ^ -> X ^   | sky130_fd_sc_hd__and2_2    | 0.830 |   4.807 |    4.906 | 
     | g183388__5477                             | A1 ^ -> X ^  | sky130_fd_sc_hd__a22o_1    | 0.338 |   5.145 |    5.245 | 
     | u_request_queue_req_mem_reg[0][wdata][11] | D ^          | sky130_fd_sc_hd__dfxtp_1   | 0.000 |   5.145 |    5.245 | 
     +--------------------------------------------------------------------------------------------------------------------+ 
Path 10: MET Setup Check with Pin u_tFAW_tracker_act_count_reg[0]/CLK 
Endpoint:   u_tFAW_tracker_act_count_reg[0]/D         (^) checked with  leading 
edge of 'clk'
Beginpoint: u_request_queue_req_mem_reg[0][bank][0]/Q (^) triggered by  leading 
edge of 'clk'
Path Groups: {clk}
Analysis View: VIEW_TYP
Other End Arrival Time          0.390
- Setup                         0.020
+ Phase Shift                   5.000
- Uncertainty                   0.100
= Required Time                 5.270
- Arrival Time                  5.166
= Slack Time                    0.104
     Clock Rise Edge                 0.000
     + Clock Network Latency (Prop)  0.042
     = Beginpoint Arrival Time       0.042
     +--------------------------------------------------------------------------------------------------------------------+ 
     |                Instance                 |      Arc       |            Cell            | Delay | Arrival | Required | 
     |                                         |                |                            |       |  Time   |   Time   | 
     |-----------------------------------------+----------------+----------------------------+-------+---------+----------| 
     | u_request_queue_req_mem_reg[0][bank][0] | CLK ^          |                            |       |   0.042 |    0.146 | 
     | u_request_queue_req_mem_reg[0][bank][0] | CLK ^ -> Q ^   | sky130_fd_sc_hd__dfxtp_1   | 0.607 |   0.649 |    0.753 | 
     | g100838                                 | A ^ -> Y v     | sky130_fd_sc_hd__inv_2     | 0.050 |   0.700 |    0.803 | 
     | g100821__8428                           | A v -> Y ^     | sky130_fd_sc_hd__nand2_1   | 0.113 |   0.813 |    0.917 | 
     | g100745__2346                           | A_N ^ -> Y ^   | sky130_fd_sc_hd__nand2b_1  | 0.127 |   0.941 |    1.044 | 
     | g100694__4319                           | B1 ^ -> Y v    | sky130_fd_sc_hd__o2111ai_1 | 0.138 |   1.078 |    1.182 | 
     | g100679__2883                           | B v -> X v     | sky130_fd_sc_hd__and3_1    | 0.230 |   1.309 |    1.412 | 
     | g189725                                 | B1 v -> Y ^    | sky130_fd_sc_hd__a41oi_2   | 0.268 |   1.576 |    1.680 | 
     | g100657__5526                           | A ^ -> Y v     | sky130_fd_sc_hd__nand2_2   | 0.188 |   1.764 |    1.867 | 
     | FE_RC_2_0                               | A1 v -> Y ^    | sky130_fd_sc_hd__a21oi_2   | 0.184 |   1.948 |    2.051 | 
     | g100636__4733                           | B ^ -> Y v     | sky130_fd_sc_hd__nor2_2    | 0.093 |   2.041 |    2.144 | 
     | FE_OFC91_n_4234                         | A v -> Y ^     | sky130_fd_sc_hd__inv_2     | 0.120 |   2.161 |    2.264 | 
     | g100626__7098                           | A2 ^ -> Y v    | sky130_fd_sc_hd__o22ai_1   | 0.088 |   2.248 |    2.352 | 
     | g100621__2802                           | A v -> Y ^     | sky130_fd_sc_hd__nor2_1    | 0.255 |   2.504 |    2.607 | 
     | g100604__2346                           | A2 ^ -> Y v    | sky130_fd_sc_hd__o22ai_1   | 0.141 |   2.644 |    2.748 | 
     | g100601__9315                           | A v -> Y ^     | sky130_fd_sc_hd__nor2_1    | 0.187 |   2.832 |    2.935 | 
     | g100596__4733                           | A2 ^ -> Y v    | sky130_fd_sc_hd__o221ai_1  | 0.152 |   2.984 |    3.087 | 
     | g100594__7482                           | A v -> Y ^     | sky130_fd_sc_hd__nor2_2    | 0.173 |   3.157 |    3.260 | 
     | FE_OFC55_n_4261                         | A ^ -> Y v     | sky130_fd_sc_hd__inv_2     | 0.105 |   3.262 |    3.365 | 
     | g100589__6131                           | A1 v -> Y ^    | sky130_fd_sc_hd__a21oi_4   | 0.137 |   3.398 |    3.502 | 
     | g100587__7098                           | A ^ -> Y v     | sky130_fd_sc_hd__nand2_1   | 0.099 |   3.498 |    3.601 | 
     | FE_OFC67_n_4306                         | A v -> Y ^     | sky130_fd_sc_hd__inv_2     | 0.166 |   3.664 |    3.767 | 
     | WALLACE_CSA_DUMMY_OP_groupi_g926        | A ^ -> Y v     | sky130_fd_sc_hd__nand2_2   | 0.102 |   3.765 |    3.869 | 
     | WALLACE_CSA_DUMMY_OP_groupi_g911        | A2 v -> Y ^    | sky130_fd_sc_hd__o21ai_2   | 0.161 |   3.927 |    4.030 | 
     | WALLACE_CSA_DUMMY_OP_groupi_g909        | A ^ -> Y v     | sky130_fd_sc_hd__inv_1     | 0.070 |   3.997 |    4.101 | 
     | WALLACE_CSA_DUMMY_OP_groupi_g907        | A2 v -> Y ^    | sky130_fd_sc_hd__o21ai_2   | 0.124 |   4.121 |    4.225 | 
     | WALLACE_CSA_DUMMY_OP_groupi_g906        | CIN ^ -> SUM v | sky130_fd_sc_hd__fa_1      | 0.429 |   4.550 |    4.654 | 
     | g189103                                 | B v -> Y ^     | sky130_fd_sc_hd__nor4_1    | 0.422 |   4.972 |    5.075 | 
     | g188240                                 | A ^ -> X ^     | sky130_fd_sc_hd__and2_1    | 0.194 |   5.166 |    5.270 | 
     | u_tFAW_tracker_act_count_reg[0]         | D ^            | sky130_fd_sc_hd__dfrtp_1   | 0.000 |   5.166 |    5.270 | 
     +--------------------------------------------------------------------------------------------------------------------+ 

