###############################################################
#  Generated by:      Cadence Innovus 23.13-s082_1
#  OS:                Linux x86_64(Host ID n01-zeus.olympus.ece.tamu.edu)
#  Generated on:      Mon Sep 28 17:58:54 2026
#  Design:            ddr4_controller_top
#  Command:           report_timing -early -max_paths 10 > $REPORTS_DIR/hold_postroute.rpt
###############################################################
Path 1: VIOLATED Hold Check with Pin u_request_queue_req_mem_reg[1][wdata][7]/
CLK 
Endpoint:   u_request_queue_req_mem_reg[1][wdata][7]/D (^) checked with  
leading edge of 'clk'
Beginpoint: txn_wdata[7]                               (^) triggered by  
leading edge of 'clk'
Path Groups: {clk}
Analysis View: VIEW_TYP
Other End Arrival Time          0.047
+ Hold                          0.008
+ Phase Shift                   0.000
+ Uncertainty                   0.100
= Required Time                 0.155
  Arrival Time                  0.112
  Slack Time                   -0.042
     Clock Rise Edge                      0.000
     + Input Delay                        0.000
     = Beginpoint Arrival Time            0.000
     +-------------------------------------------------------------------------------------------------------------------+ 
     |                 Instance                 |      Arc       |           Cell           | Delay | Arrival | Required | 
     |                                          |                |                          |       |  Time   |   Time   | 
     |------------------------------------------+----------------+--------------------------+-------+---------+----------| 
     |                                          | txn_wdata[7] ^ |                          |       |   0.000 |    0.042 | 
     | g183423__6783                            | A2 ^ -> X ^    | sky130_fd_sc_hd__a22o_1  | 0.112 |   0.112 |    0.155 | 
     | u_request_queue_req_mem_reg[1][wdata][7] | D ^            | sky130_fd_sc_hd__dfxtp_1 | 0.000 |   0.112 |    0.155 | 
     +-------------------------------------------------------------------------------------------------------------------+ 
Path 2: VIOLATED Hold Check with Pin u_request_queue_req_mem_reg[0][wdata][21]/
CLK 
Endpoint:   u_request_queue_req_mem_reg[0][wdata][21]/D (^) checked with  
leading edge of 'clk'
Beginpoint: txn_wdata[21]                               (^) triggered by  
leading edge of 'clk'
Path Groups: {clk}
Analysis View: VIEW_TYP
Other End Arrival Time          0.044
+ Hold                          0.008
+ Phase Shift                   0.000
+ Uncertainty                   0.100
= Required Time                 0.153
  Arrival Time                  0.112
  Slack Time                   -0.041
     Clock Rise Edge                      0.000
     + Input Delay                        0.000
     = Beginpoint Arrival Time            0.000
     +---------------------------------------------------------------------------------------------------------------------+ 
     |                 Instance                  |       Arc       |           Cell           | Delay | Arrival | Required | 
     |                                           |                 |                          |       |  Time   |   Time   | 
     |-------------------------------------------+-----------------+--------------------------+-------+---------+----------| 
     |                                           | txn_wdata[21] ^ |                          |       |   0.000 |    0.041 | 
     | g183398__2802                             | A2 ^ -> X ^     | sky130_fd_sc_hd__a22o_1  | 0.112 |   0.112 |    0.152 | 
     | u_request_queue_req_mem_reg[0][wdata][21] | D ^             | sky130_fd_sc_hd__dfxtp_1 | 0.000 |   0.112 |    0.153 | 
     +---------------------------------------------------------------------------------------------------------------------+ 
Path 3: VIOLATED Hold Check with Pin u_request_queue_req_mem_reg[0][wdata][14]/
CLK 
Endpoint:   u_request_queue_req_mem_reg[0][wdata][14]/D (^) checked with  
leading edge of 'clk'
Beginpoint: txn_wdata[14]                               (^) triggered by  
leading edge of 'clk'
Path Groups: {clk}
Analysis View: VIEW_TYP
Other End Arrival Time          0.044
+ Hold                          0.008
+ Phase Shift                   0.000
+ Uncertainty                   0.100
= Required Time                 0.153
  Arrival Time                  0.112
  Slack Time                   -0.041
     Clock Rise Edge                      0.000
     + Input Delay                        0.000
     = Beginpoint Arrival Time            0.000
     +---------------------------------------------------------------------------------------------------------------------+ 
     |                 Instance                  |       Arc       |           Cell           | Delay | Arrival | Required | 
     |                                           |                 |                          |       |  Time   |   Time   | 
     |-------------------------------------------+-----------------+--------------------------+-------+---------+----------| 
     |                                           | txn_wdata[14] ^ |                          |       |   0.000 |    0.041 | 
     | g183391__6260                             | A2 ^ -> X ^     | sky130_fd_sc_hd__a22o_1  | 0.112 |   0.112 |    0.152 | 
     | u_request_queue_req_mem_reg[0][wdata][14] | D ^             | sky130_fd_sc_hd__dfxtp_1 | 0.000 |   0.112 |    0.153 | 
     +---------------------------------------------------------------------------------------------------------------------+ 
Path 4: VIOLATED Hold Check with Pin u_request_queue_req_mem_reg[0][wdata][7]/
CLK 
Endpoint:   u_request_queue_req_mem_reg[0][wdata][7]/D (^) checked with  
leading edge of 'clk'
Beginpoint: txn_wdata[7]                               (^) triggered by  
leading edge of 'clk'
Path Groups: {clk}
Analysis View: VIEW_TYP
Other End Arrival Time          0.047
+ Hold                          0.008
+ Phase Shift                   0.000
+ Uncertainty                   0.100
= Required Time                 0.154
  Arrival Time                  0.114
  Slack Time                   -0.040
     Clock Rise Edge                      0.000
     + Input Delay                        0.000
     = Beginpoint Arrival Time            0.000
     +-------------------------------------------------------------------------------------------------------------------+ 
     |                 Instance                 |      Arc       |           Cell           | Delay | Arrival | Required | 
     |                                          |                |                          |       |  Time   |   Time   | 
     |------------------------------------------+----------------+--------------------------+-------+---------+----------| 
     |                                          | txn_wdata[7] ^ |                          |       |   0.000 |    0.040 | 
     | g183384__2346                            | A2 ^ -> X ^    | sky130_fd_sc_hd__a22o_1  | 0.114 |   0.114 |    0.154 | 
     | u_request_queue_req_mem_reg[0][wdata][7] | D ^            | sky130_fd_sc_hd__dfxtp_1 | 0.000 |   0.114 |    0.154 | 
     +-------------------------------------------------------------------------------------------------------------------+ 
Path 5: VIOLATED Hold Check with Pin u_request_queue_req_mem_reg[0][wdata][26]/
CLK 
Endpoint:   u_request_queue_req_mem_reg[0][wdata][26]/D (^) checked with  
leading edge of 'clk'
Beginpoint: txn_wdata[26]                               (^) triggered by  
leading edge of 'clk'
Path Groups: {clk}
Analysis View: VIEW_TYP
Other End Arrival Time          0.043
+ Hold                          0.008
+ Phase Shift                   0.000
+ Uncertainty                   0.100
= Required Time                 0.151
  Arrival Time                  0.112
  Slack Time                   -0.039
     Clock Rise Edge                      0.000
     + Input Delay                        0.000
     = Beginpoint Arrival Time            0.000
     +---------------------------------------------------------------------------------------------------------------------+ 
     |                 Instance                  |       Arc       |           Cell           | Delay | Arrival | Required | 
     |                                           |                 |                          |       |  Time   |   Time   | 
     |-------------------------------------------+-----------------+--------------------------+-------+---------+----------| 
     |                                           | txn_wdata[26] ^ |                          |       |   0.000 |    0.039 | 
     | g183403__6131                             | A2 ^ -> X ^     | sky130_fd_sc_hd__a22o_1  | 0.112 |   0.112 |    0.151 | 
     | u_request_queue_req_mem_reg[0][wdata][26] | D ^             | sky130_fd_sc_hd__dfxtp_1 | 0.000 |   0.112 |    0.151 | 
     +---------------------------------------------------------------------------------------------------------------------+ 
Path 6: VIOLATED Hold Check with Pin u_request_queue_req_mem_reg[3][wdata][25]/
CLK 
Endpoint:   u_request_queue_req_mem_reg[3][wdata][25]/D (^) checked with  
leading edge of 'clk'
Beginpoint: txn_wdata[25]                               (^) triggered by  
leading edge of 'clk'
Path Groups: {clk}
Analysis View: VIEW_TYP
Other End Arrival Time          0.044
+ Hold                          0.008
+ Phase Shift                   0.000
+ Uncertainty                   0.100
= Required Time                 0.152
  Arrival Time                  0.114
  Slack Time                   -0.039
     Clock Rise Edge                      0.000
     + Input Delay                        0.000
     = Beginpoint Arrival Time            0.000
     +---------------------------------------------------------------------------------------------------------------------+ 
     |                 Instance                  |       Arc       |           Cell           | Delay | Arrival | Required | 
     |                                           |                 |                          |       |  Time   |   Time   | 
     |-------------------------------------------+-----------------+--------------------------+-------+---------+----------| 
     |                                           | txn_wdata[25] ^ |                          |       |   0.000 |    0.039 | 
     | g183363__6260                             | A2 ^ -> X ^     | sky130_fd_sc_hd__a22o_1  | 0.114 |   0.114 |    0.152 | 
     | u_request_queue_req_mem_reg[3][wdata][25] | D ^             | sky130_fd_sc_hd__dfxtp_1 | 0.000 |   0.114 |    0.152 | 
     +---------------------------------------------------------------------------------------------------------------------+ 
Path 7: VIOLATED Hold Check with Pin u_request_queue_req_mem_reg[1][wdata][14]/
CLK 
Endpoint:   u_request_queue_req_mem_reg[1][wdata][14]/D (^) checked with  
leading edge of 'clk'
Beginpoint: txn_wdata[14]                               (^) triggered by  
leading edge of 'clk'
Path Groups: {clk}
Analysis View: VIEW_TYP
Other End Arrival Time          0.044
+ Hold                          0.008
+ Phase Shift                   0.000
+ Uncertainty                   0.100
= Required Time                 0.152
  Arrival Time                  0.114
  Slack Time                   -0.038
     Clock Rise Edge                      0.000
     + Input Delay                        0.000
     = Beginpoint Arrival Time            0.000
     +---------------------------------------------------------------------------------------------------------------------+ 
     |                 Instance                  |       Arc       |           Cell           | Delay | Arrival | Required | 
     |                                           |                 |                          |       |  Time   |   Time   | 
     |-------------------------------------------+-----------------+--------------------------+-------+---------+----------| 
     |                                           | txn_wdata[14] ^ |                          |       |   0.000 |    0.038 | 
     | g183430__7098                             | A2 ^ -> X ^     | sky130_fd_sc_hd__a22o_1  | 0.114 |   0.114 |    0.152 | 
     | u_request_queue_req_mem_reg[1][wdata][14] | D ^             | sky130_fd_sc_hd__dfxtp_1 | 0.000 |   0.114 |    0.152 | 
     +---------------------------------------------------------------------------------------------------------------------+ 
Path 8: VIOLATED Hold Check with Pin u_request_queue_req_mem_reg[3][wdata][19]/
CLK 
Endpoint:   u_request_queue_req_mem_reg[3][wdata][19]/D (^) checked with  
leading edge of 'clk'
Beginpoint: txn_wdata[19]                               (^) triggered by  
leading edge of 'clk'
Path Groups: {clk}
Analysis View: VIEW_TYP
Other End Arrival Time          0.044
+ Hold                          0.007
+ Phase Shift                   0.000
+ Uncertainty                   0.100
= Required Time                 0.152
  Arrival Time                  0.114
  Slack Time                   -0.038
     Clock Rise Edge                      0.000
     + Input Delay                        0.000
     = Beginpoint Arrival Time            0.000
     +---------------------------------------------------------------------------------------------------------------------+ 
     |                 Instance                  |       Arc       |           Cell           | Delay | Arrival | Required | 
     |                                           |                 |                          |       |  Time   |   Time   | 
     |-------------------------------------------+-----------------+--------------------------+-------+---------+----------| 
     |                                           | txn_wdata[19] ^ |                          |       |   0.000 |    0.038 | 
     | g183357__1666                             | A2 ^ -> X ^     | sky130_fd_sc_hd__a22o_1  | 0.114 |   0.114 |    0.152 | 
     | u_request_queue_req_mem_reg[3][wdata][19] | D ^             | sky130_fd_sc_hd__dfxtp_1 | 0.000 |   0.114 |    0.152 | 
     +---------------------------------------------------------------------------------------------------------------------+ 
Path 9: VIOLATED Hold Check with Pin u_request_queue_req_mem_reg[1][wdata][20]/
CLK 
Endpoint:   u_request_queue_req_mem_reg[1][wdata][20]/D (^) checked with  
leading edge of 'clk'
Beginpoint: txn_wdata[20]                               (^) triggered by  
leading edge of 'clk'
Path Groups: {clk}
Analysis View: VIEW_TYP
Other End Arrival Time          0.042
+ Hold                          0.008
+ Phase Shift                   0.000
+ Uncertainty                   0.100
= Required Time                 0.150
  Arrival Time                  0.112
  Slack Time                   -0.038
     Clock Rise Edge                      0.000
     + Input Delay                        0.000
     = Beginpoint Arrival Time            0.000
     +---------------------------------------------------------------------------------------------------------------------+ 
     |                 Instance                  |       Arc       |           Cell           | Delay | Arrival | Required | 
     |                                           |                 |                          |       |  Time   |   Time   | 
     |-------------------------------------------+-----------------+--------------------------+-------+---------+----------| 
     |                                           | txn_wdata[20] ^ |                          |       |   0.000 |    0.038 | 
     | g183436__6161                             | A2 ^ -> X ^     | sky130_fd_sc_hd__a22o_1  | 0.112 |   0.112 |    0.150 | 
     | u_request_queue_req_mem_reg[1][wdata][20] | D ^             | sky130_fd_sc_hd__dfxtp_1 | 0.000 |   0.112 |    0.150 | 
     +---------------------------------------------------------------------------------------------------------------------+ 
Path 10: VIOLATED Hold Check with Pin u_request_queue_req_mem_reg[1][wdata][25]/
CLK 
Endpoint:   u_request_queue_req_mem_reg[1][wdata][25]/D (^) checked with  
leading edge of 'clk'
Beginpoint: txn_wdata[25]                               (^) triggered by  
leading edge of 'clk'
Path Groups: {clk}
Analysis View: VIEW_TYP
Other End Arrival Time          0.042
+ Hold                          0.008
+ Phase Shift                   0.000
+ Uncertainty                   0.100
= Required Time                 0.150
  Arrival Time                  0.112
  Slack Time                   -0.038
     Clock Rise Edge                      0.000
     + Input Delay                        0.000
     = Beginpoint Arrival Time            0.000
     +---------------------------------------------------------------------------------------------------------------------+ 
     |                 Instance                  |       Arc       |           Cell           | Delay | Arrival | Required | 
     |                                           |                 |                          |       |  Time   |   Time   | 
     |-------------------------------------------+-----------------+--------------------------+-------+---------+----------| 
     |                                           | txn_wdata[25] ^ |                          |       |   0.000 |    0.038 | 
     | g183441__1666                             | A2 ^ -> X ^     | sky130_fd_sc_hd__a22o_1  | 0.112 |   0.112 |    0.150 | 
     | u_request_queue_req_mem_reg[1][wdata][25] | D ^             | sky130_fd_sc_hd__dfxtp_1 | 0.000 |   0.112 |    0.150 | 
     +---------------------------------------------------------------------------------------------------------------------+ 

