
Power Net Detected:
        Voltage	    Name
             0V	    VSS
           1.8V	    VDD
Using Power View: VIEW_TYP.
Load RC corner of view VIEW_TYP

Begin Power Analysis

             0V	    VSS
           1.8V	    VDD

Begin Processing Timing Library for Power Calculation

Ended Processing Timing Library for Power Calculation: (cpu=0:00:00, real=0:00:00, mem(process/total/peak)=2784.63MB/5103.11MB/2784.63MB)



Begin Processing Power Net/Grid for Power Calculation

Ended Processing Power Net/Grid for Power Calculation: (cpu=0:00:00, real=0:00:00, mem(process/total/peak)=2784.63MB/5103.11MB/2784.63MB)

Begin Processing Timing Window Data for Power Calculation

clk(250MHz) CK: assigning clock clk to net clk
Ended Processing Timing Window Data for Power Calculation: (cpu=0:00:00, real=0:00:00, mem(process/total/peak)=2786.66MB/5103.11MB/2786.66MB)

Begin Processing User Attributes

Ended Processing User Attributes: (cpu=0:00:00, real=0:00:00, mem(process/total/peak)=2786.90MB/5103.11MB/2786.90MB)

Begin Processing Signal Activity


Starting Levelizing
2026-Sep-28 17:58:53 (2026-Sep-28 22:58:53 GMT)
2026-Sep-28 17:58:53 (2026-Sep-28 22:58:53 GMT): 10%
2026-Sep-28 17:58:53 (2026-Sep-28 22:58:53 GMT): 20%
2026-Sep-28 17:58:53 (2026-Sep-28 22:58:53 GMT): 30%
2026-Sep-28 17:58:53 (2026-Sep-28 22:58:53 GMT): 40%
2026-Sep-28 17:58:53 (2026-Sep-28 22:58:53 GMT): 50%
2026-Sep-28 17:58:53 (2026-Sep-28 22:58:53 GMT): 60%
2026-Sep-28 17:58:53 (2026-Sep-28 22:58:53 GMT): 70%
2026-Sep-28 17:58:53 (2026-Sep-28 22:58:53 GMT): 80%
2026-Sep-28 17:58:53 (2026-Sep-28 22:58:53 GMT): 90%

Finished Levelizing
2026-Sep-28 17:58:53 (2026-Sep-28 22:58:53 GMT)

Starting Activity Propagation
2026-Sep-28 17:58:53 (2026-Sep-28 22:58:53 GMT)
2026-Sep-28 17:58:53 (2026-Sep-28 22:58:53 GMT): 10%
2026-Sep-28 17:58:53 (2026-Sep-28 22:58:53 GMT): 20%

Finished Activity Propagation
2026-Sep-28 17:58:53 (2026-Sep-28 22:58:53 GMT)
Ended Processing Signal Activity: (cpu=0:00:00, real=0:00:00, mem(process/total/peak)=2787.97MB/5103.11MB/2787.97MB)

Begin Power Computation

      ----------------------------------------------------------
      # of cell(s) missing both power/leakage table: 0
      # of cell(s) missing power table: 0
      # of cell(s) missing leakage table: 0
      ----------------------------------------------------------



Starting Calculating power
2026-Sep-28 17:58:53 (2026-Sep-28 22:58:53 GMT)
 ... Calculating switching power
2026-Sep-28 17:58:53 (2026-Sep-28 22:58:53 GMT): 10%
2026-Sep-28 17:58:53 (2026-Sep-28 22:58:53 GMT): 20%
2026-Sep-28 17:58:53 (2026-Sep-28 22:58:53 GMT): 30%
2026-Sep-28 17:58:53 (2026-Sep-28 22:58:53 GMT): 40%
2026-Sep-28 17:58:53 (2026-Sep-28 22:58:53 GMT): 50%
 ... Calculating internal and leakage power
2026-Sep-28 17:58:53 (2026-Sep-28 22:58:53 GMT): 60%
2026-Sep-28 17:58:53 (2026-Sep-28 22:58:53 GMT): 70%
2026-Sep-28 17:58:53 (2026-Sep-28 22:58:53 GMT): 80%
2026-Sep-28 17:58:54 (2026-Sep-28 22:58:54 GMT): 90%

Finished Calculating power
2026-Sep-28 17:58:54 (2026-Sep-28 22:58:54 GMT)
      # of MSMV cell(s) missing power_level: 0
Ended Power Computation: (cpu=0:00:00, real=0:00:00, mem(process/total/peak)=2789.57MB/5103.11MB/2789.57MB)

Begin Processing User Attributes

Begin Processing set_power
Ended Processing set_power: (cpu=0:00:00, real=0:00:00,
mem(process/total/peak)=2789.57MB/5103.11MB/2789.57MB)
Ended Processing User Attributes: (cpu=0:00:00, real=0:00:00, mem(process/total/peak)=2789.57MB/5103.11MB/2789.57MB)

Ended Power Analysis: (cpu=0:00:01, real=0:00:01, mem(process/total/peak)=2789.57MB/5103.11MB/2789.57MB)

Begin Boundary Leakage Calculation
Ended Boundary Leakage Calculation: (cpu=0:00:00, real=0:00:00,
mem(process/total/peak)=2789.64MB/5103.11MB/2789.64MB)
Begin Static Power Report Generation
*----------------------------------------------------------------------------------------
*	Innovus 23.13-s082_1 (64bit) 11/13/2024 13:42 (Linux 3.10.0-693.el7.x86_64)
*	
*
* 	Date & Time:	2026-Sep-28 17:58:54 (2026-Sep-28 22:58:54 GMT)
*
*----------------------------------------------------------------------------------------
*
*	Design: ddr4_controller_top
*
*	Liberty Libraries used:
*	        VIEW_TYP: /home/ugrads/a/antgamez1203/capstone/build_GDSII_recovery_5f893fb8_250MHz_01/db/06_final.enc.dat/libs/mmmc/sky130_fd_sc_hd__tt_025C_1v80.lib
*
*	Parasitic Files used:
*
*       Power View : VIEW_TYP
*
*       User-Defined Activity : N.A.
*
*       Activity File: N.A.
*
*       Hierarchical Global Activity: N.A.
*
*       Global Activity: N.A.
*
*       Sequential Element Activity: 0.200000
*
*       Primary Input Activity: 0.200000
*
*       Default icg ratio: N.A.
*
*       Global Comb ClockGate Ratio: N.A.
*
*	Power Units = 1W
*
*	Time Units = 1e-09 secs
*
*       report_power
*
-----------------------------------------------------------------------------------------
*



Total Power
-----------------------------------------------------------------------------------------
Total Internal Power:        0.02968261 	   70.2997%
Total Switching Power:       0.01254031 	   29.7002%
Total Leakage Power:         0.00000003 	    0.0001%
Total Power:                 0.04222295
-----------------------------------------------------------------------------------------


Group                           Internal   Switching     Leakage       Total  Percentage 
                                Power      Power         Power         Power  (%)        
-----------------------------------------------------------------------------------------
Sequential                       0.02627    0.001507    1.99e-08     0.02778       65.79
Macro                                  0           0           0           0           0
IO                                     0           0           0           0           0
Combinational                   0.003027     0.00489    1.01e-08    0.007917       18.75
Clock (Combinational)          0.0003821    0.006144   2.181e-10    0.006526       15.46
Clock (Sequential)                     0           0           0           0           0
-----------------------------------------------------------------------------------------
Total                            0.02968     0.01254   3.021e-08     0.04222         100
-----------------------------------------------------------------------------------------


Rail                  Voltage   Internal   Switching     Leakage       Total  Percentage 
                                Power      Power         Power         Power  (%)        
-----------------------------------------------------------------------------------------
VDD                       1.8    0.02968     0.01254   3.021e-08     0.04222         100


Clock                           Internal   Switching     Leakage       Total  Percentage 
                                Power      Power         Power         Power  (%)        
-----------------------------------------------------------------------------------------
clk                            0.0003821    0.006144   2.181e-10    0.006526       15.46
-----------------------------------------------------------------------------------------
Total                          0.0003821    0.006144   2.181e-10    0.006526       15.46
-----------------------------------------------------------------------------------------
Clock: clk
Clock Period: 0.004000 usec 
Clock Toggle Rate:   500.0000 Mhz 
Clock Static Probability:  0.6250
  
 
 
-----------------------------------------------------------------------------------------
*	Power Distribution Summary: 
*              Highest Average Power:       CTS_ccl_a_inv_00003 (sky130_fd_sc_hd__clkinv_8):        0.0002567
*              Highest Leakage Power:               FE_RC_322_0 (sky130_fd_sc_hd__a22oi_4):        3.111e-11
*                Total Cap:      9.63552e-11 F
*                Total instances in design:  7061
*                Total instances in design with no power:     0
*                Total instances in design with no activty:     0

*                Total Fillers and Decap:     0
-----------------------------------------------------------------------------------------
 
** INFO:  (VOLTUS_POWR-3465): There are 0 decaps and 0 fillers in the design

Ended Static Power Report Generation: (cpu=0:00:00, real=0:00:00,
mem(process/total/peak)=2790.83MB/5103.11MB/2790.83MB)

Power Units: W
