###############################################################
#  Generated by:      Cadence Innovus 23.13-s082_1
#  OS:                Linux x86_64(Host ID n01-zeus.olympus.ece.tamu.edu)
#  Generated on:      Mon Sep 28 17:54:48 2026
#  Design:            ddr4_controller_top
#  Command:           report_timing -max_paths 10 > $REPORTS_DIR/timing_postroute.rpt
###############################################################
Path 1: VIOLATED Setup Check with Pin rsp_rdata_q_reg[16]/CLK 
Endpoint:   rsp_rdata_q_reg[16]/D   (v) checked with  leading edge of 'clk'
Beginpoint: service_addr_q_reg[0]/Q (v) triggered by  leading edge of 'clk'
Path Groups: {clk}
Analysis View: VIEW_TYP
Other End Arrival Time          0.369
- Setup                         0.072
+ Phase Shift                   4.000
- Uncertainty                   0.100
= Required Time                 4.198
- Arrival Time                  4.409
= Slack Time                   -0.211
     Clock Rise Edge                 0.000
     + Clock Network Latency (Prop)  0.031
     = Beginpoint Arrival Time       0.031
     +-----------------------------------------------------------------------------------------------+ 
     |       Instance        |     Arc      |           Cell            | Delay | Arrival | Required | 
     |                       |              |                           |       |  Time   |   Time   | 
     |-----------------------+--------------+---------------------------+-------+---------+----------| 
     | service_addr_q_reg[0] | CLK ^        |                           |       |   0.031 |   -0.179 | 
     | service_addr_q_reg[0] | CLK ^ -> Q v | sky130_fd_sc_hd__dfxtp_1  | 0.477 |   0.509 |    0.298 | 
     | g189593               | B v -> X v   | sky130_fd_sc_hd__and2_4   | 0.266 |   0.775 |    0.564 | 
     | FE_OFC127_n_15        | A v -> X v   | sky130_fd_sc_hd__buf_6    | 0.288 |   1.063 |    0.852 | 
     | FE_OFC201_n_15        | A v -> X v   | sky130_fd_sc_hd__buf_4    | 0.619 |   1.682 |    1.471 | 
     | g189211               | B1 v -> X v  | sky130_fd_sc_hd__a22o_1   | 0.335 |   2.017 |    1.806 | 
     | g188318               | C1 v -> Y ^  | sky130_fd_sc_hd__a221oi_1 | 0.235 |   2.252 |    2.041 | 
     | g188016               | B2 ^ -> Y v  | sky130_fd_sc_hd__o22ai_1  | 0.130 |   2.382 |    2.171 | 
     | g185829__7098         | C1 v -> Y ^  | sky130_fd_sc_hd__a221oi_1 | 0.750 |   3.133 |    2.922 | 
     | g183594__6417         | D ^ -> Y v   | sky130_fd_sc_hd__nand4_1  | 0.323 |   3.455 |    3.244 | 
     | g183305__2398         | A1 v -> Y ^  | sky130_fd_sc_hd__a22oi_1  | 0.857 |   4.312 |    4.102 | 
     | g183077__4733         | A ^ -> Y v   | sky130_fd_sc_hd__nand2_1  | 0.096 |   4.409 |    4.198 | 
     | rsp_rdata_q_reg[16]   | D v          | sky130_fd_sc_hd__dfxtp_1  | 0.000 |   4.409 |    4.198 | 
     +-----------------------------------------------------------------------------------------------+ 
Path 2: VIOLATED Setup Check with Pin rsp_rdata_q_reg[25]/CLK 
Endpoint:   rsp_rdata_q_reg[25]/D   (v) checked with  leading edge of 'clk'
Beginpoint: service_addr_q_reg[3]/Q (^) triggered by  leading edge of 'clk'
Path Groups: {clk}
Analysis View: VIEW_TYP
Other End Arrival Time          0.373
- Setup                         0.084
+ Phase Shift                   4.000
- Uncertainty                   0.100
= Required Time                 4.189
- Arrival Time                  4.397
= Slack Time                   -0.208
     Clock Rise Edge                 0.000
     + Clock Network Latency (Prop)  0.034
     = Beginpoint Arrival Time       0.034
     +-----------------------------------------------------------------------------------------------+ 
     |       Instance        |     Arc      |           Cell            | Delay | Arrival | Required | 
     |                       |              |                           |       |  Time   |   Time   | 
     |-----------------------+--------------+---------------------------+-------+---------+----------| 
     | service_addr_q_reg[3] | CLK ^        |                           |       |   0.034 |   -0.174 | 
     | service_addr_q_reg[3] | CLK ^ -> Q ^ | sky130_fd_sc_hd__dfxbp_1  | 0.686 |   0.720 |    0.512 | 
     | g189591               | A ^ -> X ^   | sky130_fd_sc_hd__or2_2    | 0.601 |   1.321 |    1.113 | 
     | FE_OFC203_n_44        | A ^ -> Y v   | sky130_fd_sc_hd__inv_2    | 0.210 |   1.531 |    1.323 | 
     | g189309               | A v -> X v   | sky130_fd_sc_hd__and2_4   | 0.447 |   1.979 |    1.770 | 
     | g185865__9945         | B1 v -> Y ^  | sky130_fd_sc_hd__a221oi_1 | 0.853 |   2.832 |    2.624 | 
     | g183630__6783         | A ^ -> Y v   | sky130_fd_sc_hd__nand4_1  | 0.309 |   3.141 |    2.933 | 
     | g183325__9315         | A2 v -> Y ^  | sky130_fd_sc_hd__a22oi_1  | 1.129 |   4.270 |    4.062 | 
     | g183097__1705         | B ^ -> Y v   | sky130_fd_sc_hd__nand2_1  | 0.127 |   4.397 |    4.189 | 
     | rsp_rdata_q_reg[25]   | D v          | sky130_fd_sc_hd__dfxtp_1  | 0.000 |   4.397 |    4.189 | 
     +-----------------------------------------------------------------------------------------------+ 
Path 3: VIOLATED Setup Check with Pin rsp_rdata_q_reg[13]/CLK 
Endpoint:   rsp_rdata_q_reg[13]/D   (v) checked with  leading edge of 'clk'
Beginpoint: service_addr_q_reg[0]/Q (^) triggered by  leading edge of 'clk'
Path Groups: {clk}
Analysis View: VIEW_TYP
Other End Arrival Time          0.343
- Setup                         0.070
+ Phase Shift                   4.000
- Uncertainty                   0.100
= Required Time                 4.173
- Arrival Time                  4.344
= Slack Time                   -0.171
     Clock Rise Edge                 0.000
     + Clock Network Latency (Prop)  0.031
     = Beginpoint Arrival Time       0.031
     +-----------------------------------------------------------------------------------------------+ 
     |       Instance        |     Arc      |           Cell            | Delay | Arrival | Required | 
     |                       |              |                           |       |  Time   |   Time   | 
     |-----------------------+--------------+---------------------------+-------+---------+----------| 
     | service_addr_q_reg[0] | CLK ^        |                           |       |   0.031 |   -0.139 | 
     | service_addr_q_reg[0] | CLK ^ -> Q ^ | sky130_fd_sc_hd__dfxtp_1  | 0.567 |   0.599 |    0.428 | 
     | g189616               | A ^ -> Y v   | sky130_fd_sc_hd__inv_2    | 0.078 |   0.677 |    0.506 | 
     | g189595               | A v -> Y ^   | sky130_fd_sc_hd__nand2_2  | 0.101 |   0.777 |    0.607 | 
     | FE_OFC60_n_10         | A ^ -> Y v   | sky130_fd_sc_hd__inv_6    | 0.166 |   0.943 |    0.773 | 
     | FE_OFC62_n_10         | A v -> Y ^   | sky130_fd_sc_hd__inv_2    | 0.189 |   1.132 |    0.962 | 
     | FE_OFC63_n_10         | A ^ -> Y v   | sky130_fd_sc_hd__inv_8    | 0.146 |   1.278 |    1.108 | 
     | FE_OFC64_n_10         | A v -> X v   | sky130_fd_sc_hd__buf_12   | 0.352 |   1.631 |    1.460 | 
     | g189161               | A1 v -> X v  | sky130_fd_sc_hd__a22o_1   | 0.274 |   1.905 |    1.734 | 
     | g188351               | C1 v -> Y ^  | sky130_fd_sc_hd__a221oi_1 | 0.358 |   2.263 |    2.093 | 
     | g188085               | A2 ^ -> Y v  | sky130_fd_sc_hd__o22ai_1  | 0.156 |   2.419 |    2.248 | 
     | g185816__2398         | C1 v -> Y ^  | sky130_fd_sc_hd__a221oi_1 | 0.661 |   3.080 |    2.910 | 
     | g183581__7098         | B ^ -> Y v   | sky130_fd_sc_hd__nand4_1  | 0.334 |   3.415 |    3.244 | 
     | g183317__8246         | B1 v -> Y ^  | sky130_fd_sc_hd__a22oi_1  | 0.408 |   3.822 |    3.652 | 
     | FE_PSBC233_n_3985     | A ^ -> X ^   | sky130_fd_sc_hd__clkbuf_1 | 0.434 |   4.256 |    4.085 | 
     | g183103__5115         | A ^ -> Y v   | sky130_fd_sc_hd__nand2_1  | 0.088 |   4.344 |    4.173 | 
     | rsp_rdata_q_reg[13]   | D v          | sky130_fd_sc_hd__dfxtp_1  | 0.000 |   4.344 |    4.173 | 
     +-----------------------------------------------------------------------------------------------+ 
Path 4: VIOLATED Setup Check with Pin rsp_rdata_q_reg[27]/CLK 
Endpoint:   rsp_rdata_q_reg[27]/D   (v) checked with  leading edge of 'clk'
Beginpoint: service_addr_q_reg[2]/Q (^) triggered by  leading edge of 'clk'
Path Groups: {clk}
Analysis View: VIEW_TYP
Other End Arrival Time          0.374
- Setup                         0.091
+ Phase Shift                   4.000
- Uncertainty                   0.100
= Required Time                 4.183
- Arrival Time                  4.345
= Slack Time                   -0.162
     Clock Rise Edge                 0.000
     + Clock Network Latency (Prop)  0.035
     = Beginpoint Arrival Time       0.035
     +-----------------------------------------------------------------------------------------------+ 
     |       Instance        |     Arc      |           Cell            | Delay | Arrival | Required | 
     |                       |              |                           |       |  Time   |   Time   | 
     |-----------------------+--------------+---------------------------+-------+---------+----------| 
     | service_addr_q_reg[2] | CLK ^        |                           |       |   0.035 |   -0.127 | 
     | service_addr_q_reg[2] | CLK ^ -> Q ^ | sky130_fd_sc_hd__dfxtp_2  | 0.551 |   0.586 |    0.423 | 
     | g189596               | A ^ -> Y v   | sky130_fd_sc_hd__nor2_1   | 0.116 |   0.701 |    0.539 | 
     | FE_OFC77_n_36         | A v -> X v   | sky130_fd_sc_hd__buf_4    | 0.431 |   1.132 |    0.970 | 
     | FE_OFC80_n_36         | A v -> X v   | sky130_fd_sc_hd__buf_4    | 0.535 |   1.667 |    1.505 | 
     | g188419               | B1 v -> Y ^  | sky130_fd_sc_hd__a221oi_1 | 0.459 |   2.126 |    1.964 | 
     | g188049               | A2 ^ -> Y v  | sky130_fd_sc_hd__o22ai_1  | 0.132 |   2.259 |    2.096 | 
     | g185873__5107         | C1 v -> Y ^  | sky130_fd_sc_hd__a221oi_1 | 0.494 |   2.753 |    2.591 | 
     | g183638__6131         | A ^ -> Y v   | sky130_fd_sc_hd__nand4_1  | 0.339 |   3.091 |    2.929 | 
     | g183327__2883         | A1 v -> Y ^  | sky130_fd_sc_hd__a22oi_2  | 1.100 |   4.191 |    4.029 | 
     | g183098__5122         | B ^ -> Y v   | sky130_fd_sc_hd__nand2_1  | 0.154 |   4.345 |    4.183 | 
     | rsp_rdata_q_reg[27]   | D v          | sky130_fd_sc_hd__dfxtp_1  | 0.000 |   4.345 |    4.183 | 
     +-----------------------------------------------------------------------------------------------+ 
Path 5: VIOLATED Setup Check with Pin rsp_rdata_q_reg[14]/CLK 
Endpoint:   rsp_rdata_q_reg[14]/D   (v) checked with  leading edge of 'clk'
Beginpoint: service_addr_q_reg[2]/Q (^) triggered by  leading edge of 'clk'
Path Groups: {clk}
Analysis View: VIEW_TYP
Other End Arrival Time          0.374
- Setup                         0.086
+ Phase Shift                   4.000
- Uncertainty                   0.100
= Required Time                 4.188
- Arrival Time                  4.334
= Slack Time                   -0.146
     Clock Rise Edge                 0.000
     + Clock Network Latency (Prop)  0.035
     = Beginpoint Arrival Time       0.035
     +-----------------------------------------------------------------------------------------------+ 
     |       Instance        |     Arc      |           Cell            | Delay | Arrival | Required | 
     |                       |              |                           |       |  Time   |   Time   | 
     |-----------------------+--------------+---------------------------+-------+---------+----------| 
     | service_addr_q_reg[2] | CLK ^        |                           |       |   0.035 |   -0.111 | 
     | service_addr_q_reg[2] | CLK ^ -> Q ^ | sky130_fd_sc_hd__dfxtp_2  | 0.551 |   0.586 |    0.440 | 
     | g189594               | A ^ -> Y v   | sky130_fd_sc_hd__nor2_4   | 0.079 |   0.665 |    0.519 | 
     | FE_OFC218_n_38        | A v -> X v   | sky130_fd_sc_hd__buf_8    | 0.209 |   0.873 |    0.728 | 
     | FE_OFC220_n_38        | A v -> X v   | sky130_fd_sc_hd__clkbuf_1 | 0.517 |   1.390 |    1.245 | 
     | g188473               | A1 v -> Y ^  | sky130_fd_sc_hd__a221oi_1 | 0.602 |   1.992 |    1.847 | 
     | g188013               | A2 ^ -> Y v  | sky130_fd_sc_hd__o22ai_1  | 0.171 |   2.164 |    2.018 | 
     | g185821__5526         | C1 v -> Y ^  | sky130_fd_sc_hd__a221oi_1 | 0.733 |   2.897 |    2.751 | 
     | g183586__4733         | D ^ -> Y v   | sky130_fd_sc_hd__nand4_1  | 0.301 |   3.197 |    3.052 | 
     | g183318__7098         | A1 v -> Y ^  | sky130_fd_sc_hd__a22oi_2  | 0.995 |   4.193 |    4.047 | 
     | g183090__4319         | B ^ -> Y v   | sky130_fd_sc_hd__nand2_1  | 0.141 |   4.334 |    4.188 | 
     | rsp_rdata_q_reg[14]   | D v          | sky130_fd_sc_hd__dfxtp_1  | 0.000 |   4.334 |    4.188 | 
     +-----------------------------------------------------------------------------------------------+ 
Path 6: VIOLATED Setup Check with Pin rsp_rdata_q_reg[8]/CLK 
Endpoint:   rsp_rdata_q_reg[8]/D    (v) checked with  leading edge of 'clk'
Beginpoint: service_addr_q_reg[0]/Q (v) triggered by  leading edge of 'clk'
Path Groups: {clk}
Analysis View: VIEW_TYP
Other End Arrival Time          0.343
- Setup                         0.091
+ Phase Shift                   4.000
- Uncertainty                   0.100
= Required Time                 4.152
- Arrival Time                  4.282
= Slack Time                   -0.130
     Clock Rise Edge                 0.000
     + Clock Network Latency (Prop)  0.031
     = Beginpoint Arrival Time       0.031
     +-----------------------------------------------------------------------------------------------+ 
     |       Instance        |     Arc      |           Cell            | Delay | Arrival | Required | 
     |                       |              |                           |       |  Time   |   Time   | 
     |-----------------------+--------------+---------------------------+-------+---------+----------| 
     | service_addr_q_reg[0] | CLK ^        |                           |       |   0.031 |   -0.099 | 
     | service_addr_q_reg[0] | CLK ^ -> Q v | sky130_fd_sc_hd__dfxtp_1  | 0.477 |   0.509 |    0.379 | 
     | g189593               | B v -> X v   | sky130_fd_sc_hd__and2_4   | 0.266 |   0.775 |    0.645 | 
     | FE_OFC127_n_15        | A v -> X v   | sky130_fd_sc_hd__buf_6    | 0.288 |   1.063 |    0.933 | 
     | FE_OFC200_n_15        | A v -> X v   | sky130_fd_sc_hd__clkbuf_1 | 0.582 |   1.645 |    1.515 | 
     | g189137               | B1 v -> X v  | sky130_fd_sc_hd__a22o_1   | 0.314 |   1.959 |    1.829 | 
     | g188452               | C1 v -> Y ^  | sky130_fd_sc_hd__a221oi_1 | 0.310 |   2.269 |    2.139 | 
     | g188071               | B2 ^ -> Y v  | sky130_fd_sc_hd__o22ai_1  | 0.149 |   2.418 |    2.288 | 
     | g185796__1617         | C1 v -> Y ^  | sky130_fd_sc_hd__a221oi_1 | 0.373 |   2.792 |    2.662 | 
     | g183508__5526         | B ^ -> Y v   | sky130_fd_sc_hd__nand4_1  | 0.312 |   3.104 |    2.974 | 
     | g183314__2802         | B1 v -> Y ^  | sky130_fd_sc_hd__a22oi_1  | 1.058 |   4.161 |    4.031 | 
     | g183086__5477         | B ^ -> Y v   | sky130_fd_sc_hd__nand2_1  | 0.121 |   4.282 |    4.152 | 
     | rsp_rdata_q_reg[8]    | D v          | sky130_fd_sc_hd__dfxtp_1  | 0.000 |   4.282 |    4.152 | 
     +-----------------------------------------------------------------------------------------------+ 
Path 7: VIOLATED Setup Check with Pin rsp_rdata_q_reg[29]/CLK 
Endpoint:   rsp_rdata_q_reg[29]/D   (v) checked with  leading edge of 'clk'
Beginpoint: service_addr_q_reg[0]/Q (v) triggered by  leading edge of 'clk'
Path Groups: {clk}
Analysis View: VIEW_TYP
Other End Arrival Time          0.373
- Setup                         0.083
+ Phase Shift                   4.000
- Uncertainty                   0.100
= Required Time                 4.190
- Arrival Time                  4.317
= Slack Time                   -0.127
     Clock Rise Edge                 0.000
     + Clock Network Latency (Prop)  0.031
     = Beginpoint Arrival Time       0.031
     +-----------------------------------------------------------------------------------------------+ 
     |       Instance        |     Arc      |           Cell            | Delay | Arrival | Required | 
     |                       |              |                           |       |  Time   |   Time   | 
     |-----------------------+--------------+---------------------------+-------+---------+----------| 
     | service_addr_q_reg[0] | CLK ^        |                           |       |   0.031 |   -0.096 | 
     | service_addr_q_reg[0] | CLK ^ -> Q v | sky130_fd_sc_hd__dfxtp_1  | 0.477 |   0.509 |    0.381 | 
     | g189593               | B v -> X v   | sky130_fd_sc_hd__and2_4   | 0.266 |   0.775 |    0.647 | 
     | FE_OFC127_n_15        | A v -> X v   | sky130_fd_sc_hd__buf_6    | 0.288 |   1.063 |    0.936 | 
     | FE_OFC200_n_15        | A v -> X v   | sky130_fd_sc_hd__clkbuf_1 | 0.582 |   1.645 |    1.518 | 
     | g189223               | B1 v -> X v  | sky130_fd_sc_hd__a22o_1   | 0.318 |   1.963 |    1.836 | 
     | g188442               | C1 v -> Y ^  | sky130_fd_sc_hd__a221oi_1 | 0.354 |   2.317 |    2.190 | 
     | g188103               | B2 ^ -> Y v  | sky130_fd_sc_hd__o22ai_1  | 0.168 |   2.485 |    2.358 | 
     | g185880__1617         | C1 v -> Y ^  | sky130_fd_sc_hd__a221oi_1 | 0.329 |   2.814 |    2.687 | 
     | g183645__9945         | A ^ -> Y v   | sky130_fd_sc_hd__nand4_1  | 0.269 |   3.083 |    2.956 | 
     | g183329__1666         | B1 v -> Y ^  | sky130_fd_sc_hd__a22oi_1  | 1.131 |   4.215 |    4.087 | 
     | g183101__6131         | A ^ -> Y v   | sky130_fd_sc_hd__nand2_1  | 0.103 |   4.317 |    4.190 | 
     | rsp_rdata_q_reg[29]   | D v          | sky130_fd_sc_hd__dfxtp_1  | 0.000 |   4.317 |    4.190 | 
     +-----------------------------------------------------------------------------------------------+ 
Path 8: VIOLATED Setup Check with Pin rsp_rdata_q_reg[7]/CLK 
Endpoint:   rsp_rdata_q_reg[7]/D    (v) checked with  leading edge of 'clk'
Beginpoint: service_addr_q_reg[3]/Q (^) triggered by  leading edge of 'clk'
Path Groups: {clk}
Analysis View: VIEW_TYP
Other End Arrival Time          0.372
- Setup                         0.081
+ Phase Shift                   4.000
- Uncertainty                   0.100
= Required Time                 4.191
- Arrival Time                  4.291
= Slack Time                   -0.100
     Clock Rise Edge                 0.000
     + Clock Network Latency (Prop)  0.034
     = Beginpoint Arrival Time       0.034
     +-----------------------------------------------------------------------------------------------+ 
     |       Instance        |     Arc      |           Cell            | Delay | Arrival | Required | 
     |                       |              |                           |       |  Time   |   Time   | 
     |-----------------------+--------------+---------------------------+-------+---------+----------| 
     | service_addr_q_reg[3] | CLK ^        |                           |       |   0.034 |   -0.066 | 
     | service_addr_q_reg[3] | CLK ^ -> Q ^ | sky130_fd_sc_hd__dfxbp_1  | 0.686 |   0.720 |    0.620 | 
     | g189591               | A ^ -> X ^   | sky130_fd_sc_hd__or2_2    | 0.601 |   1.321 |    1.221 | 
     | FE_OFC203_n_44        | A ^ -> Y v   | sky130_fd_sc_hd__inv_2    | 0.210 |   1.531 |    1.431 | 
     | g189309               | A v -> X v   | sky130_fd_sc_hd__and2_4   | 0.447 |   1.979 |    1.879 | 
     | g185793__5526         | B1 v -> Y ^  | sky130_fd_sc_hd__a221oi_1 | 0.697 |   2.676 |    2.576 | 
     | FE_PSBC242_n_3592     | A ^ -> X ^   | sky130_fd_sc_hd__clkbuf_1 | 0.246 |   2.922 |    2.822 | 
     | g183511__1617         | A ^ -> Y v   | sky130_fd_sc_hd__nand4_1  | 0.141 |   3.064 |    2.964 | 
     | g183313__1617         | A1 v -> Y ^  | sky130_fd_sc_hd__a22oi_1  | 1.110 |   4.174 |    4.074 | 
     | g183085__6417         | B ^ -> Y v   | sky130_fd_sc_hd__nand2_1  | 0.118 |   4.291 |    4.191 | 
     | rsp_rdata_q_reg[7]    | D v          | sky130_fd_sc_hd__dfxtp_1  | 0.000 |   4.291 |    4.191 | 
     +-----------------------------------------------------------------------------------------------+ 
Path 9: VIOLATED Setup Check with Pin rsp_rdata_q_reg[5]/CLK 
Endpoint:   rsp_rdata_q_reg[5]/D    (v) checked with  leading edge of 'clk'
Beginpoint: service_addr_q_reg[0]/Q (v) triggered by  leading edge of 'clk'
Path Groups: {clk}
Analysis View: VIEW_TYP
Other End Arrival Time          0.343
- Setup                         0.069
+ Phase Shift                   4.000
- Uncertainty                   0.100
= Required Time                 4.174
- Arrival Time                  4.252
= Slack Time                   -0.078
     Clock Rise Edge                 0.000
     + Clock Network Latency (Prop)  0.031
     = Beginpoint Arrival Time       0.031
     +-----------------------------------------------------------------------------------------------+ 
     |       Instance        |     Arc      |           Cell            | Delay | Arrival | Required | 
     |                       |              |                           |       |  Time   |   Time   | 
     |-----------------------+--------------+---------------------------+-------+---------+----------| 
     | service_addr_q_reg[0] | CLK ^        |                           |       |   0.031 |   -0.046 | 
     | service_addr_q_reg[0] | CLK ^ -> Q v | sky130_fd_sc_hd__dfxtp_1  | 0.477 |   0.509 |    0.431 | 
     | g189593               | B v -> X v   | sky130_fd_sc_hd__and2_4   | 0.266 |   0.775 |    0.697 | 
     | FE_OFC127_n_15        | A v -> X v   | sky130_fd_sc_hd__buf_6    | 0.288 |   1.063 |    0.985 | 
     | FE_OFC200_n_15        | A v -> X v   | sky130_fd_sc_hd__clkbuf_1 | 0.582 |   1.645 |    1.567 | 
     | g189125               | B1 v -> X v  | sky130_fd_sc_hd__a22o_1   | 0.305 |   1.950 |    1.872 | 
     | g188524               | C1 v -> Y ^  | sky130_fd_sc_hd__a221oi_1 | 0.379 |   2.329 |    2.252 | 
     | g188067               | B2 ^ -> Y v  | sky130_fd_sc_hd__o22ai_1  | 0.179 |   2.508 |    2.431 | 
     | g185784__1666         | C1 v -> Y ^  | sky130_fd_sc_hd__a221oi_1 | 0.603 |   3.112 |    3.034 | 
     | g183520__7482         | B ^ -> Y v   | sky130_fd_sc_hd__nand4_1  | 0.268 |   3.379 |    3.302 | 
     | g183312__3680         | B1 v -> Y ^  | sky130_fd_sc_hd__a22oi_1  | 0.462 |   3.841 |    3.764 | 
     | FE_PSBC231_n_3990     | A ^ -> Y v   | sky130_fd_sc_hd__inv_2    | 0.102 |   3.943 |    3.865 | 
     | FE_PSBC230_n_3990     | A v -> Y ^   | sky130_fd_sc_hd__inv_2    | 0.220 |   4.163 |    4.086 | 
     | g183084__7410         | B ^ -> Y v   | sky130_fd_sc_hd__nand2_1  | 0.089 |   4.252 |    4.174 | 
     | rsp_rdata_q_reg[5]    | D v          | sky130_fd_sc_hd__dfxtp_1  | 0.000 |   4.252 |    4.174 | 
     +-----------------------------------------------------------------------------------------------+ 
Path 10: VIOLATED Setup Check with Pin rsp_rdata_q_reg[15]/CLK 
Endpoint:   rsp_rdata_q_reg[15]/D   (v) checked with  leading edge of 'clk'
Beginpoint: service_addr_q_reg[0]/Q (v) triggered by  leading edge of 'clk'
Path Groups: {clk}
Analysis View: VIEW_TYP
Other End Arrival Time          0.374
- Setup                         0.076
+ Phase Shift                   4.000
- Uncertainty                   0.100
= Required Time                 4.198
- Arrival Time                  4.274
= Slack Time                   -0.076
     Clock Rise Edge                 0.000
     + Clock Network Latency (Prop)  0.031
     = Beginpoint Arrival Time       0.031
     +-----------------------------------------------------------------------------------------------+ 
     |       Instance        |     Arc      |           Cell            | Delay | Arrival | Required | 
     |                       |              |                           |       |  Time   |   Time   | 
     |-----------------------+--------------+---------------------------+-------+---------+----------| 
     | service_addr_q_reg[0] | CLK ^        |                           |       |   0.031 |   -0.044 | 
     | service_addr_q_reg[0] | CLK ^ -> Q v | sky130_fd_sc_hd__dfxtp_1  | 0.477 |   0.509 |    0.433 | 
     | g189593               | B v -> X v   | sky130_fd_sc_hd__and2_4   | 0.266 |   0.775 |    0.699 | 
     | FE_OFC127_n_15        | A v -> X v   | sky130_fd_sc_hd__buf_6    | 0.288 |   1.063 |    0.987 | 
     | FE_OFC200_n_15        | A v -> X v   | sky130_fd_sc_hd__clkbuf_1 | 0.582 |   1.645 |    1.569 | 
     | g189243               | B1 v -> X v  | sky130_fd_sc_hd__a22o_1   | 0.318 |   1.963 |    1.887 | 
     | g188328               | C1 v -> Y ^  | sky130_fd_sc_hd__a221oi_1 | 0.321 |   2.284 |    2.208 | 
     | g188088               | B2 ^ -> Y v  | sky130_fd_sc_hd__o22ai_1  | 0.157 |   2.441 |    2.365 | 
     | g185824__1617         | C1 v -> Y ^  | sky130_fd_sc_hd__a221oi_1 | 0.311 |   2.752 |    2.676 | 
     | g183589__9945         | B ^ -> Y v   | sky130_fd_sc_hd__nand4_1  | 0.316 |   3.067 |    2.992 | 
     | g183319__6131         | B1 v -> Y ^  | sky130_fd_sc_hd__a22oi_1  | 1.085 |   4.152 |    4.076 | 
     | g183091__8428         | B ^ -> Y v   | sky130_fd_sc_hd__nand2_1  | 0.122 |   4.274 |    4.198 | 
     | rsp_rdata_q_reg[15]   | D v          | sky130_fd_sc_hd__dfxtp_1  | 0.000 |   4.274 |    4.198 | 
     +-----------------------------------------------------------------------------------------------+ 

