###############################################################
#  Generated by:      Cadence Innovus 23.13-s082_1
#  OS:                Linux x86_64(Host ID n01-zeus.olympus.ece.tamu.edu)
#  Generated on:      Mon Sep 28 17:58:52 2026
#  Design:            ddr4_controller_top
#  Command:           report_timing -max_paths 10 > $REPORTS_DIR/timing_postroute.rpt
###############################################################
Path 1: VIOLATED Setup Check with Pin rsp_rdata_q_reg[16]/CLK 
Endpoint:   rsp_rdata_q_reg[16]/D   (v) checked with  leading edge of 'clk'
Beginpoint: service_addr_q_reg[2]/Q (^) triggered by  leading edge of 'clk'
Path Groups: {clk}
Analysis View: VIEW_TYP
Other End Arrival Time          0.369
- Setup                         0.072
+ Phase Shift                   4.000
- Uncertainty                   0.100
= Required Time                 4.198
- Arrival Time                  4.426
= Slack Time                   -0.228
     Clock Rise Edge                 0.000
     + Clock Network Latency (Prop)  0.035
     = Beginpoint Arrival Time       0.035
     +-----------------------------------------------------------------------------------------------+ 
     |       Instance        |     Arc      |           Cell            | Delay | Arrival | Required | 
     |                       |              |                           |       |  Time   |   Time   | 
     |-----------------------+--------------+---------------------------+-------+---------+----------| 
     | service_addr_q_reg[2] | CLK ^        |                           |       |   0.035 |   -0.193 | 
     | service_addr_q_reg[2] | CLK ^ -> Q ^ | sky130_fd_sc_hd__dfxtp_2  | 0.526 |   0.561 |    0.333 | 
     | g189594               | A ^ -> Y v   | sky130_fd_sc_hd__nor2_1   | 0.097 |   0.659 |    0.430 | 
     | FE_OFC218_n_38        | A v -> X v   | sky130_fd_sc_hd__buf_4    | 0.297 |   0.955 |    0.727 | 
     | FE_OFC221_n_38        | A v -> Y ^   | sky130_fd_sc_hd__inv_2    | 0.153 |   1.108 |    0.880 | 
     | FE_OFC93_n_38         | A ^ -> Y v   | sky130_fd_sc_hd__inv_4    | 0.262 |   1.371 |    1.142 | 
     | FE_OFC185_n_38        | A v -> X v   | sky130_fd_sc_hd__buf_6    | 0.510 |   1.881 |    1.653 | 
     | g188318               | A1 v -> Y ^  | sky130_fd_sc_hd__a221oi_1 | 0.385 |   2.266 |    2.037 | 
     | g188016               | B2 ^ -> Y v  | sky130_fd_sc_hd__o22ai_1  | 0.130 |   2.396 |    2.168 | 
     | g185829__7098         | C1 v -> Y ^  | sky130_fd_sc_hd__a221oi_1 | 0.754 |   3.150 |    2.922 | 
     | g183594__6417         | D ^ -> Y v   | sky130_fd_sc_hd__nand4_1  | 0.323 |   3.473 |    3.244 | 
     | g183305__2398         | A1 v -> Y ^  | sky130_fd_sc_hd__a22oi_1  | 0.857 |   4.330 |    4.102 | 
     | g183077__4733         | A ^ -> Y v   | sky130_fd_sc_hd__nand2_1  | 0.096 |   4.426 |    4.198 | 
     | rsp_rdata_q_reg[16]   | D v          | sky130_fd_sc_hd__dfxtp_1  | 0.000 |   4.426 |    4.198 | 
     +-----------------------------------------------------------------------------------------------+ 
Path 2: VIOLATED Setup Check with Pin rsp_rdata_q_reg[25]/CLK 
Endpoint:   rsp_rdata_q_reg[25]/D   (v) checked with  leading edge of 'clk'
Beginpoint: service_addr_q_reg[2]/Q (^) triggered by  leading edge of 'clk'
Path Groups: {clk}
Analysis View: VIEW_TYP
Other End Arrival Time          0.373
- Setup                         0.085
+ Phase Shift                   4.000
- Uncertainty                   0.100
= Required Time                 4.188
- Arrival Time                  4.404
= Slack Time                   -0.216
     Clock Rise Edge                 0.000
     + Clock Network Latency (Prop)  0.035
     = Beginpoint Arrival Time       0.035
     +-----------------------------------------------------------------------------------------------+ 
     |       Instance        |     Arc      |           Cell            | Delay | Arrival | Required | 
     |                       |              |                           |       |  Time   |   Time   | 
     |-----------------------+--------------+---------------------------+-------+---------+----------| 
     | service_addr_q_reg[2] | CLK ^        |                           |       |   0.035 |   -0.182 | 
     | service_addr_q_reg[2] | CLK ^ -> Q ^ | sky130_fd_sc_hd__dfxtp_2  | 0.526 |   0.561 |    0.345 | 
     | g189594               | A ^ -> Y v   | sky130_fd_sc_hd__nor2_1   | 0.097 |   0.659 |    0.442 | 
     | FE_OFC218_n_38        | A v -> X v   | sky130_fd_sc_hd__buf_4    | 0.297 |   0.955 |    0.739 | 
     | FE_OFC220_n_38        | A v -> X v   | sky130_fd_sc_hd__clkbuf_1 | 0.546 |   1.501 |    1.284 | 
     | g188303               | A1 v -> Y ^  | sky130_fd_sc_hd__a221oi_1 | 0.501 |   2.002 |    1.785 | 
     | g188039               | A2 ^ -> Y v  | sky130_fd_sc_hd__o22ai_1  | 0.167 |   2.168 |    1.952 | 
     | g185865__9945         | C1 v -> Y ^  | sky130_fd_sc_hd__a221oi_1 | 0.694 |   2.862 |    2.645 | 
     | g183630__6783         | A ^ -> Y v   | sky130_fd_sc_hd__nand4_1  | 0.300 |   3.162 |    2.945 | 
     | g183325__9315         | A2 v -> Y ^  | sky130_fd_sc_hd__a22oi_1  | 1.110 |   4.272 |    4.055 | 
     | g183097__1705         | B ^ -> Y v   | sky130_fd_sc_hd__nand2_1  | 0.133 |   4.404 |    4.188 | 
     | rsp_rdata_q_reg[25]   | D v          | sky130_fd_sc_hd__dfxtp_1  | 0.000 |   4.404 |    4.188 | 
     +-----------------------------------------------------------------------------------------------+ 
Path 3: VIOLATED Setup Check with Pin rsp_rdata_q_reg[27]/CLK 
Endpoint:   rsp_rdata_q_reg[27]/D   (v) checked with  leading edge of 'clk'
Beginpoint: service_addr_q_reg[2]/Q (^) triggered by  leading edge of 'clk'
Path Groups: {clk}
Analysis View: VIEW_TYP
Other End Arrival Time          0.374
- Setup                         0.091
+ Phase Shift                   4.000
- Uncertainty                   0.100
= Required Time                 4.183
- Arrival Time                  4.372
= Slack Time                   -0.190
     Clock Rise Edge                 0.000
     + Clock Network Latency (Prop)  0.035
     = Beginpoint Arrival Time       0.035
     +-----------------------------------------------------------------------------------------------+ 
     |       Instance        |     Arc      |           Cell            | Delay | Arrival | Required | 
     |                       |              |                           |       |  Time   |   Time   | 
     |-----------------------+--------------+---------------------------+-------+---------+----------| 
     | service_addr_q_reg[2] | CLK ^        |                           |       |   0.035 |   -0.155 | 
     | service_addr_q_reg[2] | CLK ^ -> Q ^ | sky130_fd_sc_hd__dfxtp_2  | 0.526 |   0.561 |    0.372 | 
     | g189594               | A ^ -> Y v   | sky130_fd_sc_hd__nor2_1   | 0.097 |   0.659 |    0.469 | 
     | FE_OFC218_n_38        | A v -> X v   | sky130_fd_sc_hd__buf_4    | 0.297 |   0.955 |    0.766 | 
     | FE_OFC221_n_38        | A v -> Y ^   | sky130_fd_sc_hd__inv_2    | 0.153 |   1.108 |    0.919 | 
     | FE_OFC93_n_38         | A ^ -> Y v   | sky130_fd_sc_hd__inv_4    | 0.262 |   1.371 |    1.181 | 
     | g189310               | A v -> X v   | sky130_fd_sc_hd__and2_4   | 0.668 |   2.039 |    1.850 | 
     | FE_PSBC241_n_114      | A v -> X v   | sky130_fd_sc_hd__clkbuf_1 | 0.235 |   2.274 |    2.085 | 
     | g185873__5107         | A1 v -> Y ^  | sky130_fd_sc_hd__a221oi_1 | 0.493 |   2.767 |    2.578 | 
     | g183638__6131         | A ^ -> Y v   | sky130_fd_sc_hd__nand4_1  | 0.339 |   3.106 |    2.916 | 
     | g183327__2883         | A1 v -> Y ^  | sky130_fd_sc_hd__a22oi_2  | 1.111 |   4.217 |    4.028 | 
     | g183098__5122         | B ^ -> Y v   | sky130_fd_sc_hd__nand2_1  | 0.155 |   4.372 |    4.183 | 
     | rsp_rdata_q_reg[27]   | D v          | sky130_fd_sc_hd__dfxtp_1  | 0.000 |   4.372 |    4.183 | 
     +-----------------------------------------------------------------------------------------------+ 
Path 4: VIOLATED Setup Check with Pin rsp_rdata_q_reg[2]/CLK 
Endpoint:   rsp_rdata_q_reg[2]/D    (^) checked with  leading edge of 'clk'
Beginpoint: service_addr_q_reg[2]/Q (v) triggered by  leading edge of 'clk'
Path Groups: {clk}
Analysis View: VIEW_TYP
Other End Arrival Time          0.374
- Setup                         0.027
+ Phase Shift                   4.000
- Uncertainty                   0.100
= Required Time                 4.247
- Arrival Time                  4.434
= Slack Time                   -0.187
     Clock Rise Edge                 0.000
     + Clock Network Latency (Prop)  0.035
     = Beginpoint Arrival Time       0.035
     +--------------------------------------------------------------------------------------------------+ 
     |         Instance         |     Arc      |           Cell            | Delay | Arrival | Required | 
     |                          |              |                           |       |  Time   |   Time   | 
     |--------------------------+--------------+---------------------------+-------+---------+----------| 
     | service_addr_q_reg[2]    | CLK ^        |                           |       |   0.035 |   -0.152 | 
     | service_addr_q_reg[2]    | CLK ^ -> Q v | sky130_fd_sc_hd__dfxtp_2  | 0.466 |   0.501 |    0.314 | 
     | g189594                  | A v -> Y ^   | sky130_fd_sc_hd__nor2_1   | 0.157 |   0.658 |    0.471 | 
     | FE_OFC218_n_38           | A ^ -> X ^   | sky130_fd_sc_hd__buf_4    | 0.438 |   1.096 |    0.909 | 
     | FE_OFC221_n_38           | A ^ -> Y v   | sky130_fd_sc_hd__inv_2    | 0.119 |   1.215 |    1.028 | 
     | FE_OFC93_n_38            | A v -> Y ^   | sky130_fd_sc_hd__inv_4    | 0.653 |   1.868 |    1.681 | 
     | FE_PSBC240_FE_OFN70_n_38 | A ^ -> X ^   | sky130_fd_sc_hd__clkbuf_1 | 0.357 |   2.225 |    2.038 | 
     | g189285                  | A ^ -> X ^   | sky130_fd_sc_hd__and2_4   | 0.862 |   3.087 |    2.900 | 
     | g188699                  | A1 ^ -> Y v  | sky130_fd_sc_hd__a22oi_1  | 0.319 |   3.406 |    3.219 | 
     | g183535__8428            | B v -> Y ^   | sky130_fd_sc_hd__nand4_1  | 0.273 |   3.679 |    3.492 | 
     | g183310__5526            | B1 ^ -> Y v  | sky130_fd_sc_hd__a22oi_1  | 0.122 |   3.801 |    3.614 | 
     | FE_PDC228_n_3992         | A v -> X v   | sky130_fd_sc_hd__clkbuf_1 | 0.461 |   4.262 |    4.075 | 
     | g183082__2346            | A v -> Y ^   | sky130_fd_sc_hd__nand2_1  | 0.172 |   4.434 |    4.247 | 
     | rsp_rdata_q_reg[2]       | D ^          | sky130_fd_sc_hd__dfxtp_1  | 0.000 |   4.434 |    4.247 | 
     +--------------------------------------------------------------------------------------------------+ 
Path 5: VIOLATED Setup Check with Pin rsp_rdata_q_reg[7]/CLK 
Endpoint:   rsp_rdata_q_reg[7]/D    (v) checked with  leading edge of 'clk'
Beginpoint: service_addr_q_reg[2]/Q (^) triggered by  leading edge of 'clk'
Path Groups: {clk}
Analysis View: VIEW_TYP
Other End Arrival Time          0.372
- Setup                         0.081
+ Phase Shift                   4.000
- Uncertainty                   0.100
= Required Time                 4.191
- Arrival Time                  4.361
= Slack Time                   -0.170
     Clock Rise Edge                 0.000
     + Clock Network Latency (Prop)  0.035
     = Beginpoint Arrival Time       0.035
     +-----------------------------------------------------------------------------------------------+ 
     |       Instance        |     Arc      |           Cell            | Delay | Arrival | Required | 
     |                       |              |                           |       |  Time   |   Time   | 
     |-----------------------+--------------+---------------------------+-------+---------+----------| 
     | service_addr_q_reg[2] | CLK ^        |                           |       |   0.035 |   -0.135 | 
     | service_addr_q_reg[2] | CLK ^ -> Q ^ | sky130_fd_sc_hd__dfxtp_2  | 0.526 |   0.561 |    0.392 | 
     | g189594               | A ^ -> Y v   | sky130_fd_sc_hd__nor2_1   | 0.097 |   0.659 |    0.489 | 
     | FE_OFC218_n_38        | A v -> X v   | sky130_fd_sc_hd__buf_4    | 0.297 |   0.955 |    0.786 | 
     | FE_OFC220_n_38        | A v -> X v   | sky130_fd_sc_hd__clkbuf_1 | 0.546 |   1.501 |    1.331 | 
     | g188436               | A1 v -> Y ^  | sky130_fd_sc_hd__a221oi_1 | 0.527 |   2.028 |    1.858 | 
     | g188001               | A2 ^ -> Y v  | sky130_fd_sc_hd__o22ai_1  | 0.169 |   2.197 |    2.027 | 
     | g185793__5526         | C1 v -> Y ^  | sky130_fd_sc_hd__a221oi_1 | 0.546 |   2.743 |    2.573 | 
     | FE_PSBC242_n_3592     | A ^ -> X ^   | sky130_fd_sc_hd__clkbuf_1 | 0.246 |   2.989 |    2.819 | 
     | g183511__1617         | A ^ -> Y v   | sky130_fd_sc_hd__nand4_1  | 0.142 |   3.131 |    2.961 | 
     | g183313__1617         | A1 v -> Y ^  | sky130_fd_sc_hd__a22oi_1  | 1.112 |   4.243 |    4.073 | 
     | g183085__6417         | B ^ -> Y v   | sky130_fd_sc_hd__nand2_1  | 0.118 |   4.361 |    4.191 | 
     | rsp_rdata_q_reg[7]    | D v          | sky130_fd_sc_hd__dfxtp_1  | 0.000 |   4.361 |    4.191 | 
     +-----------------------------------------------------------------------------------------------+ 
Path 6: VIOLATED Setup Check with Pin rsp_rdata_q_reg[13]/CLK 
Endpoint:   rsp_rdata_q_reg[13]/D   (v) checked with  leading edge of 'clk'
Beginpoint: service_addr_q_reg[2]/Q (^) triggered by  leading edge of 'clk'
Path Groups: {clk}
Analysis View: VIEW_TYP
Other End Arrival Time          0.343
- Setup                         0.070
+ Phase Shift                   4.000
- Uncertainty                   0.100
= Required Time                 4.173
- Arrival Time                  4.316
= Slack Time                   -0.143
     Clock Rise Edge                 0.000
     + Clock Network Latency (Prop)  0.035
     = Beginpoint Arrival Time       0.035
     +--------------------------------------------------------------------------------------------------+ 
     |         Instance         |     Arc      |           Cell            | Delay | Arrival | Required | 
     |                          |              |                           |       |  Time   |   Time   | 
     |--------------------------+--------------+---------------------------+-------+---------+----------| 
     | service_addr_q_reg[2]    | CLK ^        |                           |       |   0.035 |   -0.108 | 
     | service_addr_q_reg[2]    | CLK ^ -> Q ^ | sky130_fd_sc_hd__dfxtp_2  | 0.526 |   0.561 |    0.418 | 
     | g189594                  | A ^ -> Y v   | sky130_fd_sc_hd__nor2_1   | 0.097 |   0.659 |    0.516 | 
     | FE_OFC218_n_38           | A v -> X v   | sky130_fd_sc_hd__buf_4    | 0.297 |   0.955 |    0.812 | 
     | FE_OFC221_n_38           | A v -> Y ^   | sky130_fd_sc_hd__inv_2    | 0.153 |   1.108 |    0.965 | 
     | FE_OFC93_n_38            | A ^ -> Y v   | sky130_fd_sc_hd__inv_4    | 0.262 |   1.371 |    1.228 | 
     | FE_PSBC240_FE_OFN70_n_38 | A v -> X v   | sky130_fd_sc_hd__clkbuf_1 | 0.369 |   1.740 |    1.597 | 
     | g189306                  | B v -> X v   | sky130_fd_sc_hd__and2_4   | 0.475 |   2.214 |    2.072 | 
     | g185816__2398            | A1 v -> Y ^  | sky130_fd_sc_hd__a221oi_1 | 0.838 |   3.053 |    2.910 | 
     | g183581__7098            | B ^ -> Y v   | sky130_fd_sc_hd__nand4_1  | 0.334 |   3.387 |    3.244 | 
     | g183317__8246            | B1 v -> Y ^  | sky130_fd_sc_hd__a22oi_1  | 0.408 |   3.795 |    3.652 | 
     | FE_PSBC233_n_3985        | A ^ -> X ^   | sky130_fd_sc_hd__clkbuf_1 | 0.433 |   4.228 |    4.085 | 
     | g183103__5115            | A ^ -> Y v   | sky130_fd_sc_hd__nand2_1  | 0.088 |   4.316 |    4.173 | 
     | rsp_rdata_q_reg[13]      | D v          | sky130_fd_sc_hd__dfxtp_1  | 0.000 |   4.316 |    4.173 | 
     +--------------------------------------------------------------------------------------------------+ 
Path 7: VIOLATED Setup Check with Pin rsp_rdata_q_reg[8]/CLK 
Endpoint:   rsp_rdata_q_reg[8]/D    (v) checked with  leading edge of 'clk'
Beginpoint: service_addr_q_reg[2]/Q (^) triggered by  leading edge of 'clk'
Path Groups: {clk}
Analysis View: VIEW_TYP
Other End Arrival Time          0.343
- Setup                         0.091
+ Phase Shift                   4.000
- Uncertainty                   0.100
= Required Time                 4.152
- Arrival Time                  4.259
= Slack Time                   -0.107
     Clock Rise Edge                 0.000
     + Clock Network Latency (Prop)  0.035
     = Beginpoint Arrival Time       0.035
     +--------------------------------------------------------------------------------------------------+ 
     |         Instance         |     Arc      |           Cell            | Delay | Arrival | Required | 
     |                          |              |                           |       |  Time   |   Time   | 
     |--------------------------+--------------+---------------------------+-------+---------+----------| 
     | service_addr_q_reg[2]    | CLK ^        |                           |       |   0.035 |   -0.072 | 
     | service_addr_q_reg[2]    | CLK ^ -> Q ^ | sky130_fd_sc_hd__dfxtp_2  | 0.526 |   0.561 |    0.454 | 
     | g189594                  | A ^ -> Y v   | sky130_fd_sc_hd__nor2_1   | 0.097 |   0.659 |    0.552 | 
     | FE_OFC218_n_38           | A v -> X v   | sky130_fd_sc_hd__buf_4    | 0.297 |   0.955 |    0.848 | 
     | FE_OFC221_n_38           | A v -> Y ^   | sky130_fd_sc_hd__inv_2    | 0.153 |   1.108 |    1.001 | 
     | FE_OFC93_n_38            | A ^ -> Y v   | sky130_fd_sc_hd__inv_4    | 0.262 |   1.371 |    1.264 | 
     | FE_PSBC240_FE_OFN70_n_38 | A v -> X v   | sky130_fd_sc_hd__clkbuf_1 | 0.369 |   1.740 |    1.633 | 
     | g189306                  | B v -> X v   | sky130_fd_sc_hd__and2_4   | 0.475 |   2.214 |    2.108 | 
     | g185796__1617            | A1 v -> Y ^  | sky130_fd_sc_hd__a221oi_1 | 0.554 |   2.769 |    2.662 | 
     | g183508__5526            | B ^ -> Y v   | sky130_fd_sc_hd__nand4_1  | 0.312 |   3.081 |    2.974 | 
     | g183314__2802            | B1 v -> Y ^  | sky130_fd_sc_hd__a22oi_1  | 1.057 |   4.138 |    4.031 | 
     | g183086__5477            | B ^ -> Y v   | sky130_fd_sc_hd__nand2_1  | 0.121 |   4.259 |    4.152 | 
     | rsp_rdata_q_reg[8]       | D v          | sky130_fd_sc_hd__dfxtp_1  | 0.000 |   4.259 |    4.152 | 
     +--------------------------------------------------------------------------------------------------+ 
Path 8: VIOLATED Setup Check with Pin rsp_rdata_q_reg[29]/CLK 
Endpoint:   rsp_rdata_q_reg[29]/D   (v) checked with  leading edge of 'clk'
Beginpoint: service_addr_q_reg[0]/Q (v) triggered by  leading edge of 'clk'
Path Groups: {clk}
Analysis View: VIEW_TYP
Other End Arrival Time          0.373
- Setup                         0.083
+ Phase Shift                   4.000
- Uncertainty                   0.100
= Required Time                 4.190
- Arrival Time                  4.279
= Slack Time                   -0.089
     Clock Rise Edge                 0.000
     + Clock Network Latency (Prop)  0.031
     = Beginpoint Arrival Time       0.031
     +-----------------------------------------------------------------------------------------------+ 
     |       Instance        |     Arc      |           Cell            | Delay | Arrival | Required | 
     |                       |              |                           |       |  Time   |   Time   | 
     |-----------------------+--------------+---------------------------+-------+---------+----------| 
     | service_addr_q_reg[0] | CLK ^        |                           |       |   0.031 |   -0.057 | 
     | service_addr_q_reg[0] | CLK ^ -> Q v | sky130_fd_sc_hd__dfxtp_1  | 0.453 |   0.484 |    0.396 | 
     | g189593               | B v -> X v   | sky130_fd_sc_hd__and2_4   | 0.252 |   0.736 |    0.648 | 
     | FE_OFC127_n_15        | A v -> X v   | sky130_fd_sc_hd__buf_6    | 0.288 |   1.024 |    0.936 | 
     | FE_OFC200_n_15        | A v -> X v   | sky130_fd_sc_hd__clkbuf_1 | 0.582 |   1.606 |    1.518 | 
     | g189223               | B1 v -> X v  | sky130_fd_sc_hd__a22o_1   | 0.318 |   1.925 |    1.836 | 
     | g188442               | C1 v -> Y ^  | sky130_fd_sc_hd__a221oi_1 | 0.354 |   2.278 |    2.190 | 
     | g188103               | B2 ^ -> Y v  | sky130_fd_sc_hd__o22ai_1  | 0.168 |   2.446 |    2.358 | 
     | g185880__1617         | C1 v -> Y ^  | sky130_fd_sc_hd__a221oi_1 | 0.329 |   2.776 |    2.687 | 
     | g183645__9945         | A ^ -> Y v   | sky130_fd_sc_hd__nand4_1  | 0.269 |   3.045 |    2.956 | 
     | g183329__1666         | B1 v -> Y ^  | sky130_fd_sc_hd__a22oi_1  | 1.131 |   4.176 |    4.087 | 
     | g183101__6131         | A ^ -> Y v   | sky130_fd_sc_hd__nand2_1  | 0.103 |   4.279 |    4.190 | 
     | rsp_rdata_q_reg[29]   | D v          | sky130_fd_sc_hd__dfxtp_1  | 0.000 |   4.279 |    4.190 | 
     +-----------------------------------------------------------------------------------------------+ 
Path 9: VIOLATED Setup Check with Pin rsp_rdata_q_reg[5]/CLK 
Endpoint:   rsp_rdata_q_reg[5]/D    (^) checked with  leading edge of 'clk'
Beginpoint: service_addr_q_reg[2]/Q (v) triggered by  leading edge of 'clk'
Path Groups: {clk}
Analysis View: VIEW_TYP
Other End Arrival Time          0.343
- Setup                         0.026
+ Phase Shift                   4.000
- Uncertainty                   0.100
= Required Time                 4.217
- Arrival Time                  4.299
= Slack Time                   -0.082
     Clock Rise Edge                 0.000
     + Clock Network Latency (Prop)  0.035
     = Beginpoint Arrival Time       0.035
     +--------------------------------------------------------------------------------------------------+ 
     |         Instance         |     Arc      |           Cell            | Delay | Arrival | Required | 
     |                          |              |                           |       |  Time   |   Time   | 
     |--------------------------+--------------+---------------------------+-------+---------+----------| 
     | service_addr_q_reg[2]    | CLK ^        |                           |       |   0.035 |   -0.047 | 
     | service_addr_q_reg[2]    | CLK ^ -> Q v | sky130_fd_sc_hd__dfxtp_2  | 0.466 |   0.501 |    0.419 | 
     | g189594                  | A v -> Y ^   | sky130_fd_sc_hd__nor2_1   | 0.157 |   0.658 |    0.576 | 
     | FE_OFC218_n_38           | A ^ -> X ^   | sky130_fd_sc_hd__buf_4    | 0.438 |   1.096 |    1.014 | 
     | FE_OFC221_n_38           | A ^ -> Y v   | sky130_fd_sc_hd__inv_2    | 0.119 |   1.215 |    1.133 | 
     | FE_OFC93_n_38            | A v -> Y ^   | sky130_fd_sc_hd__inv_4    | 0.653 |   1.868 |    1.786 | 
     | FE_PSBC240_FE_OFN70_n_38 | A ^ -> X ^   | sky130_fd_sc_hd__clkbuf_1 | 0.357 |   2.225 |    2.144 | 
     | g189306                  | B ^ -> X ^   | sky130_fd_sc_hd__and2_4   | 0.829 |   3.055 |    2.973 | 
     | g185784__1666            | A1 ^ -> Y v  | sky130_fd_sc_hd__a221oi_1 | 0.437 |   3.492 |    3.410 | 
     | g183520__7482            | B v -> Y ^   | sky130_fd_sc_hd__nand4_1  | 0.260 |   3.752 |    3.670 | 
     | g183312__3680            | B1 ^ -> Y v  | sky130_fd_sc_hd__a22oi_1  | 0.171 |   3.923 |    3.841 | 
     | FE_PSBC231_n_3990        | A v -> Y ^   | sky130_fd_sc_hd__inv_2    | 0.151 |   4.073 |    3.991 | 
     | FE_PSBC230_n_3990        | A ^ -> Y v   | sky130_fd_sc_hd__inv_2    | 0.130 |   4.203 |    4.121 | 
     | g183084__7410            | B v -> Y ^   | sky130_fd_sc_hd__nand2_1  | 0.096 |   4.299 |    4.217 | 
     | rsp_rdata_q_reg[5]       | D ^          | sky130_fd_sc_hd__dfxtp_1  | 0.000 |   4.299 |    4.217 | 
     +--------------------------------------------------------------------------------------------------+ 
Path 10: VIOLATED Setup Check with Pin rsp_rdata_q_reg[19]/CLK 
Endpoint:   rsp_rdata_q_reg[19]/D   (v) checked with  leading edge of 'clk'
Beginpoint: service_addr_q_reg[2]/Q (^) triggered by  leading edge of 'clk'
Path Groups: {clk}
Analysis View: VIEW_TYP
Other End Arrival Time          0.369
- Setup                         0.075
+ Phase Shift                   4.000
- Uncertainty                   0.100
= Required Time                 4.194
- Arrival Time                  4.266
= Slack Time                   -0.072
     Clock Rise Edge                 0.000
     + Clock Network Latency (Prop)  0.035
     = Beginpoint Arrival Time       0.035
     +-----------------------------------------------------------------------------------------------+ 
     |       Instance        |     Arc      |           Cell            | Delay | Arrival | Required | 
     |                       |              |                           |       |  Time   |   Time   | 
     |-----------------------+--------------+---------------------------+-------+---------+----------| 
     | service_addr_q_reg[2] | CLK ^        |                           |       |   0.035 |   -0.037 | 
     | service_addr_q_reg[2] | CLK ^ -> Q ^ | sky130_fd_sc_hd__dfxtp_2  | 0.526 |   0.561 |    0.489 | 
     | g189594               | A ^ -> Y v   | sky130_fd_sc_hd__nor2_1   | 0.097 |   0.659 |    0.586 | 
     | FE_OFC218_n_38        | A v -> X v   | sky130_fd_sc_hd__buf_4    | 0.297 |   0.955 |    0.883 | 
     | FE_OFC221_n_38        | A v -> Y ^   | sky130_fd_sc_hd__inv_2    | 0.153 |   1.108 |    1.036 | 
     | FE_OFC93_n_38         | A ^ -> Y v   | sky130_fd_sc_hd__inv_4    | 0.262 |   1.371 |    1.298 | 
     | FE_OFC185_n_38        | A v -> X v   | sky130_fd_sc_hd__buf_6    | 0.510 |   1.881 |    1.809 | 
     | g188343               | A1 v -> Y ^  | sky130_fd_sc_hd__a221oi_1 | 0.434 |   2.315 |    2.242 | 
     | g188093               | B2 ^ -> Y v  | sky130_fd_sc_hd__o22ai_1  | 0.183 |   2.498 |    2.426 | 
     | g185841__7410         | C1 v -> Y ^  | sky130_fd_sc_hd__a221oi_1 | 0.371 |   2.869 |    2.796 | 
     | g183606__1705         | A ^ -> Y v   | sky130_fd_sc_hd__nand4_1  | 0.326 |   3.194 |    3.122 | 
     | g183307__6260         | A2 v -> Y ^  | sky130_fd_sc_hd__a22oi_1  | 0.945 |   4.139 |    4.066 | 
     | g183079__9315         | B ^ -> Y v   | sky130_fd_sc_hd__nand2_1  | 0.127 |   4.266 |    4.193 | 
     | rsp_rdata_q_reg[19]   | D v          | sky130_fd_sc_hd__dfxtp_1  | 0.000 |   4.266 |    4.194 | 
     +-----------------------------------------------------------------------------------------------+ 

