###############################################################
#  Generated by:      Cadence Innovus 23.13-s082_1
#  OS:                Linux x86_64(Host ID n01-zeus.olympus.ece.tamu.edu)
#  Generated on:      Thu Sep 17 13:36:13 2026
#  Design:            ddr4_controller_top
#  Command:           report_timing > $REPORTS_DIR/timing_postroute.rpt
###############################################################
Path 1: VIOLATED Setup Check with Pin u_request_queue_req_mem_reg[3][wdata][13]/
CLK 
Endpoint:   u_request_queue_req_mem_reg[3][wdata][13]/D (^) checked with  
leading edge of 'clk'
Beginpoint: row_open_valid_reg[0]/Q                     (^) triggered by  
leading edge of 'clk'
Path Groups: {clk}
Analysis View: VIEW_TYP
Other End Arrival Time          0.343
- Setup                         0.029
+ Phase Shift                   5.000
- Uncertainty                   0.100
= Required Time                 5.214
- Arrival Time                  5.216
= Slack Time                   -0.002
     Clock Rise Edge                 0.000
     + Clock Network Latency (Prop)  0.007
     = Beginpoint Arrival Time       0.007
     +-------------------------------------------------------------------------------------------------------------------+ 
     |                 Instance                  |     Arc      |           Cell            | Delay | Arrival | Required | 
     |                                           |              |                           |       |  Time   |   Time   | 
     |-------------------------------------------+--------------+---------------------------+-------+---------+----------| 
     | row_open_valid_reg[0]                     | CLK ^        |                           |       |   0.007 |    0.005 | 
     | row_open_valid_reg[0]                     | CLK ^ -> Q ^ | sky130_fd_sc_hd__dfxtp_1  | 0.497 |   0.504 |    0.502 | 
     | FE_OFC146_row_open_valid_0                | A ^ -> Y v   | sky130_fd_sc_hd__inv_2    | 0.097 |   0.600 |    0.598 | 
     | g65846__5477                              | A1 v -> Y ^  | sky130_fd_sc_hd__o41ai_1  | 0.543 |   1.144 |    1.142 | 
     | g65842__7410                              | B ^ -> Y v   | sky130_fd_sc_hd__nand3b_1 | 0.233 |   1.377 |    1.375 | 
     | g65823__2802                              | B1 v -> Y ^  | sky130_fd_sc_hd__o211ai_2 | 0.186 |   1.562 |    1.560 | 
     | g65815__4319                              | B ^ -> Y v   | sky130_fd_sc_hd__nand2_1  | 0.214 |   1.776 |    1.774 | 
     | g65795__7098                              | A1 v -> Y ^  | sky130_fd_sc_hd__a21oi_2  | 0.192 |   1.968 |    1.966 | 
     | g65788__6783                              | A2 ^ -> Y v  | sky130_fd_sc_hd__o211ai_2 | 0.126 |   2.093 |    2.091 | 
     | FE_PSC152_n_2447                          | A v -> X v   | sky130_fd_sc_hd__buf_1    | 0.172 |   2.265 |    2.263 | 
     | g65777__2346                              | B v -> Y ^   | sky130_fd_sc_hd__nor3b_1  | 0.230 |   2.495 |    2.493 | 
     | g65772__4733                              | B ^ -> Y v   | sky130_fd_sc_hd__nor2_1   | 0.140 |   2.635 |    2.633 | 
     | g65768__6131                              | B2 v -> Y ^  | sky130_fd_sc_hd__o22ai_1  | 0.255 |   2.889 |    2.887 | 
     | g65762__1705                              | A ^ -> Y v   | sky130_fd_sc_hd__nor2b_1  | 0.111 |   3.001 |    2.999 | 
     | g65760__1617                              | A v -> Y ^   | sky130_fd_sc_hd__nor2b_1  | 0.115 |   3.115 |    3.113 | 
     | g65758__6783                              | A ^ -> Y v   | sky130_fd_sc_hd__nand4_1  | 0.148 |   3.263 |    3.261 | 
     | g114528                                   | A1 v -> X v  | sky130_fd_sc_hd__a21o_1   | 0.219 |   3.482 |    3.480 | 
     | FE_RC_4_0                                 | C v -> Y ^   | sky130_fd_sc_hd__nor3_1   | 0.184 |   3.665 |    3.663 | 
     | FE_OFC79_n_677                            | A ^ -> Y v   | sky130_fd_sc_hd__inv_2    | 0.106 |   3.771 |    3.769 | 
     | g113581                                   | A2 v -> Y ^  | sky130_fd_sc_hd__o22ai_1  | 0.151 |   3.923 |    3.921 | 
     | FE_OFC121_n_832                           | A ^ -> X ^   | sky130_fd_sc_hd__clkbuf_1 | 0.289 |   4.211 |    4.209 | 
     | g111313__6131                             | B ^ -> X ^   | sky130_fd_sc_hd__and3b_1  | 0.295 |   4.506 |    4.504 | 
     | FE_OFC83_n_1998                           | A ^ -> Y v   | sky130_fd_sc_hd__inv_2    | 0.080 |   4.586 |    4.584 | 
     | FE_OFC84_n_1998                           | A v -> Y ^   | sky130_fd_sc_hd__inv_4    | 0.379 |   4.965 |    4.963 | 
     | g111122__6260                             | A1 ^ -> X ^  | sky130_fd_sc_hd__a22o_1   | 0.251 |   5.216 |    5.214 | 
     | u_request_queue_req_mem_reg[3][wdata][13] | D ^          | sky130_fd_sc_hd__dfxtp_1  | 0.000 |   5.216 |    5.214 | 
     +-------------------------------------------------------------------------------------------------------------------+ 

