###############################################################
#  Generated by:      Cadence Innovus 23.13-s082_1
#  OS:                Linux x86_64(Host ID n01-zeus.olympus.ece.tamu.edu)
#  Generated on:      Thu Sep 17 13:42:02 2026
#  Design:            ddr4_controller_top
#  Command:           report_timing > $REPORTS_DIR/timing_postroute.rpt
###############################################################
Path 1: MET Setup Check with Pin service_wdata_q_reg[20]/CLK 
Endpoint:   service_wdata_q_reg[20]/D (^) checked with  leading edge of 'clk'
Beginpoint: open_row_reg[0][0]/Q_N    (^) triggered by  leading edge of 'clk'
Path Groups: {clk}
Analysis View: VIEW_TYP
Other End Arrival Time          0.323
- Setup                         0.028
+ Phase Shift                   5.000
- Uncertainty                   0.100
= Required Time                 5.196
- Arrival Time                  5.187
= Slack Time                    0.008
     Clock Rise Edge                 0.000
     + Clock Network Latency (Prop)  0.019
     = Beginpoint Arrival Time       0.019
     +---------------------------------------------------------------------------------------------------+ 
     |        Instance         |      Arc       |           Cell            | Delay | Arrival | Required | 
     |                         |                |                           |       |  Time   |   Time   | 
     |-------------------------+----------------+---------------------------+-------+---------+----------| 
     | open_row_reg[0][0]      | CLK ^          |                           |       |   0.019 |    0.027 | 
     | open_row_reg[0][0]      | CLK ^ -> Q_N ^ | sky130_fd_sc_hd__dfxbp_2  | 0.553 |   0.572 |    0.580 | 
     | g65896__6131            | A2 ^ -> Y v    | sky130_fd_sc_hd__o22ai_1  | 0.101 |   0.673 |    0.681 | 
     | g65846__5477            | A3 v -> Y ^    | sky130_fd_sc_hd__o41ai_1  | 0.488 |   1.161 |    1.170 | 
     | g65842__7410            | B ^ -> Y v     | sky130_fd_sc_hd__nand3b_1 | 0.225 |   1.386 |    1.395 | 
     | g65823__2802            | B1 v -> Y ^    | sky130_fd_sc_hd__o211ai_2 | 0.183 |   1.569 |    1.578 | 
     | g65812__5107            | B ^ -> Y v     | sky130_fd_sc_hd__nand2_1  | 0.217 |   1.786 |    1.794 | 
     | g65796__6131            | A3 v -> Y ^    | sky130_fd_sc_hd__o31ai_2  | 0.316 |   2.102 |    2.111 | 
     | g65789__3680            | C_N ^ -> Y ^   | sky130_fd_sc_hd__nor3b_1  | 0.234 |   2.336 |    2.344 | 
     | FE_RC_2_0               | B ^ -> Y v     | sky130_fd_sc_hd__nor2_1   | 0.055 |   2.391 |    2.400 | 
     | FE_RC_0_0               | B v -> X v     | sky130_fd_sc_hd__and2_1   | 0.220 |   2.611 |    2.620 | 
     | g65770__5115            | A2 v -> Y ^    | sky130_fd_sc_hd__o22ai_1  | 0.238 |   2.850 |    2.858 | 
     | g65760__1617            | B_N ^ -> Y ^   | sky130_fd_sc_hd__nor2b_1  | 0.168 |   3.017 |    3.026 | 
     | g65758__6783            | A ^ -> Y v     | sky130_fd_sc_hd__nand4_1  | 0.141 |   3.159 |    3.167 | 
     | g114528                 | A1 v -> X v    | sky130_fd_sc_hd__a21o_1   | 0.210 |   3.369 |    3.377 | 
     | g65753__5107            | B v -> X v     | sky130_fd_sc_hd__or2_0    | 0.219 |   3.588 |    3.597 | 
     | g65752__2398            | A_N v -> Y v   | sky130_fd_sc_hd__nand2b_4 | 0.194 |   3.782 |    3.791 | 
     | g114451                 | B v -> Y ^     | sky130_fd_sc_hd__nor2_2   | 0.391 |   4.173 |    4.181 | 
     | g114274                 | A ^ -> X ^     | sky130_fd_sc_hd__and2_1   | 0.288 |   4.461 |    4.470 | 
     | FE_OFC127_n_99          | A ^ -> X ^     | sky130_fd_sc_hd__buf_4    | 0.417 |   4.878 |    4.887 | 
     | g113643                 | B1 ^ -> Y v    | sky130_fd_sc_hd__a222oi_1 | 0.178 |   5.056 |    5.064 | 
     | g113479                 | A v -> Y ^     | sky130_fd_sc_hd__nand2_1  | 0.131 |   5.187 |    5.196 | 
     | service_wdata_q_reg[20] | D ^            | sky130_fd_sc_hd__dfxtp_1  | 0.000 |   5.187 |    5.196 | 
     +---------------------------------------------------------------------------------------------------+ 

