###############################################################
#  Generated by:      Cadence Innovus 23.13-s082_1
#  OS:                Linux x86_64(Host ID n03-poseidon.olympus.ece.tamu.edu)
#  Generated on:      Thu Oct  8 12:44:26 2026
#  Design:            ddr4_controller_top
#  Command:           report_timing -early -max_paths 10 > $REPORTS_DIR/hold_postroute.rpt
###############################################################
Path 1: VIOLATED Hold Check with Pin u_request_queue_req_mem_reg[1][wdata][15]/
CLK 
Endpoint:   u_request_queue_req_mem_reg[1][wdata][15]/D (^) checked with  
leading edge of 'clk'
Beginpoint: txn_wdata[15]                               (^) triggered by  
leading edge of 'clk'
Path Groups: {clk}
Analysis View: VIEW_TYP
Other End Arrival Time          0.068
+ Hold                          0.012
+ Phase Shift                   0.000
+ Uncertainty                   0.100
= Required Time                 0.180
  Arrival Time                  0.111
  Slack Time                   -0.069
     Clock Rise Edge                      0.000
     + Input Delay                        0.000
     = Beginpoint Arrival Time            0.000
     +---------------------------------------------------------------------------------------------------------------------+ 
     |                 Instance                  |       Arc       |           Cell           | Delay | Arrival | Required | 
     |                                           |                 |                          |       |  Time   |   Time   | 
     |-------------------------------------------+-----------------+--------------------------+-------+---------+----------| 
     |                                           | txn_wdata[15] ^ |                          |       |   0.000 |    0.069 | 
     | g183431__6131                             | A2 ^ -> X ^     | sky130_fd_sc_hd__a22o_1  | 0.111 |   0.111 |    0.180 | 
     | u_request_queue_req_mem_reg[1][wdata][15] | D ^             | sky130_fd_sc_hd__dfxtp_1 | 0.000 |   0.111 |    0.180 | 
     +---------------------------------------------------------------------------------------------------------------------+ 
Path 2: VIOLATED Hold Check with Pin u_request_queue_req_mem_reg[3][wdata][29]/
CLK 
Endpoint:   u_request_queue_req_mem_reg[3][wdata][29]/D (^) checked with  
leading edge of 'clk'
Beginpoint: txn_wdata[29]                               (^) triggered by  
leading edge of 'clk'
Path Groups: {clk}
Analysis View: VIEW_TYP
Other End Arrival Time          0.068
+ Hold                          0.012
+ Phase Shift                   0.000
+ Uncertainty                   0.100
= Required Time                 0.180
  Arrival Time                  0.112
  Slack Time                   -0.068
     Clock Rise Edge                      0.000
     + Input Delay                        0.000
     = Beginpoint Arrival Time            0.000
     +---------------------------------------------------------------------------------------------------------------------+ 
     |                 Instance                  |       Arc       |           Cell           | Delay | Arrival | Required | 
     |                                           |                 |                          |       |  Time   |   Time   | 
     |-------------------------------------------+-----------------+--------------------------+-------+---------+----------| 
     |                                           | txn_wdata[29] ^ |                          |       |   0.000 |    0.068 | 
     | g183367__6783                             | A2 ^ -> X ^     | sky130_fd_sc_hd__a22o_1  | 0.112 |   0.112 |    0.180 | 
     | u_request_queue_req_mem_reg[3][wdata][29] | D ^             | sky130_fd_sc_hd__dfxtp_1 | 0.000 |   0.112 |    0.180 | 
     +---------------------------------------------------------------------------------------------------------------------+ 
Path 3: VIOLATED Hold Check with Pin u_request_queue_req_mem_reg[0][wdata][29]/
CLK 
Endpoint:   u_request_queue_req_mem_reg[0][wdata][29]/D (^) checked with  
leading edge of 'clk'
Beginpoint: txn_wdata[29]                               (^) triggered by  
leading edge of 'clk'
Path Groups: {clk}
Analysis View: VIEW_TYP
Other End Arrival Time          0.068
+ Hold                          0.012
+ Phase Shift                   0.000
+ Uncertainty                   0.100
= Required Time                 0.180
  Arrival Time                  0.112
  Slack Time                   -0.068
     Clock Rise Edge                      0.000
     + Input Delay                        0.000
     = Beginpoint Arrival Time            0.000
     +---------------------------------------------------------------------------------------------------------------------+ 
     |                 Instance                  |       Arc       |           Cell           | Delay | Arrival | Required | 
     |                                           |                 |                          |       |  Time   |   Time   | 
     |-------------------------------------------+-----------------+--------------------------+-------+---------+----------| 
     |                                           | txn_wdata[29] ^ |                          |       |   0.000 |    0.068 | 
     | g183406__7482                             | A2 ^ -> X ^     | sky130_fd_sc_hd__a22o_1  | 0.112 |   0.112 |    0.180 | 
     | u_request_queue_req_mem_reg[0][wdata][29] | D ^             | sky130_fd_sc_hd__dfxtp_1 | 0.000 |   0.112 |    0.180 | 
     +---------------------------------------------------------------------------------------------------------------------+ 
Path 4: VIOLATED Hold Check with Pin u_request_queue_req_mem_reg[0][wdata][5]/
CLK 
Endpoint:   u_request_queue_req_mem_reg[0][wdata][5]/D (^) checked with  
leading edge of 'clk'
Beginpoint: txn_wdata[5]                               (^) triggered by  
leading edge of 'clk'
Path Groups: {clk}
Analysis View: VIEW_TYP
Other End Arrival Time          0.068
+ Hold                          0.012
+ Phase Shift                   0.000
+ Uncertainty                   0.100
= Required Time                 0.180
  Arrival Time                  0.113
  Slack Time                   -0.067
     Clock Rise Edge                      0.000
     + Input Delay                        0.000
     = Beginpoint Arrival Time            0.000
     +-------------------------------------------------------------------------------------------------------------------+ 
     |                 Instance                 |      Arc       |           Cell           | Delay | Arrival | Required | 
     |                                          |                |                          |       |  Time   |   Time   | 
     |------------------------------------------+----------------+--------------------------+-------+---------+----------| 
     |                                          | txn_wdata[5] ^ |                          |       |   0.000 |    0.067 | 
     | g183382__9945                            | A2 ^ -> X ^    | sky130_fd_sc_hd__a22o_1  | 0.112 |   0.112 |    0.180 | 
     | u_request_queue_req_mem_reg[0][wdata][5] | D ^            | sky130_fd_sc_hd__dfxtp_1 | 0.000 |   0.113 |    0.180 | 
     +-------------------------------------------------------------------------------------------------------------------+ 
Path 5: VIOLATED Hold Check with Pin u_request_queue_req_mem_reg[1][wdata][11]/
CLK 
Endpoint:   u_request_queue_req_mem_reg[1][wdata][11]/D (^) checked with  
leading edge of 'clk'
Beginpoint: txn_wdata[11]                               (^) triggered by  
leading edge of 'clk'
Path Groups: {clk}
Analysis View: VIEW_TYP
Other End Arrival Time          0.069
+ Hold                          0.011
+ Phase Shift                   0.000
+ Uncertainty                   0.100
= Required Time                 0.180
  Arrival Time                  0.113
  Slack Time                   -0.067
     Clock Rise Edge                      0.000
     + Input Delay                        0.000
     = Beginpoint Arrival Time            0.000
     +---------------------------------------------------------------------------------------------------------------------+ 
     |                 Instance                  |       Arc       |           Cell           | Delay | Arrival | Required | 
     |                                           |                 |                          |       |  Time   |   Time   | 
     |-------------------------------------------+-----------------+--------------------------+-------+---------+----------| 
     |                                           | txn_wdata[11] ^ |                          |       |   0.000 |    0.067 | 
     | g183427__1705                             | A2 ^ -> X ^     | sky130_fd_sc_hd__a22o_1  | 0.113 |   0.113 |    0.180 | 
     | u_request_queue_req_mem_reg[1][wdata][11] | D ^             | sky130_fd_sc_hd__dfxtp_1 | 0.000 |   0.113 |    0.180 | 
     +---------------------------------------------------------------------------------------------------------------------+ 
Path 6: VIOLATED Hold Check with Pin u_request_queue_req_mem_reg[0][wdata][27]/
CLK 
Endpoint:   u_request_queue_req_mem_reg[0][wdata][27]/D (^) checked with  
leading edge of 'clk'
Beginpoint: txn_wdata[27]                               (^) triggered by  
leading edge of 'clk'
Path Groups: {clk}
Analysis View: VIEW_TYP
Other End Arrival Time          0.068
+ Hold                          0.011
+ Phase Shift                   0.000
+ Uncertainty                   0.100
= Required Time                 0.180
  Arrival Time                  0.113
  Slack Time                   -0.067
     Clock Rise Edge                      0.000
     + Input Delay                        0.000
     = Beginpoint Arrival Time            0.000
     +---------------------------------------------------------------------------------------------------------------------+ 
     |                 Instance                  |       Arc       |           Cell           | Delay | Arrival | Required | 
     |                                           |                 |                          |       |  Time   |   Time   | 
     |-------------------------------------------+-----------------+--------------------------+-------+---------+----------| 
     |                                           | txn_wdata[27] ^ |                          |       |   0.000 |    0.067 | 
     | g183404__1881                             | A2 ^ -> X ^     | sky130_fd_sc_hd__a22o_1  | 0.113 |   0.113 |    0.180 | 
     | u_request_queue_req_mem_reg[0][wdata][27] | D ^             | sky130_fd_sc_hd__dfxtp_1 | 0.000 |   0.113 |    0.180 | 
     +---------------------------------------------------------------------------------------------------------------------+ 
Path 7: VIOLATED Hold Check with Pin u_request_queue_req_mem_reg[2][wdata][29]/
CLK 
Endpoint:   u_request_queue_req_mem_reg[2][wdata][29]/D (^) checked with  
leading edge of 'clk'
Beginpoint: txn_wdata[29]                               (^) triggered by  
leading edge of 'clk'
Path Groups: {clk}
Analysis View: VIEW_TYP
Other End Arrival Time          0.069
+ Hold                          0.011
+ Phase Shift                   0.000
+ Uncertainty                   0.100
= Required Time                 0.180
  Arrival Time                  0.113
  Slack Time                   -0.066
     Clock Rise Edge                      0.000
     + Input Delay                        0.000
     = Beginpoint Arrival Time            0.000
     +---------------------------------------------------------------------------------------------------------------------+ 
     |                 Instance                  |       Arc       |           Cell           | Delay | Arrival | Required | 
     |                                           |                 |                          |       |  Time   |   Time   | 
     |-------------------------------------------+-----------------+--------------------------+-------+---------+----------| 
     |                                           | txn_wdata[29] ^ |                          |       |   0.000 |    0.066 | 
     | g183484__5122                             | A2 ^ -> X ^     | sky130_fd_sc_hd__a22o_1  | 0.113 |   0.113 |    0.180 | 
     | u_request_queue_req_mem_reg[2][wdata][29] | D ^             | sky130_fd_sc_hd__dfxtp_1 | 0.000 |   0.113 |    0.180 | 
     +---------------------------------------------------------------------------------------------------------------------+ 
Path 8: VIOLATED Hold Check with Pin u_request_queue_req_mem_reg[3][wdata][16]/
CLK 
Endpoint:   u_request_queue_req_mem_reg[3][wdata][16]/D (^) checked with  
leading edge of 'clk'
Beginpoint: txn_wdata[16]                               (^) triggered by  
leading edge of 'clk'
Path Groups: {clk}
Analysis View: VIEW_TYP
Other End Arrival Time          0.069
+ Hold                          0.011
+ Phase Shift                   0.000
+ Uncertainty                   0.100
= Required Time                 0.180
  Arrival Time                  0.114
  Slack Time                   -0.066
     Clock Rise Edge                      0.000
     + Input Delay                        0.000
     = Beginpoint Arrival Time            0.000
     +---------------------------------------------------------------------------------------------------------------------+ 
     |                 Instance                  |       Arc       |           Cell           | Delay | Arrival | Required | 
     |                                           |                 |                          |       |  Time   |   Time   | 
     |-------------------------------------------+-----------------+--------------------------+-------+---------+----------| 
     |                                           | txn_wdata[16] ^ |                          |       |   0.000 |    0.066 | 
     | g183354__9945                             | A2 ^ -> X ^     | sky130_fd_sc_hd__a22o_1  | 0.114 |   0.114 |    0.180 | 
     | u_request_queue_req_mem_reg[3][wdata][16] | D ^             | sky130_fd_sc_hd__dfxtp_1 | 0.000 |   0.114 |    0.180 | 
     +---------------------------------------------------------------------------------------------------------------------+ 
Path 9: VIOLATED Hold Check with Pin u_request_queue_req_mem_reg[1][wdata][13]/
CLK 
Endpoint:   u_request_queue_req_mem_reg[1][wdata][13]/D (^) checked with  
leading edge of 'clk'
Beginpoint: txn_wdata[13]                               (^) triggered by  
leading edge of 'clk'
Path Groups: {clk}
Analysis View: VIEW_TYP
Other End Arrival Time          0.069
+ Hold                          0.011
+ Phase Shift                   0.000
+ Uncertainty                   0.100
= Required Time                 0.180
  Arrival Time                  0.114
  Slack Time                   -0.066
     Clock Rise Edge                      0.000
     + Input Delay                        0.000
     = Beginpoint Arrival Time            0.000
     +---------------------------------------------------------------------------------------------------------------------+ 
     |                 Instance                  |       Arc       |           Cell           | Delay | Arrival | Required | 
     |                                           |                 |                          |       |  Time   |   Time   | 
     |-------------------------------------------+-----------------+--------------------------+-------+---------+----------| 
     |                                           | txn_wdata[13] ^ |                          |       |   0.000 |    0.066 | 
     | g183429__8246                             | A2 ^ -> X ^     | sky130_fd_sc_hd__a22o_1  | 0.114 |   0.114 |    0.180 | 
     | u_request_queue_req_mem_reg[1][wdata][13] | D ^             | sky130_fd_sc_hd__dfxtp_1 | 0.000 |   0.114 |    0.180 | 
     +---------------------------------------------------------------------------------------------------------------------+ 
Path 10: VIOLATED Hold Check with Pin u_request_queue_req_mem_reg[1][wdata][29]/
CLK 
Endpoint:   u_request_queue_req_mem_reg[1][wdata][29]/D (^) checked with  
leading edge of 'clk'
Beginpoint: txn_wdata[29]                               (^) triggered by  
leading edge of 'clk'
Path Groups: {clk}
Analysis View: VIEW_TYP
Other End Arrival Time          0.069
+ Hold                          0.011
+ Phase Shift                   0.000
+ Uncertainty                   0.100
= Required Time                 0.180
  Arrival Time                  0.114
  Slack Time                   -0.066
     Clock Rise Edge                      0.000
     + Input Delay                        0.000
     = Beginpoint Arrival Time            0.000
     +---------------------------------------------------------------------------------------------------------------------+ 
     |                 Instance                  |       Arc       |           Cell           | Delay | Arrival | Required | 
     |                                           |                 |                          |       |  Time   |   Time   | 
     |-------------------------------------------+-----------------+--------------------------+-------+---------+----------| 
     |                                           | txn_wdata[29] ^ |                          |       |   0.000 |    0.066 | 
     | g183445__2398                             | A2 ^ -> X ^     | sky130_fd_sc_hd__a22o_1  | 0.114 |   0.114 |    0.180 | 
     | u_request_queue_req_mem_reg[1][wdata][29] | D ^             | sky130_fd_sc_hd__dfxtp_1 | 0.000 |   0.114 |    0.180 | 
     +---------------------------------------------------------------------------------------------------------------------+ 

