###############################################################
#  Generated by:      Cadence Innovus 23.13-s082_1
#  OS:                Linux x86_64(Host ID n01-zeus.olympus.ece.tamu.edu)
#  Generated on:      Mon Sep 28 21:56:22 2026
#  Design:            ddr4_controller_top
#  Command:           report_timing -max_paths 10 > $REPORTS_DIR/timing_postroute.rpt
###############################################################
Path 1: VIOLATED Setup Check with Pin rsp_rdata_q_reg[3]/CLK 
Endpoint:   rsp_rdata_q_reg[3]/D    (^) checked with  leading edge of 'clk'
Beginpoint: service_pending_q_reg/Q (^) triggered by  leading edge of 'clk'
Path Groups: {clk}
Analysis View: VIEW_TYP
Other End Arrival Time          0.476
- Setup                         0.030
+ Phase Shift                   4.000
- Uncertainty                   0.100
= Required Time                 4.346
- Arrival Time                  4.446
= Slack Time                   -0.101
     Clock Rise Edge                 0.000
     + Clock Network Latency (Prop)  0.039
     = Beginpoint Arrival Time       0.039
     +-----------------------------------------------------------------------------------------------+ 
     |       Instance        |     Arc      |           Cell            | Delay | Arrival | Required | 
     |                       |              |                           |       |  Time   |   Time   | 
     |-----------------------+--------------+---------------------------+-------+---------+----------| 
     | service_pending_q_reg | CLK ^        |                           |       |   0.039 |   -0.062 | 
     | service_pending_q_reg | CLK ^ -> Q ^ | sky130_fd_sc_hd__dfxtp_1  | 0.624 |   0.663 |    0.562 | 
     | g100760__2802         | B ^ -> Y v   | sky130_fd_sc_hd__nand2_1  | 0.247 |   0.909 |    0.809 | 
     | g100725__4319         | B v -> X v   | sky130_fd_sc_hd__or2_0    | 0.440 |   1.349 |    1.248 | 
     | g100856__5122         | A v -> Y ^   | sky130_fd_sc_hd__nor2b_1  | 0.290 |   1.639 |    1.539 | 
     | g100693               | A ^ -> Y v   | sky130_fd_sc_hd__inv_2    | 0.112 |   1.752 |    1.651 | 
     | g189275               | A v -> Y ^   | sky130_fd_sc_hd__nor2b_1  | 1.084 |   2.836 |    2.735 | 
     | FE_OFC15_n_143        | A ^ -> X ^   | sky130_fd_sc_hd__clkbuf_1 | 0.835 |   3.671 |    3.570 | 
     | g183301__1666         | A2 ^ -> Y v  | sky130_fd_sc_hd__a22oi_1  | 0.575 |   4.246 |    4.145 | 
     | g183073__6131         | B v -> Y ^   | sky130_fd_sc_hd__nand2_1  | 0.201 |   4.446 |    4.346 | 
     | rsp_rdata_q_reg[3]    | D ^          | sky130_fd_sc_hd__dfxtp_1  | 0.000 |   4.446 |    4.346 | 
     +-----------------------------------------------------------------------------------------------+ 
Path 2: VIOLATED Setup Check with Pin rsp_rdata_q_reg[25]/CLK 
Endpoint:   rsp_rdata_q_reg[25]/D   (v) checked with  leading edge of 'clk'
Beginpoint: service_addr_q_reg[0]/Q (v) triggered by  leading edge of 'clk'
Path Groups: {clk}
Analysis View: VIEW_TYP
Other End Arrival Time          0.482
- Setup                         0.069
+ Phase Shift                   4.000
- Uncertainty                   0.100
= Required Time                 4.313
- Arrival Time                  4.335
= Slack Time                   -0.022
     Clock Rise Edge                 0.000
     + Clock Network Latency (Prop)  0.036
     = Beginpoint Arrival Time       0.036
     +----------------------------------------------------------------------------------------------------+ 
     |          Instance          |     Arc      |           Cell            | Delay | Arrival | Required | 
     |                            |              |                           |       |  Time   |   Time   | 
     |----------------------------+--------------+---------------------------+-------+---------+----------| 
     | service_addr_q_reg[0]      | CLK ^        |                           |       |   0.036 |    0.014 | 
     | service_addr_q_reg[0]      | CLK ^ -> Q v | sky130_fd_sc_hd__dfxtp_2  | 0.407 |   0.443 |    0.421 | 
     | FE_OFC199_service_addr_q_0 | A v -> Y ^   | sky130_fd_sc_hd__inv_2    | 0.076 |   0.519 |    0.497 | 
     | FE_OFC200_service_addr_q_0 | A ^ -> Y v   | sky130_fd_sc_hd__inv_2    | 0.055 |   0.574 |    0.552 | 
     | g189593                    | B v -> X v   | sky130_fd_sc_hd__and2_4   | 0.437 |   1.011 |    0.989 | 
     | FE_OFC101_n_15             | A v -> Y ^   | sky130_fd_sc_hd__inv_2    | 0.244 |   1.255 |    1.233 | 
     | FE_OFC104_n_15             | A ^ -> Y v   | sky130_fd_sc_hd__inv_2    | 0.380 |   1.635 |    1.613 | 
     | g189083                    | B1 v -> X v  | sky130_fd_sc_hd__a22o_1   | 0.340 |   1.975 |    1.953 | 
     | g188358                    | C1 v -> Y ^  | sky130_fd_sc_hd__a221oi_1 | 0.431 |   2.406 |    2.384 | 
     | g188038                    | A2 ^ -> Y v  | sky130_fd_sc_hd__o22ai_1  | 0.171 |   2.577 |    2.555 | 
     | g185864__9315              | C1 v -> Y ^  | sky130_fd_sc_hd__a221oi_1 | 0.325 |   2.902 |    2.880 | 
     | g183629__5526              | A ^ -> Y v   | sky130_fd_sc_hd__nand4_1  | 0.321 |   3.223 |    3.201 | 
     | g183325__9315              | B1 v -> Y ^  | sky130_fd_sc_hd__a22oi_2  | 0.999 |   4.222 |    4.200 | 
     | g183097__1705              | B ^ -> Y v   | sky130_fd_sc_hd__nand2_1  | 0.113 |   4.335 |    4.313 | 
     | rsp_rdata_q_reg[25]        | D v          | sky130_fd_sc_hd__dfxtp_1  | 0.000 |   4.335 |    4.313 | 
     +----------------------------------------------------------------------------------------------------+ 
Path 3: VIOLATED Setup Check with Pin rsp_rdata_q_reg[22]/CLK 
Endpoint:   rsp_rdata_q_reg[22]/D   (v) checked with  leading edge of 'clk'
Beginpoint: service_addr_q_reg[0]/Q (v) triggered by  leading edge of 'clk'
Path Groups: {clk}
Analysis View: VIEW_TYP
Other End Arrival Time          0.474
- Setup                         0.073
+ Phase Shift                   4.000
- Uncertainty                   0.100
= Required Time                 4.301
- Arrival Time                  4.321
= Slack Time                   -0.019
     Clock Rise Edge                 0.000
     + Clock Network Latency (Prop)  0.036
     = Beginpoint Arrival Time       0.036
     +----------------------------------------------------------------------------------------------------+ 
     |          Instance          |     Arc      |           Cell            | Delay | Arrival | Required | 
     |                            |              |                           |       |  Time   |   Time   | 
     |----------------------------+--------------+---------------------------+-------+---------+----------| 
     | service_addr_q_reg[0]      | CLK ^        |                           |       |   0.036 |    0.017 | 
     | service_addr_q_reg[0]      | CLK ^ -> Q v | sky130_fd_sc_hd__dfxtp_2  | 0.407 |   0.443 |    0.424 | 
     | FE_OFC199_service_addr_q_0 | A v -> Y ^   | sky130_fd_sc_hd__inv_2    | 0.076 |   0.519 |    0.499 | 
     | FE_OFC200_service_addr_q_0 | A ^ -> Y v   | sky130_fd_sc_hd__inv_2    | 0.055 |   0.574 |    0.555 | 
     | g189593                    | B v -> X v   | sky130_fd_sc_hd__and2_4   | 0.437 |   1.011 |    0.992 | 
     | FE_OFC101_n_15             | A v -> Y ^   | sky130_fd_sc_hd__inv_2    | 0.244 |   1.255 |    1.235 | 
     | FE_OFC104_n_15             | A ^ -> Y v   | sky130_fd_sc_hd__inv_2    | 0.380 |   1.635 |    1.616 | 
     | g189190                    | B1 v -> X v  | sky130_fd_sc_hd__a22o_1   | 0.359 |   1.994 |    1.975 | 
     | g188316                    | C1 v -> Y ^  | sky130_fd_sc_hd__a221oi_2 | 0.229 |   2.223 |    2.204 | 
     | g188032                    | B2 ^ -> Y v  | sky130_fd_sc_hd__o22ai_1  | 0.156 |   2.379 |    2.360 | 
     | g185853__2802              | C1 v -> Y ^  | sky130_fd_sc_hd__a221oi_2 | 0.346 |   2.726 |    2.706 | 
     | g183618__2883              | B ^ -> Y v   | sky130_fd_sc_hd__nand4_2  | 0.263 |   2.989 |    2.970 | 
     | g183323__4733              | A1 v -> Y ^  | sky130_fd_sc_hd__a22oi_1  | 1.217 |   4.206 |    4.187 | 
     | g183095__1617              | B ^ -> Y v   | sky130_fd_sc_hd__nand2_1  | 0.115 |   4.321 |    4.301 | 
     | rsp_rdata_q_reg[22]        | D v          | sky130_fd_sc_hd__dfxtp_1  | 0.000 |   4.321 |    4.301 | 
     +----------------------------------------------------------------------------------------------------+ 
Path 4: VIOLATED Setup Check with Pin rsp_rdata_q_reg[11]/CLK 
Endpoint:   rsp_rdata_q_reg[11]/D   (v) checked with  leading edge of 'clk'
Beginpoint: service_addr_q_reg[0]/Q (v) triggered by  leading edge of 'clk'
Path Groups: {clk}
Analysis View: VIEW_TYP
Other End Arrival Time          0.486
- Setup                         0.068
+ Phase Shift                   4.000
- Uncertainty                   0.100
= Required Time                 4.318
- Arrival Time                  4.325
= Slack Time                   -0.007
     Clock Rise Edge                 0.000
     + Clock Network Latency (Prop)  0.036
     = Beginpoint Arrival Time       0.036
     +----------------------------------------------------------------------------------------------------+ 
     |          Instance          |     Arc      |           Cell            | Delay | Arrival | Required | 
     |                            |              |                           |       |  Time   |   Time   | 
     |----------------------------+--------------+---------------------------+-------+---------+----------| 
     | service_addr_q_reg[0]      | CLK ^        |                           |       |   0.036 |    0.029 | 
     | service_addr_q_reg[0]      | CLK ^ -> Q v | sky130_fd_sc_hd__dfxtp_2  | 0.407 |   0.443 |    0.436 | 
     | FE_OFC199_service_addr_q_0 | A v -> Y ^   | sky130_fd_sc_hd__inv_2    | 0.076 |   0.519 |    0.512 | 
     | FE_OFC200_service_addr_q_0 | A ^ -> Y v   | sky130_fd_sc_hd__inv_2    | 0.055 |   0.574 |    0.567 | 
     | g189593                    | B v -> X v   | sky130_fd_sc_hd__and2_4   | 0.437 |   1.011 |    1.004 | 
     | FE_OFC101_n_15             | A v -> Y ^   | sky130_fd_sc_hd__inv_2    | 0.244 |   1.255 |    1.248 | 
     | FE_OFC104_n_15             | A ^ -> Y v   | sky130_fd_sc_hd__inv_2    | 0.380 |   1.635 |    1.628 | 
     | g189152                    | B1 v -> X v  | sky130_fd_sc_hd__a22o_1   | 0.336 |   1.971 |    1.964 | 
     | g188456                    | C1 v -> Y ^  | sky130_fd_sc_hd__a221oi_1 | 0.363 |   2.334 |    2.327 | 
     | g188079                    | B2 ^ -> Y v  | sky130_fd_sc_hd__o22ai_1  | 0.190 |   2.524 |    2.517 | 
     | g185808__9315              | C1 v -> Y ^  | sky130_fd_sc_hd__a221oi_2 | 0.496 |   3.020 |    3.013 | 
     | g183495__9315              | B ^ -> Y v   | sky130_fd_sc_hd__nand4_1  | 0.311 |   3.330 |    3.323 | 
     | g183316__5122              | B1 v -> Y ^  | sky130_fd_sc_hd__a22oi_2  | 0.888 |   4.218 |    4.211 | 
     | g183089__6260              | B ^ -> Y v   | sky130_fd_sc_hd__nand2_1  | 0.107 |   4.325 |    4.318 | 
     | rsp_rdata_q_reg[11]        | D v          | sky130_fd_sc_hd__dfxtp_1  | 0.000 |   4.325 |    4.318 | 
     +----------------------------------------------------------------------------------------------------+ 
Path 5: VIOLATED Setup Check with Pin rsp_rdata_q_reg[1]/CLK 
Endpoint:   rsp_rdata_q_reg[1]/D    (^) checked with  leading edge of 'clk'
Beginpoint: service_pending_q_reg/Q (^) triggered by  leading edge of 'clk'
Path Groups: {clk}
Analysis View: VIEW_TYP
Other End Arrival Time          0.477
- Setup                         0.030
+ Phase Shift                   4.000
- Uncertainty                   0.100
= Required Time                 4.348
- Arrival Time                  4.355
= Slack Time                   -0.007
     Clock Rise Edge                 0.000
     + Clock Network Latency (Prop)  0.039
     = Beginpoint Arrival Time       0.039
     +-----------------------------------------------------------------------------------------------+ 
     |       Instance        |     Arc      |           Cell            | Delay | Arrival | Required | 
     |                       |              |                           |       |  Time   |   Time   | 
     |-----------------------+--------------+---------------------------+-------+---------+----------| 
     | service_pending_q_reg | CLK ^        |                           |       |   0.039 |    0.032 | 
     | service_pending_q_reg | CLK ^ -> Q ^ | sky130_fd_sc_hd__dfxtp_1  | 0.624 |   0.663 |    0.656 | 
     | g100760__2802         | B ^ -> Y v   | sky130_fd_sc_hd__nand2_1  | 0.247 |   0.909 |    0.903 | 
     | g100725__4319         | B v -> X v   | sky130_fd_sc_hd__or2_0    | 0.440 |   1.349 |    1.342 | 
     | g100856__5122         | A v -> Y ^   | sky130_fd_sc_hd__nor2b_1  | 0.290 |   1.639 |    1.632 | 
     | g100693               | A ^ -> Y v   | sky130_fd_sc_hd__inv_2    | 0.112 |   1.752 |    1.745 | 
     | g189275               | A v -> Y ^   | sky130_fd_sc_hd__nor2b_1  | 1.084 |   2.836 |    2.829 | 
     | FE_OFC15_n_143        | A ^ -> X ^   | sky130_fd_sc_hd__clkbuf_1 | 0.835 |   3.671 |    3.664 | 
     | g183300__2346         | A2 ^ -> Y v  | sky130_fd_sc_hd__a22oi_1  | 0.506 |   4.177 |    4.170 | 
     | g183087__2398         | A v -> Y ^   | sky130_fd_sc_hd__nand2_1  | 0.177 |   4.355 |    4.348 | 
     | rsp_rdata_q_reg[1]    | D ^          | sky130_fd_sc_hd__dfxtp_1  | 0.000 |   4.355 |    4.348 | 
     +-----------------------------------------------------------------------------------------------+ 
Path 6: MET Setup Check with Pin rsp_rdata_q_reg[15]/CLK 
Endpoint:   rsp_rdata_q_reg[15]/D     (v) checked with  leading edge of 'clk'
Beginpoint: service_addr_q_reg[3]/Q_N (^) triggered by  leading edge of 'clk'
Path Groups: {clk}
Analysis View: VIEW_TYP
Other End Arrival Time          0.486
- Setup                         0.069
+ Phase Shift                   4.000
- Uncertainty                   0.100
= Required Time                 4.317
- Arrival Time                  4.314
= Slack Time                    0.003
     Clock Rise Edge                 0.000
     + Clock Network Latency (Prop)  0.037
     = Beginpoint Arrival Time       0.037
     +-------------------------------------------------------------------------------------------------+ 
     |       Instance        |      Arc       |           Cell            | Delay | Arrival | Required | 
     |                       |                |                           |       |  Time   |   Time   | 
     |-----------------------+----------------+---------------------------+-------+---------+----------| 
     | service_addr_q_reg[3] | CLK ^          |                           |       |   0.037 |    0.040 | 
     | service_addr_q_reg[3] | CLK ^ -> Q_N ^ | sky130_fd_sc_hd__dfxbp_2  | 0.653 |   0.689 |    0.693 | 
     | g189592               | B ^ -> X ^     | sky130_fd_sc_hd__or2_4    | 0.885 |   1.575 |    1.578 | 
     | FE_OFC186_n_42        | A ^ -> Y v     | sky130_fd_sc_hd__inv_2    | 0.237 |   1.812 |    1.815 | 
     | g189306               | A v -> X v     | sky130_fd_sc_hd__and2_4   | 0.497 |   2.309 |    2.312 | 
     | g185824__1617         | A1 v -> Y ^    | sky130_fd_sc_hd__a221oi_2 | 0.597 |   2.906 |    2.909 | 
     | g183589__9945         | B ^ -> Y v     | sky130_fd_sc_hd__nand4_1  | 0.359 |   3.265 |    3.269 | 
     | g183319__6131         | B1 v -> Y ^    | sky130_fd_sc_hd__a22oi_2  | 0.936 |   4.202 |    4.205 | 
     | g183091__8428         | B ^ -> Y v     | sky130_fd_sc_hd__nand2_1  | 0.112 |   4.314 |    4.317 | 
     | rsp_rdata_q_reg[15]   | D v            | sky130_fd_sc_hd__dfxtp_1  | 0.000 |   4.314 |    4.317 | 
     +-------------------------------------------------------------------------------------------------+ 
Path 7: MET Setup Check with Pin u_request_queue_req_mem_reg[1][wdata][14]/CLK 
Endpoint:   u_request_queue_req_mem_reg[1][wdata][14]/D (^) checked with  
leading edge of 'clk'
Beginpoint: u_request_queue_req_mem_reg[3][bank][0]/Q   (^) triggered by  
leading edge of 'clk'
Path Groups: {clk}
Analysis View: VIEW_TYP
Other End Arrival Time          0.478
- Setup                         0.020
+ Phase Shift                   4.000
- Uncertainty                   0.100
= Required Time                 4.358
- Arrival Time                  4.351
= Slack Time                    0.007
     Clock Rise Edge                 0.000
     + Clock Network Latency (Prop)  0.043
     = Beginpoint Arrival Time       0.043
     +--------------------------------------------------------------------------------------------------------------------+ 
     |                 Instance                  |      Arc      |           Cell            | Delay | Arrival | Required | 
     |                                           |               |                           |       |  Time   |   Time   | 
     |-------------------------------------------+---------------+---------------------------+-------+---------+----------| 
     | u_request_queue_req_mem_reg[3][bank][0]   | CLK ^         |                           |       |   0.043 |    0.050 | 
     | u_request_queue_req_mem_reg[3][bank][0]   | CLK ^ -> Q ^  | sky130_fd_sc_hd__dfxbp_2  | 0.498 |   0.541 |    0.548 | 
     | g100823__6783                             | B ^ -> Y v    | sky130_fd_sc_hd__nand2_1  | 0.281 |   0.823 |    0.830 | 
     | g100730__1617                             | B v -> Y ^    | sky130_fd_sc_hd__nor2_1   | 0.154 |   0.977 |    0.984 | 
     | g100715__2883                             | A ^ -> Y v    | sky130_fd_sc_hd__nand2_1  | 0.080 |   1.057 |    1.064 | 
     | FE_RC_124_0                               | B v -> Y ^    | sky130_fd_sc_hd__nand4_2  | 0.118 |   1.175 |    1.182 | 
     | FE_RC_203_0                               | A ^ -> Y v    | sky130_fd_sc_hd__nand3_2  | 0.110 |   1.286 |    1.293 | 
     | g100673__7482                             | A v -> X v    | sky130_fd_sc_hd__and2_4   | 0.169 |   1.454 |    1.461 | 
     | FE_RC_233_0                               | A1 v -> Y ^   | sky130_fd_sc_hd__a31oi_2  | 0.113 |   1.567 |    1.574 | 
     | FE_RC_116_0                               | B1_N ^ -> Y ^ | sky130_fd_sc_hd__a21boi_2 | 0.166 |   1.733 |    1.740 | 
     | g100636__4733                             | B ^ -> Y v    | sky130_fd_sc_hd__nor2_1   | 0.071 |   1.804 |    1.811 | 
     | FE_OFC64_n_4234                           | A v -> Y ^    | sky130_fd_sc_hd__inv_2    | 0.133 |   1.937 |    1.944 | 
     | FE_RC_125_0                               | A2 ^ -> Y v   | sky130_fd_sc_hd__o22ai_2  | 0.095 |   2.032 |    2.039 | 
     | g100621__2802                             | A v -> Y ^    | sky130_fd_sc_hd__nor2_2   | 0.176 |   2.208 |    2.215 | 
     | g100604__2346                             | A2 ^ -> Y v   | sky130_fd_sc_hd__o22ai_1  | 0.107 |   2.315 |    2.322 | 
     | g100601__9315                             | A v -> Y ^    | sky130_fd_sc_hd__nor2_1   | 0.216 |   2.531 |    2.538 | 
     | FE_RC_229_0                               | A ^ -> Y v    | sky130_fd_sc_hd__nand2_1  | 0.092 |   2.623 |    2.630 | 
     | FE_RC_228_0                               | A v -> Y ^    | sky130_fd_sc_hd__nand2_1  | 0.087 |   2.710 |    2.717 | 
     | FE_RC_207_0                               | A ^ -> Y v    | sky130_fd_sc_hd__inv_2    | 0.047 |   2.757 |    2.764 | 
     | FE_RC_206_0                               | A v -> Y ^    | sky130_fd_sc_hd__nand2_4  | 0.084 |   2.841 |    2.848 | 
     | FE_RC_87_0                                | A1 ^ -> Y v   | sky130_fd_sc_hd__a21oi_4  | 0.075 |   2.917 |    2.924 | 
     | g100588                                   | A v -> Y ^    | sky130_fd_sc_hd__inv_4    | 0.079 |   2.995 |    3.002 | 
     | FE_RC_53_0                                | C ^ -> Y v    | sky130_fd_sc_hd__nor3_2   | 0.040 |   3.035 |    3.042 | 
     | g188148                                   | A1 v -> Y ^   | sky130_fd_sc_hd__a21oi_1  | 0.320 |   3.356 |    3.363 | 
     | FE_OCPC201_n_1333                         | A ^ -> X ^    | sky130_fd_sc_hd__buf_2    | 0.208 |   3.564 |    3.571 | 
     | g185753__9945                             | B ^ -> X ^    | sky130_fd_sc_hd__and2_4   | 0.538 |   4.102 |    4.109 | 
     | g183430__7098                             | A1 ^ -> X ^   | sky130_fd_sc_hd__a22o_1   | 0.249 |   4.351 |    4.358 | 
     | u_request_queue_req_mem_reg[1][wdata][14] | D ^           | sky130_fd_sc_hd__dfxtp_1  | 0.000 |   4.351 |    4.358 | 
     +--------------------------------------------------------------------------------------------------------------------+ 
Path 8: MET Setup Check with Pin u_request_queue_req_mem_reg[1][wdata][21]/CLK 
Endpoint:   u_request_queue_req_mem_reg[1][wdata][21]/D (^) checked with  
leading edge of 'clk'
Beginpoint: u_request_queue_req_mem_reg[3][bank][0]/Q   (^) triggered by  
leading edge of 'clk'
Path Groups: {clk}
Analysis View: VIEW_TYP
Other End Arrival Time          0.480
- Setup                         0.019
+ Phase Shift                   4.000
- Uncertainty                   0.100
= Required Time                 4.360
- Arrival Time                  4.345
= Slack Time                    0.015
     Clock Rise Edge                 0.000
     + Clock Network Latency (Prop)  0.043
     = Beginpoint Arrival Time       0.043
     +--------------------------------------------------------------------------------------------------------------------+ 
     |                 Instance                  |      Arc      |           Cell            | Delay | Arrival | Required | 
     |                                           |               |                           |       |  Time   |   Time   | 
     |-------------------------------------------+---------------+---------------------------+-------+---------+----------| 
     | u_request_queue_req_mem_reg[3][bank][0]   | CLK ^         |                           |       |   0.043 |    0.058 | 
     | u_request_queue_req_mem_reg[3][bank][0]   | CLK ^ -> Q ^  | sky130_fd_sc_hd__dfxbp_2  | 0.498 |   0.541 |    0.556 | 
     | g100823__6783                             | B ^ -> Y v    | sky130_fd_sc_hd__nand2_1  | 0.281 |   0.823 |    0.838 | 
     | g100730__1617                             | B v -> Y ^    | sky130_fd_sc_hd__nor2_1   | 0.154 |   0.977 |    0.992 | 
     | g100715__2883                             | A ^ -> Y v    | sky130_fd_sc_hd__nand2_1  | 0.080 |   1.057 |    1.072 | 
     | FE_RC_124_0                               | B v -> Y ^    | sky130_fd_sc_hd__nand4_2  | 0.118 |   1.175 |    1.190 | 
     | FE_RC_203_0                               | A ^ -> Y v    | sky130_fd_sc_hd__nand3_2  | 0.110 |   1.286 |    1.301 | 
     | g100673__7482                             | A v -> X v    | sky130_fd_sc_hd__and2_4   | 0.169 |   1.454 |    1.469 | 
     | FE_RC_233_0                               | A1 v -> Y ^   | sky130_fd_sc_hd__a31oi_2  | 0.113 |   1.567 |    1.582 | 
     | FE_RC_116_0                               | B1_N ^ -> Y ^ | sky130_fd_sc_hd__a21boi_2 | 0.166 |   1.733 |    1.748 | 
     | g100636__4733                             | B ^ -> Y v    | sky130_fd_sc_hd__nor2_1   | 0.071 |   1.804 |    1.819 | 
     | FE_OFC64_n_4234                           | A v -> Y ^    | sky130_fd_sc_hd__inv_2    | 0.133 |   1.937 |    1.952 | 
     | FE_RC_125_0                               | A2 ^ -> Y v   | sky130_fd_sc_hd__o22ai_2  | 0.095 |   2.032 |    2.047 | 
     | g100621__2802                             | A v -> Y ^    | sky130_fd_sc_hd__nor2_2   | 0.176 |   2.208 |    2.223 | 
     | g100604__2346                             | A2 ^ -> Y v   | sky130_fd_sc_hd__o22ai_1  | 0.107 |   2.315 |    2.330 | 
     | g100601__9315                             | A v -> Y ^    | sky130_fd_sc_hd__nor2_1   | 0.216 |   2.531 |    2.546 | 
     | FE_RC_229_0                               | A ^ -> Y v    | sky130_fd_sc_hd__nand2_1  | 0.092 |   2.623 |    2.638 | 
     | FE_RC_228_0                               | A v -> Y ^    | sky130_fd_sc_hd__nand2_1  | 0.087 |   2.710 |    2.725 | 
     | FE_RC_207_0                               | A ^ -> Y v    | sky130_fd_sc_hd__inv_2    | 0.047 |   2.757 |    2.772 | 
     | FE_RC_206_0                               | A v -> Y ^    | sky130_fd_sc_hd__nand2_4  | 0.084 |   2.841 |    2.856 | 
     | FE_RC_87_0                                | A1 ^ -> Y v   | sky130_fd_sc_hd__a21oi_4  | 0.075 |   2.917 |    2.932 | 
     | g100588                                   | A v -> Y ^    | sky130_fd_sc_hd__inv_4    | 0.079 |   2.995 |    3.010 | 
     | FE_RC_53_0                                | C ^ -> Y v    | sky130_fd_sc_hd__nor3_2   | 0.040 |   3.035 |    3.051 | 
     | g188148                                   | A1 v -> Y ^   | sky130_fd_sc_hd__a21oi_1  | 0.320 |   3.356 |    3.371 | 
     | FE_OCPC201_n_1333                         | A ^ -> X ^    | sky130_fd_sc_hd__buf_2    | 0.208 |   3.564 |    3.579 | 
     | g185753__9945                             | B ^ -> X ^    | sky130_fd_sc_hd__and2_4   | 0.538 |   4.102 |    4.117 | 
     | g183437__9315                             | A1 ^ -> X ^   | sky130_fd_sc_hd__a22o_1   | 0.243 |   4.345 |    4.360 | 
     | u_request_queue_req_mem_reg[1][wdata][21] | D ^           | sky130_fd_sc_hd__dfxtp_1  | 0.000 |   4.345 |    4.360 | 
     +--------------------------------------------------------------------------------------------------------------------+ 
Path 9: MET Setup Check with Pin u_request_queue_req_mem_reg[1][wdata][2]/CLK 
Endpoint:   u_request_queue_req_mem_reg[1][wdata][2]/D (^) checked with  
leading edge of 'clk'
Beginpoint: u_request_queue_req_mem_reg[3][bank][0]/Q  (^) triggered by  
leading edge of 'clk'
Path Groups: {clk}
Analysis View: VIEW_TYP
Other End Arrival Time          0.482
- Setup                         0.019
+ Phase Shift                   4.000
- Uncertainty                   0.100
= Required Time                 4.363
- Arrival Time                  4.347
= Slack Time                    0.016
     Clock Rise Edge                 0.000
     + Clock Network Latency (Prop)  0.043
     = Beginpoint Arrival Time       0.043
     +-------------------------------------------------------------------------------------------------------------------+ 
     |                 Instance                 |      Arc      |           Cell            | Delay | Arrival | Required | 
     |                                          |               |                           |       |  Time   |   Time   | 
     |------------------------------------------+---------------+---------------------------+-------+---------+----------| 
     | u_request_queue_req_mem_reg[3][bank][0]  | CLK ^         |                           |       |   0.043 |    0.059 | 
     | u_request_queue_req_mem_reg[3][bank][0]  | CLK ^ -> Q ^  | sky130_fd_sc_hd__dfxbp_2  | 0.498 |   0.541 |    0.557 | 
     | g100823__6783                            | B ^ -> Y v    | sky130_fd_sc_hd__nand2_1  | 0.281 |   0.823 |    0.839 | 
     | g100730__1617                            | B v -> Y ^    | sky130_fd_sc_hd__nor2_1   | 0.154 |   0.977 |    0.993 | 
     | g100715__2883                            | A ^ -> Y v    | sky130_fd_sc_hd__nand2_1  | 0.080 |   1.057 |    1.073 | 
     | FE_RC_124_0                              | B v -> Y ^    | sky130_fd_sc_hd__nand4_2  | 0.118 |   1.175 |    1.191 | 
     | FE_RC_203_0                              | A ^ -> Y v    | sky130_fd_sc_hd__nand3_2  | 0.110 |   1.286 |    1.302 | 
     | g100673__7482                            | A v -> X v    | sky130_fd_sc_hd__and2_4   | 0.169 |   1.454 |    1.470 | 
     | FE_RC_233_0                              | A1 v -> Y ^   | sky130_fd_sc_hd__a31oi_2  | 0.113 |   1.567 |    1.583 | 
     | FE_RC_116_0                              | B1_N ^ -> Y ^ | sky130_fd_sc_hd__a21boi_2 | 0.166 |   1.733 |    1.749 | 
     | g100636__4733                            | B ^ -> Y v    | sky130_fd_sc_hd__nor2_1   | 0.071 |   1.804 |    1.820 | 
     | FE_OFC64_n_4234                          | A v -> Y ^    | sky130_fd_sc_hd__inv_2    | 0.133 |   1.937 |    1.953 | 
     | FE_RC_125_0                              | A2 ^ -> Y v   | sky130_fd_sc_hd__o22ai_2  | 0.095 |   2.032 |    2.048 | 
     | g100621__2802                            | A v -> Y ^    | sky130_fd_sc_hd__nor2_2   | 0.176 |   2.208 |    2.224 | 
     | g100604__2346                            | A2 ^ -> Y v   | sky130_fd_sc_hd__o22ai_1  | 0.107 |   2.315 |    2.331 | 
     | g100601__9315                            | A v -> Y ^    | sky130_fd_sc_hd__nor2_1   | 0.216 |   2.531 |    2.547 | 
     | FE_RC_229_0                              | A ^ -> Y v    | sky130_fd_sc_hd__nand2_1  | 0.092 |   2.623 |    2.639 | 
     | FE_RC_228_0                              | A v -> Y ^    | sky130_fd_sc_hd__nand2_1  | 0.087 |   2.710 |    2.726 | 
     | FE_RC_207_0                              | A ^ -> Y v    | sky130_fd_sc_hd__inv_2    | 0.047 |   2.757 |    2.773 | 
     | FE_RC_206_0                              | A v -> Y ^    | sky130_fd_sc_hd__nand2_4  | 0.084 |   2.841 |    2.857 | 
     | FE_RC_87_0                               | A1 ^ -> Y v   | sky130_fd_sc_hd__a21oi_4  | 0.075 |   2.917 |    2.933 | 
     | g100588                                  | A v -> Y ^    | sky130_fd_sc_hd__inv_4    | 0.079 |   2.995 |    3.011 | 
     | FE_RC_53_0                               | C ^ -> Y v    | sky130_fd_sc_hd__nor3_2   | 0.040 |   3.035 |    3.051 | 
     | g188148                                  | A1 v -> Y ^   | sky130_fd_sc_hd__a21oi_1  | 0.320 |   3.356 |    3.372 | 
     | FE_OCPC201_n_1333                        | A ^ -> X ^    | sky130_fd_sc_hd__buf_2    | 0.208 |   3.564 |    3.580 | 
     | g185753__9945                            | B ^ -> X ^    | sky130_fd_sc_hd__and2_4   | 0.538 |   4.102 |    4.118 | 
     | g183418__5107                            | A1 ^ -> X ^   | sky130_fd_sc_hd__a22o_1   | 0.245 |   4.346 |    4.362 | 
     | u_request_queue_req_mem_reg[1][wdata][2] | D ^           | sky130_fd_sc_hd__dfxtp_1  | 0.000 |   4.347 |    4.363 | 
     +-------------------------------------------------------------------------------------------------------------------+ 
Path 10: MET Setup Check with Pin rsp_rdata_q_reg[4]/CLK 
Endpoint:   rsp_rdata_q_reg[4]/D    (^) checked with  leading edge of 'clk'
Beginpoint: service_pending_q_reg/Q (^) triggered by  leading edge of 'clk'
Path Groups: {clk}
Analysis View: VIEW_TYP
Other End Arrival Time          0.485
- Setup                         0.029
+ Phase Shift                   4.000
- Uncertainty                   0.100
= Required Time                 4.356
- Arrival Time                  4.340
= Slack Time                    0.016
     Clock Rise Edge                 0.000
     + Clock Network Latency (Prop)  0.039
     = Beginpoint Arrival Time       0.039
     +-----------------------------------------------------------------------------------------------+ 
     |       Instance        |     Arc      |           Cell            | Delay | Arrival | Required | 
     |                       |              |                           |       |  Time   |   Time   | 
     |-----------------------+--------------+---------------------------+-------+---------+----------| 
     | service_pending_q_reg | CLK ^        |                           |       |   0.039 |    0.055 | 
     | service_pending_q_reg | CLK ^ -> Q ^ | sky130_fd_sc_hd__dfxtp_1  | 0.624 |   0.663 |    0.679 | 
     | g100760__2802         | B ^ -> Y v   | sky130_fd_sc_hd__nand2_1  | 0.247 |   0.909 |    0.926 | 
     | g100725__4319         | B v -> X v   | sky130_fd_sc_hd__or2_0    | 0.440 |   1.349 |    1.365 | 
     | g100856__5122         | A v -> Y ^   | sky130_fd_sc_hd__nor2b_1  | 0.290 |   1.639 |    1.656 | 
     | g100693               | A ^ -> Y v   | sky130_fd_sc_hd__inv_2    | 0.112 |   1.752 |    1.768 | 
     | g189277               | B v -> Y ^   | sky130_fd_sc_hd__nor2_1   | 0.947 |   2.698 |    2.714 | 
     | FE_OFC16_n_141        | A ^ -> X ^   | sky130_fd_sc_hd__clkbuf_1 | 0.904 |   3.602 |    3.618 | 
     | g183311__6783         | A1 ^ -> Y v  | sky130_fd_sc_hd__a22oi_2  | 0.559 |   4.161 |    4.177 | 
     | g183083__1666         | B v -> Y ^   | sky130_fd_sc_hd__nand2_1  | 0.179 |   4.340 |    4.356 | 
     | rsp_rdata_q_reg[4]    | D ^          | sky130_fd_sc_hd__dfxtp_1  | 0.000 |   4.340 |    4.356 | 
     +-----------------------------------------------------------------------------------------------+ 

