###############################################################
#  Generated by:      Cadence Innovus 23.13-s082_1
#  OS:                Linux x86_64(Host ID n02-hera.olympus.ece.tamu.edu)
#  Generated on:      Mon Sep 28 22:04:49 2026
#  Design:            ddr4_controller_top
#  Command:           report_timing -max_paths 10 > $REPORTS_DIR/timing_postroute.rpt
###############################################################
Path 1: MET Setup Check with Pin rsp_rdata_q_reg[9]/CLK 
Endpoint:   rsp_rdata_q_reg[9]/D    (v) checked with  leading edge of 'clk'
Beginpoint: service_addr_q_reg[2]/Q (^) triggered by  leading edge of 'clk'
Path Groups: {clk}
Analysis View: VIEW_TYP
Other End Arrival Time          0.341
- Setup                         0.089
+ Phase Shift                   4.000
- Uncertainty                   0.100
= Required Time                 4.152
- Arrival Time                  4.118
= Slack Time                    0.034
     Clock Rise Edge                 0.000
     + Clock Network Latency (Prop)  0.033
     = Beginpoint Arrival Time       0.033
     +-----------------------------------------------------------------------------------------------+ 
     |       Instance        |     Arc      |           Cell            | Delay | Arrival | Required | 
     |                       |              |                           |       |  Time   |   Time   | 
     |-----------------------+--------------+---------------------------+-------+---------+----------| 
     | service_addr_q_reg[2] | CLK ^        |                           |       |   0.033 |    0.067 | 
     | service_addr_q_reg[2] | CLK ^ -> Q ^ | sky130_fd_sc_hd__dfxtp_2  | 0.542 |   0.575 |    0.609 | 
     | g189596               | A ^ -> Y v   | sky130_fd_sc_hd__nor2_1   | 0.101 |   0.676 |    0.710 | 
     | FE_OFC77_n_36         | A v -> X v   | sky130_fd_sc_hd__buf_4    | 0.440 |   1.116 |    1.150 | 
     | FE_OFC80_n_36         | A v -> X v   | sky130_fd_sc_hd__buf_4    | 0.522 |   1.638 |    1.672 | 
     | g188411               | B1 v -> Y ^  | sky130_fd_sc_hd__a221oi_1 | 0.496 |   2.134 |    2.168 | 
     | g188073               | A2 ^ -> Y v  | sky130_fd_sc_hd__o22ai_1  | 0.159 |   2.293 |    2.327 | 
     | g185800__8246         | C1 v -> Y ^  | sky130_fd_sc_hd__a221oi_1 | 0.631 |   2.924 |    2.958 | 
     | g183504__5107         | B ^ -> Y v   | sky130_fd_sc_hd__nand4_1  | 0.262 |   3.186 |    3.220 | 
     | g183315__1705         | B1 v -> Y ^  | sky130_fd_sc_hd__a22oi_2  | 0.806 |   3.992 |    4.026 | 
     | g183072__7098         | B ^ -> Y v   | sky130_fd_sc_hd__nand2_1  | 0.126 |   4.118 |    4.152 | 
     | rsp_rdata_q_reg[9]    | D v          | sky130_fd_sc_hd__dfxtp_1  | 0.000 |   4.118 |    4.152 | 
     +-----------------------------------------------------------------------------------------------+ 
Path 2: MET Setup Check with Pin rsp_rdata_q_reg[31]/CLK 
Endpoint:   rsp_rdata_q_reg[31]/D   (v) checked with  leading edge of 'clk'
Beginpoint: service_addr_q_reg[3]/Q (^) triggered by  leading edge of 'clk'
Path Groups: {clk}
Analysis View: VIEW_TYP
Other End Arrival Time          0.371
- Setup                         0.071
+ Phase Shift                   4.000
- Uncertainty                   0.100
= Required Time                 4.199
- Arrival Time                  4.157
= Slack Time                    0.042
     Clock Rise Edge                 0.000
     + Clock Network Latency (Prop)  0.033
     = Beginpoint Arrival Time       0.033
     +-----------------------------------------------------------------------------------------------+ 
     |       Instance        |     Arc      |           Cell            | Delay | Arrival | Required | 
     |                       |              |                           |       |  Time   |   Time   | 
     |-----------------------+--------------+---------------------------+-------+---------+----------| 
     | service_addr_q_reg[3] | CLK ^        |                           |       |   0.033 |    0.075 | 
     | service_addr_q_reg[3] | CLK ^ -> Q ^ | sky130_fd_sc_hd__dfxbp_2  | 0.679 |   0.712 |    0.754 | 
     | g189591               | A ^ -> X ^   | sky130_fd_sc_hd__or2_2    | 0.601 |   1.313 |    1.355 | 
     | FE_OFC203_n_44        | A ^ -> Y v   | sky130_fd_sc_hd__inv_2    | 0.209 |   1.522 |    1.564 | 
     | g189309               | A v -> X v   | sky130_fd_sc_hd__and2_4   | 0.458 |   1.980 |    2.022 | 
     | g185889__7482         | B1 v -> Y ^  | sky130_fd_sc_hd__a221oi_1 | 0.953 |   2.932 |    2.975 | 
     | g183654__6260         | A ^ -> Y v   | sky130_fd_sc_hd__nand4_1  | 0.203 |   3.135 |    3.178 | 
     | g183331__6417         | A1 v -> Y ^  | sky130_fd_sc_hd__a22oi_1  | 0.908 |   4.043 |    4.086 | 
     | g183088__5107         | B ^ -> Y v   | sky130_fd_sc_hd__nand2_1  | 0.114 |   4.157 |    4.199 | 
     | rsp_rdata_q_reg[31]   | D v          | sky130_fd_sc_hd__dfxtp_1  | 0.000 |   4.157 |    4.199 | 
     +-----------------------------------------------------------------------------------------------+ 
Path 3: MET Setup Check with Pin rsp_rdata_q_reg[0]/CLK 
Endpoint:   rsp_rdata_q_reg[0]/D    (v) checked with  leading edge of 'clk'
Beginpoint: service_addr_q_reg[0]/Q (^) triggered by  leading edge of 'clk'
Path Groups: {clk}
Analysis View: VIEW_TYP
Other End Arrival Time          0.372
- Setup                         0.086
+ Phase Shift                   4.000
- Uncertainty                   0.100
= Required Time                 4.186
- Arrival Time                  4.129
= Slack Time                    0.057
     Clock Rise Edge                 0.000
     + Clock Network Latency (Prop)  0.030
     = Beginpoint Arrival Time       0.030
     +-------------------------------------------------------------------------------------------------+ 
     |        Instance         |     Arc      |           Cell            | Delay | Arrival | Required | 
     |                         |              |                           |       |  Time   |   Time   | 
     |-------------------------+--------------+---------------------------+-------+---------+----------| 
     | service_addr_q_reg[0]   | CLK ^        |                           |       |   0.030 |    0.087 | 
     | service_addr_q_reg[0]   | CLK ^ -> Q ^ | sky130_fd_sc_hd__dfxtp_1  | 0.527 |   0.557 |    0.615 | 
     | g189616                 | A ^ -> Y v   | sky130_fd_sc_hd__inv_2    | 0.073 |   0.630 |    0.687 | 
     | g189595                 | A v -> Y ^   | sky130_fd_sc_hd__nand2_2  | 0.094 |   0.724 |    0.781 | 
     | FE_OFC60_n_10           | A ^ -> Y v   | sky130_fd_sc_hd__inv_6    | 0.165 |   0.889 |    0.946 | 
     | FE_OFC62_n_10           | A v -> Y ^   | sky130_fd_sc_hd__inv_2    | 0.183 |   1.073 |    1.130 | 
     | FE_OFC63_n_10           | A ^ -> Y v   | sky130_fd_sc_hd__inv_8    | 0.151 |   1.223 |    1.280 | 
     | FE_OFC115_FE_DBTN0_n_10 | A v -> X v   | sky130_fd_sc_hd__buf_2    | 0.363 |   1.586 |    1.643 | 
     | g189251                 | A1 v -> X v  | sky130_fd_sc_hd__a22o_1   | 0.253 |   1.839 |    1.896 | 
     | g188384                 | C1 v -> Y ^  | sky130_fd_sc_hd__a221oi_1 | 0.343 |   2.182 |    2.239 | 
     | g188052                 | B2 ^ -> Y v  | sky130_fd_sc_hd__o22ai_1  | 0.146 |   2.328 |    2.385 | 
     | g185764__8428           | C1 v -> Y ^  | sky130_fd_sc_hd__a221oi_1 | 0.337 |   2.665 |    2.722 | 
     | g183529__6417           | B ^ -> Y v   | sky130_fd_sc_hd__nand4_1  | 0.311 |   2.976 |    3.034 | 
     | g183309__8428           | B1 v -> Y ^  | sky130_fd_sc_hd__a22oi_1  | 1.008 |   3.985 |    4.042 | 
     | g183081__2883           | B ^ -> Y v   | sky130_fd_sc_hd__nand2_1  | 0.144 |   4.129 |    4.186 | 
     | rsp_rdata_q_reg[0]      | D v          | sky130_fd_sc_hd__dfxtp_1  | 0.000 |   4.129 |    4.186 | 
     +-------------------------------------------------------------------------------------------------+ 
Path 4: MET Setup Check with Pin u_request_queue_req_mem_reg[1][wdata][3]/CLK 
Endpoint:   u_request_queue_req_mem_reg[1][wdata][3]/D (^) checked with  
leading edge of 'clk'
Beginpoint: u_request_queue_req_mem_reg[1][bank][0]/Q  (v) triggered by  
leading edge of 'clk'
Path Groups: {clk}
Analysis View: VIEW_TYP
Other End Arrival Time          0.379
- Setup                         0.018
+ Phase Shift                   4.000
- Uncertainty                   0.100
= Required Time                 4.261
- Arrival Time                  4.203
= Slack Time                    0.058
     Clock Rise Edge                 0.000
     + Clock Network Latency (Prop)  0.035
     = Beginpoint Arrival Time       0.035
     +-------------------------------------------------------------------------------------------------------------------+ 
     |                 Instance                 |     Arc      |            Cell            | Delay | Arrival | Required | 
     |                                          |              |                            |       |  Time   |   Time   | 
     |------------------------------------------+--------------+----------------------------+-------+---------+----------| 
     | u_request_queue_req_mem_reg[1][bank][0]  | CLK ^        |                            |       |   0.035 |    0.093 | 
     | u_request_queue_req_mem_reg[1][bank][0]  | CLK ^ -> Q v | sky130_fd_sc_hd__dfxtp_4   | 0.442 |   0.477 |    0.535 | 
     | g100792__2802                            | A v -> Y ^   | sky130_fd_sc_hd__nor2_1    | 0.288 |   0.765 |    0.823 | 
     | g100731__2802                            | B2 ^ -> Y v  | sky130_fd_sc_hd__a2bb2oi_1 | 0.106 |   0.871 |    0.929 | 
     | FE_RC_139_0                              | C v -> Y ^   | sky130_fd_sc_hd__nand3_1   | 0.091 |   0.962 |    1.020 | 
     | FE_RC_131_0                              | A ^ -> Y v   | sky130_fd_sc_hd__nand2_1   | 0.049 |   1.011 |    1.069 | 
     | FE_RC_132_0                              | A v -> Y ^   | sky130_fd_sc_hd__inv_1     | 0.064 |   1.074 |    1.132 | 
     | g100680__2346                            | A ^ -> Y v   | sky130_fd_sc_hd__nand2_2   | 0.070 |   1.145 |    1.203 | 
     | FE_RC_57_0                               | A v -> Y ^   | sky130_fd_sc_hd__nand2_2   | 0.066 |   1.210 |    1.268 | 
     | FE_RC_56_0                               | B ^ -> Y v   | sky130_fd_sc_hd__nor2_2    | 0.037 |   1.248 |    1.306 | 
     | FE_RC_55_0                               | B v -> Y ^   | sky130_fd_sc_hd__nor2_2    | 0.123 |   1.370 |    1.428 | 
     | g100657__5526                            | A ^ -> Y v   | sky130_fd_sc_hd__nand2_2   | 0.128 |   1.499 |    1.557 | 
     | FE_OFC119_n_4298                         | A v -> Y ^   | sky130_fd_sc_hd__inv_2     | 0.091 |   1.590 |    1.648 | 
     | g100643__2346                            | A ^ -> Y v   | sky130_fd_sc_hd__nand3_1   | 0.062 |   1.652 |    1.710 | 
     | g100642__2883                            | A v -> Y ^   | sky130_fd_sc_hd__nand2_1   | 0.265 |   1.917 |    1.975 | 
     | FE_OFC167_n_4300                         | A ^ -> Y v   | sky130_fd_sc_hd__inv_2     | 0.086 |   2.002 |    2.060 | 
     | g100622__1705                            | A2 v -> X v  | sky130_fd_sc_hd__o22a_1    | 0.222 |   2.224 |    2.282 | 
     | FE_RC_76_0                               | A v -> Y ^   | sky130_fd_sc_hd__nand3_2   | 0.087 |   2.311 |    2.369 | 
     | FE_RC_201_0                              | A ^ -> Y v   | sky130_fd_sc_hd__nand2_1   | 0.054 |   2.365 |    2.423 | 
     | FE_RC_199_0                              | B v -> Y ^   | sky130_fd_sc_hd__nand2_1   | 0.071 |   2.436 |    2.494 | 
     | FE_RC_197_0                              | A ^ -> Y v   | sky130_fd_sc_hd__nor2_1    | 0.045 |   2.481 |    2.539 | 
     | FE_RC_198_0                              | A v -> Y ^   | sky130_fd_sc_hd__inv_1     | 0.046 |   2.527 |    2.585 | 
     | FE_RC_251_0                              | C ^ -> Y v   | sky130_fd_sc_hd__nand3_1   | 0.095 |   2.622 |    2.680 | 
     | FE_RC_250_0                              | A_N v -> Y v | sky130_fd_sc_hd__nand2b_4  | 0.200 |   2.821 |    2.879 | 
     | FE_RC_297_0                              | A1 v -> Y ^  | sky130_fd_sc_hd__a21oi_2   | 0.143 |   2.964 |    3.022 | 
     | FE_RC_296_0                              | A ^ -> Y v   | sky130_fd_sc_hd__inv_2     | 0.064 |   3.028 |    3.086 | 
     | FE_RC_75_0                               | C v -> Y ^   | sky130_fd_sc_hd__nor3_4    | 0.164 |   3.192 |    3.250 | 
     | FE_RC_194_0                              | A ^ -> Y v   | sky130_fd_sc_hd__nand2_1   | 0.077 |   3.269 |    3.327 | 
     | FE_RC_192_0                              | A v -> Y ^   | sky130_fd_sc_hd__nand2_1   | 0.076 |   3.345 |    3.403 | 
     | FE_RC_193_0                              | A ^ -> Y v   | sky130_fd_sc_hd__inv_2     | 0.061 |   3.407 |    3.465 | 
     | g188062                                  | A v -> Y ^   | sky130_fd_sc_hd__clkinv_1  | 0.075 |   3.481 |    3.539 | 
     | g183659__3680                            | A1 ^ -> X ^  | sky130_fd_sc_hd__o21a_1    | 0.141 |   3.622 |    3.680 | 
     | FE_OFC130_n_3763                         | A ^ -> Y v   | sky130_fd_sc_hd__inv_2     | 0.056 |   3.677 |    3.735 | 
     | FE_OFC132_n_3763                         | A v -> Y ^   | sky130_fd_sc_hd__inv_4     | 0.316 |   3.994 |    4.052 | 
     | g183419__6260                            | B1 ^ -> X ^  | sky130_fd_sc_hd__a22o_1    | 0.209 |   4.203 |    4.261 | 
     | u_request_queue_req_mem_reg[1][wdata][3] | D ^          | sky130_fd_sc_hd__dfxtp_1   | 0.000 |   4.203 |    4.261 | 
     +-------------------------------------------------------------------------------------------------------------------+ 
Path 5: MET Setup Check with Pin u_request_queue_req_mem_reg[1][wdata][28]/CLK 
Endpoint:   u_request_queue_req_mem_reg[1][wdata][28]/D (^) checked with  
leading edge of 'clk'
Beginpoint: u_request_queue_req_mem_reg[1][bank][0]/Q   (v) triggered by  
leading edge of 'clk'
Path Groups: {clk}
Analysis View: VIEW_TYP
Other End Arrival Time          0.379
- Setup                         0.018
+ Phase Shift                   4.000
- Uncertainty                   0.100
= Required Time                 4.261
- Arrival Time                  4.202
= Slack Time                    0.058
     Clock Rise Edge                 0.000
     + Clock Network Latency (Prop)  0.035
     = Beginpoint Arrival Time       0.035
     +--------------------------------------------------------------------------------------------------------------------+ 
     |                 Instance                  |     Arc      |            Cell            | Delay | Arrival | Required | 
     |                                           |              |                            |       |  Time   |   Time   | 
     |-------------------------------------------+--------------+----------------------------+-------+---------+----------| 
     | u_request_queue_req_mem_reg[1][bank][0]   | CLK ^        |                            |       |   0.035 |    0.094 | 
     | u_request_queue_req_mem_reg[1][bank][0]   | CLK ^ -> Q v | sky130_fd_sc_hd__dfxtp_4   | 0.442 |   0.477 |    0.535 | 
     | g100792__2802                             | A v -> Y ^   | sky130_fd_sc_hd__nor2_1    | 0.288 |   0.765 |    0.823 | 
     | g100731__2802                             | B2 ^ -> Y v  | sky130_fd_sc_hd__a2bb2oi_1 | 0.106 |   0.871 |    0.929 | 
     | FE_RC_139_0                               | C v -> Y ^   | sky130_fd_sc_hd__nand3_1   | 0.091 |   0.962 |    1.021 | 
     | FE_RC_131_0                               | A ^ -> Y v   | sky130_fd_sc_hd__nand2_1   | 0.049 |   1.011 |    1.069 | 
     | FE_RC_132_0                               | A v -> Y ^   | sky130_fd_sc_hd__inv_1     | 0.064 |   1.074 |    1.133 | 
     | g100680__2346                             | A ^ -> Y v   | sky130_fd_sc_hd__nand2_2   | 0.070 |   1.145 |    1.203 | 
     | FE_RC_57_0                                | A v -> Y ^   | sky130_fd_sc_hd__nand2_2   | 0.066 |   1.210 |    1.269 | 
     | FE_RC_56_0                                | B ^ -> Y v   | sky130_fd_sc_hd__nor2_2    | 0.037 |   1.248 |    1.306 | 
     | FE_RC_55_0                                | B v -> Y ^   | sky130_fd_sc_hd__nor2_2    | 0.123 |   1.370 |    1.429 | 
     | g100657__5526                             | A ^ -> Y v   | sky130_fd_sc_hd__nand2_2   | 0.128 |   1.499 |    1.557 | 
     | FE_OFC119_n_4298                          | A v -> Y ^   | sky130_fd_sc_hd__inv_2     | 0.091 |   1.590 |    1.649 | 
     | g100643__2346                             | A ^ -> Y v   | sky130_fd_sc_hd__nand3_1   | 0.062 |   1.652 |    1.711 | 
     | g100642__2883                             | A v -> Y ^   | sky130_fd_sc_hd__nand2_1   | 0.265 |   1.917 |    1.975 | 
     | FE_OFC167_n_4300                          | A ^ -> Y v   | sky130_fd_sc_hd__inv_2     | 0.086 |   2.002 |    2.061 | 
     | g100622__1705                             | A2 v -> X v  | sky130_fd_sc_hd__o22a_1    | 0.222 |   2.224 |    2.283 | 
     | FE_RC_76_0                                | A v -> Y ^   | sky130_fd_sc_hd__nand3_2   | 0.087 |   2.311 |    2.370 | 
     | FE_RC_201_0                               | A ^ -> Y v   | sky130_fd_sc_hd__nand2_1   | 0.054 |   2.365 |    2.424 | 
     | FE_RC_199_0                               | B v -> Y ^   | sky130_fd_sc_hd__nand2_1   | 0.071 |   2.436 |    2.494 | 
     | FE_RC_197_0                               | A ^ -> Y v   | sky130_fd_sc_hd__nor2_1    | 0.045 |   2.481 |    2.539 | 
     | FE_RC_198_0                               | A v -> Y ^   | sky130_fd_sc_hd__inv_1     | 0.046 |   2.527 |    2.585 | 
     | FE_RC_251_0                               | C ^ -> Y v   | sky130_fd_sc_hd__nand3_1   | 0.095 |   2.622 |    2.680 | 
     | FE_RC_250_0                               | A_N v -> Y v | sky130_fd_sc_hd__nand2b_4  | 0.200 |   2.821 |    2.880 | 
     | FE_RC_297_0                               | A1 v -> Y ^  | sky130_fd_sc_hd__a21oi_2   | 0.143 |   2.964 |    3.023 | 
     | FE_RC_296_0                               | A ^ -> Y v   | sky130_fd_sc_hd__inv_2     | 0.064 |   3.028 |    3.087 | 
     | FE_RC_75_0                                | C v -> Y ^   | sky130_fd_sc_hd__nor3_4    | 0.164 |   3.192 |    3.251 | 
     | FE_RC_194_0                               | A ^ -> Y v   | sky130_fd_sc_hd__nand2_1   | 0.077 |   3.269 |    3.328 | 
     | FE_RC_192_0                               | A v -> Y ^   | sky130_fd_sc_hd__nand2_1   | 0.076 |   3.345 |    3.404 | 
     | FE_RC_193_0                               | A ^ -> Y v   | sky130_fd_sc_hd__inv_2     | 0.061 |   3.407 |    3.465 | 
     | g188062                                   | A v -> Y ^   | sky130_fd_sc_hd__clkinv_1  | 0.075 |   3.481 |    3.540 | 
     | g183659__3680                             | A1 ^ -> X ^  | sky130_fd_sc_hd__o21a_1    | 0.141 |   3.622 |    3.680 | 
     | FE_OFC130_n_3763                          | A ^ -> Y v   | sky130_fd_sc_hd__inv_2     | 0.056 |   3.677 |    3.736 | 
     | FE_OFC132_n_3763                          | A v -> Y ^   | sky130_fd_sc_hd__inv_4     | 0.316 |   3.994 |    4.052 | 
     | g183443__6417                             | B1 ^ -> X ^  | sky130_fd_sc_hd__a22o_1    | 0.208 |   4.202 |    4.261 | 
     | u_request_queue_req_mem_reg[1][wdata][28] | D ^          | sky130_fd_sc_hd__dfxtp_1   | 0.000 |   4.202 |    4.261 | 
     +--------------------------------------------------------------------------------------------------------------------+ 
Path 6: MET Setup Check with Pin u_request_queue_req_mem_reg[1][wdata][24]/CLK 
Endpoint:   u_request_queue_req_mem_reg[1][wdata][24]/D (^) checked with  
leading edge of 'clk'
Beginpoint: u_request_queue_req_mem_reg[1][bank][0]/Q   (v) triggered by  
leading edge of 'clk'
Path Groups: {clk}
Analysis View: VIEW_TYP
Other End Arrival Time          0.380
- Setup                         0.018
+ Phase Shift                   4.000
- Uncertainty                   0.100
= Required Time                 4.263
- Arrival Time                  4.202
= Slack Time                    0.061
     Clock Rise Edge                 0.000
     + Clock Network Latency (Prop)  0.035
     = Beginpoint Arrival Time       0.035
     +--------------------------------------------------------------------------------------------------------------------+ 
     |                 Instance                  |     Arc      |            Cell            | Delay | Arrival | Required | 
     |                                           |              |                            |       |  Time   |   Time   | 
     |-------------------------------------------+--------------+----------------------------+-------+---------+----------| 
     | u_request_queue_req_mem_reg[1][bank][0]   | CLK ^        |                            |       |   0.035 |    0.096 | 
     | u_request_queue_req_mem_reg[1][bank][0]   | CLK ^ -> Q v | sky130_fd_sc_hd__dfxtp_4   | 0.442 |   0.477 |    0.538 | 
     | g100792__2802                             | A v -> Y ^   | sky130_fd_sc_hd__nor2_1    | 0.288 |   0.765 |    0.826 | 
     | g100731__2802                             | B2 ^ -> Y v  | sky130_fd_sc_hd__a2bb2oi_1 | 0.106 |   0.871 |    0.932 | 
     | FE_RC_139_0                               | C v -> Y ^   | sky130_fd_sc_hd__nand3_1   | 0.091 |   0.962 |    1.023 | 
     | FE_RC_131_0                               | A ^ -> Y v   | sky130_fd_sc_hd__nand2_1   | 0.049 |   1.011 |    1.072 | 
     | FE_RC_132_0                               | A v -> Y ^   | sky130_fd_sc_hd__inv_1     | 0.064 |   1.074 |    1.136 | 
     | g100680__2346                             | A ^ -> Y v   | sky130_fd_sc_hd__nand2_2   | 0.070 |   1.145 |    1.206 | 
     | FE_RC_57_0                                | A v -> Y ^   | sky130_fd_sc_hd__nand2_2   | 0.066 |   1.210 |    1.272 | 
     | FE_RC_56_0                                | B ^ -> Y v   | sky130_fd_sc_hd__nor2_2    | 0.037 |   1.248 |    1.309 | 
     | FE_RC_55_0                                | B v -> Y ^   | sky130_fd_sc_hd__nor2_2    | 0.123 |   1.370 |    1.432 | 
     | g100657__5526                             | A ^ -> Y v   | sky130_fd_sc_hd__nand2_2   | 0.128 |   1.499 |    1.560 | 
     | FE_OFC119_n_4298                          | A v -> Y ^   | sky130_fd_sc_hd__inv_2     | 0.091 |   1.590 |    1.651 | 
     | g100643__2346                             | A ^ -> Y v   | sky130_fd_sc_hd__nand3_1   | 0.062 |   1.652 |    1.713 | 
     | g100642__2883                             | A v -> Y ^   | sky130_fd_sc_hd__nand2_1   | 0.265 |   1.917 |    1.978 | 
     | FE_OFC167_n_4300                          | A ^ -> Y v   | sky130_fd_sc_hd__inv_2     | 0.086 |   2.002 |    2.064 | 
     | g100622__1705                             | A2 v -> X v  | sky130_fd_sc_hd__o22a_1    | 0.222 |   2.224 |    2.285 | 
     | FE_RC_76_0                                | A v -> Y ^   | sky130_fd_sc_hd__nand3_2   | 0.087 |   2.311 |    2.373 | 
     | FE_RC_201_0                               | A ^ -> Y v   | sky130_fd_sc_hd__nand2_1   | 0.054 |   2.365 |    2.427 | 
     | FE_RC_199_0                               | B v -> Y ^   | sky130_fd_sc_hd__nand2_1   | 0.071 |   2.436 |    2.497 | 
     | FE_RC_197_0                               | A ^ -> Y v   | sky130_fd_sc_hd__nor2_1    | 0.045 |   2.481 |    2.542 | 
     | FE_RC_198_0                               | A v -> Y ^   | sky130_fd_sc_hd__inv_1     | 0.046 |   2.527 |    2.588 | 
     | FE_RC_251_0                               | C ^ -> Y v   | sky130_fd_sc_hd__nand3_1   | 0.095 |   2.622 |    2.683 | 
     | FE_RC_250_0                               | A_N v -> Y v | sky130_fd_sc_hd__nand2b_4  | 0.200 |   2.821 |    2.882 | 
     | FE_RC_297_0                               | A1 v -> Y ^  | sky130_fd_sc_hd__a21oi_2   | 0.143 |   2.964 |    3.026 | 
     | FE_RC_296_0                               | A ^ -> Y v   | sky130_fd_sc_hd__inv_2     | 0.064 |   3.028 |    3.089 | 
     | FE_RC_75_0                                | C v -> Y ^   | sky130_fd_sc_hd__nor3_4    | 0.164 |   3.192 |    3.253 | 
     | FE_RC_194_0                               | A ^ -> Y v   | sky130_fd_sc_hd__nand2_1   | 0.077 |   3.269 |    3.330 | 
     | FE_RC_192_0                               | A v -> Y ^   | sky130_fd_sc_hd__nand2_1   | 0.076 |   3.345 |    3.407 | 
     | FE_RC_193_0                               | A ^ -> Y v   | sky130_fd_sc_hd__inv_2     | 0.061 |   3.407 |    3.468 | 
     | g188062                                   | A v -> Y ^   | sky130_fd_sc_hd__clkinv_1  | 0.075 |   3.481 |    3.542 | 
     | g183659__3680                             | A1 ^ -> X ^  | sky130_fd_sc_hd__o21a_1    | 0.141 |   3.622 |    3.683 | 
     | FE_OFC130_n_3763                          | A ^ -> Y v   | sky130_fd_sc_hd__inv_2     | 0.056 |   3.677 |    3.739 | 
     | FE_OFC132_n_3763                          | A v -> Y ^   | sky130_fd_sc_hd__inv_4     | 0.316 |   3.994 |    4.055 | 
     | g183392__4319                             | B1 ^ -> X ^  | sky130_fd_sc_hd__a22o_1    | 0.208 |   4.201 |    4.263 | 
     | u_request_queue_req_mem_reg[1][wdata][24] | D ^          | sky130_fd_sc_hd__dfxtp_1   | 0.000 |   4.202 |    4.263 | 
     +--------------------------------------------------------------------------------------------------------------------+ 
Path 7: MET Setup Check with Pin u_request_queue_req_mem_reg[1][wdata][5]/CLK 
Endpoint:   u_request_queue_req_mem_reg[1][wdata][5]/D (^) checked with  
leading edge of 'clk'
Beginpoint: u_request_queue_req_mem_reg[1][bank][0]/Q  (v) triggered by  
leading edge of 'clk'
Path Groups: {clk}
Analysis View: VIEW_TYP
Other End Arrival Time          0.372
- Setup                         0.017
+ Phase Shift                   4.000
- Uncertainty                   0.100
= Required Time                 4.255
- Arrival Time                  4.193
= Slack Time                    0.061
     Clock Rise Edge                 0.000
     + Clock Network Latency (Prop)  0.035
     = Beginpoint Arrival Time       0.035
     +-------------------------------------------------------------------------------------------------------------------+ 
     |                 Instance                 |     Arc      |            Cell            | Delay | Arrival | Required | 
     |                                          |              |                            |       |  Time   |   Time   | 
     |------------------------------------------+--------------+----------------------------+-------+---------+----------| 
     | u_request_queue_req_mem_reg[1][bank][0]  | CLK ^        |                            |       |   0.035 |    0.097 | 
     | u_request_queue_req_mem_reg[1][bank][0]  | CLK ^ -> Q v | sky130_fd_sc_hd__dfxtp_4   | 0.442 |   0.477 |    0.538 | 
     | g100792__2802                            | A v -> Y ^   | sky130_fd_sc_hd__nor2_1    | 0.288 |   0.765 |    0.826 | 
     | g100731__2802                            | B2 ^ -> Y v  | sky130_fd_sc_hd__a2bb2oi_1 | 0.106 |   0.871 |    0.932 | 
     | FE_RC_139_0                              | C v -> Y ^   | sky130_fd_sc_hd__nand3_1   | 0.091 |   0.962 |    1.024 | 
     | FE_RC_131_0                              | A ^ -> Y v   | sky130_fd_sc_hd__nand2_1   | 0.049 |   1.011 |    1.072 | 
     | FE_RC_132_0                              | A v -> Y ^   | sky130_fd_sc_hd__inv_1     | 0.064 |   1.074 |    1.136 | 
     | g100680__2346                            | A ^ -> Y v   | sky130_fd_sc_hd__nand2_2   | 0.070 |   1.145 |    1.206 | 
     | FE_RC_57_0                               | A v -> Y ^   | sky130_fd_sc_hd__nand2_2   | 0.066 |   1.210 |    1.272 | 
     | FE_RC_56_0                               | B ^ -> Y v   | sky130_fd_sc_hd__nor2_2    | 0.037 |   1.248 |    1.309 | 
     | FE_RC_55_0                               | B v -> Y ^   | sky130_fd_sc_hd__nor2_2    | 0.123 |   1.370 |    1.432 | 
     | g100657__5526                            | A ^ -> Y v   | sky130_fd_sc_hd__nand2_2   | 0.128 |   1.499 |    1.560 | 
     | FE_OFC119_n_4298                         | A v -> Y ^   | sky130_fd_sc_hd__inv_2     | 0.091 |   1.590 |    1.652 | 
     | g100643__2346                            | A ^ -> Y v   | sky130_fd_sc_hd__nand3_1   | 0.062 |   1.652 |    1.713 | 
     | g100642__2883                            | A v -> Y ^   | sky130_fd_sc_hd__nand2_1   | 0.265 |   1.917 |    1.978 | 
     | FE_OFC167_n_4300                         | A ^ -> Y v   | sky130_fd_sc_hd__inv_2     | 0.086 |   2.002 |    2.064 | 
     | g100622__1705                            | A2 v -> X v  | sky130_fd_sc_hd__o22a_1    | 0.222 |   2.224 |    2.286 | 
     | FE_RC_76_0                               | A v -> Y ^   | sky130_fd_sc_hd__nand3_2   | 0.087 |   2.311 |    2.373 | 
     | FE_RC_201_0                              | A ^ -> Y v   | sky130_fd_sc_hd__nand2_1   | 0.054 |   2.365 |    2.427 | 
     | FE_RC_199_0                              | B v -> Y ^   | sky130_fd_sc_hd__nand2_1   | 0.071 |   2.436 |    2.497 | 
     | FE_RC_197_0                              | A ^ -> Y v   | sky130_fd_sc_hd__nor2_1    | 0.045 |   2.481 |    2.542 | 
     | FE_RC_198_0                              | A v -> Y ^   | sky130_fd_sc_hd__inv_1     | 0.046 |   2.527 |    2.588 | 
     | FE_RC_251_0                              | C ^ -> Y v   | sky130_fd_sc_hd__nand3_1   | 0.095 |   2.622 |    2.683 | 
     | FE_RC_250_0                              | A_N v -> Y v | sky130_fd_sc_hd__nand2b_4  | 0.200 |   2.821 |    2.882 | 
     | FE_RC_297_0                              | A1 v -> Y ^  | sky130_fd_sc_hd__a21oi_2   | 0.143 |   2.964 |    3.026 | 
     | FE_RC_296_0                              | A ^ -> Y v   | sky130_fd_sc_hd__inv_2     | 0.064 |   3.028 |    3.089 | 
     | FE_RC_75_0                               | C v -> Y ^   | sky130_fd_sc_hd__nor3_4    | 0.164 |   3.192 |    3.253 | 
     | FE_RC_194_0                              | A ^ -> Y v   | sky130_fd_sc_hd__nand2_1   | 0.077 |   3.269 |    3.330 | 
     | FE_RC_192_0                              | A v -> Y ^   | sky130_fd_sc_hd__nand2_1   | 0.076 |   3.345 |    3.407 | 
     | FE_RC_193_0                              | A ^ -> Y v   | sky130_fd_sc_hd__inv_2     | 0.061 |   3.407 |    3.468 | 
     | g188062                                  | A v -> Y ^   | sky130_fd_sc_hd__clkinv_1  | 0.075 |   3.481 |    3.543 | 
     | g183659__3680                            | A1 ^ -> X ^  | sky130_fd_sc_hd__o21a_1    | 0.141 |   3.622 |    3.683 | 
     | FE_OFC130_n_3763                         | A ^ -> Y v   | sky130_fd_sc_hd__inv_2     | 0.056 |   3.677 |    3.739 | 
     | FE_OFC132_n_3763                         | A v -> Y ^   | sky130_fd_sc_hd__inv_4     | 0.316 |   3.994 |    4.055 | 
     | g183421__8428                            | B1 ^ -> X ^  | sky130_fd_sc_hd__a22o_1    | 0.200 |   4.193 |    4.255 | 
     | u_request_queue_req_mem_reg[1][wdata][5] | D ^          | sky130_fd_sc_hd__dfxtp_1   | 0.000 |   4.193 |    4.255 | 
     +-------------------------------------------------------------------------------------------------------------------+ 
Path 8: MET Setup Check with Pin u_request_queue_req_mem_reg[1][wdata][23]/CLK 
Endpoint:   u_request_queue_req_mem_reg[1][wdata][23]/D (^) checked with  
leading edge of 'clk'
Beginpoint: u_request_queue_req_mem_reg[1][bank][0]/Q   (v) triggered by  
leading edge of 'clk'
Path Groups: {clk}
Analysis View: VIEW_TYP
Other End Arrival Time          0.375
- Setup                         0.018
+ Phase Shift                   4.000
- Uncertainty                   0.100
= Required Time                 4.258
- Arrival Time                  4.196
= Slack Time                    0.062
     Clock Rise Edge                 0.000
     + Clock Network Latency (Prop)  0.035
     = Beginpoint Arrival Time       0.035
     +--------------------------------------------------------------------------------------------------------------------+ 
     |                 Instance                  |     Arc      |            Cell            | Delay | Arrival | Required | 
     |                                           |              |                            |       |  Time   |   Time   | 
     |-------------------------------------------+--------------+----------------------------+-------+---------+----------| 
     | u_request_queue_req_mem_reg[1][bank][0]   | CLK ^        |                            |       |   0.035 |    0.097 | 
     | u_request_queue_req_mem_reg[1][bank][0]   | CLK ^ -> Q v | sky130_fd_sc_hd__dfxtp_4   | 0.442 |   0.477 |    0.539 | 
     | g100792__2802                             | A v -> Y ^   | sky130_fd_sc_hd__nor2_1    | 0.288 |   0.765 |    0.827 | 
     | g100731__2802                             | B2 ^ -> Y v  | sky130_fd_sc_hd__a2bb2oi_1 | 0.106 |   0.871 |    0.933 | 
     | FE_RC_139_0                               | C v -> Y ^   | sky130_fd_sc_hd__nand3_1   | 0.091 |   0.962 |    1.024 | 
     | FE_RC_131_0                               | A ^ -> Y v   | sky130_fd_sc_hd__nand2_1   | 0.049 |   1.011 |    1.073 | 
     | FE_RC_132_0                               | A v -> Y ^   | sky130_fd_sc_hd__inv_1     | 0.064 |   1.074 |    1.136 | 
     | g100680__2346                             | A ^ -> Y v   | sky130_fd_sc_hd__nand2_2   | 0.070 |   1.145 |    1.207 | 
     | FE_RC_57_0                                | A v -> Y ^   | sky130_fd_sc_hd__nand2_2   | 0.066 |   1.210 |    1.272 | 
     | FE_RC_56_0                                | B ^ -> Y v   | sky130_fd_sc_hd__nor2_2    | 0.037 |   1.248 |    1.310 | 
     | FE_RC_55_0                                | B v -> Y ^   | sky130_fd_sc_hd__nor2_2    | 0.123 |   1.370 |    1.432 | 
     | g100657__5526                             | A ^ -> Y v   | sky130_fd_sc_hd__nand2_2   | 0.128 |   1.499 |    1.561 | 
     | FE_OFC119_n_4298                          | A v -> Y ^   | sky130_fd_sc_hd__inv_2     | 0.091 |   1.590 |    1.652 | 
     | g100643__2346                             | A ^ -> Y v   | sky130_fd_sc_hd__nand3_1   | 0.062 |   1.652 |    1.714 | 
     | g100642__2883                             | A v -> Y ^   | sky130_fd_sc_hd__nand2_1   | 0.265 |   1.917 |    1.978 | 
     | FE_OFC167_n_4300                          | A ^ -> Y v   | sky130_fd_sc_hd__inv_2     | 0.086 |   2.002 |    2.064 | 
     | g100622__1705                             | A2 v -> X v  | sky130_fd_sc_hd__o22a_1    | 0.222 |   2.224 |    2.286 | 
     | FE_RC_76_0                                | A v -> Y ^   | sky130_fd_sc_hd__nand3_2   | 0.087 |   2.311 |    2.373 | 
     | FE_RC_201_0                               | A ^ -> Y v   | sky130_fd_sc_hd__nand2_1   | 0.054 |   2.365 |    2.427 | 
     | FE_RC_199_0                               | B v -> Y ^   | sky130_fd_sc_hd__nand2_1   | 0.071 |   2.436 |    2.498 | 
     | FE_RC_197_0                               | A ^ -> Y v   | sky130_fd_sc_hd__nor2_1    | 0.045 |   2.481 |    2.543 | 
     | FE_RC_198_0                               | A v -> Y ^   | sky130_fd_sc_hd__inv_1     | 0.046 |   2.527 |    2.589 | 
     | FE_RC_251_0                               | C ^ -> Y v   | sky130_fd_sc_hd__nand3_1   | 0.095 |   2.622 |    2.683 | 
     | FE_RC_250_0                               | A_N v -> Y v | sky130_fd_sc_hd__nand2b_4  | 0.200 |   2.821 |    2.883 | 
     | FE_RC_297_0                               | A1 v -> Y ^  | sky130_fd_sc_hd__a21oi_2   | 0.143 |   2.964 |    3.026 | 
     | FE_RC_296_0                               | A ^ -> Y v   | sky130_fd_sc_hd__inv_2     | 0.064 |   3.028 |    3.090 | 
     | FE_RC_75_0                                | C v -> Y ^   | sky130_fd_sc_hd__nor3_4    | 0.164 |   3.192 |    3.254 | 
     | FE_RC_194_0                               | A ^ -> Y v   | sky130_fd_sc_hd__nand2_1   | 0.077 |   3.269 |    3.331 | 
     | FE_RC_192_0                               | A v -> Y ^   | sky130_fd_sc_hd__nand2_1   | 0.076 |   3.345 |    3.407 | 
     | FE_RC_193_0                               | A ^ -> Y v   | sky130_fd_sc_hd__inv_2     | 0.061 |   3.407 |    3.469 | 
     | g188062                                   | A v -> Y ^   | sky130_fd_sc_hd__clkinv_1  | 0.075 |   3.481 |    3.543 | 
     | g183659__3680                             | A1 ^ -> X ^  | sky130_fd_sc_hd__o21a_1    | 0.141 |   3.622 |    3.684 | 
     | FE_OFC130_n_3763                          | A ^ -> Y v   | sky130_fd_sc_hd__inv_2     | 0.056 |   3.677 |    3.739 | 
     | FE_OFC132_n_3763                          | A v -> Y ^   | sky130_fd_sc_hd__inv_4     | 0.316 |   3.994 |    4.056 | 
     | g183439__2883                             | B1 ^ -> X ^  | sky130_fd_sc_hd__a22o_1    | 0.202 |   4.196 |    4.258 | 
     | u_request_queue_req_mem_reg[1][wdata][23] | D ^          | sky130_fd_sc_hd__dfxtp_1   | 0.000 |   4.196 |    4.258 | 
     +--------------------------------------------------------------------------------------------------------------------+ 
Path 9: MET Setup Check with Pin u_request_queue_req_mem_reg[1][wdata][15]/CLK 
Endpoint:   u_request_queue_req_mem_reg[1][wdata][15]/D (^) checked with  
leading edge of 'clk'
Beginpoint: u_request_queue_req_mem_reg[1][bank][0]/Q   (v) triggered by  
leading edge of 'clk'
Path Groups: {clk}
Analysis View: VIEW_TYP
Other End Arrival Time          0.379
- Setup                         0.018
+ Phase Shift                   4.000
- Uncertainty                   0.100
= Required Time                 4.261
- Arrival Time                  4.200
= Slack Time                    0.062
     Clock Rise Edge                 0.000
     + Clock Network Latency (Prop)  0.035
     = Beginpoint Arrival Time       0.035
     +--------------------------------------------------------------------------------------------------------------------+ 
     |                 Instance                  |     Arc      |            Cell            | Delay | Arrival | Required | 
     |                                           |              |                            |       |  Time   |   Time   | 
     |-------------------------------------------+--------------+----------------------------+-------+---------+----------| 
     | u_request_queue_req_mem_reg[1][bank][0]   | CLK ^        |                            |       |   0.035 |    0.097 | 
     | u_request_queue_req_mem_reg[1][bank][0]   | CLK ^ -> Q v | sky130_fd_sc_hd__dfxtp_4   | 0.442 |   0.477 |    0.539 | 
     | g100792__2802                             | A v -> Y ^   | sky130_fd_sc_hd__nor2_1    | 0.288 |   0.765 |    0.827 | 
     | g100731__2802                             | B2 ^ -> Y v  | sky130_fd_sc_hd__a2bb2oi_1 | 0.106 |   0.871 |    0.933 | 
     | FE_RC_139_0                               | C v -> Y ^   | sky130_fd_sc_hd__nand3_1   | 0.091 |   0.962 |    1.024 | 
     | FE_RC_131_0                               | A ^ -> Y v   | sky130_fd_sc_hd__nand2_1   | 0.049 |   1.011 |    1.073 | 
     | FE_RC_132_0                               | A v -> Y ^   | sky130_fd_sc_hd__inv_1     | 0.064 |   1.074 |    1.136 | 
     | g100680__2346                             | A ^ -> Y v   | sky130_fd_sc_hd__nand2_2   | 0.070 |   1.145 |    1.207 | 
     | FE_RC_57_0                                | A v -> Y ^   | sky130_fd_sc_hd__nand2_2   | 0.066 |   1.210 |    1.272 | 
     | FE_RC_56_0                                | B ^ -> Y v   | sky130_fd_sc_hd__nor2_2    | 0.037 |   1.248 |    1.310 | 
     | FE_RC_55_0                                | B v -> Y ^   | sky130_fd_sc_hd__nor2_2    | 0.123 |   1.370 |    1.432 | 
     | g100657__5526                             | A ^ -> Y v   | sky130_fd_sc_hd__nand2_2   | 0.128 |   1.499 |    1.561 | 
     | FE_OFC119_n_4298                          | A v -> Y ^   | sky130_fd_sc_hd__inv_2     | 0.091 |   1.590 |    1.652 | 
     | g100643__2346                             | A ^ -> Y v   | sky130_fd_sc_hd__nand3_1   | 0.062 |   1.652 |    1.714 | 
     | g100642__2883                             | A v -> Y ^   | sky130_fd_sc_hd__nand2_1   | 0.265 |   1.917 |    1.978 | 
     | FE_OFC167_n_4300                          | A ^ -> Y v   | sky130_fd_sc_hd__inv_2     | 0.086 |   2.002 |    2.064 | 
     | g100622__1705                             | A2 v -> X v  | sky130_fd_sc_hd__o22a_1    | 0.222 |   2.224 |    2.286 | 
     | FE_RC_76_0                                | A v -> Y ^   | sky130_fd_sc_hd__nand3_2   | 0.087 |   2.311 |    2.373 | 
     | FE_RC_201_0                               | A ^ -> Y v   | sky130_fd_sc_hd__nand2_1   | 0.054 |   2.365 |    2.427 | 
     | FE_RC_199_0                               | B v -> Y ^   | sky130_fd_sc_hd__nand2_1   | 0.071 |   2.436 |    2.498 | 
     | FE_RC_197_0                               | A ^ -> Y v   | sky130_fd_sc_hd__nor2_1    | 0.045 |   2.481 |    2.543 | 
     | FE_RC_198_0                               | A v -> Y ^   | sky130_fd_sc_hd__inv_1     | 0.046 |   2.527 |    2.589 | 
     | FE_RC_251_0                               | C ^ -> Y v   | sky130_fd_sc_hd__nand3_1   | 0.095 |   2.622 |    2.683 | 
     | FE_RC_250_0                               | A_N v -> Y v | sky130_fd_sc_hd__nand2b_4  | 0.200 |   2.821 |    2.883 | 
     | FE_RC_297_0                               | A1 v -> Y ^  | sky130_fd_sc_hd__a21oi_2   | 0.143 |   2.964 |    3.026 | 
     | FE_RC_296_0                               | A ^ -> Y v   | sky130_fd_sc_hd__inv_2     | 0.064 |   3.028 |    3.090 | 
     | FE_RC_75_0                                | C v -> Y ^   | sky130_fd_sc_hd__nor3_4    | 0.164 |   3.192 |    3.254 | 
     | FE_RC_194_0                               | A ^ -> Y v   | sky130_fd_sc_hd__nand2_1   | 0.077 |   3.269 |    3.331 | 
     | FE_RC_192_0                               | A v -> Y ^   | sky130_fd_sc_hd__nand2_1   | 0.076 |   3.345 |    3.407 | 
     | FE_RC_193_0                               | A ^ -> Y v   | sky130_fd_sc_hd__inv_2     | 0.061 |   3.407 |    3.469 | 
     | g188062                                   | A v -> Y ^   | sky130_fd_sc_hd__clkinv_1  | 0.075 |   3.481 |    3.543 | 
     | g183659__3680                             | A1 ^ -> X ^  | sky130_fd_sc_hd__o21a_1    | 0.141 |   3.622 |    3.684 | 
     | FE_OFC130_n_3763                          | A ^ -> Y v   | sky130_fd_sc_hd__inv_2     | 0.056 |   3.677 |    3.739 | 
     | FE_OFC132_n_3763                          | A v -> Y ^   | sky130_fd_sc_hd__inv_4     | 0.316 |   3.994 |    4.056 | 
     | g183431__6131                             | B1 ^ -> X ^  | sky130_fd_sc_hd__a22o_1    | 0.206 |   4.199 |    4.261 | 
     | u_request_queue_req_mem_reg[1][wdata][15] | D ^          | sky130_fd_sc_hd__dfxtp_1   | 0.000 |   4.200 |    4.261 | 
     +--------------------------------------------------------------------------------------------------------------------+ 
Path 10: MET Setup Check with Pin rsp_rdata_q_reg[28]/CLK 
Endpoint:   rsp_rdata_q_reg[28]/D   (v) checked with  leading edge of 'clk'
Beginpoint: service_addr_q_reg[3]/Q (^) triggered by  leading edge of 'clk'
Path Groups: {clk}
Analysis View: VIEW_TYP
Other End Arrival Time          0.372
- Setup                         0.070
+ Phase Shift                   4.000
- Uncertainty                   0.100
= Required Time                 4.201
- Arrival Time                  4.137
= Slack Time                    0.064
     Clock Rise Edge                 0.000
     + Clock Network Latency (Prop)  0.033
     = Beginpoint Arrival Time       0.033
     +-----------------------------------------------------------------------------------------------+ 
     |       Instance        |     Arc      |           Cell            | Delay | Arrival | Required | 
     |                       |              |                           |       |  Time   |   Time   | 
     |-----------------------+--------------+---------------------------+-------+---------+----------| 
     | service_addr_q_reg[3] | CLK ^        |                           |       |   0.033 |    0.097 | 
     | service_addr_q_reg[3] | CLK ^ -> Q ^ | sky130_fd_sc_hd__dfxbp_2  | 0.679 |   0.712 |    0.776 | 
     | g189591               | A ^ -> X ^   | sky130_fd_sc_hd__or2_2    | 0.601 |   1.313 |    1.377 | 
     | FE_OFC203_n_44        | A ^ -> Y v   | sky130_fd_sc_hd__inv_2    | 0.209 |   1.522 |    1.586 | 
     | g189309               | A v -> X v   | sky130_fd_sc_hd__and2_4   | 0.458 |   1.980 |    2.044 | 
     | g185877__5526         | B1 v -> Y ^  | sky130_fd_sc_hd__a221oi_1 | 1.059 |   3.039 |    3.103 | 
     | g183642__4733         | A ^ -> Y v   | sky130_fd_sc_hd__nand4_1  | 0.170 |   3.209 |    3.273 | 
     | g183328__2346         | A1 v -> Y ^  | sky130_fd_sc_hd__a22oi_1  | 0.819 |   4.028 |    4.092 | 
     | g183100__7098         | B ^ -> Y v   | sky130_fd_sc_hd__nand2_1  | 0.109 |   4.137 |    4.201 | 
     | rsp_rdata_q_reg[28]   | D v          | sky130_fd_sc_hd__dfxtp_1  | 0.000 |   4.137 |    4.201 | 
     +-----------------------------------------------------------------------------------------------+ 

