###############################################################
#  Generated by:      Cadence Innovus 23.13-s082_1
#  OS:                Linux x86_64(Host ID n01-zeus.olympus.ece.tamu.edu)
#  Generated on:      Mon Sep 14 15:43:44 2026
#  Design:            ddr4_controller_top
#  Command:           report_timing > $REPORTS_DIR/timing_postroute.rpt
###############################################################
Path 1: MET Setup Check with Pin rsp_rdata_q_reg[0]/CLK 
Endpoint:   rsp_rdata_q_reg[0]/D    (^) checked with  leading edge of 'clk'
Beginpoint: service_addr_q_reg[2]/Q (^) triggered by  leading edge of 'clk'
Path Groups: {clk}
Analysis View: VIEW_TYP
Other End Arrival Time          0.418
- Setup                         0.034
+ Phase Shift                   4.762
- Uncertainty                   0.100
= Required Time                 5.046
- Arrival Time                  5.033
= Slack Time                    0.013
     Clock Rise Edge                 0.000
     + Clock Network Latency (Prop)  0.040
     = Beginpoint Arrival Time       0.040
     +------------------------------------------------------------------------------------------------+ 
     |        Instance         |     Arc      |           Cell           | Delay | Arrival | Required | 
     |                         |              |                          |       |  Time   |   Time   | 
     |-------------------------+--------------+--------------------------+-------+---------+----------| 
     | service_addr_q_reg[2]   | CLK ^        |                          |       |   0.040 |    0.053 | 
     | service_addr_q_reg[2]   | CLK ^ -> Q ^ | sky130_fd_sc_hd__dfxtp_1 | 0.669 |   0.709 |    0.722 | 
     | g189595                 | B ^ -> Y v   | sky130_fd_sc_hd__nand2_1 | 0.207 |   0.916 |    0.929 | 
     | FE_OFC72_n_10           | A v -> Y ^   | sky130_fd_sc_hd__inv_6   | 0.508 |   1.424 |    1.437 | 
     | FE_OFC73_n_10           | A ^ -> X ^   | sky130_fd_sc_hd__buf_6   | 0.630 |   2.054 |    2.067 | 
     | FE_OFC74_n_10           | A ^ -> Y v   | sky130_fd_sc_hd__inv_2   | 0.202 |   2.256 |    2.269 | 
     | FE_OFC110_FE_DBTN0_n_10 | A v -> Y ^   | sky130_fd_sc_hd__inv_4   | 0.695 |   2.951 |    2.964 | 
     | g189304                 | B ^ -> X ^   | sky130_fd_sc_hd__and2_4  | 0.943 |   3.895 |    3.908 | 
     | g188678                 | A1 ^ -> Y v  | sky130_fd_sc_hd__a22oi_1 | 0.243 |   4.138 |    4.151 | 
     | g183529__6417           | D v -> Y ^   | sky130_fd_sc_hd__nand4_1 | 0.288 |   4.425 |    4.438 | 
     | g183309__8428           | B1 ^ -> Y v  | sky130_fd_sc_hd__a22oi_1 | 0.391 |   4.817 |    4.830 | 
     | g183081__2883           | B v -> Y ^   | sky130_fd_sc_hd__nand2_1 | 0.216 |   5.033 |    5.046 | 
     | rsp_rdata_q_reg[0]      | D ^          | sky130_fd_sc_hd__dfxtp_1 | 0.000 |   5.033 |    5.046 | 
     +------------------------------------------------------------------------------------------------+ 

