###############################################################
#  Generated by:      Cadence Innovus 23.13-s082_1
#  OS:                Linux x86_64(Host ID n01-zeus.olympus.ece.tamu.edu)
#  Generated on:      Mon Sep 28 16:30:53 2026
#  Design:            ddr4_controller_top
#  Command:           report_timing -max_paths 10 > $REPORTS_DIR/timing_postroute.rpt
###############################################################
Path 1: VIOLATED Setup Check with Pin rsp_rdata_q_reg[14]/CLK 
Endpoint:   rsp_rdata_q_reg[14]/D   (v) checked with  leading edge of 'clk'
Beginpoint: service_addr_q_reg[2]/Q (^) triggered by  leading edge of 'clk'
Path Groups: {clk}
Analysis View: VIEW_TYP
Other End Arrival Time          0.372
- Setup                         0.086
+ Phase Shift                   4.000
- Uncertainty                   0.100
= Required Time                 4.186
- Arrival Time                  4.439
= Slack Time                   -0.254
     Clock Rise Edge                 0.000
     + Clock Network Latency (Prop)  0.033
     = Beginpoint Arrival Time       0.033
     +-----------------------------------------------------------------------------------------------+ 
     |       Instance        |     Arc      |           Cell            | Delay | Arrival | Required | 
     |                       |              |                           |       |  Time   |   Time   | 
     |-----------------------+--------------+---------------------------+-------+---------+----------| 
     | service_addr_q_reg[2] | CLK ^        |                           |       |   0.033 |   -0.220 | 
     | service_addr_q_reg[2] | CLK ^ -> Q ^ | sky130_fd_sc_hd__dfxtp_2  | 0.526 |   0.560 |    0.306 | 
     | g189594               | A ^ -> Y v   | sky130_fd_sc_hd__nor2_1   | 0.097 |   0.656 |    0.403 | 
     | FE_OFC218_n_38        | A v -> X v   | sky130_fd_sc_hd__buf_4    | 0.299 |   0.955 |    0.702 | 
     | FE_OFC220_n_38        | A v -> X v   | sky130_fd_sc_hd__clkbuf_1 | 0.542 |   1.497 |    1.244 | 
     | g188473               | A1 v -> Y ^  | sky130_fd_sc_hd__a221oi_1 | 0.601 |   2.098 |    1.845 | 
     | g188013               | A2 ^ -> Y v  | sky130_fd_sc_hd__o22ai_1  | 0.170 |   2.269 |    2.015 | 
     | g185821__5526         | C1 v -> Y ^  | sky130_fd_sc_hd__a221oi_1 | 0.733 |   3.001 |    2.747 | 
     | g183586__4733         | D ^ -> Y v   | sky130_fd_sc_hd__nand4_1  | 0.301 |   3.302 |    3.048 | 
     | g183318__7098         | A1 v -> Y ^  | sky130_fd_sc_hd__a22oi_2  | 0.998 |   4.300 |    4.046 | 
     | g183090__4319         | B ^ -> Y v   | sky130_fd_sc_hd__nand2_1  | 0.140 |   4.439 |    4.186 | 
     | rsp_rdata_q_reg[14]   | D v          | sky130_fd_sc_hd__dfxtp_1  | 0.000 |   4.439 |    4.186 | 
     +-----------------------------------------------------------------------------------------------+ 
Path 2: VIOLATED Setup Check with Pin rsp_rdata_q_reg[25]/CLK 
Endpoint:   rsp_rdata_q_reg[25]/D   (v) checked with  leading edge of 'clk'
Beginpoint: service_addr_q_reg[2]/Q (^) triggered by  leading edge of 'clk'
Path Groups: {clk}
Analysis View: VIEW_TYP
Other End Arrival Time          0.371
- Setup                         0.084
+ Phase Shift                   4.000
- Uncertainty                   0.100
= Required Time                 4.187
- Arrival Time                  4.432
= Slack Time                   -0.245
     Clock Rise Edge                 0.000
     + Clock Network Latency (Prop)  0.033
     = Beginpoint Arrival Time       0.033
     +-----------------------------------------------------------------------------------------------+ 
     |       Instance        |     Arc      |           Cell            | Delay | Arrival | Required | 
     |                       |              |                           |       |  Time   |   Time   | 
     |-----------------------+--------------+---------------------------+-------+---------+----------| 
     | service_addr_q_reg[2] | CLK ^        |                           |       |   0.033 |   -0.212 | 
     | service_addr_q_reg[2] | CLK ^ -> Q ^ | sky130_fd_sc_hd__dfxtp_2  | 0.526 |   0.560 |    0.314 | 
     | g189594               | A ^ -> Y v   | sky130_fd_sc_hd__nor2_1   | 0.097 |   0.656 |    0.411 | 
     | FE_OFC218_n_38        | A v -> X v   | sky130_fd_sc_hd__buf_4    | 0.299 |   0.955 |    0.710 | 
     | FE_OFC220_n_38        | A v -> X v   | sky130_fd_sc_hd__clkbuf_1 | 0.542 |   1.497 |    1.252 | 
     | g188303               | A1 v -> Y ^  | sky130_fd_sc_hd__a221oi_1 | 0.500 |   1.998 |    1.752 | 
     | g188039               | A2 ^ -> Y v  | sky130_fd_sc_hd__o22ai_1  | 0.166 |   2.164 |    1.919 | 
     | g185865__9945         | C1 v -> Y ^  | sky130_fd_sc_hd__a221oi_1 | 0.689 |   2.853 |    2.608 | 
     | g183630__6783         | A ^ -> Y v   | sky130_fd_sc_hd__nand4_1  | 0.307 |   3.160 |    2.915 | 
     | g183325__9315         | A1 v -> Y ^  | sky130_fd_sc_hd__a22oi_1  | 1.147 |   4.307 |    4.061 | 
     | g183097__1705         | B ^ -> Y v   | sky130_fd_sc_hd__nand2_1  | 0.125 |   4.432 |    4.187 | 
     | rsp_rdata_q_reg[25]   | D v          | sky130_fd_sc_hd__dfxtp_1  | 0.000 |   4.432 |    4.187 | 
     +-----------------------------------------------------------------------------------------------+ 
Path 3: VIOLATED Setup Check with Pin rsp_rdata_q_reg[16]/CLK 
Endpoint:   rsp_rdata_q_reg[16]/D   (v) checked with  leading edge of 'clk'
Beginpoint: service_addr_q_reg[2]/Q (^) triggered by  leading edge of 'clk'
Path Groups: {clk}
Analysis View: VIEW_TYP
Other End Arrival Time          0.368
- Setup                         0.072
+ Phase Shift                   4.000
- Uncertainty                   0.100
= Required Time                 4.196
- Arrival Time                  4.407
= Slack Time                   -0.211
     Clock Rise Edge                 0.000
     + Clock Network Latency (Prop)  0.033
     = Beginpoint Arrival Time       0.033
     +-----------------------------------------------------------------------------------------------+ 
     |       Instance        |     Arc      |           Cell            | Delay | Arrival | Required | 
     |                       |              |                           |       |  Time   |   Time   | 
     |-----------------------+--------------+---------------------------+-------+---------+----------| 
     | service_addr_q_reg[2] | CLK ^        |                           |       |   0.033 |   -0.178 | 
     | service_addr_q_reg[2] | CLK ^ -> Q ^ | sky130_fd_sc_hd__dfxtp_2  | 0.526 |   0.560 |    0.349 | 
     | g189594               | A ^ -> Y v   | sky130_fd_sc_hd__nor2_1   | 0.097 |   0.656 |    0.445 | 
     | FE_OFC218_n_38        | A v -> X v   | sky130_fd_sc_hd__buf_4    | 0.299 |   0.955 |    0.744 | 
     | FE_OFC221_n_38        | A v -> Y ^   | sky130_fd_sc_hd__inv_2    | 0.148 |   1.103 |    0.892 | 
     | FE_OFC93_n_38         | A ^ -> Y v   | sky130_fd_sc_hd__inv_4    | 0.273 |   1.376 |    1.165 | 
     | FE_OFC185_n_38        | A v -> X v   | sky130_fd_sc_hd__buf_6    | 0.498 |   1.874 |    1.663 | 
     | g188318               | A1 v -> Y ^  | sky130_fd_sc_hd__a221oi_1 | 0.374 |   2.248 |    2.037 | 
     | g188016               | B2 ^ -> Y v  | sky130_fd_sc_hd__o22ai_1  | 0.130 |   2.378 |    2.167 | 
     | g185829__7098         | C1 v -> Y ^  | sky130_fd_sc_hd__a221oi_1 | 0.752 |   3.130 |    2.919 | 
     | g183594__6417         | D ^ -> Y v   | sky130_fd_sc_hd__nand4_1  | 0.322 |   3.452 |    3.241 | 
     | g183305__2398         | A1 v -> Y ^  | sky130_fd_sc_hd__a22oi_1  | 0.859 |   4.311 |    4.100 | 
     | g183077__4733         | A ^ -> Y v   | sky130_fd_sc_hd__nand2_1  | 0.096 |   4.407 |    4.196 | 
     | rsp_rdata_q_reg[16]   | D v          | sky130_fd_sc_hd__dfxtp_1  | 0.000 |   4.407 |    4.196 | 
     +-----------------------------------------------------------------------------------------------+ 
Path 4: VIOLATED Setup Check with Pin rsp_rdata_q_reg[27]/CLK 
Endpoint:   rsp_rdata_q_reg[27]/D   (v) checked with  leading edge of 'clk'
Beginpoint: service_addr_q_reg[2]/Q (^) triggered by  leading edge of 'clk'
Path Groups: {clk}
Analysis View: VIEW_TYP
Other End Arrival Time          0.372
- Setup                         0.092
+ Phase Shift                   4.000
- Uncertainty                   0.100
= Required Time                 4.180
- Arrival Time                  4.379
= Slack Time                   -0.199
     Clock Rise Edge                 0.000
     + Clock Network Latency (Prop)  0.033
     = Beginpoint Arrival Time       0.033
     +-----------------------------------------------------------------------------------------------+ 
     |       Instance        |     Arc      |           Cell            | Delay | Arrival | Required | 
     |                       |              |                           |       |  Time   |   Time   | 
     |-----------------------+--------------+---------------------------+-------+---------+----------| 
     | service_addr_q_reg[2] | CLK ^        |                           |       |   0.033 |   -0.165 | 
     | service_addr_q_reg[2] | CLK ^ -> Q ^ | sky130_fd_sc_hd__dfxtp_2  | 0.526 |   0.560 |    0.361 | 
     | g189594               | A ^ -> Y v   | sky130_fd_sc_hd__nor2_1   | 0.097 |   0.656 |    0.458 | 
     | FE_OFC218_n_38        | A v -> X v   | sky130_fd_sc_hd__buf_4    | 0.299 |   0.955 |    0.757 | 
     | FE_OFC221_n_38        | A v -> Y ^   | sky130_fd_sc_hd__inv_2    | 0.148 |   1.103 |    0.905 | 
     | FE_OFC93_n_38         | A ^ -> Y v   | sky130_fd_sc_hd__inv_4    | 0.273 |   1.376 |    1.177 | 
     | g189310               | B v -> X v   | sky130_fd_sc_hd__and2_4   | 0.682 |   2.058 |    1.859 | 
     | FE_PSBC241_n_114      | A v -> X v   | sky130_fd_sc_hd__clkbuf_1 | 0.228 |   2.286 |    2.087 | 
     | g185873__5107         | A1 v -> Y ^  | sky130_fd_sc_hd__a221oi_1 | 0.496 |   2.782 |    2.583 | 
     | g183638__6131         | A ^ -> Y v   | sky130_fd_sc_hd__nand4_1  | 0.339 |   3.120 |    2.922 | 
     | g183327__2883         | A1 v -> Y ^  | sky130_fd_sc_hd__a22oi_2  | 1.104 |   4.225 |    4.026 | 
     | g183098__5122         | B ^ -> Y v   | sky130_fd_sc_hd__nand2_1  | 0.154 |   4.379 |    4.180 | 
     | rsp_rdata_q_reg[27]   | D v          | sky130_fd_sc_hd__dfxtp_1  | 0.000 |   4.379 |    4.180 | 
     +-----------------------------------------------------------------------------------------------+ 
Path 5: VIOLATED Setup Check with Pin rsp_rdata_q_reg[2]/CLK 
Endpoint:   rsp_rdata_q_reg[2]/D    (^) checked with  leading edge of 'clk'
Beginpoint: service_addr_q_reg[2]/Q (v) triggered by  leading edge of 'clk'
Path Groups: {clk}
Analysis View: VIEW_TYP
Other End Arrival Time          0.372
- Setup                         0.027
+ Phase Shift                   4.000
- Uncertainty                   0.100
= Required Time                 4.245
- Arrival Time                  4.408
= Slack Time                   -0.164
     Clock Rise Edge                 0.000
     + Clock Network Latency (Prop)  0.033
     = Beginpoint Arrival Time       0.033
     +--------------------------------------------------------------------------------------------------+ 
     |         Instance         |     Arc      |           Cell            | Delay | Arrival | Required | 
     |                          |              |                           |       |  Time   |   Time   | 
     |--------------------------+--------------+---------------------------+-------+---------+----------| 
     | service_addr_q_reg[2]    | CLK ^        |                           |       |   0.033 |   -0.130 | 
     | service_addr_q_reg[2]    | CLK ^ -> Q v | sky130_fd_sc_hd__dfxtp_2  | 0.466 |   0.499 |    0.336 | 
     | g189594                  | A v -> Y ^   | sky130_fd_sc_hd__nor2_1   | 0.157 |   0.656 |    0.492 | 
     | FE_OFC218_n_38           | A ^ -> X ^   | sky130_fd_sc_hd__buf_4    | 0.440 |   1.096 |    0.932 | 
     | FE_OFC221_n_38           | A ^ -> Y v   | sky130_fd_sc_hd__inv_2    | 0.114 |   1.210 |    1.047 | 
     | FE_OFC93_n_38            | A v -> Y ^   | sky130_fd_sc_hd__inv_4    | 0.663 |   1.873 |    1.709 | 
     | FE_PSBC240_FE_OFN70_n_38 | A ^ -> X ^   | sky130_fd_sc_hd__clkbuf_1 | 0.338 |   2.211 |    2.047 | 
     | g189285                  | A ^ -> X ^   | sky130_fd_sc_hd__and2_4   | 0.866 |   3.077 |    2.913 | 
     | g188699                  | A1 ^ -> Y v  | sky130_fd_sc_hd__a22oi_1  | 0.308 |   3.385 |    3.221 | 
     | g183535__8428            | B v -> Y ^   | sky130_fd_sc_hd__nand4_1  | 0.273 |   3.658 |    3.494 | 
     | g183310__5526            | B1 ^ -> Y v  | sky130_fd_sc_hd__a22oi_1  | 0.122 |   3.779 |    3.616 | 
     | FE_PDC228_n_3992         | A v -> X v   | sky130_fd_sc_hd__clkbuf_1 | 0.461 |   4.240 |    4.077 | 
     | g183082__2346            | A v -> Y ^   | sky130_fd_sc_hd__nand2_1  | 0.168 |   4.408 |    4.245 | 
     | rsp_rdata_q_reg[2]       | D ^          | sky130_fd_sc_hd__dfxtp_1  | 0.000 |   4.408 |    4.245 | 
     +--------------------------------------------------------------------------------------------------+ 
Path 6: VIOLATED Setup Check with Pin rsp_rdata_q_reg[7]/CLK 
Endpoint:   rsp_rdata_q_reg[7]/D    (v) checked with  leading edge of 'clk'
Beginpoint: service_addr_q_reg[2]/Q (^) triggered by  leading edge of 'clk'
Path Groups: {clk}
Analysis View: VIEW_TYP
Other End Arrival Time          0.370
- Setup                         0.081
+ Phase Shift                   4.000
- Uncertainty                   0.100
= Required Time                 4.189
- Arrival Time                  4.344
= Slack Time                   -0.155
     Clock Rise Edge                 0.000
     + Clock Network Latency (Prop)  0.033
     = Beginpoint Arrival Time       0.033
     +-----------------------------------------------------------------------------------------------+ 
     |       Instance        |     Arc      |           Cell            | Delay | Arrival | Required | 
     |                       |              |                           |       |  Time   |   Time   | 
     |-----------------------+--------------+---------------------------+-------+---------+----------| 
     | service_addr_q_reg[2] | CLK ^        |                           |       |   0.033 |   -0.121 | 
     | service_addr_q_reg[2] | CLK ^ -> Q ^ | sky130_fd_sc_hd__dfxtp_2  | 0.526 |   0.560 |    0.405 | 
     | g189594               | A ^ -> Y v   | sky130_fd_sc_hd__nor2_1   | 0.097 |   0.656 |    0.502 | 
     | FE_OFC218_n_38        | A v -> X v   | sky130_fd_sc_hd__buf_4    | 0.299 |   0.955 |    0.801 | 
     | FE_OFC220_n_38        | A v -> X v   | sky130_fd_sc_hd__clkbuf_1 | 0.542 |   1.497 |    1.343 | 
     | g188436               | A1 v -> Y ^  | sky130_fd_sc_hd__a221oi_1 | 0.525 |   2.023 |    1.868 | 
     | g188001               | A2 ^ -> Y v  | sky130_fd_sc_hd__o22ai_1  | 0.169 |   2.192 |    2.037 | 
     | g185793__5526         | C1 v -> Y ^  | sky130_fd_sc_hd__a221oi_1 | 0.546 |   2.737 |    2.582 | 
     | FE_PSBC242_n_3592     | A ^ -> X ^   | sky130_fd_sc_hd__clkbuf_1 | 0.243 |   2.980 |    2.825 | 
     | g183511__1617         | A ^ -> Y v   | sky130_fd_sc_hd__nand4_1  | 0.140 |   3.120 |    2.966 | 
     | g183313__1617         | A1 v -> Y ^  | sky130_fd_sc_hd__a22oi_1  | 1.107 |   4.227 |    4.072 | 
     | g183085__6417         | B ^ -> Y v   | sky130_fd_sc_hd__nand2_1  | 0.117 |   4.344 |    4.189 | 
     | rsp_rdata_q_reg[7]    | D v          | sky130_fd_sc_hd__dfxtp_1  | 0.000 |   4.344 |    4.189 | 
     +-----------------------------------------------------------------------------------------------+ 
Path 7: VIOLATED Setup Check with Pin rsp_rdata_q_reg[13]/CLK 
Endpoint:   rsp_rdata_q_reg[13]/D   (v) checked with  leading edge of 'clk'
Beginpoint: service_addr_q_reg[2]/Q (^) triggered by  leading edge of 'clk'
Path Groups: {clk}
Analysis View: VIEW_TYP
Other End Arrival Time          0.341
- Setup                         0.070
+ Phase Shift                   4.000
- Uncertainty                   0.100
= Required Time                 4.170
- Arrival Time                  4.305
= Slack Time                   -0.134
     Clock Rise Edge                 0.000
     + Clock Network Latency (Prop)  0.033
     = Beginpoint Arrival Time       0.033
     +--------------------------------------------------------------------------------------------------+ 
     |         Instance         |     Arc      |           Cell            | Delay | Arrival | Required | 
     |                          |              |                           |       |  Time   |   Time   | 
     |--------------------------+--------------+---------------------------+-------+---------+----------| 
     | service_addr_q_reg[2]    | CLK ^        |                           |       |   0.033 |   -0.101 | 
     | service_addr_q_reg[2]    | CLK ^ -> Q ^ | sky130_fd_sc_hd__dfxtp_2  | 0.526 |   0.560 |    0.425 | 
     | g189594                  | A ^ -> Y v   | sky130_fd_sc_hd__nor2_1   | 0.097 |   0.656 |    0.522 | 
     | FE_OFC218_n_38           | A v -> X v   | sky130_fd_sc_hd__buf_4    | 0.299 |   0.955 |    0.821 | 
     | FE_OFC221_n_38           | A v -> Y ^   | sky130_fd_sc_hd__inv_2    | 0.148 |   1.103 |    0.969 | 
     | FE_OFC93_n_38            | A ^ -> Y v   | sky130_fd_sc_hd__inv_4    | 0.273 |   1.376 |    1.242 | 
     | FE_PSBC240_FE_OFN70_n_38 | A v -> X v   | sky130_fd_sc_hd__clkbuf_1 | 0.349 |   1.725 |    1.591 | 
     | g189306                  | B v -> X v   | sky130_fd_sc_hd__and2_4   | 0.482 |   2.207 |    2.073 | 
     | g185816__2398            | A1 v -> Y ^  | sky130_fd_sc_hd__a221oi_1 | 0.834 |   3.041 |    2.907 | 
     | g183581__7098            | B ^ -> Y v   | sky130_fd_sc_hd__nand4_1  | 0.332 |   3.374 |    3.240 | 
     | g183317__8246            | B1 v -> Y ^  | sky130_fd_sc_hd__a22oi_1  | 0.408 |   3.782 |    3.648 | 
     | FE_PSBC233_n_3985        | A ^ -> X ^   | sky130_fd_sc_hd__clkbuf_1 | 0.435 |   4.217 |    4.083 | 
     | g183103__5115            | A ^ -> Y v   | sky130_fd_sc_hd__nand2_1  | 0.087 |   4.305 |    4.170 | 
     | rsp_rdata_q_reg[13]      | D v          | sky130_fd_sc_hd__dfxtp_1  | 0.000 |   4.305 |    4.170 | 
     +--------------------------------------------------------------------------------------------------+ 
Path 8: VIOLATED Setup Check with Pin rsp_rdata_q_reg[8]/CLK 
Endpoint:   rsp_rdata_q_reg[8]/D    (v) checked with  leading edge of 'clk'
Beginpoint: service_addr_q_reg[2]/Q (^) triggered by  leading edge of 'clk'
Path Groups: {clk}
Analysis View: VIEW_TYP
Other End Arrival Time          0.341
- Setup                         0.091
+ Phase Shift                   4.000
- Uncertainty                   0.100
= Required Time                 4.150
- Arrival Time                  4.235
= Slack Time                   -0.086
     Clock Rise Edge                 0.000
     + Clock Network Latency (Prop)  0.033
     = Beginpoint Arrival Time       0.033
     +--------------------------------------------------------------------------------------------------+ 
     |         Instance         |     Arc      |           Cell            | Delay | Arrival | Required | 
     |                          |              |                           |       |  Time   |   Time   | 
     |--------------------------+--------------+---------------------------+-------+---------+----------| 
     | service_addr_q_reg[2]    | CLK ^        |                           |       |   0.033 |   -0.053 | 
     | service_addr_q_reg[2]    | CLK ^ -> Q ^ | sky130_fd_sc_hd__dfxtp_2  | 0.526 |   0.560 |    0.474 | 
     | g189594                  | A ^ -> Y v   | sky130_fd_sc_hd__nor2_1   | 0.097 |   0.656 |    0.570 | 
     | FE_OFC218_n_38           | A v -> X v   | sky130_fd_sc_hd__buf_4    | 0.299 |   0.955 |    0.869 | 
     | FE_OFC221_n_38           | A v -> Y ^   | sky130_fd_sc_hd__inv_2    | 0.148 |   1.103 |    1.017 | 
     | FE_OFC93_n_38            | A ^ -> Y v   | sky130_fd_sc_hd__inv_4    | 0.273 |   1.376 |    1.290 | 
     | FE_PSBC240_FE_OFN70_n_38 | A v -> X v   | sky130_fd_sc_hd__clkbuf_1 | 0.349 |   1.725 |    1.639 | 
     | g189306                  | B v -> X v   | sky130_fd_sc_hd__and2_4   | 0.482 |   2.207 |    2.121 | 
     | g185796__1617            | A1 v -> Y ^  | sky130_fd_sc_hd__a221oi_1 | 0.543 |   2.750 |    2.665 | 
     | g183508__5526            | B ^ -> Y v   | sky130_fd_sc_hd__nand4_1  | 0.312 |   3.062 |    2.976 | 
     | g183314__2802            | B1 v -> Y ^  | sky130_fd_sc_hd__a22oi_1  | 1.053 |   4.116 |    4.030 | 
     | g183086__5477            | B ^ -> Y v   | sky130_fd_sc_hd__nand2_1  | 0.120 |   4.235 |    4.149 | 
     | rsp_rdata_q_reg[8]       | D v          | sky130_fd_sc_hd__dfxtp_1  | 0.000 |   4.235 |    4.150 | 
     +--------------------------------------------------------------------------------------------------+ 
Path 9: VIOLATED Setup Check with Pin rsp_rdata_q_reg[29]/CLK 
Endpoint:   rsp_rdata_q_reg[29]/D   (v) checked with  leading edge of 'clk'
Beginpoint: service_addr_q_reg[0]/Q (v) triggered by  leading edge of 'clk'
Path Groups: {clk}
Analysis View: VIEW_TYP
Other End Arrival Time          0.371
- Setup                         0.083
+ Phase Shift                   4.000
- Uncertainty                   0.100
= Required Time                 4.188
- Arrival Time                  4.257
= Slack Time                   -0.069
     Clock Rise Edge                 0.000
     + Clock Network Latency (Prop)  0.030
     = Beginpoint Arrival Time       0.030
     +-----------------------------------------------------------------------------------------------+ 
     |       Instance        |     Arc      |           Cell            | Delay | Arrival | Required | 
     |                       |              |                           |       |  Time   |   Time   | 
     |-----------------------+--------------+---------------------------+-------+---------+----------| 
     | service_addr_q_reg[0] | CLK ^        |                           |       |   0.030 |   -0.038 | 
     | service_addr_q_reg[0] | CLK ^ -> Q v | sky130_fd_sc_hd__dfxtp_1  | 0.452 |   0.483 |    0.414 | 
     | g189593               | B v -> X v   | sky130_fd_sc_hd__and2_4   | 0.252 |   0.735 |    0.666 | 
     | FE_OFC127_n_15        | A v -> X v   | sky130_fd_sc_hd__buf_6    | 0.297 |   1.032 |    0.963 | 
     | FE_OFC200_n_15        | A v -> X v   | sky130_fd_sc_hd__clkbuf_1 | 0.560 |   1.592 |    1.523 | 
     | g189223               | B1 v -> X v  | sky130_fd_sc_hd__a22o_1   | 0.318 |   1.909 |    1.841 | 
     | g188442               | C1 v -> Y ^  | sky130_fd_sc_hd__a221oi_1 | 0.352 |   2.262 |    2.193 | 
     | g188103               | B2 ^ -> Y v  | sky130_fd_sc_hd__o22ai_1  | 0.168 |   2.430 |    2.362 | 
     | g185880__1617         | C1 v -> Y ^  | sky130_fd_sc_hd__a221oi_1 | 0.325 |   2.755 |    2.687 | 
     | g183645__9945         | A ^ -> Y v   | sky130_fd_sc_hd__nand4_1  | 0.268 |   3.023 |    2.955 | 
     | g183329__1666         | B1 v -> Y ^  | sky130_fd_sc_hd__a22oi_1  | 1.131 |   4.154 |    4.086 | 
     | g183101__6131         | A ^ -> Y v   | sky130_fd_sc_hd__nand2_1  | 0.102 |   4.257 |    4.188 | 
     | rsp_rdata_q_reg[29]   | D v          | sky130_fd_sc_hd__dfxtp_1  | 0.000 |   4.257 |    4.188 | 
     +-----------------------------------------------------------------------------------------------+ 
Path 10: VIOLATED Setup Check with Pin rsp_rdata_q_reg[5]/CLK 
Endpoint:   rsp_rdata_q_reg[5]/D    (^) checked with  leading edge of 'clk'
Beginpoint: service_addr_q_reg[2]/Q (v) triggered by  leading edge of 'clk'
Path Groups: {clk}
Analysis View: VIEW_TYP
Other End Arrival Time          0.341
- Setup                         0.026
+ Phase Shift                   4.000
- Uncertainty                   0.100
= Required Time                 4.215
- Arrival Time                  4.278
= Slack Time                   -0.063
     Clock Rise Edge                 0.000
     + Clock Network Latency (Prop)  0.033
     = Beginpoint Arrival Time       0.033
     +--------------------------------------------------------------------------------------------------+ 
     |         Instance         |     Arc      |           Cell            | Delay | Arrival | Required | 
     |                          |              |                           |       |  Time   |   Time   | 
     |--------------------------+--------------+---------------------------+-------+---------+----------| 
     | service_addr_q_reg[2]    | CLK ^        |                           |       |   0.033 |   -0.030 | 
     | service_addr_q_reg[2]    | CLK ^ -> Q v | sky130_fd_sc_hd__dfxtp_2  | 0.466 |   0.499 |    0.436 | 
     | g189594                  | A v -> Y ^   | sky130_fd_sc_hd__nor2_1   | 0.157 |   0.656 |    0.593 | 
     | FE_OFC218_n_38           | A ^ -> X ^   | sky130_fd_sc_hd__buf_4    | 0.440 |   1.096 |    1.033 | 
     | FE_OFC221_n_38           | A ^ -> Y v   | sky130_fd_sc_hd__inv_2    | 0.114 |   1.210 |    1.147 | 
     | FE_OFC93_n_38            | A v -> Y ^   | sky130_fd_sc_hd__inv_4    | 0.663 |   1.873 |    1.810 | 
     | FE_PSBC240_FE_OFN70_n_38 | A ^ -> X ^   | sky130_fd_sc_hd__clkbuf_1 | 0.338 |   2.211 |    2.148 | 
     | g189306                  | B ^ -> X ^   | sky130_fd_sc_hd__and2_4   | 0.836 |   3.047 |    2.984 | 
     | g185784__1666            | A1 ^ -> Y v  | sky130_fd_sc_hd__a221oi_1 | 0.427 |   3.474 |    3.411 | 
     | g183520__7482            | B v -> Y ^   | sky130_fd_sc_hd__nand4_1  | 0.260 |   3.733 |    3.670 | 
     | g183312__3680            | B1 ^ -> Y v  | sky130_fd_sc_hd__a22oi_1  | 0.171 |   3.904 |    3.841 | 
     | FE_PSBC231_n_3990        | A v -> Y ^   | sky130_fd_sc_hd__inv_2    | 0.149 |   4.053 |    3.990 | 
     | FE_PSBC230_n_3990        | A ^ -> Y v   | sky130_fd_sc_hd__inv_2    | 0.130 |   4.183 |    4.120 | 
     | g183084__7410            | B v -> Y ^   | sky130_fd_sc_hd__nand2_1  | 0.095 |   4.278 |    4.215 | 
     | rsp_rdata_q_reg[5]       | D ^          | sky130_fd_sc_hd__dfxtp_1  | 0.000 |   4.278 |    4.215 | 
     +--------------------------------------------------------------------------------------------------+ 

