###############################################################
#  Generated by:      Cadence Innovus 23.13-s082_1
#  OS:                Linux x86_64(Host ID n01-zeus.olympus.ece.tamu.edu)
#  Generated on:      Mon Sep 28 16:22:05 2026
#  Design:            ddr4_controller_top
#  Command:           report_timing -max_paths 10 > $REPORTS_DIR/timing_postroute.rpt
###############################################################
Path 1: VIOLATED Setup Check with Pin rsp_rdata_q_reg[27]/CLK 
Endpoint:   rsp_rdata_q_reg[27]/D     (v) checked with  leading edge of 'clk'
Beginpoint: service_addr_q_reg[3]/Q_N (^) triggered by  leading edge of 'clk'
Path Groups: {clk}
Analysis View: VIEW_TYP
Other End Arrival Time          0.482
- Setup                         0.087
+ Phase Shift                   4.000
- Uncertainty                   0.100
= Required Time                 4.295
- Arrival Time                  5.096
= Slack Time                   -0.802
     Clock Rise Edge                 0.000
     + Clock Network Latency (Prop)  0.036
     = Beginpoint Arrival Time       0.036
     +-------------------------------------------------------------------------------------------------+ 
     |       Instance        |      Arc       |           Cell            | Delay | Arrival | Required | 
     |                       |                |                           |       |  Time   |   Time   | 
     |-----------------------+----------------+---------------------------+-------+---------+----------| 
     | service_addr_q_reg[3] | CLK ^          |                           |       |   0.036 |   -0.765 | 
     | service_addr_q_reg[3] | CLK ^ -> Q_N ^ | sky130_fd_sc_hd__dfxbp_1  | 0.749 |   0.785 |   -0.016 | 
     | g189592               | B ^ -> X ^     | sky130_fd_sc_hd__or2_4    | 0.741 |   1.526 |    0.725 | 
     | FE_PSC207_n_42        | A ^ -> X ^     | sky130_fd_sc_hd__clkbuf_1 | 0.534 |   2.060 |    1.258 | 
     | FE_OFC185_n_42        | A ^ -> X ^     | sky130_fd_sc_hd__buf_2    | 0.481 |   2.541 |    1.739 | 
     | g188049               | A2 ^ -> Y v    | sky130_fd_sc_hd__o22ai_1  | 0.183 |   2.723 |    1.922 | 
     | g185873__5107         | C1 v -> Y ^    | sky130_fd_sc_hd__a221oi_1 | 0.360 |   3.083 |    2.281 | 
     | g183638__6131         | D ^ -> Y v     | sky130_fd_sc_hd__nand4_1  | 0.188 |   3.271 |    2.469 | 
     | g183327__2883         | A2 v -> Y ^    | sky130_fd_sc_hd__a22oi_1  | 1.695 |   4.966 |    4.164 | 
     | g183098__5122         | B ^ -> Y v     | sky130_fd_sc_hd__nand2_1  | 0.130 |   5.096 |    4.295 | 
     | rsp_rdata_q_reg[27]   | D v            | sky130_fd_sc_hd__dfxtp_1  | 0.000 |   5.096 |    4.295 | 
     +-------------------------------------------------------------------------------------------------+ 
Path 2: VIOLATED Setup Check with Pin rsp_rdata_q_reg[13]/CLK 
Endpoint:   rsp_rdata_q_reg[13]/D   (v) checked with  leading edge of 'clk'
Beginpoint: service_addr_q_reg[2]/Q (^) triggered by  leading edge of 'clk'
Path Groups: {clk}
Analysis View: VIEW_TYP
Other End Arrival Time          0.484
- Setup                         0.103
+ Phase Shift                   4.000
- Uncertainty                   0.100
= Required Time                 4.281
- Arrival Time                  5.006
= Slack Time                   -0.724
     Clock Rise Edge                 0.000
     + Clock Network Latency (Prop)  0.038
     = Beginpoint Arrival Time       0.038
     +-----------------------------------------------------------------------------------------------+ 
     |       Instance        |     Arc      |           Cell            | Delay | Arrival | Required | 
     |                       |              |                           |       |  Time   |   Time   | 
     |-----------------------+--------------+---------------------------+-------+---------+----------| 
     | service_addr_q_reg[2] | CLK ^        |                           |       |   0.038 |   -0.687 | 
     | service_addr_q_reg[2] | CLK ^ -> Q ^ | sky130_fd_sc_hd__dfxtp_4  | 0.533 |   0.571 |   -0.154 | 
     | g189596               | A ^ -> Y v   | sky130_fd_sc_hd__nor2_1   | 0.094 |   0.664 |   -0.060 | 
     | FE_OFC84_n_36         | A v -> Y ^   | sky130_fd_sc_hd__inv_2    | 0.112 |   0.776 |    0.052 | 
     | FE_OFC85_n_36         | A ^ -> Y v   | sky130_fd_sc_hd__inv_6    | 0.186 |   0.962 |    0.237 | 
     | FE_OFC178_n_36        | A v -> X v   | sky130_fd_sc_hd__buf_6    | 0.386 |   1.348 |    0.623 | 
     | FE_OFC171_n_36        | A v -> X v   | sky130_fd_sc_hd__buf_4    | 0.539 |   1.887 |    1.163 | 
     | g188352               | B1 v -> Y ^  | sky130_fd_sc_hd__a221oi_1 | 0.504 |   2.391 |    1.667 | 
     | g188085               | B2 ^ -> Y v  | sky130_fd_sc_hd__o22ai_1  | 0.142 |   2.533 |    1.809 | 
     | g185816__2398         | C1 v -> Y ^  | sky130_fd_sc_hd__a221oi_1 | 0.358 |   2.891 |    2.167 | 
     | g183581__7098         | B ^ -> Y v   | sky130_fd_sc_hd__nand4_1  | 0.319 |   3.211 |    2.486 | 
     | g183317__8246         | B1 v -> Y ^  | sky130_fd_sc_hd__a22oi_1  | 1.651 |   4.861 |    4.137 | 
     | g183103__5115         | A ^ -> Y v   | sky130_fd_sc_hd__nand2_1  | 0.145 |   5.006 |    4.281 | 
     | rsp_rdata_q_reg[13]   | D v          | sky130_fd_sc_hd__dfxtp_1  | 0.000 |   5.006 |    4.281 | 
     +-----------------------------------------------------------------------------------------------+ 
Path 3: VIOLATED Setup Check with Pin rsp_rdata_q_reg[12]/CLK 
Endpoint:   rsp_rdata_q_reg[12]/D     (v) checked with  leading edge of 'clk'
Beginpoint: service_addr_q_reg[3]/Q_N (^) triggered by  leading edge of 'clk'
Path Groups: {clk}
Analysis View: VIEW_TYP
Other End Arrival Time          0.476
- Setup                         0.093
+ Phase Shift                   4.000
- Uncertainty                   0.100
= Required Time                 4.283
- Arrival Time                  4.925
= Slack Time                   -0.642
     Clock Rise Edge                 0.000
     + Clock Network Latency (Prop)  0.036
     = Beginpoint Arrival Time       0.036
     +-------------------------------------------------------------------------------------------------+ 
     |       Instance        |      Arc       |           Cell            | Delay | Arrival | Required | 
     |                       |                |                           |       |  Time   |   Time   | 
     |-----------------------+----------------+---------------------------+-------+---------+----------| 
     | service_addr_q_reg[3] | CLK ^          |                           |       |   0.036 |   -0.606 | 
     | service_addr_q_reg[3] | CLK ^ -> Q_N ^ | sky130_fd_sc_hd__dfxbp_1  | 0.749 |   0.785 |    0.143 | 
     | g189581               | A ^ -> X ^     | sky130_fd_sc_hd__or2_4    | 0.981 |   1.766 |    1.124 | 
     | g189359               | A ^ -> Y v     | sky130_fd_sc_hd__inv_2    | 0.201 |   1.968 |    1.325 | 
     | g189281               | B v -> X v     | sky130_fd_sc_hd__and2_4   | 0.537 |   2.505 |    1.862 | 
     | g185813__7410         | A1 v -> Y ^    | sky130_fd_sc_hd__a221oi_1 | 0.622 |   3.126 |    2.484 | 
     | g183620__1666         | D ^ -> Y v     | sky130_fd_sc_hd__nand4_1  | 0.201 |   3.327 |    2.685 | 
     | g183304__5477         | A1 v -> Y ^    | sky130_fd_sc_hd__a22oi_1  | 1.469 |   4.796 |    4.154 | 
     | g183076__7482         | A ^ -> Y v     | sky130_fd_sc_hd__nand2_1  | 0.129 |   4.925 |    4.283 | 
     | rsp_rdata_q_reg[12]   | D v            | sky130_fd_sc_hd__dfxtp_1  | 0.000 |   4.925 |    4.283 | 
     +-------------------------------------------------------------------------------------------------+ 
Path 4: VIOLATED Setup Check with Pin rsp_rdata_q_reg[24]/CLK 
Endpoint:   rsp_rdata_q_reg[24]/D   (v) checked with  leading edge of 'clk'
Beginpoint: service_addr_q_reg[2]/Q (^) triggered by  leading edge of 'clk'
Path Groups: {clk}
Analysis View: VIEW_TYP
Other End Arrival Time          0.483
- Setup                         0.083
+ Phase Shift                   4.000
- Uncertainty                   0.100
= Required Time                 4.300
- Arrival Time                  4.932
= Slack Time                   -0.632
     Clock Rise Edge                 0.000
     + Clock Network Latency (Prop)  0.038
     = Beginpoint Arrival Time       0.038
     +-----------------------------------------------------------------------------------------------+ 
     |       Instance        |     Arc      |           Cell            | Delay | Arrival | Required | 
     |                       |              |                           |       |  Time   |   Time   | 
     |-----------------------+--------------+---------------------------+-------+---------+----------| 
     | service_addr_q_reg[2] | CLK ^        |                           |       |   0.038 |   -0.594 | 
     | service_addr_q_reg[2] | CLK ^ -> Q ^ | sky130_fd_sc_hd__dfxtp_4  | 0.533 |   0.571 |   -0.061 | 
     | g189596               | A ^ -> Y v   | sky130_fd_sc_hd__nor2_1   | 0.094 |   0.664 |    0.033 | 
     | FE_OFC84_n_36         | A v -> Y ^   | sky130_fd_sc_hd__inv_2    | 0.112 |   0.776 |    0.144 | 
     | FE_OFC85_n_36         | A ^ -> Y v   | sky130_fd_sc_hd__inv_6    | 0.186 |   0.962 |    0.330 | 
     | FE_OFC178_n_36        | A v -> X v   | sky130_fd_sc_hd__buf_6    | 0.386 |   1.348 |    0.716 | 
     | FE_OFC171_n_36        | A v -> X v   | sky130_fd_sc_hd__buf_4    | 0.539 |   1.887 |    1.256 | 
     | g188497               | B1 v -> Y ^  | sky130_fd_sc_hd__a221oi_1 | 0.668 |   2.555 |    1.923 | 
     | g188097               | B2 ^ -> Y v  | sky130_fd_sc_hd__o22ai_1  | 0.151 |   2.706 |    2.075 | 
     | g185861__7482         | C1 v -> Y ^  | sky130_fd_sc_hd__a221oi_1 | 0.281 |   2.987 |    2.355 | 
     | g183626__6260         | A ^ -> Y v   | sky130_fd_sc_hd__nand4_1  | 0.317 |   3.304 |    2.673 | 
     | g183324__6161         | A2 v -> Y ^  | sky130_fd_sc_hd__a22oi_1  | 1.499 |   4.803 |    4.171 | 
     | g183096__2802         | B ^ -> Y v   | sky130_fd_sc_hd__nand2_1  | 0.129 |   4.932 |    4.300 | 
     | rsp_rdata_q_reg[24]   | D v          | sky130_fd_sc_hd__dfxtp_1  | 0.000 |   4.932 |    4.300 | 
     +-----------------------------------------------------------------------------------------------+ 
Path 5: VIOLATED Setup Check with Pin rsp_rdata_q_reg[2]/CLK 
Endpoint:   rsp_rdata_q_reg[2]/D      (v) checked with  leading edge of 'clk'
Beginpoint: service_addr_q_reg[3]/Q_N (^) triggered by  leading edge of 'clk'
Path Groups: {clk}
Analysis View: VIEW_TYP
Other End Arrival Time          0.479
- Setup                         0.092
+ Phase Shift                   4.000
- Uncertainty                   0.100
= Required Time                 4.287
- Arrival Time                  4.904
= Slack Time                   -0.617
     Clock Rise Edge                 0.000
     + Clock Network Latency (Prop)  0.036
     = Beginpoint Arrival Time       0.036
     +-------------------------------------------------------------------------------------------------+ 
     |       Instance        |      Arc       |           Cell            | Delay | Arrival | Required | 
     |                       |                |                           |       |  Time   |   Time   | 
     |-----------------------+----------------+---------------------------+-------+---------+----------| 
     | service_addr_q_reg[3] | CLK ^          |                           |       |   0.036 |   -0.580 | 
     | service_addr_q_reg[3] | CLK ^ -> Q_N ^ | sky130_fd_sc_hd__dfxbp_1  | 0.749 |   0.785 |    0.169 | 
     | g189592               | B ^ -> X ^     | sky130_fd_sc_hd__or2_4    | 0.741 |   1.526 |    0.910 | 
     | FE_PSC207_n_42        | A ^ -> X ^     | sky130_fd_sc_hd__clkbuf_1 | 0.534 |   2.060 |    1.443 | 
     | FE_OFC185_n_42        | A ^ -> X ^     | sky130_fd_sc_hd__buf_2    | 0.481 |   2.541 |    1.924 | 
     | g187991               | A1 ^ -> Y v    | sky130_fd_sc_hd__o22ai_1  | 0.195 |   2.736 |    2.119 | 
     | g185772__8246         | C1 v -> Y ^    | sky130_fd_sc_hd__a221oi_1 | 0.418 |   3.154 |    2.537 | 
     | g183535__8428         | D ^ -> Y v     | sky130_fd_sc_hd__nand4_1  | 0.182 |   3.336 |    2.719 | 
     | g183310__5526         | B1 v -> Y ^    | sky130_fd_sc_hd__a22oi_1  | 1.453 |   4.789 |    4.172 | 
     | g183082__2346         | A ^ -> Y v     | sky130_fd_sc_hd__nand2_1  | 0.115 |   4.904 |    4.287 | 
     | rsp_rdata_q_reg[2]    | D v            | sky130_fd_sc_hd__dfxtp_1  | 0.000 |   4.904 |    4.287 | 
     +-------------------------------------------------------------------------------------------------+ 
Path 6: VIOLATED Setup Check with Pin rsp_rdata_q_reg[8]/CLK 
Endpoint:   rsp_rdata_q_reg[8]/D    (v) checked with  leading edge of 'clk'
Beginpoint: service_addr_q_reg[2]/Q (^) triggered by  leading edge of 'clk'
Path Groups: {clk}
Analysis View: VIEW_TYP
Other End Arrival Time          0.484
- Setup                         0.081
+ Phase Shift                   4.000
- Uncertainty                   0.100
= Required Time                 4.304
- Arrival Time                  4.906
= Slack Time                   -0.603
     Clock Rise Edge                 0.000
     + Clock Network Latency (Prop)  0.038
     = Beginpoint Arrival Time       0.038
     +-----------------------------------------------------------------------------------------------+ 
     |       Instance        |     Arc      |           Cell            | Delay | Arrival | Required | 
     |                       |              |                           |       |  Time   |   Time   | 
     |-----------------------+--------------+---------------------------+-------+---------+----------| 
     | service_addr_q_reg[2] | CLK ^        |                           |       |   0.038 |   -0.565 | 
     | service_addr_q_reg[2] | CLK ^ -> Q ^ | sky130_fd_sc_hd__dfxtp_4  | 0.533 |   0.571 |   -0.032 | 
     | g189596               | A ^ -> Y v   | sky130_fd_sc_hd__nor2_1   | 0.094 |   0.664 |    0.062 | 
     | FE_OFC84_n_36         | A v -> Y ^   | sky130_fd_sc_hd__inv_2    | 0.112 |   0.776 |    0.173 | 
     | FE_OFC85_n_36         | A ^ -> Y v   | sky130_fd_sc_hd__inv_6    | 0.186 |   0.962 |    0.359 | 
     | FE_OFC178_n_36        | A v -> X v   | sky130_fd_sc_hd__buf_6    | 0.386 |   1.348 |    0.745 | 
     | FE_OFC171_n_36        | A v -> X v   | sky130_fd_sc_hd__buf_4    | 0.539 |   1.887 |    1.284 | 
     | g188452               | B1 v -> Y ^  | sky130_fd_sc_hd__a221oi_1 | 0.514 |   2.401 |    1.798 | 
     | g188071               | B2 ^ -> Y v  | sky130_fd_sc_hd__o22ai_1  | 0.133 |   2.534 |    1.931 | 
     | g185796__1617         | C1 v -> Y ^  | sky130_fd_sc_hd__a221oi_1 | 0.431 |   2.965 |    2.362 | 
     | g183508__5526         | B ^ -> Y v   | sky130_fd_sc_hd__nand4_1  | 0.376 |   3.341 |    2.738 | 
     | g183314__2802         | B1 v -> Y ^  | sky130_fd_sc_hd__a22oi_1  | 1.441 |   4.782 |    4.180 | 
     | g183086__5477         | B ^ -> Y v   | sky130_fd_sc_hd__nand2_1  | 0.124 |   4.906 |    4.304 | 
     | rsp_rdata_q_reg[8]    | D v          | sky130_fd_sc_hd__dfxtp_1  | 0.000 |   4.906 |    4.304 | 
     +-----------------------------------------------------------------------------------------------+ 
Path 7: VIOLATED Setup Check with Pin rsp_rdata_q_reg[20]/CLK 
Endpoint:   rsp_rdata_q_reg[20]/D     (v) checked with  leading edge of 'clk'
Beginpoint: service_addr_q_reg[3]/Q_N (^) triggered by  leading edge of 'clk'
Path Groups: {clk}
Analysis View: VIEW_TYP
Other End Arrival Time          0.474
- Setup                         0.078
+ Phase Shift                   4.000
- Uncertainty                   0.100
= Required Time                 4.297
- Arrival Time                  4.885
= Slack Time                   -0.589
     Clock Rise Edge                 0.000
     + Clock Network Latency (Prop)  0.036
     = Beginpoint Arrival Time       0.036
     +-------------------------------------------------------------------------------------------------+ 
     |       Instance        |      Arc       |           Cell            | Delay | Arrival | Required | 
     |                       |                |                           |       |  Time   |   Time   | 
     |-----------------------+----------------+---------------------------+-------+---------+----------| 
     | service_addr_q_reg[3] | CLK ^          |                           |       |   0.036 |   -0.552 | 
     | service_addr_q_reg[3] | CLK ^ -> Q_N ^ | sky130_fd_sc_hd__dfxbp_1  | 0.749 |   0.785 |    0.197 | 
     | g189592               | B ^ -> X ^     | sky130_fd_sc_hd__or2_4    | 0.741 |   1.526 |    0.938 | 
     | FE_PSC204_n_42        | A ^ -> X ^     | sky130_fd_sc_hd__clkbuf_1 | 0.272 |   1.798 |    1.209 | 
     | FE_PSC210_n_42        | A ^ -> X ^     | sky130_fd_sc_hd__clkbuf_1 | 0.465 |   2.263 |    1.674 | 
     | g188027               | A1 ^ -> Y v    | sky130_fd_sc_hd__o22ai_1  | 0.206 |   2.468 |    1.880 | 
     | g185845__5107         | C1 v -> Y ^    | sky130_fd_sc_hd__a221oi_1 | 0.710 |   3.178 |    2.590 | 
     | g183610__6131         | A ^ -> Y v     | sky130_fd_sc_hd__nand4_1  | 0.338 |   3.516 |    2.927 | 
     | g183321__5115         | A1 v -> Y ^    | sky130_fd_sc_hd__a22oi_1  | 1.247 |   4.763 |    4.174 | 
     | g183093__6783         | B ^ -> Y v     | sky130_fd_sc_hd__nand2_1  | 0.122 |   4.885 |    4.297 | 
     | rsp_rdata_q_reg[20]   | D v            | sky130_fd_sc_hd__dfxtp_1  | 0.000 |   4.885 |    4.297 | 
     +-------------------------------------------------------------------------------------------------+ 
Path 8: VIOLATED Setup Check with Pin rsp_rdata_q_reg[30]/CLK 
Endpoint:   rsp_rdata_q_reg[30]/D     (v) checked with  leading edge of 'clk'
Beginpoint: service_addr_q_reg[3]/Q_N (^) triggered by  leading edge of 'clk'
Path Groups: {clk}
Analysis View: VIEW_TYP
Other End Arrival Time          0.484
- Setup                         0.088
+ Phase Shift                   4.000
- Uncertainty                   0.100
= Required Time                 4.296
- Arrival Time                  4.787
= Slack Time                   -0.491
     Clock Rise Edge                 0.000
     + Clock Network Latency (Prop)  0.036
     = Beginpoint Arrival Time       0.036
     +-------------------------------------------------------------------------------------------------+ 
     |       Instance        |      Arc       |           Cell            | Delay | Arrival | Required | 
     |                       |                |                           |       |  Time   |   Time   | 
     |-----------------------+----------------+---------------------------+-------+---------+----------| 
     | service_addr_q_reg[3] | CLK ^          |                           |       |   0.036 |   -0.454 | 
     | service_addr_q_reg[3] | CLK ^ -> Q_N ^ | sky130_fd_sc_hd__dfxbp_1  | 0.749 |   0.785 |    0.295 | 
     | g189592               | B ^ -> X ^     | sky130_fd_sc_hd__or2_4    | 0.741 |   1.526 |    1.036 | 
     | FE_PSC207_n_42        | A ^ -> X ^     | sky130_fd_sc_hd__clkbuf_1 | 0.534 |   2.060 |    1.569 | 
     | FE_OFC185_n_42        | A ^ -> X ^     | sky130_fd_sc_hd__buf_2    | 0.481 |   2.541 |    2.050 | 
     | g188046               | A1 ^ -> Y v    | sky130_fd_sc_hd__o22ai_1  | 0.209 |   2.749 |    2.259 | 
     | g185885__7098         | C1 v -> Y ^    | sky130_fd_sc_hd__a221oi_1 | 0.317 |   3.067 |    2.576 | 
     | g183650__6417         | A ^ -> Y v     | sky130_fd_sc_hd__nand4_1  | 0.270 |   3.337 |    2.846 | 
     | g183330__7410         | A1 v -> Y ^    | sky130_fd_sc_hd__a22oi_1  | 1.324 |   4.661 |    4.170 | 
     | g183102__1881         | B ^ -> Y v     | sky130_fd_sc_hd__nand2_1  | 0.126 |   4.787 |    4.296 | 
     | rsp_rdata_q_reg[30]   | D v            | sky130_fd_sc_hd__dfxtp_1  | 0.000 |   4.787 |    4.296 | 
     +-------------------------------------------------------------------------------------------------+ 
Path 9: VIOLATED Setup Check with Pin rsp_rdata_q_reg[7]/CLK 
Endpoint:   rsp_rdata_q_reg[7]/D      (v) checked with  leading edge of 'clk'
Beginpoint: service_addr_q_reg[3]/Q_N (^) triggered by  leading edge of 'clk'
Path Groups: {clk}
Analysis View: VIEW_TYP
Other End Arrival Time          0.474
- Setup                         0.076
+ Phase Shift                   4.000
- Uncertainty                   0.100
= Required Time                 4.298
- Arrival Time                  4.731
= Slack Time                   -0.433
     Clock Rise Edge                 0.000
     + Clock Network Latency (Prop)  0.036
     = Beginpoint Arrival Time       0.036
     +-------------------------------------------------------------------------------------------------+ 
     |       Instance        |      Arc       |           Cell            | Delay | Arrival | Required | 
     |                       |                |                           |       |  Time   |   Time   | 
     |-----------------------+----------------+---------------------------+-------+---------+----------| 
     | service_addr_q_reg[3] | CLK ^          |                           |       |   0.036 |   -0.397 | 
     | service_addr_q_reg[3] | CLK ^ -> Q_N ^ | sky130_fd_sc_hd__dfxbp_1  | 0.749 |   0.785 |    0.352 | 
     | g189592               | B ^ -> X ^     | sky130_fd_sc_hd__or2_4    | 0.741 |   1.526 |    1.093 | 
     | FE_PSC204_n_42        | A ^ -> X ^     | sky130_fd_sc_hd__clkbuf_1 | 0.272 |   1.798 |    1.365 | 
     | FE_PSC210_n_42        | A ^ -> X ^     | sky130_fd_sc_hd__clkbuf_1 | 0.465 |   2.263 |    1.830 | 
     | g188001               | A1 ^ -> Y v    | sky130_fd_sc_hd__o22ai_1  | 0.218 |   2.481 |    2.048 | 
     | g185793__5526         | C1 v -> Y ^    | sky130_fd_sc_hd__a221oi_1 | 0.704 |   3.186 |    2.753 | 
     | g183511__1617         | A ^ -> Y v     | sky130_fd_sc_hd__nand4_1  | 0.339 |   3.525 |    3.092 | 
     | g183313__1617         | A1 v -> Y ^    | sky130_fd_sc_hd__a22oi_1  | 1.083 |   4.608 |    4.175 | 
     | g183085__6417         | B ^ -> Y v     | sky130_fd_sc_hd__nand2_1  | 0.123 |   4.731 |    4.298 | 
     | rsp_rdata_q_reg[7]    | D v            | sky130_fd_sc_hd__dfxtp_1  | 0.000 |   4.731 |    4.298 | 
     +-------------------------------------------------------------------------------------------------+ 
Path 10: VIOLATED Setup Check with Pin rsp_rdata_q_reg[25]/CLK 
Endpoint:   rsp_rdata_q_reg[25]/D     (v) checked with  leading edge of 'clk'
Beginpoint: service_addr_q_reg[3]/Q_N (^) triggered by  leading edge of 'clk'
Path Groups: {clk}
Analysis View: VIEW_TYP
Other End Arrival Time          0.482
- Setup                         0.069
+ Phase Shift                   4.000
- Uncertainty                   0.100
= Required Time                 4.313
- Arrival Time                  4.744
= Slack Time                   -0.431
     Clock Rise Edge                 0.000
     + Clock Network Latency (Prop)  0.036
     = Beginpoint Arrival Time       0.036
     +-------------------------------------------------------------------------------------------------+ 
     |       Instance        |      Arc       |           Cell            | Delay | Arrival | Required | 
     |                       |                |                           |       |  Time   |   Time   | 
     |-----------------------+----------------+---------------------------+-------+---------+----------| 
     | service_addr_q_reg[3] | CLK ^          |                           |       |   0.036 |   -0.395 | 
     | service_addr_q_reg[3] | CLK ^ -> Q_N ^ | sky130_fd_sc_hd__dfxbp_1  | 0.749 |   0.785 |    0.354 | 
     | g189592               | B ^ -> X ^     | sky130_fd_sc_hd__or2_4    | 0.741 |   1.526 |    1.095 | 
     | FE_PSC204_n_42        | A ^ -> X ^     | sky130_fd_sc_hd__clkbuf_1 | 0.272 |   1.798 |    1.367 | 
     | FE_PSC210_n_42        | A ^ -> X ^     | sky130_fd_sc_hd__clkbuf_1 | 0.465 |   2.263 |    1.832 | 
     | g188039               | A1 ^ -> Y v    | sky130_fd_sc_hd__o22ai_1  | 0.214 |   2.477 |    2.046 | 
     | g185865__9945         | C1 v -> Y ^    | sky130_fd_sc_hd__a221oi_1 | 0.874 |   3.350 |    2.919 | 
     | g183630__6783         | A ^ -> Y v     | sky130_fd_sc_hd__nand4_1  | 0.316 |   3.666 |    3.235 | 
     | g183325__9315         | A1 v -> Y ^    | sky130_fd_sc_hd__a22oi_2  | 0.970 |   4.636 |    4.204 | 
     | g183097__1705         | B ^ -> Y v     | sky130_fd_sc_hd__nand2_1  | 0.109 |   4.744 |    4.313 | 
     | rsp_rdata_q_reg[25]   | D v            | sky130_fd_sc_hd__dfxtp_1  | 0.000 |   4.744 |    4.313 | 
     +-------------------------------------------------------------------------------------------------+ 

