###############################################################
#  Generated by:      Cadence Innovus 23.13-s082_1
#  OS:                Linux x86_64(Host ID n03-poseidon.olympus.ece.tamu.edu)
#  Generated on:      Thu Oct  8 13:02:16 2026
#  Design:            ddr4_controller_top
#  Command:           report_timing -max_paths 10 > $REPORTS_DIR/timing_postroute.rpt
###############################################################
Path 1: VIOLATED Setup Check with Pin rsp_rdata_q_reg[22]/CLK 
Endpoint:   rsp_rdata_q_reg[22]/D   (^) checked with  leading edge of 'clk'
Beginpoint: service_pending_q_reg/Q (^) triggered by  leading edge of 'clk'
Path Groups: {clk}
Analysis View: VIEW_TYP
Other End Arrival Time          0.349
- Setup                         0.046
+ Phase Shift                   4.000
- Uncertainty                   0.100
= Required Time                 4.203
- Arrival Time                  4.251
= Slack Time                   -0.049
     Clock Rise Edge                 0.000
     + Clock Network Latency (Prop)  0.041
     = Beginpoint Arrival Time       0.041
     +-----------------------------------------------------------------------------------------------+ 
     |       Instance        |     Arc      |           Cell            | Delay | Arrival | Required | 
     |                       |              |                           |       |  Time   |   Time   | 
     |-----------------------+--------------+---------------------------+-------+---------+----------| 
     | service_pending_q_reg | CLK ^        |                           |       |   0.041 |   -0.008 | 
     | service_pending_q_reg | CLK ^ -> Q ^ | sky130_fd_sc_hd__dfxtp_1  | 0.555 |   0.596 |    0.547 | 
     | g100760__2802         | B ^ -> Y v   | sky130_fd_sc_hd__nand2_1  | 0.285 |   0.881 |    0.832 | 
     | g100725__4319         | B v -> X v   | sky130_fd_sc_hd__or2_0    | 0.452 |   1.333 |    1.284 | 
     | g100856__5122         | A v -> Y ^   | sky130_fd_sc_hd__nor2b_1  | 0.290 |   1.623 |    1.574 | 
     | g100693               | A ^ -> Y v   | sky130_fd_sc_hd__inv_2    | 0.093 |   1.716 |    1.667 | 
     | g189277               | B v -> Y ^   | sky130_fd_sc_hd__nor2_1   | 0.901 |   2.616 |    2.568 | 
     | FE_OFC29_n_141        | A ^ -> X ^   | sky130_fd_sc_hd__clkbuf_1 | 0.903 |   3.519 |    3.470 | 
     | g183323__4733         | A2 ^ -> Y v  | sky130_fd_sc_hd__a22oi_1  | 0.547 |   4.066 |    4.017 | 
     | g183095__1617         | B v -> Y ^   | sky130_fd_sc_hd__nand2_1  | 0.185 |   4.251 |    4.203 | 
     | rsp_rdata_q_reg[22]   | D ^          | sky130_fd_sc_hd__dfxtp_1  | 0.000 |   4.251 |    4.203 | 
     +-----------------------------------------------------------------------------------------------+ 
Path 2: VIOLATED Setup Check with Pin rsp_rdata_q_reg[0]/CLK 
Endpoint:   rsp_rdata_q_reg[0]/D    (^) checked with  leading edge of 'clk'
Beginpoint: service_pending_q_reg/Q (^) triggered by  leading edge of 'clk'
Path Groups: {clk}
Analysis View: VIEW_TYP
Other End Arrival Time          0.348
- Setup                         0.046
+ Phase Shift                   4.000
- Uncertainty                   0.100
= Required Time                 4.202
- Arrival Time                  4.230
= Slack Time                   -0.028
     Clock Rise Edge                 0.000
     + Clock Network Latency (Prop)  0.041
     = Beginpoint Arrival Time       0.041
     +-----------------------------------------------------------------------------------------------+ 
     |       Instance        |     Arc      |           Cell            | Delay | Arrival | Required | 
     |                       |              |                           |       |  Time   |   Time   | 
     |-----------------------+--------------+---------------------------+-------+---------+----------| 
     | service_pending_q_reg | CLK ^        |                           |       |   0.041 |    0.013 | 
     | service_pending_q_reg | CLK ^ -> Q ^ | sky130_fd_sc_hd__dfxtp_1  | 0.555 |   0.596 |    0.568 | 
     | g100760__2802         | B ^ -> Y v   | sky130_fd_sc_hd__nand2_1  | 0.285 |   0.881 |    0.852 | 
     | g100725__4319         | B v -> X v   | sky130_fd_sc_hd__or2_0    | 0.452 |   1.333 |    1.305 | 
     | g100856__5122         | A v -> Y ^   | sky130_fd_sc_hd__nor2b_1  | 0.290 |   1.623 |    1.595 | 
     | g100693               | A ^ -> Y v   | sky130_fd_sc_hd__inv_2    | 0.093 |   1.716 |    1.687 | 
     | g189277               | B v -> Y ^   | sky130_fd_sc_hd__nor2_1   | 0.901 |   2.616 |    2.588 | 
     | FE_OFC29_n_141        | A ^ -> X ^   | sky130_fd_sc_hd__clkbuf_1 | 0.903 |   3.519 |    3.491 | 
     | g183309__8428         | B2 ^ -> Y v  | sky130_fd_sc_hd__a22oi_1  | 0.533 |   4.052 |    4.024 | 
     | g183081__2883         | B v -> Y ^   | sky130_fd_sc_hd__nand2_1  | 0.178 |   4.230 |    4.202 | 
     | rsp_rdata_q_reg[0]    | D ^          | sky130_fd_sc_hd__dfxtp_1  | 0.000 |   4.230 |    4.202 | 
     +-----------------------------------------------------------------------------------------------+ 
Path 3: VIOLATED Setup Check with Pin rsp_rdata_q_reg[15]/CLK 
Endpoint:   rsp_rdata_q_reg[15]/D   (^) checked with  leading edge of 'clk'
Beginpoint: service_pending_q_reg/Q (^) triggered by  leading edge of 'clk'
Path Groups: {clk}
Analysis View: VIEW_TYP
Other End Arrival Time          0.388
- Setup                         0.049
+ Phase Shift                   4.000
- Uncertainty                   0.100
= Required Time                 4.239
- Arrival Time                  4.254
= Slack Time                   -0.014
     Clock Rise Edge                 0.000
     + Clock Network Latency (Prop)  0.041
     = Beginpoint Arrival Time       0.041
     +-----------------------------------------------------------------------------------------------+ 
     |       Instance        |     Arc      |           Cell            | Delay | Arrival | Required | 
     |                       |              |                           |       |  Time   |   Time   | 
     |-----------------------+--------------+---------------------------+-------+---------+----------| 
     | service_pending_q_reg | CLK ^        |                           |       |   0.041 |    0.026 | 
     | service_pending_q_reg | CLK ^ -> Q ^ | sky130_fd_sc_hd__dfxtp_1  | 0.555 |   0.596 |    0.582 | 
     | g100760__2802         | B ^ -> Y v   | sky130_fd_sc_hd__nand2_1  | 0.285 |   0.881 |    0.866 | 
     | g100725__4319         | B v -> X v   | sky130_fd_sc_hd__or2_0    | 0.452 |   1.333 |    1.319 | 
     | g100856__5122         | A v -> Y ^   | sky130_fd_sc_hd__nor2b_1  | 0.290 |   1.623 |    1.608 | 
     | g100693               | A ^ -> Y v   | sky130_fd_sc_hd__inv_2    | 0.093 |   1.716 |    1.701 | 
     | g189277               | B v -> Y ^   | sky130_fd_sc_hd__nor2_1   | 0.901 |   2.616 |    2.602 | 
     | FE_OFC29_n_141        | A ^ -> X ^   | sky130_fd_sc_hd__clkbuf_1 | 0.903 |   3.519 |    3.505 | 
     | g183319__6131         | B2 ^ -> Y v  | sky130_fd_sc_hd__a22oi_1  | 0.542 |   4.061 |    4.046 | 
     | g183091__8428         | B v -> Y ^   | sky130_fd_sc_hd__nand2_1  | 0.193 |   4.254 |    4.239 | 
     | rsp_rdata_q_reg[15]   | D ^          | sky130_fd_sc_hd__dfxtp_1  | 0.000 |   4.254 |    4.239 | 
     +-----------------------------------------------------------------------------------------------+ 
Path 4: VIOLATED Setup Check with Pin rsp_rdata_q_reg[24]/CLK 
Endpoint:   rsp_rdata_q_reg[24]/D   (^) checked with  leading edge of 'clk'
Beginpoint: service_pending_q_reg/Q (^) triggered by  leading edge of 'clk'
Path Groups: {clk}
Analysis View: VIEW_TYP
Other End Arrival Time          0.391
- Setup                         0.046
+ Phase Shift                   4.000
- Uncertainty                   0.100
= Required Time                 4.245
- Arrival Time                  4.257
= Slack Time                   -0.012
     Clock Rise Edge                 0.000
     + Clock Network Latency (Prop)  0.041
     = Beginpoint Arrival Time       0.041
     +-----------------------------------------------------------------------------------------------+ 
     |       Instance        |     Arc      |           Cell            | Delay | Arrival | Required | 
     |                       |              |                           |       |  Time   |   Time   | 
     |-----------------------+--------------+---------------------------+-------+---------+----------| 
     | service_pending_q_reg | CLK ^        |                           |       |   0.041 |    0.029 | 
     | service_pending_q_reg | CLK ^ -> Q ^ | sky130_fd_sc_hd__dfxtp_1  | 0.555 |   0.596 |    0.584 | 
     | g100760__2802         | B ^ -> Y v   | sky130_fd_sc_hd__nand2_1  | 0.285 |   0.881 |    0.868 | 
     | g100725__4319         | B v -> X v   | sky130_fd_sc_hd__or2_0    | 0.452 |   1.333 |    1.321 | 
     | g100856__5122         | A v -> Y ^   | sky130_fd_sc_hd__nor2b_1  | 0.290 |   1.623 |    1.611 | 
     | g100693               | A ^ -> Y v   | sky130_fd_sc_hd__inv_2    | 0.093 |   1.716 |    1.703 | 
     | g189277               | B v -> Y ^   | sky130_fd_sc_hd__nor2_1   | 0.901 |   2.616 |    2.604 | 
     | FE_OFC29_n_141        | A ^ -> X ^   | sky130_fd_sc_hd__clkbuf_1 | 0.903 |   3.519 |    3.507 | 
     | g183324__6161         | A1 ^ -> Y v  | sky130_fd_sc_hd__a22oi_1  | 0.561 |   4.080 |    4.068 | 
     | g183096__2802         | B v -> Y ^   | sky130_fd_sc_hd__nand2_1  | 0.177 |   4.257 |    4.245 | 
     | rsp_rdata_q_reg[24]   | D ^          | sky130_fd_sc_hd__dfxtp_1  | 0.000 |   4.257 |    4.245 | 
     +-----------------------------------------------------------------------------------------------+ 
Path 5: VIOLATED Setup Check with Pin rsp_rdata_q_reg[27]/CLK 
Endpoint:   rsp_rdata_q_reg[27]/D   (^) checked with  leading edge of 'clk'
Beginpoint: service_pending_q_reg/Q (^) triggered by  leading edge of 'clk'
Path Groups: {clk}
Analysis View: VIEW_TYP
Other End Arrival Time          0.345
- Setup                         0.046
+ Phase Shift                   4.000
- Uncertainty                   0.100
= Required Time                 4.199
- Arrival Time                  4.207
= Slack Time                   -0.007
     Clock Rise Edge                 0.000
     + Clock Network Latency (Prop)  0.041
     = Beginpoint Arrival Time       0.041
     +-----------------------------------------------------------------------------------------------+ 
     |       Instance        |     Arc      |           Cell            | Delay | Arrival | Required | 
     |                       |              |                           |       |  Time   |   Time   | 
     |-----------------------+--------------+---------------------------+-------+---------+----------| 
     | service_pending_q_reg | CLK ^        |                           |       |   0.041 |    0.033 | 
     | service_pending_q_reg | CLK ^ -> Q ^ | sky130_fd_sc_hd__dfxtp_1  | 0.555 |   0.596 |    0.588 | 
     | g100760__2802         | B ^ -> Y v   | sky130_fd_sc_hd__nand2_1  | 0.285 |   0.881 |    0.873 | 
     | g100725__4319         | B v -> X v   | sky130_fd_sc_hd__or2_0    | 0.452 |   1.333 |    1.325 | 
     | g100856__5122         | A v -> Y ^   | sky130_fd_sc_hd__nor2b_1  | 0.290 |   1.623 |    1.615 | 
     | g100693               | A ^ -> Y v   | sky130_fd_sc_hd__inv_2    | 0.093 |   1.716 |    1.708 | 
     | g189277               | B v -> Y ^   | sky130_fd_sc_hd__nor2_1   | 0.901 |   2.616 |    2.609 | 
     | FE_OFC29_n_141        | A ^ -> X ^   | sky130_fd_sc_hd__clkbuf_1 | 0.903 |   3.519 |    3.512 | 
     | g183327__2883         | A2 ^ -> Y v  | sky130_fd_sc_hd__a22oi_1  | 0.505 |   4.024 |    4.017 | 
     | g183098__5122         | B v -> Y ^   | sky130_fd_sc_hd__nand2_1  | 0.182 |   4.207 |    4.199 | 
     | rsp_rdata_q_reg[27]   | D ^          | sky130_fd_sc_hd__dfxtp_1  | 0.000 |   4.207 |    4.199 | 
     +-----------------------------------------------------------------------------------------------+ 
Path 6: MET Setup Check with Pin rsp_rdata_q_reg[4]/CLK 
Endpoint:   rsp_rdata_q_reg[4]/D    (^) checked with  leading edge of 'clk'
Beginpoint: service_pending_q_reg/Q (^) triggered by  leading edge of 'clk'
Path Groups: {clk}
Analysis View: VIEW_TYP
Other End Arrival Time          0.348
- Setup                         0.045
+ Phase Shift                   4.000
- Uncertainty                   0.100
= Required Time                 4.203
- Arrival Time                  4.173
= Slack Time                    0.031
     Clock Rise Edge                 0.000
     + Clock Network Latency (Prop)  0.041
     = Beginpoint Arrival Time       0.041
     +-----------------------------------------------------------------------------------------------+ 
     |       Instance        |     Arc      |           Cell            | Delay | Arrival | Required | 
     |                       |              |                           |       |  Time   |   Time   | 
     |-----------------------+--------------+---------------------------+-------+---------+----------| 
     | service_pending_q_reg | CLK ^        |                           |       |   0.041 |    0.071 | 
     | service_pending_q_reg | CLK ^ -> Q ^ | sky130_fd_sc_hd__dfxtp_1  | 0.555 |   0.596 |    0.627 | 
     | g100760__2802         | B ^ -> Y v   | sky130_fd_sc_hd__nand2_1  | 0.285 |   0.881 |    0.911 | 
     | g100725__4319         | B v -> X v   | sky130_fd_sc_hd__or2_0    | 0.452 |   1.333 |    1.364 | 
     | g100856__5122         | A v -> Y ^   | sky130_fd_sc_hd__nor2b_1  | 0.290 |   1.623 |    1.653 | 
     | g100693               | A ^ -> Y v   | sky130_fd_sc_hd__inv_2    | 0.093 |   1.716 |    1.746 | 
     | g189277               | B v -> Y ^   | sky130_fd_sc_hd__nor2_1   | 0.901 |   2.616 |    2.647 | 
     | FE_OFC29_n_141        | A ^ -> X ^   | sky130_fd_sc_hd__clkbuf_1 | 0.903 |   3.519 |    3.550 | 
     | g183311__6783         | A1 ^ -> Y v  | sky130_fd_sc_hd__a22oi_1  | 0.485 |   4.004 |    4.035 | 
     | g183083__1666         | B v -> Y ^   | sky130_fd_sc_hd__nand2_1  | 0.169 |   4.173 |    4.203 | 
     | rsp_rdata_q_reg[4]    | D ^          | sky130_fd_sc_hd__dfxtp_1  | 0.000 |   4.173 |    4.203 | 
     +-----------------------------------------------------------------------------------------------+ 
Path 7: MET Setup Check with Pin rsp_rdata_q_reg[30]/CLK 
Endpoint:   rsp_rdata_q_reg[30]/D   (^) checked with  leading edge of 'clk'
Beginpoint: service_pending_q_reg/Q (^) triggered by  leading edge of 'clk'
Path Groups: {clk}
Analysis View: VIEW_TYP
Other End Arrival Time          0.388
- Setup                         0.044
+ Phase Shift                   4.000
- Uncertainty                   0.100
= Required Time                 4.244
- Arrival Time                  4.203
= Slack Time                    0.040
     Clock Rise Edge                 0.000
     + Clock Network Latency (Prop)  0.041
     = Beginpoint Arrival Time       0.041
     +-----------------------------------------------------------------------------------------------+ 
     |       Instance        |     Arc      |           Cell            | Delay | Arrival | Required | 
     |                       |              |                           |       |  Time   |   Time   | 
     |-----------------------+--------------+---------------------------+-------+---------+----------| 
     | service_pending_q_reg | CLK ^        |                           |       |   0.041 |    0.081 | 
     | service_pending_q_reg | CLK ^ -> Q ^ | sky130_fd_sc_hd__dfxtp_1  | 0.555 |   0.596 |    0.636 | 
     | g100760__2802         | B ^ -> Y v   | sky130_fd_sc_hd__nand2_1  | 0.285 |   0.881 |    0.921 | 
     | g100725__4319         | B v -> X v   | sky130_fd_sc_hd__or2_0    | 0.452 |   1.333 |    1.373 | 
     | g100856__5122         | A v -> Y ^   | sky130_fd_sc_hd__nor2b_1  | 0.290 |   1.623 |    1.663 | 
     | g100693               | A ^ -> Y v   | sky130_fd_sc_hd__inv_2    | 0.093 |   1.716 |    1.756 | 
     | g189277               | B v -> Y ^   | sky130_fd_sc_hd__nor2_1   | 0.901 |   2.616 |    2.657 | 
     | FE_OFC29_n_141        | A ^ -> X ^   | sky130_fd_sc_hd__clkbuf_1 | 0.903 |   3.519 |    3.559 | 
     | g183330__7410         | A2 ^ -> Y v  | sky130_fd_sc_hd__a22oi_2  | 0.516 |   4.035 |    4.075 | 
     | g183102__1881         | B v -> Y ^   | sky130_fd_sc_hd__nand2_1  | 0.168 |   4.203 |    4.244 | 
     | rsp_rdata_q_reg[30]   | D ^          | sky130_fd_sc_hd__dfxtp_1  | 0.000 |   4.203 |    4.244 | 
     +-----------------------------------------------------------------------------------------------+ 
Path 8: MET Setup Check with Pin rsp_rdata_q_reg[11]/CLK 
Endpoint:   rsp_rdata_q_reg[11]/D   (^) checked with  leading edge of 'clk'
Beginpoint: service_pending_q_reg/Q (^) triggered by  leading edge of 'clk'
Path Groups: {clk}
Analysis View: VIEW_TYP
Other End Arrival Time          0.391
- Setup                         0.046
+ Phase Shift                   4.000
- Uncertainty                   0.100
= Required Time                 4.245
- Arrival Time                  4.196
= Slack Time                    0.049
     Clock Rise Edge                 0.000
     + Clock Network Latency (Prop)  0.041
     = Beginpoint Arrival Time       0.041
     +-----------------------------------------------------------------------------------------------+ 
     |       Instance        |     Arc      |           Cell            | Delay | Arrival | Required | 
     |                       |              |                           |       |  Time   |   Time   | 
     |-----------------------+--------------+---------------------------+-------+---------+----------| 
     | service_pending_q_reg | CLK ^        |                           |       |   0.041 |    0.090 | 
     | service_pending_q_reg | CLK ^ -> Q ^ | sky130_fd_sc_hd__dfxtp_1  | 0.555 |   0.596 |    0.645 | 
     | g100760__2802         | B ^ -> Y v   | sky130_fd_sc_hd__nand2_1  | 0.285 |   0.881 |    0.930 | 
     | g100725__4319         | B v -> X v   | sky130_fd_sc_hd__or2_0    | 0.452 |   1.333 |    1.382 | 
     | g100856__5122         | A v -> Y ^   | sky130_fd_sc_hd__nor2b_1  | 0.290 |   1.623 |    1.672 | 
     | g100693               | A ^ -> Y v   | sky130_fd_sc_hd__inv_2    | 0.093 |   1.716 |    1.765 | 
     | g189277               | B v -> Y ^   | sky130_fd_sc_hd__nor2_1   | 0.901 |   2.616 |    2.666 | 
     | FE_OFC29_n_141        | A ^ -> X ^   | sky130_fd_sc_hd__clkbuf_1 | 0.903 |   3.519 |    3.568 | 
     | g183316__5122         | B2 ^ -> Y v  | sky130_fd_sc_hd__a22oi_1  | 0.504 |   4.023 |    4.072 | 
     | g183089__6260         | B v -> Y ^   | sky130_fd_sc_hd__nand2_1  | 0.173 |   4.196 |    4.245 | 
     | rsp_rdata_q_reg[11]   | D ^          | sky130_fd_sc_hd__dfxtp_1  | 0.000 |   4.196 |    4.245 | 
     +-----------------------------------------------------------------------------------------------+ 
Path 9: MET Setup Check with Pin rsp_rdata_q_reg[5]/CLK 
Endpoint:   rsp_rdata_q_reg[5]/D    (^) checked with  leading edge of 'clk'
Beginpoint: service_pending_q_reg/Q (^) triggered by  leading edge of 'clk'
Path Groups: {clk}
Analysis View: VIEW_TYP
Other End Arrival Time          0.344
- Setup                         0.043
+ Phase Shift                   4.000
- Uncertainty                   0.100
= Required Time                 4.201
- Arrival Time                  4.146
= Slack Time                    0.055
     Clock Rise Edge                 0.000
     + Clock Network Latency (Prop)  0.041
     = Beginpoint Arrival Time       0.041
     +-----------------------------------------------------------------------------------------------+ 
     |       Instance        |     Arc      |           Cell            | Delay | Arrival | Required | 
     |                       |              |                           |       |  Time   |   Time   | 
     |-----------------------+--------------+---------------------------+-------+---------+----------| 
     | service_pending_q_reg | CLK ^        |                           |       |   0.041 |    0.095 | 
     | service_pending_q_reg | CLK ^ -> Q ^ | sky130_fd_sc_hd__dfxtp_1  | 0.555 |   0.596 |    0.651 | 
     | g100760__2802         | B ^ -> Y v   | sky130_fd_sc_hd__nand2_1  | 0.285 |   0.881 |    0.935 | 
     | g100725__4319         | B v -> X v   | sky130_fd_sc_hd__or2_0    | 0.452 |   1.333 |    1.388 | 
     | g100856__5122         | A v -> Y ^   | sky130_fd_sc_hd__nor2b_1  | 0.290 |   1.623 |    1.677 | 
     | g100693               | A ^ -> Y v   | sky130_fd_sc_hd__inv_2    | 0.093 |   1.716 |    1.770 | 
     | g189277               | B v -> Y ^   | sky130_fd_sc_hd__nor2_1   | 0.901 |   2.616 |    2.671 | 
     | FE_OFC29_n_141        | A ^ -> X ^   | sky130_fd_sc_hd__clkbuf_1 | 0.903 |   3.519 |    3.574 | 
     | g183312__3680         | B2 ^ -> Y v  | sky130_fd_sc_hd__a22oi_1  | 0.470 |   3.989 |    4.043 | 
     | g183084__7410         | B v -> Y ^   | sky130_fd_sc_hd__nand2_1  | 0.157 |   4.146 |    4.200 | 
     | rsp_rdata_q_reg[5]    | D ^          | sky130_fd_sc_hd__dfxtp_1  | 0.000 |   4.146 |    4.201 | 
     +-----------------------------------------------------------------------------------------------+ 
Path 10: MET Setup Check with Pin service_wdata_q_reg[18]/CLK 
Endpoint:   service_wdata_q_reg[18]/D                 (^) checked with  leading 
edge of 'clk'
Beginpoint: u_request_queue_req_mem_reg[1][bank][0]/Q (v) triggered by  leading 
edge of 'clk'
Path Groups: {clk}
Analysis View: VIEW_TYP
Other End Arrival Time          0.390
- Setup                         0.036
+ Phase Shift                   4.000
- Uncertainty                   0.100
= Required Time                 4.255
- Arrival Time                  4.187
= Slack Time                    0.068
     Clock Rise Edge                 0.000
     + Clock Network Latency (Prop)  0.040
     = Beginpoint Arrival Time       0.040
     +-----------------------------------------------------------------------------------------------------------------+ 
     |                Instance                 |     Arc      |           Cell            | Delay | Arrival | Required | 
     |                                         |              |                           |       |  Time   |   Time   | 
     |-----------------------------------------+--------------+---------------------------+-------+---------+----------| 
     | u_request_queue_req_mem_reg[1][bank][0] | CLK ^        |                           |       |   0.040 |    0.108 | 
     | u_request_queue_req_mem_reg[1][bank][0] | CLK ^ -> Q v | sky130_fd_sc_hd__dfxtp_4  | 0.415 |   0.456 |    0.523 | 
     | g100792__2802                           | A v -> Y ^   | sky130_fd_sc_hd__nor2_1   | 0.285 |   0.741 |    0.809 | 
     | g100700__2802                           | A ^ -> Y v   | sky130_fd_sc_hd__nand3_1  | 0.114 |   0.855 |    0.922 | 
     | FE_RC_204_0                             | C v -> Y ^   | sky130_fd_sc_hd__nand4_1  | 0.148 |   1.003 |    1.070 | 
     | g100680__2346                           | B ^ -> Y v   | sky130_fd_sc_hd__nand2_1  | 0.104 |   1.107 |    1.174 | 
     | g100668__7098                           | B_N v -> Y v | sky130_fd_sc_hd__nor2b_1  | 0.142 |   1.249 |    1.317 | 
     | g100661__1617                           | B v -> X v   | sky130_fd_sc_hd__and2_4   | 0.184 |   1.433 |    1.501 | 
     | FE_OFC65_n_4223                         | A v -> Y ^   | sky130_fd_sc_hd__inv_2    | 0.066 |   1.499 |    1.567 | 
     | FE_RC_124_0                             | A ^ -> Y v   | sky130_fd_sc_hd__nand3_1  | 0.095 |   1.594 |    1.661 | 
     | g100637__6161                           | A v -> Y ^   | sky130_fd_sc_hd__nand2_2  | 0.142 |   1.736 |    1.804 | 
     | g100634                                 | A ^ -> Y v   | sky130_fd_sc_hd__clkinv_2 | 0.108 |   1.844 |    1.911 | 
     | FE_RC_205_0                             | A2 v -> Y ^  | sky130_fd_sc_hd__o22ai_1  | 0.187 |   2.031 |    2.098 | 
     | g100620__1617                           | A ^ -> Y v   | sky130_fd_sc_hd__nor2_2   | 0.084 |   2.114 |    2.182 | 
     | FE_RC_95_0                              | A2 v -> Y ^  | sky130_fd_sc_hd__o22ai_1  | 0.181 |   2.295 |    2.362 | 
     | FE_RC_145_0                             | C ^ -> Y v   | sky130_fd_sc_hd__nor3_1   | 0.096 |   2.391 |    2.459 | 
     | FE_RC_146_0                             | A v -> Y ^   | sky130_fd_sc_hd__inv_2    | 0.061 |   2.453 |    2.520 | 
     | g100596__4733                           | C1 ^ -> Y v  | sky130_fd_sc_hd__o221ai_2 | 0.079 |   2.531 |    2.599 | 
     | g100594__7482                           | A v -> Y ^   | sky130_fd_sc_hd__nor2_2   | 0.158 |   2.689 |    2.757 | 
     | FE_OFC130_n_4261                        | A ^ -> Y v   | sky130_fd_sc_hd__inv_2    | 0.077 |   2.766 |    2.834 | 
     | g100591__5115                           | A v -> Y ^   | sky130_fd_sc_hd__nand2_1  | 0.094 |   2.860 |    2.928 | 
     | g189263                                 | A ^ -> Y v   | sky130_fd_sc_hd__nand2_2  | 0.095 |   2.956 |    3.023 | 
     | g189111                                 | B v -> Y ^   | sky130_fd_sc_hd__nor2_4   | 0.277 |   3.233 |    3.301 | 
     | g188601                                 | A ^ -> X ^   | sky130_fd_sc_hd__and2_1   | 0.197 |   3.431 |    3.498 | 
     | FE_OFC181_n_1106                        | A ^ -> X ^   | sky130_fd_sc_hd__buf_4    | 0.438 |   3.869 |    3.937 | 
     | g185913__7098                           | A2 ^ -> Y v  | sky130_fd_sc_hd__a222oi_1 | 0.221 |   4.090 |    4.157 | 
     | g184734__3680                           | A v -> Y ^   | sky130_fd_sc_hd__nand2_1  | 0.097 |   4.187 |    4.255 | 
     | service_wdata_q_reg[18]                 | D ^          | sky130_fd_sc_hd__dfxtp_1  | 0.000 |   4.187 |    4.255 | 
     +-----------------------------------------------------------------------------------------------------------------+ 

