###############################################################
#  Generated by:      Cadence Innovus 23.13-s082_1
#  OS:                Linux x86_64(Host ID n03-poseidon.olympus.ece.tamu.edu)
#  Generated on:      Thu Oct  8 13:02:23 2026
#  Design:            ddr4_controller_top
#  Command:           report_timing -early -max_paths 10 > $REPORTS_DIR/hold_postroute.rpt
###############################################################
Path 1: VIOLATED Hold Check with Pin u_request_queue_req_mem_reg[1][row][0]/CLK 
Endpoint:   u_request_queue_req_mem_reg[1][row][0]/D (^) checked with  leading 
edge of 'clk'
Beginpoint: txn_addr[2]                              (^) triggered by  leading 
edge of 'clk'
Path Groups: {clk}
Analysis View: VIEW_TYP
Other End Arrival Time          0.039
+ Hold                         -0.010
+ Phase Shift                   0.000
+ Uncertainty                   0.100
= Required Time                 0.129
  Arrival Time                  0.109
  Slack Time                   -0.020
     Clock Rise Edge                      0.000
     + Input Delay                        0.000
     = Beginpoint Arrival Time            0.000
     +----------------------------------------------------------------------------------------------------------------+ 
     |                Instance                |      Arc      |           Cell           | Delay | Arrival | Required | 
     |                                        |               |                          |       |  Time   |   Time   | 
     |----------------------------------------+---------------+--------------------------+-------+---------+----------| 
     |                                        | txn_addr[2] ^ |                          |       |   0.000 |    0.020 | 
     | g183414__7410                          | A2 ^ -> X ^   | sky130_fd_sc_hd__a22o_1  | 0.109 |   0.109 |    0.129 | 
     | u_request_queue_req_mem_reg[1][row][0] | D ^           | sky130_fd_sc_hd__dfxtp_4 | 0.000 |   0.109 |    0.129 | 
     +----------------------------------------------------------------------------------------------------------------+ 
Path 2: VIOLATED Hold Check with Pin u_request_queue_req_mem_reg[3][row][0]/CLK 
Endpoint:   u_request_queue_req_mem_reg[3][row][0]/D (^) checked with  leading 
edge of 'clk'
Beginpoint: txn_addr[2]                              (^) triggered by  leading 
edge of 'clk'
Path Groups: {clk}
Analysis View: VIEW_TYP
Other End Arrival Time          0.039
+ Hold                         -0.009
+ Phase Shift                   0.000
+ Uncertainty                   0.100
= Required Time                 0.130
  Arrival Time                  0.111
  Slack Time                   -0.019
     Clock Rise Edge                      0.000
     + Input Delay                        0.000
     = Beginpoint Arrival Time            0.000
     +----------------------------------------------------------------------------------------------------------------+ 
     |                Instance                |      Arc      |           Cell           | Delay | Arrival | Required | 
     |                                        |               |                          |       |  Time   |   Time   | 
     |----------------------------------------+---------------+--------------------------+-------+---------+----------| 
     |                                        | txn_addr[2] ^ |                          |       |   0.000 |    0.019 | 
     | g183334__5107                          | A2 ^ -> X ^   | sky130_fd_sc_hd__a22o_1  | 0.111 |   0.111 |    0.130 | 
     | u_request_queue_req_mem_reg[3][row][0] | D ^           | sky130_fd_sc_hd__dfxbp_2 | 0.000 |   0.111 |    0.130 | 
     +----------------------------------------------------------------------------------------------------------------+ 
Path 3: VIOLATED Hold Check with Pin u_request_queue_req_mem_reg[2][col][0]/CLK 
Endpoint:   u_request_queue_req_mem_reg[2][col][0]/D (^) checked with  leading 
edge of 'clk'
Beginpoint: txn_addr[0]                              (^) triggered by  leading 
edge of 'clk'
Path Groups: {clk}
Analysis View: VIEW_TYP
Other End Arrival Time          0.040
+ Hold                         -0.010
+ Phase Shift                   0.000
+ Uncertainty                   0.100
= Required Time                 0.130
  Arrival Time                  0.112
  Slack Time                   -0.019
     Clock Rise Edge                      0.000
     + Input Delay                        0.000
     = Beginpoint Arrival Time            0.000
     +----------------------------------------------------------------------------------------------------------------+ 
     |                Instance                |      Arc      |           Cell           | Delay | Arrival | Required | 
     |                                        |               |                          |       |  Time   |   Time   | 
     |----------------------------------------+---------------+--------------------------+-------+---------+----------| 
     |                                        | txn_addr[0] ^ |                          |       |   0.000 |    0.019 | 
     | g183450__5526                          | A2 ^ -> X ^   | sky130_fd_sc_hd__a22o_1  | 0.112 |   0.112 |    0.130 | 
     | u_request_queue_req_mem_reg[2][col][0] | D ^           | sky130_fd_sc_hd__dfxtp_1 | 0.000 |   0.112 |    0.130 | 
     +----------------------------------------------------------------------------------------------------------------+ 
Path 4: VIOLATED Hold Check with Pin u_request_queue_req_mem_reg[0][col][0]/CLK 
Endpoint:   u_request_queue_req_mem_reg[0][col][0]/D (^) checked with  leading 
edge of 'clk'
Beginpoint: txn_addr[0]                              (^) triggered by  leading 
edge of 'clk'
Path Groups: {clk}
Analysis View: VIEW_TYP
Other End Arrival Time          0.040
+ Hold                         -0.010
+ Phase Shift                   0.000
+ Uncertainty                   0.100
= Required Time                 0.130
  Arrival Time                  0.112
  Slack Time                   -0.018
     Clock Rise Edge                      0.000
     + Input Delay                        0.000
     = Beginpoint Arrival Time            0.000
     +----------------------------------------------------------------------------------------------------------------+ 
     |                Instance                |      Arc      |           Cell           | Delay | Arrival | Required | 
     |                                        |               |                          |       |  Time   |   Time   | 
     |----------------------------------------+---------------+--------------------------+-------+---------+----------| 
     |                                        | txn_addr[0] ^ |                          |       |   0.000 |    0.018 | 
     | g183370__2802                          | A2 ^ -> X ^   | sky130_fd_sc_hd__a22o_1  | 0.112 |   0.112 |    0.130 | 
     | u_request_queue_req_mem_reg[0][col][0] | D ^           | sky130_fd_sc_hd__dfxtp_1 | 0.000 |   0.112 |    0.130 | 
     +----------------------------------------------------------------------------------------------------------------+ 
Path 5: VIOLATED Hold Check with Pin u_request_queue_req_mem_reg[2][wdata][30]/
CLK 
Endpoint:   u_request_queue_req_mem_reg[2][wdata][30]/D (^) checked with  
leading edge of 'clk'
Beginpoint: txn_wdata[30]                               (^) triggered by  
leading edge of 'clk'
Path Groups: {clk}
Analysis View: VIEW_TYP
Other End Arrival Time          0.040
+ Hold                         -0.010
+ Phase Shift                   0.000
+ Uncertainty                   0.100
= Required Time                 0.131
  Arrival Time                  0.113
  Slack Time                   -0.018
     Clock Rise Edge                      0.000
     + Input Delay                        0.000
     = Beginpoint Arrival Time            0.000
     +---------------------------------------------------------------------------------------------------------------------+ 
     |                 Instance                  |       Arc       |           Cell           | Delay | Arrival | Required | 
     |                                           |                 |                          |       |  Time   |   Time   | 
     |-------------------------------------------+-----------------+--------------------------+-------+---------+----------| 
     |                                           | txn_wdata[30] ^ |                          |       |   0.000 |    0.018 | 
     | g183485__8246                             | A2 ^ -> X ^     | sky130_fd_sc_hd__a22o_1  | 0.113 |   0.113 |    0.131 | 
     | u_request_queue_req_mem_reg[2][wdata][30] | D ^             | sky130_fd_sc_hd__dfxtp_1 | 0.000 |   0.113 |    0.131 | 
     +---------------------------------------------------------------------------------------------------------------------+ 
Path 6: VIOLATED Hold Check with Pin u_request_queue_req_mem_reg[2][wdata][23]/
CLK 
Endpoint:   u_request_queue_req_mem_reg[2][wdata][23]/D (^) checked with  
leading edge of 'clk'
Beginpoint: txn_wdata[23]                               (^) triggered by  
leading edge of 'clk'
Path Groups: {clk}
Analysis View: VIEW_TYP
Other End Arrival Time          0.040
+ Hold                         -0.010
+ Phase Shift                   0.000
+ Uncertainty                   0.100
= Required Time                 0.130
  Arrival Time                  0.113
  Slack Time                   -0.017
     Clock Rise Edge                      0.000
     + Input Delay                        0.000
     = Beginpoint Arrival Time            0.000
     +---------------------------------------------------------------------------------------------------------------------+ 
     |                 Instance                  |       Arc       |           Cell           | Delay | Arrival | Required | 
     |                                           |                 |                          |       |  Time   |   Time   | 
     |-------------------------------------------+-----------------+--------------------------+-------+---------+----------| 
     |                                           | txn_wdata[23] ^ |                          |       |   0.000 |    0.017 | 
     | g183478__5526                             | A2 ^ -> X ^     | sky130_fd_sc_hd__a22o_1  | 0.113 |   0.113 |    0.130 | 
     | u_request_queue_req_mem_reg[2][wdata][23] | D ^             | sky130_fd_sc_hd__dfxtp_1 | 0.000 |   0.113 |    0.130 | 
     +---------------------------------------------------------------------------------------------------------------------+ 
Path 7: VIOLATED Hold Check with Pin u_request_queue_req_mem_reg[3][row][1]/CLK 
Endpoint:   u_request_queue_req_mem_reg[3][row][1]/D (^) checked with  leading 
edge of 'clk'
Beginpoint: txn_addr[3]                              (^) triggered by  leading 
edge of 'clk'
Path Groups: {clk}
Analysis View: VIEW_TYP
Other End Arrival Time          0.039
+ Hold                         -0.009
+ Phase Shift                   0.000
+ Uncertainty                   0.100
= Required Time                 0.129
  Arrival Time                  0.112
  Slack Time                   -0.017
     Clock Rise Edge                      0.000
     + Input Delay                        0.000
     = Beginpoint Arrival Time            0.000
     +----------------------------------------------------------------------------------------------------------------+ 
     |                Instance                |      Arc      |           Cell           | Delay | Arrival | Required | 
     |                                        |               |                          |       |  Time   |   Time   | 
     |----------------------------------------+---------------+--------------------------+-------+---------+----------| 
     |                                        | txn_addr[3] ^ |                          |       |   0.000 |    0.017 | 
     | g183335__6260                          | A2 ^ -> X ^   | sky130_fd_sc_hd__a22o_1  | 0.112 |   0.112 |    0.129 | 
     | u_request_queue_req_mem_reg[3][row][1] | D ^           | sky130_fd_sc_hd__dfxbp_2 | 0.000 |   0.112 |    0.129 | 
     +----------------------------------------------------------------------------------------------------------------+ 
Path 8: VIOLATED Hold Check with Pin u_request_queue_req_mem_reg[0][bank][0]/
CLK 
Endpoint:   u_request_queue_req_mem_reg[0][bank][0]/D (^) checked with  leading 
edge of 'clk'
Beginpoint: txn_bank[0]                               (^) triggered by  leading 
edge of 'clk'
Path Groups: {clk}
Analysis View: VIEW_TYP
Other End Arrival Time          0.040
+ Hold                         -0.010
+ Phase Shift                   0.000
+ Uncertainty                   0.100
= Required Time                 0.131
  Arrival Time                  0.114
  Slack Time                   -0.017
     Clock Rise Edge                      0.000
     + Input Delay                        0.000
     = Beginpoint Arrival Time            0.000
     +-----------------------------------------------------------------------------------------------------------------+ 
     |                Instance                 |      Arc      |           Cell           | Delay | Arrival | Required | 
     |                                         |               |                          |       |  Time   |   Time   | 
     |-----------------------------------------+---------------+--------------------------+-------+---------+----------| 
     |                                         | txn_bank[0] ^ |                          |       |   0.000 |    0.017 | 
     | g183377__5115                           | A2 ^ -> X ^   | sky130_fd_sc_hd__a22o_1  | 0.114 |   0.114 |    0.131 | 
     | u_request_queue_req_mem_reg[0][bank][0] | D ^           | sky130_fd_sc_hd__dfxtp_2 | 0.000 |   0.114 |    0.131 | 
     +-----------------------------------------------------------------------------------------------------------------+ 
Path 9: VIOLATED Hold Check with Pin u_request_queue_req_mem_reg[2][wdata][16]/
CLK 
Endpoint:   u_request_queue_req_mem_reg[2][wdata][16]/D (^) checked with  
leading edge of 'clk'
Beginpoint: txn_wdata[16]                               (^) triggered by  
leading edge of 'clk'
Path Groups: {clk}
Analysis View: VIEW_TYP
Other End Arrival Time          0.040
+ Hold                         -0.010
+ Phase Shift                   0.000
+ Uncertainty                   0.100
= Required Time                 0.130
  Arrival Time                  0.113
  Slack Time                   -0.017
     Clock Rise Edge                      0.000
     + Input Delay                        0.000
     = Beginpoint Arrival Time            0.000
     +---------------------------------------------------------------------------------------------------------------------+ 
     |                 Instance                  |       Arc       |           Cell           | Delay | Arrival | Required | 
     |                                           |                 |                          |       |  Time   |   Time   | 
     |-------------------------------------------+-----------------+--------------------------+-------+---------+----------| 
     |                                           | txn_wdata[16] ^ |                          |       |   0.000 |    0.017 | 
     | g183471__6417                             | A2 ^ -> X ^     | sky130_fd_sc_hd__a22o_1  | 0.113 |   0.113 |    0.130 | 
     | u_request_queue_req_mem_reg[2][wdata][16] | D ^             | sky130_fd_sc_hd__dfxtp_1 | 0.000 |   0.113 |    0.130 | 
     +---------------------------------------------------------------------------------------------------------------------+ 
Path 10: VIOLATED Hold Check with Pin u_request_queue_req_mem_reg[1][bank][0]/
CLK 
Endpoint:   u_request_queue_req_mem_reg[1][bank][0]/D (^) checked with  leading 
edge of 'clk'
Beginpoint: txn_bank[0]                               (^) triggered by  leading 
edge of 'clk'
Path Groups: {clk}
Analysis View: VIEW_TYP
Other End Arrival Time          0.040
+ Hold                         -0.011
+ Phase Shift                   0.000
+ Uncertainty                   0.100
= Required Time                 0.130
  Arrival Time                  0.114
  Slack Time                   -0.016
     Clock Rise Edge                      0.000
     + Input Delay                        0.000
     = Beginpoint Arrival Time            0.000
     +-----------------------------------------------------------------------------------------------------------------+ 
     |                Instance                 |      Arc      |           Cell           | Delay | Arrival | Required | 
     |                                         |               |                          |       |  Time   |   Time   | 
     |-----------------------------------------+---------------+--------------------------+-------+---------+----------| 
     |                                         | txn_bank[0] ^ |                          |       |   0.000 |    0.016 | 
     | g183409__9315                           | A2 ^ -> X ^   | sky130_fd_sc_hd__a22o_1  | 0.114 |   0.114 |    0.130 | 
     | u_request_queue_req_mem_reg[1][bank][0] | D ^           | sky130_fd_sc_hd__dfxtp_4 | 0.000 |   0.114 |    0.130 | 
     +-----------------------------------------------------------------------------------------------------------------+ 

