###############################################################
#  Generated by:      Cadence Innovus 23.13-s082_1
#  OS:                Linux x86_64(Host ID n02-hera.olympus.ece.tamu.edu)
#  Generated on:      Mon Sep 28 15:08:38 2026
#  Design:            ddr4_controller_top
#  Command:           report_timing -max_paths 10 > $REPORTS_DIR/timing_postroute.rpt
###############################################################
Path 1: VIOLATED Setup Check with Pin rsp_rdata_q_reg[4]/CLK 
Endpoint:   rsp_rdata_q_reg[4]/D    (v) checked with  leading edge of 'clk'
Beginpoint: service_addr_q_reg[0]/Q (^) triggered by  leading edge of 'clk'
Path Groups: {clk}
Analysis View: VIEW_TYP
Other End Arrival Time          0.645
- Setup                         0.147
+ Phase Shift                   5.000
- Uncertainty                   0.100
= Required Time                 5.398
- Arrival Time                  5.604
= Slack Time                   -0.206
     Clock Rise Edge                 0.000
     + Clock Network Latency (Prop)  0.046
     = Beginpoint Arrival Time       0.046
     +----------------------------------------------------------------------------------------------------+ 
     |          Instance          |     Arc      |           Cell            | Delay | Arrival | Required | 
     |                            |              |                           |       |  Time   |   Time   | 
     |----------------------------+--------------+---------------------------+-------+---------+----------| 
     | service_addr_q_reg[0]      | CLK ^        |                           |       |   0.046 |   -0.160 | 
     | service_addr_q_reg[0]      | CLK ^ -> Q ^ | sky130_fd_sc_hd__dfxtp_1  | 0.536 |   0.581 |    0.375 | 
     | FE_OFC131_service_addr_q_0 | A ^ -> Y v   | sky130_fd_sc_hd__inv_2    | 0.062 |   0.643 |    0.437 | 
     | g189595                    | A v -> Y ^   | sky130_fd_sc_hd__nand2_1  | 0.142 |   0.786 |    0.580 | 
     | FE_OFC120_n_10             | A ^ -> Y v   | sky130_fd_sc_hd__inv_4    | 0.233 |   1.018 |    0.812 | 
     | FE_OFC121_n_10             | A v -> X v   | sky130_fd_sc_hd__buf_4    | 0.549 |   1.567 |    1.361 | 
     | FE_OFC105_FE_DBTN0_n_10    | A v -> X v   | sky130_fd_sc_hd__buf_4    | 0.571 |   2.138 |    1.932 | 
     | g189121                    | A1 v -> X v  | sky130_fd_sc_hd__a22o_1   | 0.349 |   2.487 |    2.281 | 
     | g188293                    | C1 v -> Y ^  | sky130_fd_sc_hd__a221oi_1 | 0.472 |   2.960 |    2.754 | 
     | g187980                    | B2 ^ -> Y v  | sky130_fd_sc_hd__o22ai_1  | 0.177 |   3.137 |    2.931 | 
     | g185781__9945              | C1 v -> Y ^  | sky130_fd_sc_hd__a221oi_1 | 0.410 |   3.547 |    3.341 | 
     | g183523__9315              | D ^ -> Y v   | sky130_fd_sc_hd__nand4_1  | 0.161 |   3.708 |    3.502 | 
     | g183311__6783              | A2 v -> Y ^  | sky130_fd_sc_hd__a22oi_1  | 1.733 |   5.441 |    5.235 | 
     | g183083__1666              | B ^ -> Y v   | sky130_fd_sc_hd__nand2_1  | 0.163 |   5.604 |    5.398 | 
     | rsp_rdata_q_reg[4]         | D v          | sky130_fd_sc_hd__dfxtp_1  | 0.000 |   5.604 |    5.398 | 
     +----------------------------------------------------------------------------------------------------+ 
Path 2: VIOLATED Setup Check with Pin rsp_rdata_q_reg[26]/CLK 
Endpoint:   rsp_rdata_q_reg[26]/D   (v) checked with  leading edge of 'clk'
Beginpoint: service_addr_q_reg[2]/Q (^) triggered by  leading edge of 'clk'
Path Groups: {clk}
Analysis View: VIEW_TYP
Other End Arrival Time          0.456
- Setup                         0.087
+ Phase Shift                   5.000
- Uncertainty                   0.100
= Required Time                 5.269
- Arrival Time                  5.424
= Slack Time                   -0.154
     Clock Rise Edge                 0.000
     + Clock Network Latency (Prop)  0.042
     = Beginpoint Arrival Time       0.042
     +-----------------------------------------------------------------------------------------------+ 
     |       Instance        |     Arc      |           Cell            | Delay | Arrival | Required | 
     |                       |              |                           |       |  Time   |   Time   | 
     |-----------------------+--------------+---------------------------+-------+---------+----------| 
     | service_addr_q_reg[2] | CLK ^        |                           |       |   0.042 |   -0.112 | 
     | service_addr_q_reg[2] | CLK ^ -> Q ^ | sky130_fd_sc_hd__dfxtp_2  | 0.570 |   0.612 |    0.458 | 
     | g189594               | A ^ -> Y v   | sky130_fd_sc_hd__nor2_1   | 0.088 |   0.700 |    0.546 | 
     | FE_OFC102_n_38        | A v -> X v   | sky130_fd_sc_hd__buf_4    | 0.356 |   1.056 |    0.902 | 
     | FE_OFC7_n_38          | A v -> X v   | sky130_fd_sc_hd__buf_4    | 0.449 |   1.505 |    1.350 | 
     | FE_OFC133_n_38        | A v -> X v   | sky130_fd_sc_hd__buf_4    | 0.520 |   2.024 |    1.870 | 
     | g189310               | B v -> X v   | sky130_fd_sc_hd__and2_4   | 0.641 |   2.665 |    2.511 | 
     | g185869__7410         | A1 v -> Y ^  | sky130_fd_sc_hd__a221oi_1 | 0.767 |   3.432 |    3.278 | 
     | g183634__1705         | A ^ -> Y v   | sky130_fd_sc_hd__nand4_1  | 0.215 |   3.648 |    3.493 | 
     | g183326__9945         | A1 v -> Y ^  | sky130_fd_sc_hd__a22oi_1  | 1.655 |   5.303 |    5.149 | 
     | g183099__8246         | B ^ -> Y v   | sky130_fd_sc_hd__nand2_1  | 0.121 |   5.424 |    5.269 | 
     | rsp_rdata_q_reg[26]   | D v          | sky130_fd_sc_hd__dfxtp_1  | 0.000 |   5.424 |    5.269 | 
     +-----------------------------------------------------------------------------------------------+ 
Path 3: VIOLATED Setup Check with Pin rsp_rdata_q_reg[14]/CLK 
Endpoint:   rsp_rdata_q_reg[14]/D   (v) checked with  leading edge of 'clk'
Beginpoint: service_addr_q_reg[2]/Q (^) triggered by  leading edge of 'clk'
Path Groups: {clk}
Analysis View: VIEW_TYP
Other End Arrival Time          0.469
- Setup                         0.087
+ Phase Shift                   5.000
- Uncertainty                   0.100
= Required Time                 5.281
- Arrival Time                  5.431
= Slack Time                   -0.150
     Clock Rise Edge                 0.000
     + Clock Network Latency (Prop)  0.042
     = Beginpoint Arrival Time       0.042
     +-----------------------------------------------------------------------------------------------+ 
     |       Instance        |     Arc      |           Cell            | Delay | Arrival | Required | 
     |                       |              |                           |       |  Time   |   Time   | 
     |-----------------------+--------------+---------------------------+-------+---------+----------| 
     | service_addr_q_reg[2] | CLK ^        |                           |       |   0.042 |   -0.107 | 
     | service_addr_q_reg[2] | CLK ^ -> Q ^ | sky130_fd_sc_hd__dfxtp_2  | 0.570 |   0.612 |    0.463 | 
     | g189594               | A ^ -> Y v   | sky130_fd_sc_hd__nor2_1   | 0.088 |   0.700 |    0.550 | 
     | FE_OFC102_n_38        | A v -> X v   | sky130_fd_sc_hd__buf_4    | 0.356 |   1.056 |    0.906 | 
     | FE_OFC7_n_38          | A v -> X v   | sky130_fd_sc_hd__buf_4    | 0.449 |   1.505 |    1.355 | 
     | FE_OFC133_n_38        | A v -> X v   | sky130_fd_sc_hd__buf_4    | 0.520 |   2.024 |    1.875 | 
     | g189310               | B v -> X v   | sky130_fd_sc_hd__and2_4   | 0.641 |   2.665 |    2.515 | 
     | g185821__5526         | A1 v -> Y ^  | sky130_fd_sc_hd__a221oi_1 | 0.808 |   3.473 |    3.324 | 
     | g183586__4733         | A ^ -> Y v   | sky130_fd_sc_hd__nand4_1  | 0.323 |   3.797 |    3.647 | 
     | g183318__7098         | A1 v -> Y ^  | sky130_fd_sc_hd__a22oi_1  | 1.507 |   5.304 |    5.154 | 
     | g183090__4319         | B ^ -> Y v   | sky130_fd_sc_hd__nand2_1  | 0.127 |   5.431 |    5.281 | 
     | rsp_rdata_q_reg[14]   | D v          | sky130_fd_sc_hd__dfxtp_1  | 0.000 |   5.431 |    5.281 | 
     +-----------------------------------------------------------------------------------------------+ 
Path 4: VIOLATED Setup Check with Pin rsp_rdata_q_reg[7]/CLK 
Endpoint:   rsp_rdata_q_reg[7]/D    (v) checked with  leading edge of 'clk'
Beginpoint: service_addr_q_reg[2]/Q (^) triggered by  leading edge of 'clk'
Path Groups: {clk}
Analysis View: VIEW_TYP
Other End Arrival Time          0.457
- Setup                         0.082
+ Phase Shift                   5.000
- Uncertainty                   0.100
= Required Time                 5.275
- Arrival Time                  5.407
= Slack Time                   -0.132
     Clock Rise Edge                 0.000
     + Clock Network Latency (Prop)  0.042
     = Beginpoint Arrival Time       0.042
     +-----------------------------------------------------------------------------------------------+ 
     |       Instance        |     Arc      |           Cell            | Delay | Arrival | Required | 
     |                       |              |                           |       |  Time   |   Time   | 
     |-----------------------+--------------+---------------------------+-------+---------+----------| 
     | service_addr_q_reg[2] | CLK ^        |                           |       |   0.042 |   -0.090 | 
     | service_addr_q_reg[2] | CLK ^ -> Q ^ | sky130_fd_sc_hd__dfxtp_2  | 0.570 |   0.612 |    0.480 | 
     | g189594               | A ^ -> Y v   | sky130_fd_sc_hd__nor2_1   | 0.088 |   0.700 |    0.568 | 
     | FE_OFC102_n_38        | A v -> X v   | sky130_fd_sc_hd__buf_4    | 0.356 |   1.056 |    0.924 | 
     | FE_OFC7_n_38          | A v -> X v   | sky130_fd_sc_hd__buf_4    | 0.449 |   1.505 |    1.373 | 
     | FE_OFC133_n_38        | A v -> X v   | sky130_fd_sc_hd__buf_4    | 0.520 |   2.024 |    1.892 | 
     | g189310               | B v -> X v   | sky130_fd_sc_hd__and2_4   | 0.641 |   2.665 |    2.533 | 
     | g185793__5526         | A1 v -> Y ^  | sky130_fd_sc_hd__a221oi_1 | 0.803 |   3.468 |    3.336 | 
     | g183511__1617         | A ^ -> Y v   | sky130_fd_sc_hd__nand4_1  | 0.254 |   3.721 |    3.589 | 
     | g183313__1617         | A1 v -> Y ^  | sky130_fd_sc_hd__a22oi_1  | 1.570 |   5.292 |    5.160 | 
     | g183085__6417         | B ^ -> Y v   | sky130_fd_sc_hd__nand2_1  | 0.115 |   5.407 |    5.275 | 
     | rsp_rdata_q_reg[7]    | D v          | sky130_fd_sc_hd__dfxtp_1  | 0.000 |   5.407 |    5.275 | 
     +-----------------------------------------------------------------------------------------------+ 
Path 5: VIOLATED Setup Check with Pin rsp_rdata_q_reg[9]/CLK 
Endpoint:   rsp_rdata_q_reg[9]/D    (v) checked with  leading edge of 'clk'
Beginpoint: service_addr_q_reg[2]/Q (^) triggered by  leading edge of 'clk'
Path Groups: {clk}
Analysis View: VIEW_TYP
Other End Arrival Time          0.471
- Setup                         0.074
+ Phase Shift                   5.000
- Uncertainty                   0.100
= Required Time                 5.296
- Arrival Time                  5.354
= Slack Time                   -0.058
     Clock Rise Edge                 0.000
     + Clock Network Latency (Prop)  0.042
     = Beginpoint Arrival Time       0.042
     +-----------------------------------------------------------------------------------------------+ 
     |       Instance        |     Arc      |           Cell            | Delay | Arrival | Required | 
     |                       |              |                           |       |  Time   |   Time   | 
     |-----------------------+--------------+---------------------------+-------+---------+----------| 
     | service_addr_q_reg[2] | CLK ^        |                           |       |   0.042 |   -0.015 | 
     | service_addr_q_reg[2] | CLK ^ -> Q ^ | sky130_fd_sc_hd__dfxtp_2  | 0.570 |   0.612 |    0.555 | 
     | g189594               | A ^ -> Y v   | sky130_fd_sc_hd__nor2_1   | 0.088 |   0.700 |    0.642 | 
     | FE_OFC102_n_38        | A v -> X v   | sky130_fd_sc_hd__buf_4    | 0.356 |   1.056 |    0.999 | 
     | FE_OFC7_n_38          | A v -> X v   | sky130_fd_sc_hd__buf_4    | 0.449 |   1.505 |    1.447 | 
     | FE_OFC133_n_38        | A v -> X v   | sky130_fd_sc_hd__buf_4    | 0.520 |   2.024 |    1.967 | 
     | FE_OFC134_n_38        | A v -> X v   | sky130_fd_sc_hd__buf_2    | 0.560 |   2.585 |    2.527 | 
     | g188411               | A1 v -> Y ^  | sky130_fd_sc_hd__a221oi_1 | 0.575 |   3.160 |    3.102 | 
     | g188073               | A2 ^ -> Y v  | sky130_fd_sc_hd__o22ai_1  | 0.186 |   3.346 |    3.288 | 
     | g185800__8246         | C1 v -> Y ^  | sky130_fd_sc_hd__a221oi_1 | 0.484 |   3.830 |    3.772 | 
     | g183504__5107         | B ^ -> Y v   | sky130_fd_sc_hd__nand4_1  | 0.294 |   4.124 |    4.066 | 
     | g183315__1705         | B1 v -> Y ^  | sky130_fd_sc_hd__a22oi_1  | 1.110 |   5.234 |    5.176 | 
     | g183072__7098         | B ^ -> Y v   | sky130_fd_sc_hd__nand2_1  | 0.120 |   5.354 |    5.296 | 
     | rsp_rdata_q_reg[9]    | D v          | sky130_fd_sc_hd__dfxtp_1  | 0.000 |   5.354 |    5.296 | 
     +-----------------------------------------------------------------------------------------------+ 
Path 6: VIOLATED Setup Check with Pin rsp_rdata_q_reg[0]/CLK 
Endpoint:   rsp_rdata_q_reg[0]/D    (v) checked with  leading edge of 'clk'
Beginpoint: service_addr_q_reg[0]/Q (^) triggered by  leading edge of 'clk'
Path Groups: {clk}
Analysis View: VIEW_TYP
Other End Arrival Time          0.469
- Setup                         0.079
+ Phase Shift                   5.000
- Uncertainty                   0.100
= Required Time                 5.290
- Arrival Time                  5.297
= Slack Time                   -0.007
     Clock Rise Edge                 0.000
     + Clock Network Latency (Prop)  0.046
     = Beginpoint Arrival Time       0.046
     +----------------------------------------------------------------------------------------------------+ 
     |          Instance          |     Arc      |           Cell            | Delay | Arrival | Required | 
     |                            |              |                           |       |  Time   |   Time   | 
     |----------------------------+--------------+---------------------------+-------+---------+----------| 
     | service_addr_q_reg[0]      | CLK ^        |                           |       |   0.046 |    0.038 | 
     | service_addr_q_reg[0]      | CLK ^ -> Q ^ | sky130_fd_sc_hd__dfxtp_1  | 0.536 |   0.581 |    0.574 | 
     | FE_OFC131_service_addr_q_0 | A ^ -> Y v   | sky130_fd_sc_hd__inv_2    | 0.062 |   0.643 |    0.636 | 
     | g189595                    | A v -> Y ^   | sky130_fd_sc_hd__nand2_1  | 0.142 |   0.786 |    0.778 | 
     | FE_OFC120_n_10             | A ^ -> Y v   | sky130_fd_sc_hd__inv_4    | 0.233 |   1.018 |    1.011 | 
     | FE_OFC121_n_10             | A v -> X v   | sky130_fd_sc_hd__buf_4    | 0.549 |   1.567 |    1.560 | 
     | FE_OFC105_FE_DBTN0_n_10    | A v -> X v   | sky130_fd_sc_hd__buf_4    | 0.571 |   2.138 |    2.131 | 
     | g189251                    | A1 v -> X v  | sky130_fd_sc_hd__a22o_1   | 0.337 |   2.475 |    2.468 | 
     | g188384                    | C1 v -> Y ^  | sky130_fd_sc_hd__a221oi_1 | 0.369 |   2.844 |    2.837 | 
     | g188052                    | B2 ^ -> Y v  | sky130_fd_sc_hd__o22ai_1  | 0.177 |   3.021 |    3.014 | 
     | g185764__8428              | C1 v -> Y ^  | sky130_fd_sc_hd__a221oi_1 | 0.576 |   3.597 |    3.590 | 
     | g183529__6417              | B ^ -> Y v   | sky130_fd_sc_hd__nand4_1  | 0.293 |   3.890 |    3.882 | 
     | g183309__8428              | B1 v -> Y ^  | sky130_fd_sc_hd__a22oi_1  | 1.288 |   5.177 |    5.170 | 
     | g183081__2883              | B ^ -> Y v   | sky130_fd_sc_hd__nand2_1  | 0.120 |   5.297 |    5.290 | 
     | rsp_rdata_q_reg[0]         | D v          | sky130_fd_sc_hd__dfxtp_1  | 0.000 |   5.297 |    5.290 | 
     +----------------------------------------------------------------------------------------------------+ 
Path 7: VIOLATED Setup Check with Pin rsp_rdata_q_reg[11]/CLK 
Endpoint:   rsp_rdata_q_reg[11]/D   (v) checked with  leading edge of 'clk'
Beginpoint: service_addr_q_reg[0]/Q (^) triggered by  leading edge of 'clk'
Path Groups: {clk}
Analysis View: VIEW_TYP
Other End Arrival Time          0.471
- Setup                         0.064
+ Phase Shift                   5.000
- Uncertainty                   0.100
= Required Time                 5.306
- Arrival Time                  5.309
= Slack Time                   -0.003
     Clock Rise Edge                 0.000
     + Clock Network Latency (Prop)  0.046
     = Beginpoint Arrival Time       0.046
     +----------------------------------------------------------------------------------------------------+ 
     |          Instance          |     Arc      |           Cell            | Delay | Arrival | Required | 
     |                            |              |                           |       |  Time   |   Time   | 
     |----------------------------+--------------+---------------------------+-------+---------+----------| 
     | service_addr_q_reg[0]      | CLK ^        |                           |       |   0.046 |    0.043 | 
     | service_addr_q_reg[0]      | CLK ^ -> Q ^ | sky130_fd_sc_hd__dfxtp_1  | 0.536 |   0.581 |    0.579 | 
     | FE_OFC131_service_addr_q_0 | A ^ -> Y v   | sky130_fd_sc_hd__inv_2    | 0.062 |   0.643 |    0.640 | 
     | g189595                    | A v -> Y ^   | sky130_fd_sc_hd__nand2_1  | 0.142 |   0.786 |    0.783 | 
     | FE_OFC120_n_10             | A ^ -> Y v   | sky130_fd_sc_hd__inv_4    | 0.233 |   1.018 |    1.016 | 
     | FE_OFC121_n_10             | A v -> X v   | sky130_fd_sc_hd__buf_4    | 0.549 |   1.567 |    1.564 | 
     | FE_OFC105_FE_DBTN0_n_10    | A v -> X v   | sky130_fd_sc_hd__buf_4    | 0.571 |   2.138 |    2.135 | 
     | g189152                    | A1 v -> X v  | sky130_fd_sc_hd__a22o_1   | 0.333 |   2.471 |    2.468 | 
     | g188456                    | C1 v -> Y ^  | sky130_fd_sc_hd__a221oi_1 | 0.361 |   2.832 |    2.829 | 
     | g188079                    | B2 ^ -> Y v  | sky130_fd_sc_hd__o22ai_1  | 0.177 |   3.009 |    3.006 | 
     | g185808__9315              | C1 v -> Y ^  | sky130_fd_sc_hd__a221oi_1 | 0.615 |   3.624 |    3.621 | 
     | g183495__9315              | B ^ -> Y v   | sky130_fd_sc_hd__nand4_1  | 0.278 |   3.902 |    3.900 | 
     | g183316__5122              | B1 v -> Y ^  | sky130_fd_sc_hd__a22oi_1  | 0.560 |   4.463 |    4.460 | 
     | FE_PSC140_n_3986           | A ^ -> X ^   | sky130_fd_sc_hd__clkbuf_1 | 0.728 |   5.191 |    5.188 | 
     | g183089__6260              | B ^ -> Y v   | sky130_fd_sc_hd__nand2_1  | 0.118 |   5.309 |    5.306 | 
     | rsp_rdata_q_reg[11]        | D v          | sky130_fd_sc_hd__dfxtp_1  | 0.000 |   5.309 |    5.306 | 
     +----------------------------------------------------------------------------------------------------+ 
Path 8: MET Setup Check with Pin rsp_rdata_q_reg[8]/CLK 
Endpoint:   rsp_rdata_q_reg[8]/D    (v) checked with  leading edge of 'clk'
Beginpoint: service_addr_q_reg[0]/Q (^) triggered by  leading edge of 'clk'
Path Groups: {clk}
Analysis View: VIEW_TYP
Other End Arrival Time          0.468
- Setup                         0.080
+ Phase Shift                   5.000
- Uncertainty                   0.100
= Required Time                 5.289
- Arrival Time                  5.283
= Slack Time                    0.006
     Clock Rise Edge                 0.000
     + Clock Network Latency (Prop)  0.046
     = Beginpoint Arrival Time       0.046
     +----------------------------------------------------------------------------------------------------+ 
     |          Instance          |     Arc      |           Cell            | Delay | Arrival | Required | 
     |                            |              |                           |       |  Time   |   Time   | 
     |----------------------------+--------------+---------------------------+-------+---------+----------| 
     | service_addr_q_reg[0]      | CLK ^        |                           |       |   0.046 |    0.052 | 
     | service_addr_q_reg[0]      | CLK ^ -> Q ^ | sky130_fd_sc_hd__dfxtp_1  | 0.536 |   0.581 |    0.587 | 
     | FE_OFC131_service_addr_q_0 | A ^ -> Y v   | sky130_fd_sc_hd__inv_2    | 0.062 |   0.643 |    0.649 | 
     | g189595                    | A v -> Y ^   | sky130_fd_sc_hd__nand2_1  | 0.142 |   0.786 |    0.791 | 
     | FE_OFC120_n_10             | A ^ -> Y v   | sky130_fd_sc_hd__inv_4    | 0.233 |   1.018 |    1.024 | 
     | FE_OFC121_n_10             | A v -> X v   | sky130_fd_sc_hd__buf_4    | 0.549 |   1.567 |    1.573 | 
     | FE_OFC105_FE_DBTN0_n_10    | A v -> X v   | sky130_fd_sc_hd__buf_4    | 0.571 |   2.138 |    2.144 | 
     | FE_PSC143_FE_OFN58_n_10    | A v -> X v   | sky130_fd_sc_hd__buf_1    | 0.308 |   2.446 |    2.452 | 
     | g189148                    | A1 v -> X v  | sky130_fd_sc_hd__a22o_1   | 0.248 |   2.694 |    2.700 | 
     | g188449                    | C1 v -> Y ^  | sky130_fd_sc_hd__a221oi_1 | 0.216 |   2.911 |    2.917 | 
     | g188071                    | A2 ^ -> Y v  | sky130_fd_sc_hd__o22ai_1  | 0.131 |   3.042 |    3.048 | 
     | g185796__1617              | C1 v -> Y ^  | sky130_fd_sc_hd__a221oi_1 | 0.385 |   3.427 |    3.433 | 
     | g183508__5526              | B ^ -> Y v   | sky130_fd_sc_hd__nand4_1  | 0.393 |   3.820 |    3.826 | 
     | g183314__2802              | B1 v -> Y ^  | sky130_fd_sc_hd__a22oi_1  | 1.338 |   5.158 |    5.164 | 
     | g183086__5477              | B ^ -> Y v   | sky130_fd_sc_hd__nand2_1  | 0.125 |   5.283 |    5.289 | 
     | rsp_rdata_q_reg[8]         | D v          | sky130_fd_sc_hd__dfxtp_1  | 0.000 |   5.283 |    5.289 | 
     +----------------------------------------------------------------------------------------------------+ 
Path 9: MET Setup Check with Pin u_request_queue_req_mem_reg[2][row][1]/CLK 
Endpoint:   u_request_queue_req_mem_reg[2][row][1]/D  (^) checked with  leading 
edge of 'clk'
Beginpoint: u_request_queue_req_mem_reg[1][bank][0]/Q (^) triggered by  leading 
edge of 'clk'
Path Groups: {clk}
Analysis View: VIEW_TYP
Other End Arrival Time          0.480
- Setup                         0.028
+ Phase Shift                   5.000
- Uncertainty                   0.100
= Required Time                 5.352
- Arrival Time                  5.337
= Slack Time                    0.015
     Clock Rise Edge                 0.000
     + Clock Network Latency (Prop)  0.040
     = Beginpoint Arrival Time       0.040
     +-----------------------------------------------------------------------------------------------------------------+ 
     |                Instance                 |     Arc      |           Cell            | Delay | Arrival | Required | 
     |                                         |              |                           |       |  Time   |   Time   | 
     |-----------------------------------------+--------------+---------------------------+-------+---------+----------| 
     | u_request_queue_req_mem_reg[1][bank][0] | CLK ^        |                           |       |   0.040 |    0.055 | 
     | u_request_queue_req_mem_reg[1][bank][0] | CLK ^ -> Q ^ | sky130_fd_sc_hd__dfxtp_1  | 0.556 |   0.596 |    0.611 | 
     | g189601                                 | A ^ -> Y v   | sky130_fd_sc_hd__clkinv_1 | 0.209 |   0.805 |    0.820 | 
     | g100818__6260                           | A v -> Y ^   | sky130_fd_sc_hd__nand2_1  | 0.170 |   0.975 |    0.990 | 
     | g100720__5477                           | B ^ -> Y v   | sky130_fd_sc_hd__nor2_1   | 0.067 |   1.042 |    1.057 | 
     | g100708__1881                           | A v -> Y ^   | sky130_fd_sc_hd__nand2_1  | 0.068 |   1.110 |    1.125 | 
     | g100682__7410                           | A ^ -> Y v   | sky130_fd_sc_hd__nand4_1  | 0.108 |   1.218 |    1.233 | 
     | g100680__2346                           | B v -> Y ^   | sky130_fd_sc_hd__nand2_1  | 0.158 |   1.376 |    1.391 | 
     | g100668__7098                           | B_N ^ -> Y ^ | sky130_fd_sc_hd__nor2b_1  | 0.153 |   1.528 |    1.543 | 
     | g100661__1617                           | B ^ -> X ^   | sky130_fd_sc_hd__and2_2   | 0.242 |   1.770 |    1.785 | 
     | g100646__7410                           | A1 ^ -> Y v  | sky130_fd_sc_hd__o221ai_2 | 0.136 |   1.906 |    1.921 | 
     | g100641__9945                           | A v -> Y ^   | sky130_fd_sc_hd__nand3_2  | 0.185 |   2.091 |    2.106 | 
     | g2__2802                                | A ^ -> Y v   | sky130_fd_sc_hd__nor2b_1  | 0.072 |   2.163 |    2.178 | 
     | g100628__1881                           | B1 v -> Y ^  | sky130_fd_sc_hd__a21oi_1  | 0.180 |   2.343 |    2.358 | 
     | g100619__3680                           | A ^ -> Y v   | sky130_fd_sc_hd__nand2_2  | 0.103 |   2.446 |    2.461 | 
     | g100608__6417                           | A1 v -> X v  | sky130_fd_sc_hd__a22o_1   | 0.216 |   2.661 |    2.676 | 
     | g100603__2883                           | B v -> Y ^   | sky130_fd_sc_hd__nor2_1   | 0.213 |   2.874 |    2.889 | 
     | g100596__4733                           | B2 ^ -> Y v  | sky130_fd_sc_hd__o221ai_1 | 0.149 |   3.023 |    3.038 | 
     | g100594__7482                           | A v -> Y ^   | sky130_fd_sc_hd__nor2_1   | 0.144 |   3.167 |    3.182 | 
     | FE_OFC57_n_4261                         | A ^ -> Y v   | sky130_fd_sc_hd__inv_2    | 0.092 |   3.260 |    3.275 | 
     | g100589__6131                           | A1 v -> Y ^  | sky130_fd_sc_hd__a21oi_2  | 0.150 |   3.410 |    3.424 | 
     | g100588                                 | A ^ -> Y v   | sky130_fd_sc_hd__clkinv_1 | 0.111 |   3.521 |    3.536 | 
     | g188528                                 | B v -> Y ^   | sky130_fd_sc_hd__nor3b_1  | 0.316 |   3.837 |    3.852 | 
     | g188148                                 | A1 ^ -> Y v  | sky130_fd_sc_hd__a21oi_1  | 0.216 |   4.053 |    4.068 | 
     | g188062                                 | A v -> Y ^   | sky130_fd_sc_hd__clkinv_1 | 0.139 |   4.191 |    4.206 | 
     | g185751__6161                           | B ^ -> X ^   | sky130_fd_sc_hd__and2_2   | 0.822 |   5.014 |    5.029 | 
     | g183454__2802                           | A1 ^ -> X ^  | sky130_fd_sc_hd__a22o_1   | 0.323 |   5.337 |    5.352 | 
     | u_request_queue_req_mem_reg[2][row][1]  | D ^          | sky130_fd_sc_hd__dfxbp_1  | 0.000 |   5.337 |    5.352 | 
     +-----------------------------------------------------------------------------------------------------------------+ 
Path 10: MET Setup Check with Pin u_request_queue_req_valid_reg_reg[0]/CLK 
Endpoint:   u_request_queue_req_valid_reg_reg[0]/D    (^) checked with  leading 
edge of 'clk'
Beginpoint: u_request_queue_req_mem_reg[1][bank][0]/Q (^) triggered by  leading 
edge of 'clk'
Path Groups: {clk}
Analysis View: VIEW_TYP
Other End Arrival Time          0.478
- Setup                         0.033
+ Phase Shift                   5.000
- Uncertainty                   0.100
= Required Time                 5.345
- Arrival Time                  5.318
= Slack Time                    0.028
     Clock Rise Edge                 0.000
     + Clock Network Latency (Prop)  0.040
     = Beginpoint Arrival Time       0.040
     +-----------------------------------------------------------------------------------------------------------------+ 
     |                Instance                 |     Arc      |           Cell            | Delay | Arrival | Required | 
     |                                         |              |                           |       |  Time   |   Time   | 
     |-----------------------------------------+--------------+---------------------------+-------+---------+----------| 
     | u_request_queue_req_mem_reg[1][bank][0] | CLK ^        |                           |       |   0.040 |    0.068 | 
     | u_request_queue_req_mem_reg[1][bank][0] | CLK ^ -> Q ^ | sky130_fd_sc_hd__dfxtp_1  | 0.556 |   0.596 |    0.624 | 
     | g189601                                 | A ^ -> Y v   | sky130_fd_sc_hd__clkinv_1 | 0.209 |   0.805 |    0.833 | 
     | g100818__6260                           | A v -> Y ^   | sky130_fd_sc_hd__nand2_1  | 0.170 |   0.975 |    1.003 | 
     | g100720__5477                           | B ^ -> Y v   | sky130_fd_sc_hd__nor2_1   | 0.067 |   1.042 |    1.070 | 
     | g100708__1881                           | A v -> Y ^   | sky130_fd_sc_hd__nand2_1  | 0.068 |   1.110 |    1.138 | 
     | g100682__7410                           | A ^ -> Y v   | sky130_fd_sc_hd__nand4_1  | 0.108 |   1.218 |    1.246 | 
     | g100680__2346                           | B v -> Y ^   | sky130_fd_sc_hd__nand2_1  | 0.158 |   1.376 |    1.404 | 
     | g100668__7098                           | B_N ^ -> Y ^ | sky130_fd_sc_hd__nor2b_1  | 0.153 |   1.528 |    1.556 | 
     | g100661__1617                           | B ^ -> X ^   | sky130_fd_sc_hd__and2_2   | 0.242 |   1.770 |    1.798 | 
     | g100646__7410                           | A1 ^ -> Y v  | sky130_fd_sc_hd__o221ai_2 | 0.136 |   1.906 |    1.934 | 
     | g100641__9945                           | A v -> Y ^   | sky130_fd_sc_hd__nand3_2  | 0.185 |   2.091 |    2.119 | 
     | g2__2802                                | A ^ -> Y v   | sky130_fd_sc_hd__nor2b_1  | 0.072 |   2.163 |    2.191 | 
     | g100628__1881                           | B1 v -> Y ^  | sky130_fd_sc_hd__a21oi_1  | 0.180 |   2.343 |    2.371 | 
     | g100619__3680                           | A ^ -> Y v   | sky130_fd_sc_hd__nand2_2  | 0.103 |   2.446 |    2.474 | 
     | g100608__6417                           | A1 v -> X v  | sky130_fd_sc_hd__a22o_1   | 0.216 |   2.661 |    2.689 | 
     | g100603__2883                           | B v -> Y ^   | sky130_fd_sc_hd__nor2_1   | 0.213 |   2.874 |    2.902 | 
     | g100596__4733                           | B2 ^ -> Y v  | sky130_fd_sc_hd__o221ai_1 | 0.149 |   3.023 |    3.051 | 
     | g100594__7482                           | A v -> Y ^   | sky130_fd_sc_hd__nor2_1   | 0.144 |   3.167 |    3.195 | 
     | FE_OFC57_n_4261                         | A ^ -> Y v   | sky130_fd_sc_hd__inv_2    | 0.092 |   3.260 |    3.287 | 
     | g100589__6131                           | A1 v -> Y ^  | sky130_fd_sc_hd__a21oi_2  | 0.150 |   3.410 |    3.437 | 
     | g100588                                 | A ^ -> Y v   | sky130_fd_sc_hd__clkinv_1 | 0.111 |   3.521 |    3.549 | 
     | g188528                                 | B v -> Y ^   | sky130_fd_sc_hd__nor3b_1  | 0.316 |   3.837 |    3.865 | 
     | g188148                                 | A1 ^ -> Y v  | sky130_fd_sc_hd__a21oi_1  | 0.216 |   4.053 |    4.081 | 
     | g188062                                 | A v -> Y ^   | sky130_fd_sc_hd__clkinv_1 | 0.139 |   4.191 |    4.219 | 
     | g183660__1617                           | A1 ^ -> X ^  | sky130_fd_sc_hd__o21a_2   | 0.852 |   5.044 |    5.072 | 
     | FE_OFC97_n_3762                         | A ^ -> Y v   | sky130_fd_sc_hd__inv_1    | 0.100 |   5.144 |    5.172 | 
     | g183344__5122                           | A2 v -> Y ^  | sky130_fd_sc_hd__o21ai_0  | 0.174 |   5.318 |    5.345 | 
     | u_request_queue_req_valid_reg_reg[0]    | D ^          | sky130_fd_sc_hd__dfxtp_1  | 0.000 |   5.318 |    5.345 | 
     +-----------------------------------------------------------------------------------------------------------------+ 

