###############################################################
#  Generated by:      Cadence Innovus 23.13-s082_1
#  OS:                Linux x86_64(Host ID n01-zeus.olympus.ece.tamu.edu)
#  Generated on:      Thu Oct  1 13:35:58 2026
#  Design:            ddr4_controller_top
#  Command:           report_timing -max_paths 10 > $REPORTS_DIR/timing_postroute.rpt
###############################################################
Path 1: MET Setup Check with Pin rsp_rdata_q_reg[11]/CLK 
Endpoint:   rsp_rdata_q_reg[11]/D   (v) checked with  leading edge of 'clk'
Beginpoint: service_addr_q_reg[2]/Q (v) triggered by  leading edge of 'clk'
Path Groups: {clk}
Analysis View: VIEW_TYP
Other End Arrival Time          0.486
- Setup                         0.066
+ Phase Shift                   3.846
- Uncertainty                   0.100
= Required Time                 4.166
- Arrival Time                  4.158
= Slack Time                    0.008
     Clock Rise Edge                 0.000
     + Clock Network Latency (Prop)  0.043
     = Beginpoint Arrival Time       0.043
     +-----------------------------------------------------------------------------------------------+ 
     |       Instance        |     Arc      |           Cell            | Delay | Arrival | Required | 
     |                       |              |                           |       |  Time   |   Time   | 
     |-----------------------+--------------+---------------------------+-------+---------+----------| 
     | service_addr_q_reg[2] | CLK ^        |                           |       |   0.043 |    0.051 | 
     | service_addr_q_reg[2] | CLK ^ -> Q v | sky130_fd_sc_hd__dfxtp_4  | 0.501 |   0.543 |    0.552 | 
     | g189593               | A v -> X v   | sky130_fd_sc_hd__and2_4   | 0.454 |   0.997 |    1.005 | 
     | FE_OFC108_n_15        | A v -> Y ^   | sky130_fd_sc_hd__inv_2    | 0.248 |   1.245 |    1.253 | 
     | FE_OFC111_n_15        | A ^ -> Y v   | sky130_fd_sc_hd__inv_2    | 0.395 |   1.640 |    1.648 | 
     | g189152               | B1 v -> X v  | sky130_fd_sc_hd__a22o_1   | 0.336 |   1.976 |    1.984 | 
     | g188456               | C1 v -> Y ^  | sky130_fd_sc_hd__a221oi_1 | 0.339 |   2.315 |    2.323 | 
     | g188079               | B2 ^ -> Y v  | sky130_fd_sc_hd__o22ai_1  | 0.194 |   2.509 |    2.517 | 
     | g185808__9315         | C1 v -> Y ^  | sky130_fd_sc_hd__a221oi_2 | 0.476 |   2.985 |    2.993 | 
     | g183495__9315         | B ^ -> Y v   | sky130_fd_sc_hd__nand4_1  | 0.275 |   3.259 |    3.268 | 
     | g183316__5122         | B1 v -> Y ^  | sky130_fd_sc_hd__a22oi_2  | 0.793 |   4.053 |    4.061 | 
     | g183089__6260         | B ^ -> Y v   | sky130_fd_sc_hd__nand2_1  | 0.105 |   4.158 |    4.166 | 
     | rsp_rdata_q_reg[11]   | D v          | sky130_fd_sc_hd__dfxtp_1  | 0.000 |   4.158 |    4.166 | 
     +-----------------------------------------------------------------------------------------------+ 
Path 2: MET Setup Check with Pin rsp_rdata_q_reg[0]/CLK 
Endpoint:   rsp_rdata_q_reg[0]/D    (v) checked with  leading edge of 'clk'
Beginpoint: service_addr_q_reg[2]/Q (v) triggered by  leading edge of 'clk'
Path Groups: {clk}
Analysis View: VIEW_TYP
Other End Arrival Time          0.485
- Setup                         0.068
+ Phase Shift                   3.846
- Uncertainty                   0.100
= Required Time                 4.163
- Arrival Time                  4.143
= Slack Time                    0.020
     Clock Rise Edge                 0.000
     + Clock Network Latency (Prop)  0.043
     = Beginpoint Arrival Time       0.043
     +-----------------------------------------------------------------------------------------------+ 
     |       Instance        |     Arc      |           Cell            | Delay | Arrival | Required | 
     |                       |              |                           |       |  Time   |   Time   | 
     |-----------------------+--------------+---------------------------+-------+---------+----------| 
     | service_addr_q_reg[2] | CLK ^        |                           |       |   0.043 |    0.063 | 
     | service_addr_q_reg[2] | CLK ^ -> Q v | sky130_fd_sc_hd__dfxtp_4  | 0.501 |   0.543 |    0.563 | 
     | g189593               | A v -> X v   | sky130_fd_sc_hd__and2_4   | 0.454 |   0.997 |    1.017 | 
     | FE_OFC108_n_15        | A v -> Y ^   | sky130_fd_sc_hd__inv_2    | 0.248 |   1.245 |    1.264 | 
     | FE_OFC111_n_15        | A ^ -> Y v   | sky130_fd_sc_hd__inv_2    | 0.395 |   1.640 |    1.659 | 
     | g189251               | B1 v -> X v  | sky130_fd_sc_hd__a22o_1   | 0.339 |   1.979 |    1.998 | 
     | g188384               | C1 v -> Y ^  | sky130_fd_sc_hd__a221oi_1 | 0.404 |   2.383 |    2.403 | 
     | g188052               | B2 ^ -> Y v  | sky130_fd_sc_hd__o22ai_1  | 0.185 |   2.568 |    2.588 | 
     | g185764__8428         | C1 v -> Y ^  | sky130_fd_sc_hd__a221oi_2 | 0.368 |   2.936 |    2.956 | 
     | g183529__6417         | B ^ -> Y v   | sky130_fd_sc_hd__nand4_1  | 0.289 |   3.225 |    3.245 | 
     | g183309__8428         | B1 v -> Y ^  | sky130_fd_sc_hd__a22oi_2  | 0.805 |   4.030 |    4.050 | 
     | g183081__2883         | B ^ -> Y v   | sky130_fd_sc_hd__nand2_1  | 0.113 |   4.143 |    4.163 | 
     | rsp_rdata_q_reg[0]    | D v          | sky130_fd_sc_hd__dfxtp_1  | 0.000 |   4.143 |    4.163 | 
     +-----------------------------------------------------------------------------------------------+ 
Path 3: MET Setup Check with Pin u_request_queue_req_mem_reg[1][bank][0]/CLK 
Endpoint:   u_request_queue_req_mem_reg[1][bank][0]/D (^) checked with  leading 
edge of 'clk'
Beginpoint: u_request_queue_req_mem_reg[3][bank][1]/Q (^) triggered by  leading 
edge of 'clk'
Path Groups: {clk}
Analysis View: VIEW_TYP
Other End Arrival Time          0.500
- Setup                         0.018
+ Phase Shift                   3.846
- Uncertainty                   0.100
= Required Time                 4.227
- Arrival Time                  4.207
= Slack Time                    0.020
     Clock Rise Edge                 0.000
     + Clock Network Latency (Prop)  0.047
     = Beginpoint Arrival Time       0.047
     +-----------------------------------------------------------------------------------------------------------------+ 
     |                Instance                 |     Arc      |           Cell            | Delay | Arrival | Required | 
     |                                         |              |                           |       |  Time   |   Time   | 
     |-----------------------------------------+--------------+---------------------------+-------+---------+----------| 
     | u_request_queue_req_mem_reg[3][bank][1] | CLK ^        |                           |       |   0.047 |    0.067 | 
     | u_request_queue_req_mem_reg[3][bank][1] | CLK ^ -> Q ^ | sky130_fd_sc_hd__dfxbp_2  | 0.534 |   0.581 |    0.601 | 
     | g100799__5115                           | B ^ -> Y v   | sky130_fd_sc_hd__nand2_1  | 0.213 |   0.794 |    0.814 | 
     | g100722__5107                           | A v -> Y ^   | sky130_fd_sc_hd__nor2_1   | 0.141 |   0.936 |    0.956 | 
     | g100703__8246                           | A ^ -> Y v   | sky130_fd_sc_hd__nand2_1  | 0.076 |   1.012 |    1.032 | 
     | g100854__1617                           | B v -> Y ^   | sky130_fd_sc_hd__nand4_2  | 0.135 |   1.147 |    1.167 | 
     | FE_RC_335_0                             | A ^ -> Y v   | sky130_fd_sc_hd__nand3_2  | 0.098 |   1.244 |    1.265 | 
     | g100673__7482                           | A v -> X v   | sky130_fd_sc_hd__and2_4   | 0.159 |   1.403 |    1.424 | 
     | g100666__5122                           | A v -> Y ^   | sky130_fd_sc_hd__nand2_1  | 0.147 |   1.550 |    1.571 | 
     | FE_RC_329_0                             | A1 ^ -> Y v  | sky130_fd_sc_hd__o221ai_4 | 0.145 |   1.695 |    1.715 | 
     | FE_RC_210_0                             | A v -> Y ^   | sky130_fd_sc_hd__nand3_4  | 0.127 |   1.822 |    1.843 | 
     | g2__2802                                | A ^ -> Y v   | sky130_fd_sc_hd__nor2b_1  | 0.060 |   1.882 |    1.903 | 
     | FE_RC_208_0                             | B1 v -> Y ^  | sky130_fd_sc_hd__a21oi_1  | 0.118 |   2.000 |    2.020 | 
     | g100619__3680                           | A ^ -> Y v   | sky130_fd_sc_hd__nand2_1  | 0.099 |   2.099 |    2.120 | 
     | g100607__7410                           | A1 v -> X v  | sky130_fd_sc_hd__a22o_1   | 0.227 |   2.326 |    2.346 | 
     | g100601__9315                           | B v -> Y ^   | sky130_fd_sc_hd__nor2_2   | 0.163 |   2.489 |    2.510 | 
     | FE_RC_319_0                             | A ^ -> Y v   | sky130_fd_sc_hd__inv_2    | 0.064 |   2.554 |    2.574 | 
     | FE_RC_318_0                             | A v -> Y ^   | sky130_fd_sc_hd__nand2_1  | 0.070 |   2.624 |    2.644 | 
     | FE_RC_317_0                             | B ^ -> Y v   | sky130_fd_sc_hd__nand3_2  | 0.075 |   2.699 |    2.719 | 
     | FE_RC_237_0                             | A v -> Y ^   | sky130_fd_sc_hd__inv_2    | 0.079 |   2.778 |    2.799 | 
     | FE_RC_311_0                             | A ^ -> Y v   | sky130_fd_sc_hd__nand2_4  | 0.059 |   2.838 |    2.858 | 
     | FE_RC_101_0                             | A1 v -> Y ^  | sky130_fd_sc_hd__a21oi_4  | 0.140 |   2.978 |    2.998 | 
     | g100588                                 | A ^ -> Y v   | sky130_fd_sc_hd__inv_2    | 0.076 |   3.054 |    3.074 | 
     | FE_RC_231_0                             | B v -> Y ^   | sky130_fd_sc_hd__nand2_1  | 0.080 |   3.134 |    3.154 | 
     | FE_RC_230_0                             | A ^ -> Y v   | sky130_fd_sc_hd__nand2_2  | 0.072 |   3.206 |    3.226 | 
     | g186862                                 | B v -> Y ^   | sky130_fd_sc_hd__nor2_1   | 0.111 |   3.317 |    3.338 | 
     | g185753__9945                           | A ^ -> X ^   | sky130_fd_sc_hd__and2_1   | 0.225 |   3.542 |    3.563 | 
     | FE_OFC179_n_3671                        | A ^ -> X ^   | sky130_fd_sc_hd__clkbuf_1 | 0.422 |   3.965 |    3.985 | 
     | g183409__9315                           | A1 ^ -> X ^  | sky130_fd_sc_hd__a22o_1   | 0.242 |   4.207 |    4.227 | 
     | u_request_queue_req_mem_reg[1][bank][0] | D ^          | sky130_fd_sc_hd__dfxtp_2  | 0.000 |   4.207 |    4.227 | 
     +-----------------------------------------------------------------------------------------------------------------+ 
Path 4: MET Setup Check with Pin rsp_rdata_q_reg[21]/CLK 
Endpoint:   rsp_rdata_q_reg[21]/D   (v) checked with  leading edge of 'clk'
Beginpoint: service_addr_q_reg[2]/Q (v) triggered by  leading edge of 'clk'
Path Groups: {clk}
Analysis View: VIEW_TYP
Other End Arrival Time          0.476
- Setup                         0.062
+ Phase Shift                   3.846
- Uncertainty                   0.100
= Required Time                 4.159
- Arrival Time                  4.139
= Slack Time                    0.020
     Clock Rise Edge                 0.000
     + Clock Network Latency (Prop)  0.043
     = Beginpoint Arrival Time       0.043
     +-----------------------------------------------------------------------------------------------+ 
     |       Instance        |     Arc      |           Cell            | Delay | Arrival | Required | 
     |                       |              |                           |       |  Time   |   Time   | 
     |-----------------------+--------------+---------------------------+-------+---------+----------| 
     | service_addr_q_reg[2] | CLK ^        |                           |       |   0.043 |    0.063 | 
     | service_addr_q_reg[2] | CLK ^ -> Q v | sky130_fd_sc_hd__dfxtp_4  | 0.501 |   0.543 |    0.564 | 
     | g189593               | A v -> X v   | sky130_fd_sc_hd__and2_4   | 0.454 |   0.997 |    1.017 | 
     | FE_OFC108_n_15        | A v -> Y ^   | sky130_fd_sc_hd__inv_2    | 0.248 |   1.245 |    1.265 | 
     | FE_OFC111_n_15        | A ^ -> Y v   | sky130_fd_sc_hd__inv_2    | 0.395 |   1.640 |    1.660 | 
     | g189115               | B1 v -> X v  | sky130_fd_sc_hd__a22o_1   | 0.339 |   1.979 |    1.999 | 
     | g188403               | C1 v -> Y ^  | sky130_fd_sc_hd__a221oi_1 | 0.578 |   2.557 |    2.578 | 
     | g188030               | A2 ^ -> Y v  | sky130_fd_sc_hd__o22ai_1  | 0.178 |   2.736 |    2.756 | 
     | g185848__8428         | C1 v -> Y ^  | sky130_fd_sc_hd__a221oi_1 | 0.312 |   3.047 |    3.068 | 
     | g183613__7482         | A ^ -> Y v   | sky130_fd_sc_hd__nand4_1  | 0.331 |   3.378 |    3.398 | 
     | g183322__7482         | B1 v -> Y ^  | sky130_fd_sc_hd__a22oi_2  | 0.659 |   4.037 |    4.057 | 
     | g183094__3680         | B ^ -> Y v   | sky130_fd_sc_hd__nand2_1  | 0.102 |   4.139 |    4.159 | 
     | rsp_rdata_q_reg[21]   | D v          | sky130_fd_sc_hd__dfxtp_1  | 0.000 |   4.139 |    4.159 | 
     +-----------------------------------------------------------------------------------------------+ 
Path 5: MET Setup Check with Pin u_request_queue_req_mem_reg[1][bank][1]/CLK 
Endpoint:   u_request_queue_req_mem_reg[1][bank][1]/D (^) checked with  leading 
edge of 'clk'
Beginpoint: u_request_queue_req_mem_reg[3][bank][1]/Q (^) triggered by  leading 
edge of 'clk'
Path Groups: {clk}
Analysis View: VIEW_TYP
Other End Arrival Time          0.500
- Setup                         0.017
+ Phase Shift                   3.846
- Uncertainty                   0.100
= Required Time                 4.228
- Arrival Time                  4.202
= Slack Time                    0.026
     Clock Rise Edge                 0.000
     + Clock Network Latency (Prop)  0.047
     = Beginpoint Arrival Time       0.047
     +-----------------------------------------------------------------------------------------------------------------+ 
     |                Instance                 |     Arc      |           Cell            | Delay | Arrival | Required | 
     |                                         |              |                           |       |  Time   |   Time   | 
     |-----------------------------------------+--------------+---------------------------+-------+---------+----------| 
     | u_request_queue_req_mem_reg[3][bank][1] | CLK ^        |                           |       |   0.047 |    0.073 | 
     | u_request_queue_req_mem_reg[3][bank][1] | CLK ^ -> Q ^ | sky130_fd_sc_hd__dfxbp_2  | 0.534 |   0.581 |    0.607 | 
     | g100799__5115                           | B ^ -> Y v   | sky130_fd_sc_hd__nand2_1  | 0.213 |   0.794 |    0.821 | 
     | g100722__5107                           | A v -> Y ^   | sky130_fd_sc_hd__nor2_1   | 0.141 |   0.936 |    0.962 | 
     | g100703__8246                           | A ^ -> Y v   | sky130_fd_sc_hd__nand2_1  | 0.076 |   1.012 |    1.038 | 
     | g100854__1617                           | B v -> Y ^   | sky130_fd_sc_hd__nand4_2  | 0.135 |   1.147 |    1.173 | 
     | FE_RC_335_0                             | A ^ -> Y v   | sky130_fd_sc_hd__nand3_2  | 0.098 |   1.244 |    1.271 | 
     | g100673__7482                           | A v -> X v   | sky130_fd_sc_hd__and2_4   | 0.159 |   1.403 |    1.430 | 
     | g100666__5122                           | A v -> Y ^   | sky130_fd_sc_hd__nand2_1  | 0.147 |   1.550 |    1.577 | 
     | FE_RC_329_0                             | A1 ^ -> Y v  | sky130_fd_sc_hd__o221ai_4 | 0.145 |   1.695 |    1.721 | 
     | FE_RC_210_0                             | A v -> Y ^   | sky130_fd_sc_hd__nand3_4  | 0.127 |   1.822 |    1.849 | 
     | g2__2802                                | A ^ -> Y v   | sky130_fd_sc_hd__nor2b_1  | 0.060 |   1.882 |    1.909 | 
     | FE_RC_208_0                             | B1 v -> Y ^  | sky130_fd_sc_hd__a21oi_1  | 0.118 |   2.000 |    2.026 | 
     | g100619__3680                           | A ^ -> Y v   | sky130_fd_sc_hd__nand2_1  | 0.099 |   2.099 |    2.126 | 
     | g100607__7410                           | A1 v -> X v  | sky130_fd_sc_hd__a22o_1   | 0.227 |   2.326 |    2.352 | 
     | g100601__9315                           | B v -> Y ^   | sky130_fd_sc_hd__nor2_2   | 0.163 |   2.489 |    2.516 | 
     | FE_RC_319_0                             | A ^ -> Y v   | sky130_fd_sc_hd__inv_2    | 0.064 |   2.554 |    2.580 | 
     | FE_RC_318_0                             | A v -> Y ^   | sky130_fd_sc_hd__nand2_1  | 0.070 |   2.624 |    2.651 | 
     | FE_RC_317_0                             | B ^ -> Y v   | sky130_fd_sc_hd__nand3_2  | 0.075 |   2.699 |    2.725 | 
     | FE_RC_237_0                             | A v -> Y ^   | sky130_fd_sc_hd__inv_2    | 0.079 |   2.778 |    2.805 | 
     | FE_RC_311_0                             | A ^ -> Y v   | sky130_fd_sc_hd__nand2_4  | 0.059 |   2.838 |    2.864 | 
     | FE_RC_101_0                             | A1 v -> Y ^  | sky130_fd_sc_hd__a21oi_4  | 0.140 |   2.978 |    3.004 | 
     | g100588                                 | A ^ -> Y v   | sky130_fd_sc_hd__inv_2    | 0.076 |   3.054 |    3.080 | 
     | FE_RC_231_0                             | B v -> Y ^   | sky130_fd_sc_hd__nand2_1  | 0.080 |   3.134 |    3.160 | 
     | FE_RC_230_0                             | A ^ -> Y v   | sky130_fd_sc_hd__nand2_2  | 0.072 |   3.206 |    3.232 | 
     | g186862                                 | B v -> Y ^   | sky130_fd_sc_hd__nor2_1   | 0.111 |   3.317 |    3.344 | 
     | g185753__9945                           | A ^ -> X ^   | sky130_fd_sc_hd__and2_1   | 0.225 |   3.542 |    3.569 | 
     | FE_OFC179_n_3671                        | A ^ -> X ^   | sky130_fd_sc_hd__clkbuf_1 | 0.422 |   3.965 |    3.991 | 
     | g183412__2346                           | A1 ^ -> X ^  | sky130_fd_sc_hd__a22o_1   | 0.237 |   4.202 |    4.228 | 
     | u_request_queue_req_mem_reg[1][bank][1] | D ^          | sky130_fd_sc_hd__dfxtp_2  | 0.000 |   4.202 |    4.228 | 
     +-----------------------------------------------------------------------------------------------------------------+ 
Path 6: MET Setup Check with Pin rsp_rdata_q_reg[14]/CLK 
Endpoint:   rsp_rdata_q_reg[14]/D   (v) checked with  leading edge of 'clk'
Beginpoint: service_addr_q_reg[2]/Q (v) triggered by  leading edge of 'clk'
Path Groups: {clk}
Analysis View: VIEW_TYP
Other End Arrival Time          0.484
- Setup                         0.072
+ Phase Shift                   3.846
- Uncertainty                   0.100
= Required Time                 4.158
- Arrival Time                  4.127
= Slack Time                    0.030
     Clock Rise Edge                 0.000
     + Clock Network Latency (Prop)  0.043
     = Beginpoint Arrival Time       0.043
     +-----------------------------------------------------------------------------------------------+ 
     |       Instance        |     Arc      |           Cell            | Delay | Arrival | Required | 
     |                       |              |                           |       |  Time   |   Time   | 
     |-----------------------+--------------+---------------------------+-------+---------+----------| 
     | service_addr_q_reg[2] | CLK ^        |                           |       |   0.043 |    0.073 | 
     | service_addr_q_reg[2] | CLK ^ -> Q v | sky130_fd_sc_hd__dfxtp_4  | 0.501 |   0.543 |    0.574 | 
     | g189593               | A v -> X v   | sky130_fd_sc_hd__and2_4   | 0.454 |   0.997 |    1.027 | 
     | FE_OFC108_n_15        | A v -> Y ^   | sky130_fd_sc_hd__inv_2    | 0.248 |   1.245 |    1.275 | 
     | FE_OFC111_n_15        | A ^ -> Y v   | sky130_fd_sc_hd__inv_2    | 0.395 |   1.640 |    1.670 | 
     | g189040               | B1 v -> X v  | sky130_fd_sc_hd__a22o_1   | 0.348 |   1.988 |    2.018 | 
     | g188336               | C1 v -> Y ^  | sky130_fd_sc_hd__a221oi_1 | 0.248 |   2.236 |    2.266 | 
     | g188012               | A2 ^ -> Y v  | sky130_fd_sc_hd__o22ai_1  | 0.155 |   2.390 |    2.421 | 
     | g185820__8428         | C1 v -> Y ^  | sky130_fd_sc_hd__a221oi_2 | 0.253 |   2.644 |    2.674 | 
     | g183585__7482         | A ^ -> Y v   | sky130_fd_sc_hd__nand4_2  | 0.268 |   2.912 |    2.942 | 
     | g183318__7098         | B1 v -> Y ^  | sky130_fd_sc_hd__a22oi_2  | 1.105 |   4.017 |    4.047 | 
     | g183090__4319         | B ^ -> Y v   | sky130_fd_sc_hd__nand2_1  | 0.110 |   4.127 |    4.158 | 
     | rsp_rdata_q_reg[14]   | D v          | sky130_fd_sc_hd__dfxtp_1  | 0.000 |   4.127 |    4.158 | 
     +-----------------------------------------------------------------------------------------------+ 
Path 7: MET Setup Check with Pin rsp_rdata_q_reg[7]/CLK 
Endpoint:   rsp_rdata_q_reg[7]/D    (v) checked with  leading edge of 'clk'
Beginpoint: service_addr_q_reg[2]/Q (^) triggered by  leading edge of 'clk'
Path Groups: {clk}
Analysis View: VIEW_TYP
Other End Arrival Time          0.475
- Setup                         0.075
+ Phase Shift                   3.846
- Uncertainty                   0.100
= Required Time                 4.147
- Arrival Time                  4.116
= Slack Time                    0.031
     Clock Rise Edge                 0.000
     + Clock Network Latency (Prop)  0.043
     = Beginpoint Arrival Time       0.043
     +-----------------------------------------------------------------------------------------------+ 
     |       Instance        |     Arc      |           Cell            | Delay | Arrival | Required | 
     |                       |              |                           |       |  Time   |   Time   | 
     |-----------------------+--------------+---------------------------+-------+---------+----------| 
     | service_addr_q_reg[2] | CLK ^        |                           |       |   0.043 |    0.074 | 
     | service_addr_q_reg[2] | CLK ^ -> Q ^ | sky130_fd_sc_hd__dfxtp_4  | 0.551 |   0.594 |    0.625 | 
     | g189594               | A ^ -> Y v   | sky130_fd_sc_hd__nor2_1   | 0.129 |   0.723 |    0.754 | 
     | FE_OFC126_n_38        | A v -> X v   | sky130_fd_sc_hd__buf_12   | 0.202 |   0.925 |    0.956 | 
     | FE_OFC214_n_38        | A v -> X v   | sky130_fd_sc_hd__buf_12   | 0.254 |   1.179 |    1.210 | 
     | FE_OFC101_n_38        | A v -> X v   | sky130_fd_sc_hd__buf_6    | 0.271 |   1.450 |    1.481 | 
     | g189310               | B v -> X v   | sky130_fd_sc_hd__and2_4   | 0.487 |   1.937 |    1.967 | 
     | g185793__5526         | A1 v -> Y ^  | sky130_fd_sc_hd__a221oi_2 | 0.768 |   2.704 |    2.735 | 
     | g183511__1617         | A ^ -> Y v   | sky130_fd_sc_hd__nand4_1  | 0.307 |   3.011 |    3.042 | 
     | g183313__1617         | A1 v -> Y ^  | sky130_fd_sc_hd__a22oi_1  | 0.981 |   3.992 |    4.023 | 
     | g183085__6417         | B ^ -> Y v   | sky130_fd_sc_hd__nand2_1  | 0.124 |   4.116 |    4.147 | 
     | rsp_rdata_q_reg[7]    | D v          | sky130_fd_sc_hd__dfxtp_1  | 0.000 |   4.116 |    4.147 | 
     +-----------------------------------------------------------------------------------------------+ 
Path 8: MET Setup Check with Pin u_request_queue_req_mem_reg[1][row][0]/CLK 
Endpoint:   u_request_queue_req_mem_reg[1][row][0]/D  (^) checked with  leading 
edge of 'clk'
Beginpoint: u_request_queue_req_mem_reg[3][bank][1]/Q (^) triggered by  leading 
edge of 'clk'
Path Groups: {clk}
Analysis View: VIEW_TYP
Other End Arrival Time          0.495
- Setup                         0.015
+ Phase Shift                   3.846
- Uncertainty                   0.100
= Required Time                 4.226
- Arrival Time                  4.190
= Slack Time                    0.037
     Clock Rise Edge                 0.000
     + Clock Network Latency (Prop)  0.047
     = Beginpoint Arrival Time       0.047
     +-----------------------------------------------------------------------------------------------------------------+ 
     |                Instance                 |     Arc      |           Cell            | Delay | Arrival | Required | 
     |                                         |              |                           |       |  Time   |   Time   | 
     |-----------------------------------------+--------------+---------------------------+-------+---------+----------| 
     | u_request_queue_req_mem_reg[3][bank][1] | CLK ^        |                           |       |   0.047 |    0.084 | 
     | u_request_queue_req_mem_reg[3][bank][1] | CLK ^ -> Q ^ | sky130_fd_sc_hd__dfxbp_2  | 0.534 |   0.581 |    0.618 | 
     | g100799__5115                           | B ^ -> Y v   | sky130_fd_sc_hd__nand2_1  | 0.213 |   0.794 |    0.831 | 
     | g100722__5107                           | A v -> Y ^   | sky130_fd_sc_hd__nor2_1   | 0.141 |   0.936 |    0.972 | 
     | g100703__8246                           | A ^ -> Y v   | sky130_fd_sc_hd__nand2_1  | 0.076 |   1.012 |    1.048 | 
     | g100854__1617                           | B v -> Y ^   | sky130_fd_sc_hd__nand4_2  | 0.135 |   1.147 |    1.183 | 
     | FE_RC_335_0                             | A ^ -> Y v   | sky130_fd_sc_hd__nand3_2  | 0.098 |   1.244 |    1.281 | 
     | g100673__7482                           | A v -> X v   | sky130_fd_sc_hd__and2_4   | 0.159 |   1.403 |    1.440 | 
     | g100666__5122                           | A v -> Y ^   | sky130_fd_sc_hd__nand2_1  | 0.147 |   1.550 |    1.587 | 
     | FE_RC_329_0                             | A1 ^ -> Y v  | sky130_fd_sc_hd__o221ai_4 | 0.145 |   1.695 |    1.732 | 
     | FE_RC_210_0                             | A v -> Y ^   | sky130_fd_sc_hd__nand3_4  | 0.127 |   1.822 |    1.859 | 
     | g2__2802                                | A ^ -> Y v   | sky130_fd_sc_hd__nor2b_1  | 0.060 |   1.882 |    1.919 | 
     | FE_RC_208_0                             | B1 v -> Y ^  | sky130_fd_sc_hd__a21oi_1  | 0.118 |   2.000 |    2.037 | 
     | g100619__3680                           | A ^ -> Y v   | sky130_fd_sc_hd__nand2_1  | 0.099 |   2.099 |    2.136 | 
     | g100607__7410                           | A1 v -> X v  | sky130_fd_sc_hd__a22o_1   | 0.227 |   2.326 |    2.363 | 
     | g100601__9315                           | B v -> Y ^   | sky130_fd_sc_hd__nor2_2   | 0.163 |   2.489 |    2.526 | 
     | FE_RC_319_0                             | A ^ -> Y v   | sky130_fd_sc_hd__inv_2    | 0.064 |   2.554 |    2.590 | 
     | FE_RC_318_0                             | A v -> Y ^   | sky130_fd_sc_hd__nand2_1  | 0.070 |   2.624 |    2.661 | 
     | FE_RC_317_0                             | B ^ -> Y v   | sky130_fd_sc_hd__nand3_2  | 0.075 |   2.699 |    2.736 | 
     | FE_RC_237_0                             | A v -> Y ^   | sky130_fd_sc_hd__inv_2    | 0.079 |   2.778 |    2.815 | 
     | FE_RC_311_0                             | A ^ -> Y v   | sky130_fd_sc_hd__nand2_4  | 0.059 |   2.838 |    2.874 | 
     | FE_RC_101_0                             | A1 v -> Y ^  | sky130_fd_sc_hd__a21oi_4  | 0.140 |   2.978 |    3.015 | 
     | g100588                                 | A ^ -> Y v   | sky130_fd_sc_hd__inv_2    | 0.076 |   3.054 |    3.090 | 
     | FE_RC_231_0                             | B v -> Y ^   | sky130_fd_sc_hd__nand2_1  | 0.080 |   3.134 |    3.171 | 
     | FE_RC_230_0                             | A ^ -> Y v   | sky130_fd_sc_hd__nand2_2  | 0.072 |   3.206 |    3.243 | 
     | g186862                                 | B v -> Y ^   | sky130_fd_sc_hd__nor2_1   | 0.111 |   3.317 |    3.354 | 
     | g185753__9945                           | A ^ -> X ^   | sky130_fd_sc_hd__and2_1   | 0.225 |   3.542 |    3.579 | 
     | FE_OFC179_n_3671                        | A ^ -> X ^   | sky130_fd_sc_hd__clkbuf_1 | 0.422 |   3.965 |    4.001 | 
     | g183414__7410                           | A1 ^ -> X ^  | sky130_fd_sc_hd__a22o_1   | 0.225 |   4.190 |    4.226 | 
     | u_request_queue_req_mem_reg[1][row][0]  | D ^          | sky130_fd_sc_hd__dfxtp_2  | 0.000 |   4.190 |    4.226 | 
     +-----------------------------------------------------------------------------------------------------------------+ 
Path 9: MET Setup Check with Pin u_request_queue_req_mem_reg[1][row][1]/CLK 
Endpoint:   u_request_queue_req_mem_reg[1][row][1]/D  (^) checked with  leading 
edge of 'clk'
Beginpoint: u_request_queue_req_mem_reg[3][bank][1]/Q (^) triggered by  leading 
edge of 'clk'
Path Groups: {clk}
Analysis View: VIEW_TYP
Other End Arrival Time          0.495
- Setup                         0.014
+ Phase Shift                   3.846
- Uncertainty                   0.100
= Required Time                 4.227
- Arrival Time                  4.188
= Slack Time                    0.039
     Clock Rise Edge                 0.000
     + Clock Network Latency (Prop)  0.047
     = Beginpoint Arrival Time       0.047
     +-----------------------------------------------------------------------------------------------------------------+ 
     |                Instance                 |     Arc      |           Cell            | Delay | Arrival | Required | 
     |                                         |              |                           |       |  Time   |   Time   | 
     |-----------------------------------------+--------------+---------------------------+-------+---------+----------| 
     | u_request_queue_req_mem_reg[3][bank][1] | CLK ^        |                           |       |   0.047 |    0.086 | 
     | u_request_queue_req_mem_reg[3][bank][1] | CLK ^ -> Q ^ | sky130_fd_sc_hd__dfxbp_2  | 0.534 |   0.581 |    0.620 | 
     | g100799__5115                           | B ^ -> Y v   | sky130_fd_sc_hd__nand2_1  | 0.213 |   0.794 |    0.833 | 
     | g100722__5107                           | A v -> Y ^   | sky130_fd_sc_hd__nor2_1   | 0.141 |   0.936 |    0.975 | 
     | g100703__8246                           | A ^ -> Y v   | sky130_fd_sc_hd__nand2_1  | 0.076 |   1.012 |    1.051 | 
     | g100854__1617                           | B v -> Y ^   | sky130_fd_sc_hd__nand4_2  | 0.135 |   1.147 |    1.186 | 
     | FE_RC_335_0                             | A ^ -> Y v   | sky130_fd_sc_hd__nand3_2  | 0.098 |   1.244 |    1.284 | 
     | g100673__7482                           | A v -> X v   | sky130_fd_sc_hd__and2_4   | 0.159 |   1.403 |    1.443 | 
     | g100666__5122                           | A v -> Y ^   | sky130_fd_sc_hd__nand2_1  | 0.147 |   1.550 |    1.589 | 
     | FE_RC_329_0                             | A1 ^ -> Y v  | sky130_fd_sc_hd__o221ai_4 | 0.145 |   1.695 |    1.734 | 
     | FE_RC_210_0                             | A v -> Y ^   | sky130_fd_sc_hd__nand3_4  | 0.127 |   1.822 |    1.862 | 
     | g2__2802                                | A ^ -> Y v   | sky130_fd_sc_hd__nor2b_1  | 0.060 |   1.882 |    1.922 | 
     | FE_RC_208_0                             | B1 v -> Y ^  | sky130_fd_sc_hd__a21oi_1  | 0.118 |   2.000 |    2.039 | 
     | g100619__3680                           | A ^ -> Y v   | sky130_fd_sc_hd__nand2_1  | 0.099 |   2.099 |    2.138 | 
     | g100607__7410                           | A1 v -> X v  | sky130_fd_sc_hd__a22o_1   | 0.227 |   2.326 |    2.365 | 
     | g100601__9315                           | B v -> Y ^   | sky130_fd_sc_hd__nor2_2   | 0.163 |   2.489 |    2.529 | 
     | FE_RC_319_0                             | A ^ -> Y v   | sky130_fd_sc_hd__inv_2    | 0.064 |   2.554 |    2.593 | 
     | FE_RC_318_0                             | A v -> Y ^   | sky130_fd_sc_hd__nand2_1  | 0.070 |   2.624 |    2.663 | 
     | FE_RC_317_0                             | B ^ -> Y v   | sky130_fd_sc_hd__nand3_2  | 0.075 |   2.699 |    2.738 | 
     | FE_RC_237_0                             | A v -> Y ^   | sky130_fd_sc_hd__inv_2    | 0.079 |   2.778 |    2.817 | 
     | FE_RC_311_0                             | A ^ -> Y v   | sky130_fd_sc_hd__nand2_4  | 0.059 |   2.838 |    2.877 | 
     | FE_RC_101_0                             | A1 v -> Y ^  | sky130_fd_sc_hd__a21oi_4  | 0.140 |   2.978 |    3.017 | 
     | g100588                                 | A ^ -> Y v   | sky130_fd_sc_hd__inv_2    | 0.076 |   3.054 |    3.093 | 
     | FE_RC_231_0                             | B v -> Y ^   | sky130_fd_sc_hd__nand2_1  | 0.080 |   3.134 |    3.173 | 
     | FE_RC_230_0                             | A ^ -> Y v   | sky130_fd_sc_hd__nand2_2  | 0.072 |   3.206 |    3.245 | 
     | g186862                                 | B v -> Y ^   | sky130_fd_sc_hd__nor2_1   | 0.111 |   3.317 |    3.357 | 
     | g185753__9945                           | A ^ -> X ^   | sky130_fd_sc_hd__and2_1   | 0.225 |   3.542 |    3.582 | 
     | FE_OFC179_n_3671                        | A ^ -> X ^   | sky130_fd_sc_hd__clkbuf_1 | 0.422 |   3.965 |    4.004 | 
     | g183415__6417                           | A1 ^ -> X ^  | sky130_fd_sc_hd__a22o_1   | 0.223 |   4.188 |    4.227 | 
     | u_request_queue_req_mem_reg[1][row][1]  | D ^          | sky130_fd_sc_hd__dfxtp_2  | 0.000 |   4.188 |    4.227 | 
     +-----------------------------------------------------------------------------------------------------------------+ 
Path 10: MET Setup Check with Pin rsp_rdata_q_reg[1]/CLK 
Endpoint:   rsp_rdata_q_reg[1]/D    (v) checked with  leading edge of 'clk'
Beginpoint: service_addr_q_reg[1]/Q (^) triggered by  leading edge of 'clk'
Path Groups: {clk}
Analysis View: VIEW_TYP
Other End Arrival Time          0.479
- Setup                         0.081
+ Phase Shift                   3.846
- Uncertainty                   0.100
= Required Time                 4.144
- Arrival Time                  4.105
= Slack Time                    0.039
     Clock Rise Edge                 0.000
     + Clock Network Latency (Prop)  0.044
     = Beginpoint Arrival Time       0.044
     +-----------------------------------------------------------------------------------------------+ 
     |       Instance        |     Arc      |           Cell            | Delay | Arrival | Required | 
     |                       |              |                           |       |  Time   |   Time   | 
     |-----------------------+--------------+---------------------------+-------+---------+----------| 
     | service_addr_q_reg[1] | CLK ^        |                           |       |   0.044 |    0.083 | 
     | service_addr_q_reg[1] | CLK ^ -> Q ^ | sky130_fd_sc_hd__dfxtp_1  | 0.734 |   0.777 |    0.816 | 
     | FE_RC_339_0           | A ^ -> Y v   | sky130_fd_sc_hd__inv_2    | 0.207 |   0.984 |    1.024 | 
     | FE_RC_338_0           | A v -> Y ^   | sky130_fd_sc_hd__nand2_8  | 0.437 |   1.421 |    1.461 | 
     | FE_OFC220_n_42        | A ^ -> X ^   | sky130_fd_sc_hd__buf_2    | 0.726 |   2.147 |    2.186 | 
     | g187988               | A1 ^ -> Y v  | sky130_fd_sc_hd__o22ai_1  | 0.268 |   2.415 |    2.454 | 
     | g185769__2802         | C1 v -> Y ^  | sky130_fd_sc_hd__a221oi_1 | 0.349 |   2.764 |    2.803 | 
     | g183532__5107         | D ^ -> Y v   | sky130_fd_sc_hd__nand4_1  | 0.209 |   2.973 |    3.012 | 
     | g183300__2346         | A1 v -> Y ^  | sky130_fd_sc_hd__a22oi_2  | 1.011 |   3.984 |    4.023 | 
     | g183087__2398         | A ^ -> Y v   | sky130_fd_sc_hd__nand2_1  | 0.121 |   4.105 |    4.144 | 
     | rsp_rdata_q_reg[1]    | D v          | sky130_fd_sc_hd__dfxtp_1  | 0.000 |   4.105 |    4.144 | 
     +-----------------------------------------------------------------------------------------------+ 

