###############################################################
#  Generated by:      Cadence Innovus 23.13-s082_1
#  OS:                Linux x86_64(Host ID n01-zeus.olympus.ece.tamu.edu)
#  Generated on:      Mon Sep 28 20:44:06 2026
#  Design:            ddr4_controller_top
#  Command:           report_timing -max_paths 10 > $REPORTS_DIR/timing_postroute.rpt
###############################################################
Path 1: MET Setup Check with Pin rsp_rdata_q_reg[7]/CLK 
Endpoint:   rsp_rdata_q_reg[7]/D    (v) checked with  leading edge of 'clk'
Beginpoint: service_addr_q_reg[0]/Q (v) triggered by  leading edge of 'clk'
Path Groups: {clk}
Analysis View: VIEW_TYP
Other End Arrival Time          0.371
- Setup                         0.081
+ Phase Shift                   4.000
- Uncertainty                   0.100
= Required Time                 4.190
- Arrival Time                  4.170
= Slack Time                    0.021
     Clock Rise Edge                 0.000
     + Clock Network Latency (Prop)  0.031
     = Beginpoint Arrival Time       0.031
     +-----------------------------------------------------------------------------------------------+ 
     |       Instance        |     Arc      |           Cell            | Delay | Arrival | Required | 
     |                       |              |                           |       |  Time   |   Time   | 
     |-----------------------+--------------+---------------------------+-------+---------+----------| 
     | service_addr_q_reg[0] | CLK ^        |                           |       |   0.031 |    0.052 | 
     | service_addr_q_reg[0] | CLK ^ -> Q v | sky130_fd_sc_hd__dfxtp_1  | 0.453 |   0.484 |    0.505 | 
     | g189616               | A v -> Y ^   | sky130_fd_sc_hd__inv_2    | 0.089 |   0.573 |    0.594 | 
     | g189596               | B ^ -> Y v   | sky130_fd_sc_hd__nor2_1   | 0.050 |   0.623 |    0.644 | 
     | FE_OFC77_n_36         | A v -> X v   | sky130_fd_sc_hd__buf_4    | 0.425 |   1.048 |    1.069 | 
     | FE_OFC80_n_36         | A v -> X v   | sky130_fd_sc_hd__buf_4    | 0.524 |   1.572 |    1.592 | 
     | g188434               | B1 v -> Y ^  | sky130_fd_sc_hd__a221oi_1 | 0.622 |   2.194 |    2.214 | 
     | g188000               | A2 ^ -> Y v  | sky130_fd_sc_hd__o22ai_1  | 0.155 |   2.348 |    2.369 | 
     | g185792__8428         | C1 v -> Y ^  | sky130_fd_sc_hd__a221oi_1 | 0.313 |   2.662 |    2.682 | 
     | g183512__2802         | A ^ -> Y v   | sky130_fd_sc_hd__nand4_1  | 0.289 |   2.951 |    2.971 | 
     | g183313__1617         | B1 v -> Y ^  | sky130_fd_sc_hd__a22oi_1  | 1.101 |   4.052 |    4.073 | 
     | g183085__6417         | B ^ -> Y v   | sky130_fd_sc_hd__nand2_1  | 0.118 |   4.170 |    4.190 | 
     | rsp_rdata_q_reg[7]    | D v          | sky130_fd_sc_hd__dfxtp_1  | 0.000 |   4.170 |    4.190 | 
     +-----------------------------------------------------------------------------------------------+ 
Path 2: MET Setup Check with Pin rsp_rdata_q_reg[8]/CLK 
Endpoint:   rsp_rdata_q_reg[8]/D      (v) checked with  leading edge of 'clk'
Beginpoint: service_addr_q_reg[3]/Q_N (^) triggered by  leading edge of 'clk'
Path Groups: {clk}
Analysis View: VIEW_TYP
Other End Arrival Time          0.342
- Setup                         0.091
+ Phase Shift                   4.000
- Uncertainty                   0.100
= Required Time                 4.151
- Arrival Time                  4.103
= Slack Time                    0.047
     Clock Rise Edge                 0.000
     + Clock Network Latency (Prop)  0.034
     = Beginpoint Arrival Time       0.034
     +------------------------------------------------------------------------------------------------+ 
     |       Instance        |      Arc       |           Cell           | Delay | Arrival | Required | 
     |                       |                |                          |       |  Time   |   Time   | 
     |-----------------------+----------------+--------------------------+-------+---------+----------| 
     | service_addr_q_reg[3] | CLK ^          |                          |       |   0.034 |    0.081 | 
     | service_addr_q_reg[3] | CLK ^ -> Q_N ^ | sky130_fd_sc_hd__dfxbp_1 | 0.721 |   0.755 |    0.802 | 
     | g189581               | A ^ -> X ^     | sky130_fd_sc_hd__or2_4   | 0.924 |   1.679 |    1.727 | 
     | g189359               | A ^ -> Y v     | sky130_fd_sc_hd__inv_2   | 0.146 |   1.825 |    1.873 | 
     | g189281               | B v -> X v     | sky130_fd_sc_hd__and2_4  | 0.541 |   2.366 |    2.414 | 
     | g188768               | A1 v -> Y ^    | sky130_fd_sc_hd__a22oi_1 | 0.314 |   2.680 |    2.728 | 
     | g183508__5526         | C ^ -> Y v     | sky130_fd_sc_hd__nand4_1 | 0.251 |   2.932 |    2.979 | 
     | g183314__2802         | B1 v -> Y ^    | sky130_fd_sc_hd__a22oi_1 | 1.051 |   3.983 |    4.030 | 
     | g183086__5477         | B ^ -> Y v     | sky130_fd_sc_hd__nand2_1 | 0.121 |   4.103 |    4.151 | 
     | rsp_rdata_q_reg[8]    | D v            | sky130_fd_sc_hd__dfxtp_1 | 0.000 |   4.103 |    4.151 | 
     +------------------------------------------------------------------------------------------------+ 
Path 3: MET Setup Check with Pin u_request_queue_req_mem_reg[1][wdata][3]/CLK 
Endpoint:   u_request_queue_req_mem_reg[1][wdata][3]/D (^) checked with  
leading edge of 'clk'
Beginpoint: u_request_queue_req_mem_reg[1][bank][0]/Q  (v) triggered by  
leading edge of 'clk'
Path Groups: {clk}
Analysis View: VIEW_TYP
Other End Arrival Time          0.381
- Setup                         0.018
+ Phase Shift                   4.000
- Uncertainty                   0.100
= Required Time                 4.263
- Arrival Time                  4.208
= Slack Time                    0.055
     Clock Rise Edge                 0.000
     + Clock Network Latency (Prop)  0.036
     = Beginpoint Arrival Time       0.036
     +-------------------------------------------------------------------------------------------------------------------+ 
     |                 Instance                 |     Arc      |            Cell            | Delay | Arrival | Required | 
     |                                          |              |                            |       |  Time   |   Time   | 
     |------------------------------------------+--------------+----------------------------+-------+---------+----------| 
     | u_request_queue_req_mem_reg[1][bank][0]  | CLK ^        |                            |       |   0.036 |    0.092 | 
     | u_request_queue_req_mem_reg[1][bank][0]  | CLK ^ -> Q v | sky130_fd_sc_hd__dfxtp_4   | 0.442 |   0.478 |    0.533 | 
     | g100792__2802                            | A v -> Y ^   | sky130_fd_sc_hd__nor2_1    | 0.289 |   0.767 |    0.822 | 
     | g100731__2802                            | B2 ^ -> Y v  | sky130_fd_sc_hd__a2bb2oi_1 | 0.106 |   0.873 |    0.928 | 
     | FE_RC_139_0                              | C v -> Y ^   | sky130_fd_sc_hd__nand3_1   | 0.092 |   0.965 |    1.020 | 
     | FE_RC_131_0                              | A ^ -> Y v   | sky130_fd_sc_hd__nand2_1   | 0.049 |   1.013 |    1.069 | 
     | FE_RC_132_0                              | A v -> Y ^   | sky130_fd_sc_hd__inv_1     | 0.064 |   1.077 |    1.132 | 
     | g100680__2346                            | A ^ -> Y v   | sky130_fd_sc_hd__nand2_2   | 0.071 |   1.147 |    1.203 | 
     | FE_RC_57_0                               | A v -> Y ^   | sky130_fd_sc_hd__nand2_2   | 0.066 |   1.213 |    1.268 | 
     | FE_RC_56_0                               | B ^ -> Y v   | sky130_fd_sc_hd__nor2_2    | 0.037 |   1.251 |    1.306 | 
     | FE_RC_55_0                               | B v -> Y ^   | sky130_fd_sc_hd__nor2_2    | 0.123 |   1.373 |    1.428 | 
     | g100657__5526                            | A ^ -> Y v   | sky130_fd_sc_hd__nand2_2   | 0.128 |   1.502 |    1.557 | 
     | FE_OFC119_n_4298                         | A v -> Y ^   | sky130_fd_sc_hd__inv_2     | 0.092 |   1.593 |    1.649 | 
     | g100643__2346                            | A ^ -> Y v   | sky130_fd_sc_hd__nand3_1   | 0.062 |   1.655 |    1.710 | 
     | g100642__2883                            | A v -> Y ^   | sky130_fd_sc_hd__nand2_1   | 0.264 |   1.920 |    1.975 | 
     | FE_OFC167_n_4300                         | A ^ -> Y v   | sky130_fd_sc_hd__inv_2     | 0.086 |   2.005 |    2.061 | 
     | g100622__1705                            | A2 v -> X v  | sky130_fd_sc_hd__o22a_1    | 0.222 |   2.227 |    2.283 | 
     | FE_RC_76_0                               | A v -> Y ^   | sky130_fd_sc_hd__nand3_2   | 0.087 |   2.315 |    2.370 | 
     | FE_RC_201_0                              | A ^ -> Y v   | sky130_fd_sc_hd__nand2_1   | 0.054 |   2.369 |    2.424 | 
     | FE_RC_199_0                              | B v -> Y ^   | sky130_fd_sc_hd__nand2_1   | 0.071 |   2.439 |    2.494 | 
     | FE_RC_197_0                              | A ^ -> Y v   | sky130_fd_sc_hd__nor2_1    | 0.045 |   2.484 |    2.539 | 
     | FE_RC_198_0                              | A v -> Y ^   | sky130_fd_sc_hd__inv_1     | 0.046 |   2.530 |    2.585 | 
     | FE_RC_251_0                              | C ^ -> Y v   | sky130_fd_sc_hd__nand3_1   | 0.095 |   2.625 |    2.680 | 
     | FE_RC_250_0                              | A_N v -> Y v | sky130_fd_sc_hd__nand2b_4  | 0.200 |   2.824 |    2.880 | 
     | FE_RC_297_0                              | A1 v -> Y ^  | sky130_fd_sc_hd__a21oi_2   | 0.144 |   2.968 |    3.023 | 
     | FE_RC_296_0                              | A ^ -> Y v   | sky130_fd_sc_hd__inv_2     | 0.064 |   3.032 |    3.087 | 
     | FE_RC_75_0                               | C v -> Y ^   | sky130_fd_sc_hd__nor3_4    | 0.164 |   3.196 |    3.251 | 
     | FE_RC_194_0                              | A ^ -> Y v   | sky130_fd_sc_hd__nand2_1   | 0.077 |   3.273 |    3.328 | 
     | FE_RC_192_0                              | A v -> Y ^   | sky130_fd_sc_hd__nand2_1   | 0.076 |   3.349 |    3.404 | 
     | FE_RC_193_0                              | A ^ -> Y v   | sky130_fd_sc_hd__inv_2     | 0.061 |   3.411 |    3.466 | 
     | g188062                                  | A v -> Y ^   | sky130_fd_sc_hd__clkinv_1  | 0.075 |   3.485 |    3.541 | 
     | g183659__3680                            | A1 ^ -> X ^  | sky130_fd_sc_hd__o21a_1    | 0.141 |   3.626 |    3.681 | 
     | FE_OFC130_n_3763                         | A ^ -> Y v   | sky130_fd_sc_hd__inv_2     | 0.056 |   3.681 |    3.737 | 
     | FE_OFC132_n_3763                         | A v -> Y ^   | sky130_fd_sc_hd__inv_4     | 0.315 |   3.997 |    4.052 | 
     | g183419__6260                            | B1 ^ -> X ^  | sky130_fd_sc_hd__a22o_1    | 0.211 |   4.207 |    4.263 | 
     | u_request_queue_req_mem_reg[1][wdata][3] | D ^          | sky130_fd_sc_hd__dfxtp_1   | 0.000 |   4.208 |    4.263 | 
     +-------------------------------------------------------------------------------------------------------------------+ 
Path 4: MET Setup Check with Pin rsp_rdata_q_reg[5]/CLK 
Endpoint:   rsp_rdata_q_reg[5]/D    (v) checked with  leading edge of 'clk'
Beginpoint: service_addr_q_reg[0]/Q (^) triggered by  leading edge of 'clk'
Path Groups: {clk}
Analysis View: VIEW_TYP
Other End Arrival Time          0.342
- Setup                         0.069
+ Phase Shift                   4.000
- Uncertainty                   0.100
= Required Time                 4.173
- Arrival Time                  4.117
= Slack Time                    0.056
     Clock Rise Edge                 0.000
     + Clock Network Latency (Prop)  0.031
     = Beginpoint Arrival Time       0.031
     +-------------------------------------------------------------------------------------------------+ 
     |        Instance         |     Arc      |           Cell            | Delay | Arrival | Required | 
     |                         |              |                           |       |  Time   |   Time   | 
     |-------------------------+--------------+---------------------------+-------+---------+----------| 
     | service_addr_q_reg[0]   | CLK ^        |                           |       |   0.031 |    0.087 | 
     | service_addr_q_reg[0]   | CLK ^ -> Q ^ | sky130_fd_sc_hd__dfxtp_1  | 0.527 |   0.558 |    0.614 | 
     | g189616                 | A ^ -> Y v   | sky130_fd_sc_hd__inv_2    | 0.073 |   0.631 |    0.687 | 
     | g189595                 | A v -> Y ^   | sky130_fd_sc_hd__nand2_2  | 0.111 |   0.742 |    0.798 | 
     | FE_OFC60_n_10           | A ^ -> Y v   | sky130_fd_sc_hd__inv_8    | 0.142 |   0.883 |    0.939 | 
     | FE_OFC62_n_10           | A v -> Y ^   | sky130_fd_sc_hd__inv_2    | 0.169 |   1.053 |    1.108 | 
     | FE_OFC63_n_10           | A ^ -> Y v   | sky130_fd_sc_hd__inv_8    | 0.143 |   1.196 |    1.252 | 
     | FE_OFC115_FE_DBTN0_n_10 | A v -> X v   | sky130_fd_sc_hd__buf_2    | 0.375 |   1.571 |    1.627 | 
     | g189125                 | A1 v -> X v  | sky130_fd_sc_hd__a22o_1   | 0.245 |   1.816 |    1.872 | 
     | g188524                 | C1 v -> Y ^  | sky130_fd_sc_hd__a221oi_1 | 0.378 |   2.194 |    2.250 | 
     | g188067                 | B2 ^ -> Y v  | sky130_fd_sc_hd__o22ai_1  | 0.179 |   2.373 |    2.428 | 
     | g185784__1666           | C1 v -> Y ^  | sky130_fd_sc_hd__a221oi_1 | 0.603 |   2.976 |    3.031 | 
     | g183520__7482           | B ^ -> Y v   | sky130_fd_sc_hd__nand4_1  | 0.268 |   3.243 |    3.299 | 
     | g183312__3680           | B1 v -> Y ^  | sky130_fd_sc_hd__a22oi_1  | 0.464 |   3.707 |    3.763 | 
     | FE_PSBC231_n_3990       | A ^ -> Y v   | sky130_fd_sc_hd__inv_2    | 0.102 |   3.808 |    3.864 | 
     | FE_PSBC230_n_3990       | A v -> Y ^   | sky130_fd_sc_hd__inv_2    | 0.220 |   4.029 |    4.085 | 
     | g183084__7410           | B ^ -> Y v   | sky130_fd_sc_hd__nand2_1  | 0.088 |   4.117 |    4.173 | 
     | rsp_rdata_q_reg[5]      | D v          | sky130_fd_sc_hd__dfxtp_1  | 0.000 |   4.117 |    4.173 | 
     +-------------------------------------------------------------------------------------------------+ 
Path 5: MET Setup Check with Pin u_request_queue_req_mem_reg[1][wdata][28]/CLK 
Endpoint:   u_request_queue_req_mem_reg[1][wdata][28]/D (^) checked with  
leading edge of 'clk'
Beginpoint: u_request_queue_req_mem_reg[1][bank][0]/Q   (v) triggered by  
leading edge of 'clk'
Path Groups: {clk}
Analysis View: VIEW_TYP
Other End Arrival Time          0.380
- Setup                         0.018
+ Phase Shift                   4.000
- Uncertainty                   0.100
= Required Time                 4.263
- Arrival Time                  4.207
= Slack Time                    0.056
     Clock Rise Edge                 0.000
     + Clock Network Latency (Prop)  0.036
     = Beginpoint Arrival Time       0.036
     +--------------------------------------------------------------------------------------------------------------------+ 
     |                 Instance                  |     Arc      |            Cell            | Delay | Arrival | Required | 
     |                                           |              |                            |       |  Time   |   Time   | 
     |-------------------------------------------+--------------+----------------------------+-------+---------+----------| 
     | u_request_queue_req_mem_reg[1][bank][0]   | CLK ^        |                            |       |   0.036 |    0.092 | 
     | u_request_queue_req_mem_reg[1][bank][0]   | CLK ^ -> Q v | sky130_fd_sc_hd__dfxtp_4   | 0.442 |   0.478 |    0.534 | 
     | g100792__2802                             | A v -> Y ^   | sky130_fd_sc_hd__nor2_1    | 0.289 |   0.767 |    0.823 | 
     | g100731__2802                             | B2 ^ -> Y v  | sky130_fd_sc_hd__a2bb2oi_1 | 0.106 |   0.873 |    0.929 | 
     | FE_RC_139_0                               | C v -> Y ^   | sky130_fd_sc_hd__nand3_1   | 0.092 |   0.965 |    1.021 | 
     | FE_RC_131_0                               | A ^ -> Y v   | sky130_fd_sc_hd__nand2_1   | 0.049 |   1.013 |    1.069 | 
     | FE_RC_132_0                               | A v -> Y ^   | sky130_fd_sc_hd__inv_1     | 0.064 |   1.077 |    1.133 | 
     | g100680__2346                             | A ^ -> Y v   | sky130_fd_sc_hd__nand2_2   | 0.071 |   1.147 |    1.203 | 
     | FE_RC_57_0                                | A v -> Y ^   | sky130_fd_sc_hd__nand2_2   | 0.066 |   1.213 |    1.269 | 
     | FE_RC_56_0                                | B ^ -> Y v   | sky130_fd_sc_hd__nor2_2    | 0.037 |   1.251 |    1.306 | 
     | FE_RC_55_0                                | B v -> Y ^   | sky130_fd_sc_hd__nor2_2    | 0.123 |   1.373 |    1.429 | 
     | g100657__5526                             | A ^ -> Y v   | sky130_fd_sc_hd__nand2_2   | 0.128 |   1.502 |    1.558 | 
     | FE_OFC119_n_4298                          | A v -> Y ^   | sky130_fd_sc_hd__inv_2     | 0.092 |   1.593 |    1.649 | 
     | g100643__2346                             | A ^ -> Y v   | sky130_fd_sc_hd__nand3_1   | 0.062 |   1.655 |    1.711 | 
     | g100642__2883                             | A v -> Y ^   | sky130_fd_sc_hd__nand2_1   | 0.264 |   1.920 |    1.975 | 
     | FE_OFC167_n_4300                          | A ^ -> Y v   | sky130_fd_sc_hd__inv_2     | 0.086 |   2.005 |    2.061 | 
     | g100622__1705                             | A2 v -> X v  | sky130_fd_sc_hd__o22a_1    | 0.222 |   2.227 |    2.283 | 
     | FE_RC_76_0                                | A v -> Y ^   | sky130_fd_sc_hd__nand3_2   | 0.087 |   2.315 |    2.370 | 
     | FE_RC_201_0                               | A ^ -> Y v   | sky130_fd_sc_hd__nand2_1   | 0.054 |   2.369 |    2.424 | 
     | FE_RC_199_0                               | B v -> Y ^   | sky130_fd_sc_hd__nand2_1   | 0.071 |   2.439 |    2.495 | 
     | FE_RC_197_0                               | A ^ -> Y v   | sky130_fd_sc_hd__nor2_1    | 0.045 |   2.484 |    2.540 | 
     | FE_RC_198_0                               | A v -> Y ^   | sky130_fd_sc_hd__inv_1     | 0.046 |   2.530 |    2.586 | 
     | FE_RC_251_0                               | C ^ -> Y v   | sky130_fd_sc_hd__nand3_1   | 0.095 |   2.625 |    2.681 | 
     | FE_RC_250_0                               | A_N v -> Y v | sky130_fd_sc_hd__nand2b_4  | 0.200 |   2.824 |    2.880 | 
     | FE_RC_297_0                               | A1 v -> Y ^  | sky130_fd_sc_hd__a21oi_2   | 0.144 |   2.968 |    3.024 | 
     | FE_RC_296_0                               | A ^ -> Y v   | sky130_fd_sc_hd__inv_2     | 0.064 |   3.032 |    3.088 | 
     | FE_RC_75_0                                | C v -> Y ^   | sky130_fd_sc_hd__nor3_4    | 0.164 |   3.196 |    3.252 | 
     | FE_RC_194_0                               | A ^ -> Y v   | sky130_fd_sc_hd__nand2_1   | 0.077 |   3.273 |    3.329 | 
     | FE_RC_192_0                               | A v -> Y ^   | sky130_fd_sc_hd__nand2_1   | 0.076 |   3.349 |    3.405 | 
     | FE_RC_193_0                               | A ^ -> Y v   | sky130_fd_sc_hd__inv_2     | 0.061 |   3.411 |    3.466 | 
     | g188062                                   | A v -> Y ^   | sky130_fd_sc_hd__clkinv_1  | 0.075 |   3.485 |    3.541 | 
     | g183659__3680                             | A1 ^ -> X ^  | sky130_fd_sc_hd__o21a_1    | 0.141 |   3.626 |    3.682 | 
     | FE_OFC130_n_3763                          | A ^ -> Y v   | sky130_fd_sc_hd__inv_2     | 0.056 |   3.681 |    3.737 | 
     | FE_OFC132_n_3763                          | A v -> Y ^   | sky130_fd_sc_hd__inv_4     | 0.315 |   3.997 |    4.053 | 
     | g183443__6417                             | B1 ^ -> X ^  | sky130_fd_sc_hd__a22o_1    | 0.210 |   4.207 |    4.262 | 
     | u_request_queue_req_mem_reg[1][wdata][28] | D ^          | sky130_fd_sc_hd__dfxtp_1   | 0.000 |   4.207 |    4.263 | 
     +--------------------------------------------------------------------------------------------------------------------+ 
Path 6: MET Setup Check with Pin u_request_queue_req_mem_reg[1][wdata][24]/CLK 
Endpoint:   u_request_queue_req_mem_reg[1][wdata][24]/D (^) checked with  
leading edge of 'clk'
Beginpoint: u_request_queue_req_mem_reg[1][bank][0]/Q   (v) triggered by  
leading edge of 'clk'
Path Groups: {clk}
Analysis View: VIEW_TYP
Other End Arrival Time          0.382
- Setup                         0.017
+ Phase Shift                   4.000
- Uncertainty                   0.100
= Required Time                 4.264
- Arrival Time                  4.206
= Slack Time                    0.058
     Clock Rise Edge                 0.000
     + Clock Network Latency (Prop)  0.036
     = Beginpoint Arrival Time       0.036
     +--------------------------------------------------------------------------------------------------------------------+ 
     |                 Instance                  |     Arc      |            Cell            | Delay | Arrival | Required | 
     |                                           |              |                            |       |  Time   |   Time   | 
     |-------------------------------------------+--------------+----------------------------+-------+---------+----------| 
     | u_request_queue_req_mem_reg[1][bank][0]   | CLK ^        |                            |       |   0.036 |    0.094 | 
     | u_request_queue_req_mem_reg[1][bank][0]   | CLK ^ -> Q v | sky130_fd_sc_hd__dfxtp_4   | 0.442 |   0.478 |    0.536 | 
     | g100792__2802                             | A v -> Y ^   | sky130_fd_sc_hd__nor2_1    | 0.289 |   0.767 |    0.825 | 
     | g100731__2802                             | B2 ^ -> Y v  | sky130_fd_sc_hd__a2bb2oi_1 | 0.106 |   0.873 |    0.931 | 
     | FE_RC_139_0                               | C v -> Y ^   | sky130_fd_sc_hd__nand3_1   | 0.092 |   0.965 |    1.023 | 
     | FE_RC_131_0                               | A ^ -> Y v   | sky130_fd_sc_hd__nand2_1   | 0.049 |   1.013 |    1.072 | 
     | FE_RC_132_0                               | A v -> Y ^   | sky130_fd_sc_hd__inv_1     | 0.064 |   1.077 |    1.135 | 
     | g100680__2346                             | A ^ -> Y v   | sky130_fd_sc_hd__nand2_2   | 0.071 |   1.147 |    1.206 | 
     | FE_RC_57_0                                | A v -> Y ^   | sky130_fd_sc_hd__nand2_2   | 0.066 |   1.213 |    1.271 | 
     | FE_RC_56_0                                | B ^ -> Y v   | sky130_fd_sc_hd__nor2_2    | 0.037 |   1.251 |    1.309 | 
     | FE_RC_55_0                                | B v -> Y ^   | sky130_fd_sc_hd__nor2_2    | 0.123 |   1.373 |    1.431 | 
     | g100657__5526                             | A ^ -> Y v   | sky130_fd_sc_hd__nand2_2   | 0.128 |   1.502 |    1.560 | 
     | FE_OFC119_n_4298                          | A v -> Y ^   | sky130_fd_sc_hd__inv_2     | 0.092 |   1.593 |    1.651 | 
     | g100643__2346                             | A ^ -> Y v   | sky130_fd_sc_hd__nand3_1   | 0.062 |   1.655 |    1.713 | 
     | g100642__2883                             | A v -> Y ^   | sky130_fd_sc_hd__nand2_1   | 0.264 |   1.920 |    1.978 | 
     | FE_OFC167_n_4300                          | A ^ -> Y v   | sky130_fd_sc_hd__inv_2     | 0.086 |   2.005 |    2.064 | 
     | g100622__1705                             | A2 v -> X v  | sky130_fd_sc_hd__o22a_1    | 0.222 |   2.227 |    2.285 | 
     | FE_RC_76_0                                | A v -> Y ^   | sky130_fd_sc_hd__nand3_2   | 0.087 |   2.315 |    2.373 | 
     | FE_RC_201_0                               | A ^ -> Y v   | sky130_fd_sc_hd__nand2_1   | 0.054 |   2.369 |    2.427 | 
     | FE_RC_199_0                               | B v -> Y ^   | sky130_fd_sc_hd__nand2_1   | 0.071 |   2.439 |    2.497 | 
     | FE_RC_197_0                               | A ^ -> Y v   | sky130_fd_sc_hd__nor2_1    | 0.045 |   2.484 |    2.542 | 
     | FE_RC_198_0                               | A v -> Y ^   | sky130_fd_sc_hd__inv_1     | 0.046 |   2.530 |    2.588 | 
     | FE_RC_251_0                               | C ^ -> Y v   | sky130_fd_sc_hd__nand3_1   | 0.095 |   2.625 |    2.683 | 
     | FE_RC_250_0                               | A_N v -> Y v | sky130_fd_sc_hd__nand2b_4  | 0.200 |   2.824 |    2.882 | 
     | FE_RC_297_0                               | A1 v -> Y ^  | sky130_fd_sc_hd__a21oi_2   | 0.144 |   2.968 |    3.026 | 
     | FE_RC_296_0                               | A ^ -> Y v   | sky130_fd_sc_hd__inv_2     | 0.064 |   3.032 |    3.090 | 
     | FE_RC_75_0                                | C v -> Y ^   | sky130_fd_sc_hd__nor3_4    | 0.164 |   3.196 |    3.254 | 
     | FE_RC_194_0                               | A ^ -> Y v   | sky130_fd_sc_hd__nand2_1   | 0.077 |   3.273 |    3.331 | 
     | FE_RC_192_0                               | A v -> Y ^   | sky130_fd_sc_hd__nand2_1   | 0.076 |   3.349 |    3.407 | 
     | FE_RC_193_0                               | A ^ -> Y v   | sky130_fd_sc_hd__inv_2     | 0.061 |   3.411 |    3.469 | 
     | g188062                                   | A v -> Y ^   | sky130_fd_sc_hd__clkinv_1  | 0.075 |   3.485 |    3.543 | 
     | g183659__3680                             | A1 ^ -> X ^  | sky130_fd_sc_hd__o21a_1    | 0.141 |   3.626 |    3.684 | 
     | FE_OFC130_n_3763                          | A ^ -> Y v   | sky130_fd_sc_hd__inv_2     | 0.056 |   3.681 |    3.740 | 
     | FE_OFC132_n_3763                          | A v -> Y ^   | sky130_fd_sc_hd__inv_4     | 0.315 |   3.997 |    4.055 | 
     | g183392__4319                             | B1 ^ -> X ^  | sky130_fd_sc_hd__a22o_1    | 0.209 |   4.206 |    4.264 | 
     | u_request_queue_req_mem_reg[1][wdata][24] | D ^          | sky130_fd_sc_hd__dfxtp_1   | 0.000 |   4.206 |    4.264 | 
     +--------------------------------------------------------------------------------------------------------------------+ 
Path 7: MET Setup Check with Pin u_request_queue_req_mem_reg[1][wdata][5]/CLK 
Endpoint:   u_request_queue_req_mem_reg[1][wdata][5]/D (^) checked with  
leading edge of 'clk'
Beginpoint: u_request_queue_req_mem_reg[1][bank][0]/Q  (v) triggered by  
leading edge of 'clk'
Path Groups: {clk}
Analysis View: VIEW_TYP
Other End Arrival Time          0.374
- Setup                         0.017
+ Phase Shift                   4.000
- Uncertainty                   0.100
= Required Time                 4.257
- Arrival Time                  4.198
= Slack Time                    0.059
     Clock Rise Edge                 0.000
     + Clock Network Latency (Prop)  0.036
     = Beginpoint Arrival Time       0.036
     +-------------------------------------------------------------------------------------------------------------------+ 
     |                 Instance                 |     Arc      |            Cell            | Delay | Arrival | Required | 
     |                                          |              |                            |       |  Time   |   Time   | 
     |------------------------------------------+--------------+----------------------------+-------+---------+----------| 
     | u_request_queue_req_mem_reg[1][bank][0]  | CLK ^        |                            |       |   0.036 |    0.095 | 
     | u_request_queue_req_mem_reg[1][bank][0]  | CLK ^ -> Q v | sky130_fd_sc_hd__dfxtp_4   | 0.442 |   0.478 |    0.537 | 
     | g100792__2802                            | A v -> Y ^   | sky130_fd_sc_hd__nor2_1    | 0.289 |   0.767 |    0.826 | 
     | g100731__2802                            | B2 ^ -> Y v  | sky130_fd_sc_hd__a2bb2oi_1 | 0.106 |   0.873 |    0.932 | 
     | FE_RC_139_0                              | C v -> Y ^   | sky130_fd_sc_hd__nand3_1   | 0.092 |   0.965 |    1.024 | 
     | FE_RC_131_0                              | A ^ -> Y v   | sky130_fd_sc_hd__nand2_1   | 0.049 |   1.013 |    1.072 | 
     | FE_RC_132_0                              | A v -> Y ^   | sky130_fd_sc_hd__inv_1     | 0.064 |   1.077 |    1.136 | 
     | g100680__2346                            | A ^ -> Y v   | sky130_fd_sc_hd__nand2_2   | 0.071 |   1.147 |    1.206 | 
     | FE_RC_57_0                               | A v -> Y ^   | sky130_fd_sc_hd__nand2_2   | 0.066 |   1.213 |    1.272 | 
     | FE_RC_56_0                               | B ^ -> Y v   | sky130_fd_sc_hd__nor2_2    | 0.037 |   1.251 |    1.310 | 
     | FE_RC_55_0                               | B v -> Y ^   | sky130_fd_sc_hd__nor2_2    | 0.123 |   1.373 |    1.432 | 
     | g100657__5526                            | A ^ -> Y v   | sky130_fd_sc_hd__nand2_2   | 0.128 |   1.502 |    1.561 | 
     | FE_OFC119_n_4298                         | A v -> Y ^   | sky130_fd_sc_hd__inv_2     | 0.092 |   1.593 |    1.652 | 
     | g100643__2346                            | A ^ -> Y v   | sky130_fd_sc_hd__nand3_1   | 0.062 |   1.655 |    1.714 | 
     | g100642__2883                            | A v -> Y ^   | sky130_fd_sc_hd__nand2_1   | 0.264 |   1.920 |    1.979 | 
     | FE_OFC167_n_4300                         | A ^ -> Y v   | sky130_fd_sc_hd__inv_2     | 0.086 |   2.005 |    2.064 | 
     | g100622__1705                            | A2 v -> X v  | sky130_fd_sc_hd__o22a_1    | 0.222 |   2.227 |    2.286 | 
     | FE_RC_76_0                               | A v -> Y ^   | sky130_fd_sc_hd__nand3_2   | 0.087 |   2.315 |    2.374 | 
     | FE_RC_201_0                              | A ^ -> Y v   | sky130_fd_sc_hd__nand2_1   | 0.054 |   2.369 |    2.428 | 
     | FE_RC_199_0                              | B v -> Y ^   | sky130_fd_sc_hd__nand2_1   | 0.071 |   2.439 |    2.498 | 
     | FE_RC_197_0                              | A ^ -> Y v   | sky130_fd_sc_hd__nor2_1    | 0.045 |   2.484 |    2.543 | 
     | FE_RC_198_0                              | A v -> Y ^   | sky130_fd_sc_hd__inv_1     | 0.046 |   2.530 |    2.589 | 
     | FE_RC_251_0                              | C ^ -> Y v   | sky130_fd_sc_hd__nand3_1   | 0.095 |   2.625 |    2.684 | 
     | FE_RC_250_0                              | A_N v -> Y v | sky130_fd_sc_hd__nand2b_4  | 0.200 |   2.824 |    2.883 | 
     | FE_RC_297_0                              | A1 v -> Y ^  | sky130_fd_sc_hd__a21oi_2   | 0.144 |   2.968 |    3.027 | 
     | FE_RC_296_0                              | A ^ -> Y v   | sky130_fd_sc_hd__inv_2     | 0.064 |   3.032 |    3.091 | 
     | FE_RC_75_0                               | C v -> Y ^   | sky130_fd_sc_hd__nor3_4    | 0.164 |   3.196 |    3.255 | 
     | FE_RC_194_0                              | A ^ -> Y v   | sky130_fd_sc_hd__nand2_1   | 0.077 |   3.273 |    3.332 | 
     | FE_RC_192_0                              | A v -> Y ^   | sky130_fd_sc_hd__nand2_1   | 0.076 |   3.349 |    3.408 | 
     | FE_RC_193_0                              | A ^ -> Y v   | sky130_fd_sc_hd__inv_2     | 0.061 |   3.411 |    3.470 | 
     | g188062                                  | A v -> Y ^   | sky130_fd_sc_hd__clkinv_1  | 0.075 |   3.485 |    3.544 | 
     | g183659__3680                            | A1 ^ -> X ^  | sky130_fd_sc_hd__o21a_1    | 0.141 |   3.626 |    3.685 | 
     | FE_OFC130_n_3763                         | A ^ -> Y v   | sky130_fd_sc_hd__inv_2     | 0.056 |   3.681 |    3.740 | 
     | FE_OFC132_n_3763                         | A v -> Y ^   | sky130_fd_sc_hd__inv_4     | 0.315 |   3.997 |    4.056 | 
     | g183421__8428                            | B1 ^ -> X ^  | sky130_fd_sc_hd__a22o_1    | 0.201 |   4.197 |    4.256 | 
     | u_request_queue_req_mem_reg[1][wdata][5] | D ^          | sky130_fd_sc_hd__dfxtp_1   | 0.000 |   4.198 |    4.257 | 
     +-------------------------------------------------------------------------------------------------------------------+ 
Path 8: MET Setup Check with Pin u_request_queue_req_mem_reg[1][wdata][15]/CLK 
Endpoint:   u_request_queue_req_mem_reg[1][wdata][15]/D (^) checked with  
leading edge of 'clk'
Beginpoint: u_request_queue_req_mem_reg[1][bank][0]/Q   (v) triggered by  
leading edge of 'clk'
Path Groups: {clk}
Analysis View: VIEW_TYP
Other End Arrival Time          0.381
- Setup                         0.017
+ Phase Shift                   4.000
- Uncertainty                   0.100
= Required Time                 4.263
- Arrival Time                  4.204
= Slack Time                    0.059
     Clock Rise Edge                 0.000
     + Clock Network Latency (Prop)  0.036
     = Beginpoint Arrival Time       0.036
     +--------------------------------------------------------------------------------------------------------------------+ 
     |                 Instance                  |     Arc      |            Cell            | Delay | Arrival | Required | 
     |                                           |              |                            |       |  Time   |   Time   | 
     |-------------------------------------------+--------------+----------------------------+-------+---------+----------| 
     | u_request_queue_req_mem_reg[1][bank][0]   | CLK ^        |                            |       |   0.036 |    0.096 | 
     | u_request_queue_req_mem_reg[1][bank][0]   | CLK ^ -> Q v | sky130_fd_sc_hd__dfxtp_4   | 0.442 |   0.478 |    0.537 | 
     | g100792__2802                             | A v -> Y ^   | sky130_fd_sc_hd__nor2_1    | 0.289 |   0.767 |    0.826 | 
     | g100731__2802                             | B2 ^ -> Y v  | sky130_fd_sc_hd__a2bb2oi_1 | 0.106 |   0.873 |    0.932 | 
     | FE_RC_139_0                               | C v -> Y ^   | sky130_fd_sc_hd__nand3_1   | 0.092 |   0.965 |    1.024 | 
     | FE_RC_131_0                               | A ^ -> Y v   | sky130_fd_sc_hd__nand2_1   | 0.049 |   1.013 |    1.073 | 
     | FE_RC_132_0                               | A v -> Y ^   | sky130_fd_sc_hd__inv_1     | 0.064 |   1.077 |    1.136 | 
     | g100680__2346                             | A ^ -> Y v   | sky130_fd_sc_hd__nand2_2   | 0.071 |   1.147 |    1.207 | 
     | FE_RC_57_0                                | A v -> Y ^   | sky130_fd_sc_hd__nand2_2   | 0.066 |   1.213 |    1.272 | 
     | FE_RC_56_0                                | B ^ -> Y v   | sky130_fd_sc_hd__nor2_2    | 0.037 |   1.251 |    1.310 | 
     | FE_RC_55_0                                | B v -> Y ^   | sky130_fd_sc_hd__nor2_2    | 0.123 |   1.373 |    1.432 | 
     | g100657__5526                             | A ^ -> Y v   | sky130_fd_sc_hd__nand2_2   | 0.128 |   1.502 |    1.561 | 
     | FE_OFC119_n_4298                          | A v -> Y ^   | sky130_fd_sc_hd__inv_2     | 0.092 |   1.593 |    1.653 | 
     | g100643__2346                             | A ^ -> Y v   | sky130_fd_sc_hd__nand3_1   | 0.062 |   1.655 |    1.714 | 
     | g100642__2883                             | A v -> Y ^   | sky130_fd_sc_hd__nand2_1   | 0.264 |   1.920 |    1.979 | 
     | FE_OFC167_n_4300                          | A ^ -> Y v   | sky130_fd_sc_hd__inv_2     | 0.086 |   2.005 |    2.065 | 
     | g100622__1705                             | A2 v -> X v  | sky130_fd_sc_hd__o22a_1    | 0.222 |   2.227 |    2.287 | 
     | FE_RC_76_0                                | A v -> Y ^   | sky130_fd_sc_hd__nand3_2   | 0.087 |   2.315 |    2.374 | 
     | FE_RC_201_0                               | A ^ -> Y v   | sky130_fd_sc_hd__nand2_1   | 0.054 |   2.369 |    2.428 | 
     | FE_RC_199_0                               | B v -> Y ^   | sky130_fd_sc_hd__nand2_1   | 0.071 |   2.439 |    2.498 | 
     | FE_RC_197_0                               | A ^ -> Y v   | sky130_fd_sc_hd__nor2_1    | 0.045 |   2.484 |    2.543 | 
     | FE_RC_198_0                               | A v -> Y ^   | sky130_fd_sc_hd__inv_1     | 0.046 |   2.530 |    2.589 | 
     | FE_RC_251_0                               | C ^ -> Y v   | sky130_fd_sc_hd__nand3_1   | 0.095 |   2.625 |    2.684 | 
     | FE_RC_250_0                               | A_N v -> Y v | sky130_fd_sc_hd__nand2b_4  | 0.200 |   2.824 |    2.884 | 
     | FE_RC_297_0                               | A1 v -> Y ^  | sky130_fd_sc_hd__a21oi_2   | 0.144 |   2.968 |    3.027 | 
     | FE_RC_296_0                               | A ^ -> Y v   | sky130_fd_sc_hd__inv_2     | 0.064 |   3.032 |    3.091 | 
     | FE_RC_75_0                                | C v -> Y ^   | sky130_fd_sc_hd__nor3_4    | 0.164 |   3.196 |    3.255 | 
     | FE_RC_194_0                               | A ^ -> Y v   | sky130_fd_sc_hd__nand2_1   | 0.077 |   3.273 |    3.332 | 
     | FE_RC_192_0                               | A v -> Y ^   | sky130_fd_sc_hd__nand2_1   | 0.076 |   3.349 |    3.408 | 
     | FE_RC_193_0                               | A ^ -> Y v   | sky130_fd_sc_hd__inv_2     | 0.061 |   3.411 |    3.470 | 
     | g188062                                   | A v -> Y ^   | sky130_fd_sc_hd__clkinv_1  | 0.075 |   3.485 |    3.545 | 
     | g183659__3680                             | A1 ^ -> X ^  | sky130_fd_sc_hd__o21a_1    | 0.141 |   3.626 |    3.685 | 
     | FE_OFC130_n_3763                          | A ^ -> Y v   | sky130_fd_sc_hd__inv_2     | 0.056 |   3.681 |    3.741 | 
     | FE_OFC132_n_3763                          | A v -> Y ^   | sky130_fd_sc_hd__inv_4     | 0.315 |   3.997 |    4.056 | 
     | g183431__6131                             | B1 ^ -> X ^  | sky130_fd_sc_hd__a22o_1    | 0.207 |   4.204 |    4.263 | 
     | u_request_queue_req_mem_reg[1][wdata][15] | D ^          | sky130_fd_sc_hd__dfxtp_1   | 0.000 |   4.204 |    4.263 | 
     +--------------------------------------------------------------------------------------------------------------------+ 
Path 9: MET Setup Check with Pin u_request_queue_req_mem_reg[1][wdata][23]/CLK 
Endpoint:   u_request_queue_req_mem_reg[1][wdata][23]/D (^) checked with  
leading edge of 'clk'
Beginpoint: u_request_queue_req_mem_reg[1][bank][0]/Q   (v) triggered by  
leading edge of 'clk'
Path Groups: {clk}
Analysis View: VIEW_TYP
Other End Arrival Time          0.377
- Setup                         0.017
+ Phase Shift                   4.000
- Uncertainty                   0.100
= Required Time                 4.260
- Arrival Time                  4.200
= Slack Time                    0.059
     Clock Rise Edge                 0.000
     + Clock Network Latency (Prop)  0.036
     = Beginpoint Arrival Time       0.036
     +--------------------------------------------------------------------------------------------------------------------+ 
     |                 Instance                  |     Arc      |            Cell            | Delay | Arrival | Required | 
     |                                           |              |                            |       |  Time   |   Time   | 
     |-------------------------------------------+--------------+----------------------------+-------+---------+----------| 
     | u_request_queue_req_mem_reg[1][bank][0]   | CLK ^        |                            |       |   0.036 |    0.096 | 
     | u_request_queue_req_mem_reg[1][bank][0]   | CLK ^ -> Q v | sky130_fd_sc_hd__dfxtp_4   | 0.442 |   0.478 |    0.538 | 
     | g100792__2802                             | A v -> Y ^   | sky130_fd_sc_hd__nor2_1    | 0.289 |   0.767 |    0.827 | 
     | g100731__2802                             | B2 ^ -> Y v  | sky130_fd_sc_hd__a2bb2oi_1 | 0.106 |   0.873 |    0.932 | 
     | FE_RC_139_0                               | C v -> Y ^   | sky130_fd_sc_hd__nand3_1   | 0.092 |   0.965 |    1.024 | 
     | FE_RC_131_0                               | A ^ -> Y v   | sky130_fd_sc_hd__nand2_1   | 0.049 |   1.013 |    1.073 | 
     | FE_RC_132_0                               | A v -> Y ^   | sky130_fd_sc_hd__inv_1     | 0.064 |   1.077 |    1.136 | 
     | g100680__2346                             | A ^ -> Y v   | sky130_fd_sc_hd__nand2_2   | 0.071 |   1.147 |    1.207 | 
     | FE_RC_57_0                                | A v -> Y ^   | sky130_fd_sc_hd__nand2_2   | 0.066 |   1.213 |    1.273 | 
     | FE_RC_56_0                                | B ^ -> Y v   | sky130_fd_sc_hd__nor2_2    | 0.037 |   1.251 |    1.310 | 
     | FE_RC_55_0                                | B v -> Y ^   | sky130_fd_sc_hd__nor2_2    | 0.123 |   1.373 |    1.433 | 
     | g100657__5526                             | A ^ -> Y v   | sky130_fd_sc_hd__nand2_2   | 0.128 |   1.502 |    1.561 | 
     | FE_OFC119_n_4298                          | A v -> Y ^   | sky130_fd_sc_hd__inv_2     | 0.092 |   1.593 |    1.653 | 
     | g100643__2346                             | A ^ -> Y v   | sky130_fd_sc_hd__nand3_1   | 0.062 |   1.655 |    1.715 | 
     | g100642__2883                             | A v -> Y ^   | sky130_fd_sc_hd__nand2_1   | 0.264 |   1.920 |    1.979 | 
     | FE_OFC167_n_4300                          | A ^ -> Y v   | sky130_fd_sc_hd__inv_2     | 0.086 |   2.005 |    2.065 | 
     | g100622__1705                             | A2 v -> X v  | sky130_fd_sc_hd__o22a_1    | 0.222 |   2.227 |    2.287 | 
     | FE_RC_76_0                                | A v -> Y ^   | sky130_fd_sc_hd__nand3_2   | 0.087 |   2.315 |    2.374 | 
     | FE_RC_201_0                               | A ^ -> Y v   | sky130_fd_sc_hd__nand2_1   | 0.054 |   2.369 |    2.428 | 
     | FE_RC_199_0                               | B v -> Y ^   | sky130_fd_sc_hd__nand2_1   | 0.071 |   2.439 |    2.498 | 
     | FE_RC_197_0                               | A ^ -> Y v   | sky130_fd_sc_hd__nor2_1    | 0.045 |   2.484 |    2.543 | 
     | FE_RC_198_0                               | A v -> Y ^   | sky130_fd_sc_hd__inv_1     | 0.046 |   2.530 |    2.589 | 
     | FE_RC_251_0                               | C ^ -> Y v   | sky130_fd_sc_hd__nand3_1   | 0.095 |   2.625 |    2.684 | 
     | FE_RC_250_0                               | A_N v -> Y v | sky130_fd_sc_hd__nand2b_4  | 0.200 |   2.824 |    2.884 | 
     | FE_RC_297_0                               | A1 v -> Y ^  | sky130_fd_sc_hd__a21oi_2   | 0.144 |   2.968 |    3.027 | 
     | FE_RC_296_0                               | A ^ -> Y v   | sky130_fd_sc_hd__inv_2     | 0.064 |   3.032 |    3.091 | 
     | FE_RC_75_0                                | C v -> Y ^   | sky130_fd_sc_hd__nor3_4    | 0.164 |   3.196 |    3.255 | 
     | FE_RC_194_0                               | A ^ -> Y v   | sky130_fd_sc_hd__nand2_1   | 0.077 |   3.273 |    3.332 | 
     | FE_RC_192_0                               | A v -> Y ^   | sky130_fd_sc_hd__nand2_1   | 0.076 |   3.349 |    3.409 | 
     | FE_RC_193_0                               | A ^ -> Y v   | sky130_fd_sc_hd__inv_2     | 0.061 |   3.411 |    3.470 | 
     | g188062                                   | A v -> Y ^   | sky130_fd_sc_hd__clkinv_1  | 0.075 |   3.485 |    3.545 | 
     | g183659__3680                             | A1 ^ -> X ^  | sky130_fd_sc_hd__o21a_1    | 0.141 |   3.626 |    3.685 | 
     | FE_OFC130_n_3763                          | A ^ -> Y v   | sky130_fd_sc_hd__inv_2     | 0.056 |   3.681 |    3.741 | 
     | FE_OFC132_n_3763                          | A v -> Y ^   | sky130_fd_sc_hd__inv_4     | 0.315 |   3.997 |    4.056 | 
     | g183439__2883                             | B1 ^ -> X ^  | sky130_fd_sc_hd__a22o_1    | 0.204 |   4.200 |    4.260 | 
     | u_request_queue_req_mem_reg[1][wdata][23] | D ^          | sky130_fd_sc_hd__dfxtp_1   | 0.000 |   4.200 |    4.260 | 
     +--------------------------------------------------------------------------------------------------------------------+ 
Path 10: MET Setup Check with Pin u_request_queue_req_mem_reg[1][wdata][31]/CLK 
Endpoint:   u_request_queue_req_mem_reg[1][wdata][31]/D (^) checked with  
leading edge of 'clk'
Beginpoint: u_request_queue_req_mem_reg[1][bank][0]/Q   (v) triggered by  
leading edge of 'clk'
Path Groups: {clk}
Analysis View: VIEW_TYP
Other End Arrival Time          0.381
- Setup                         0.017
+ Phase Shift                   4.000
- Uncertainty                   0.100
= Required Time                 4.264
- Arrival Time                  4.202
= Slack Time                    0.062
     Clock Rise Edge                 0.000
     + Clock Network Latency (Prop)  0.036
     = Beginpoint Arrival Time       0.036
     +--------------------------------------------------------------------------------------------------------------------+ 
     |                 Instance                  |     Arc      |            Cell            | Delay | Arrival | Required | 
     |                                           |              |                            |       |  Time   |   Time   | 
     |-------------------------------------------+--------------+----------------------------+-------+---------+----------| 
     | u_request_queue_req_mem_reg[1][bank][0]   | CLK ^        |                            |       |   0.036 |    0.098 | 
     | u_request_queue_req_mem_reg[1][bank][0]   | CLK ^ -> Q v | sky130_fd_sc_hd__dfxtp_4   | 0.442 |   0.478 |    0.540 | 
     | g100792__2802                             | A v -> Y ^   | sky130_fd_sc_hd__nor2_1    | 0.289 |   0.767 |    0.829 | 
     | g100731__2802                             | B2 ^ -> Y v  | sky130_fd_sc_hd__a2bb2oi_1 | 0.106 |   0.873 |    0.935 | 
     | FE_RC_139_0                               | C v -> Y ^   | sky130_fd_sc_hd__nand3_1   | 0.092 |   0.965 |    1.026 | 
     | FE_RC_131_0                               | A ^ -> Y v   | sky130_fd_sc_hd__nand2_1   | 0.049 |   1.013 |    1.075 | 
     | FE_RC_132_0                               | A v -> Y ^   | sky130_fd_sc_hd__inv_1     | 0.064 |   1.077 |    1.139 | 
     | g100680__2346                             | A ^ -> Y v   | sky130_fd_sc_hd__nand2_2   | 0.071 |   1.147 |    1.209 | 
     | FE_RC_57_0                                | A v -> Y ^   | sky130_fd_sc_hd__nand2_2   | 0.066 |   1.213 |    1.275 | 
     | FE_RC_56_0                                | B ^ -> Y v   | sky130_fd_sc_hd__nor2_2    | 0.037 |   1.251 |    1.312 | 
     | FE_RC_55_0                                | B v -> Y ^   | sky130_fd_sc_hd__nor2_2    | 0.123 |   1.373 |    1.435 | 
     | g100657__5526                             | A ^ -> Y v   | sky130_fd_sc_hd__nand2_2   | 0.128 |   1.502 |    1.563 | 
     | FE_OFC119_n_4298                          | A v -> Y ^   | sky130_fd_sc_hd__inv_2     | 0.092 |   1.593 |    1.655 | 
     | g100643__2346                             | A ^ -> Y v   | sky130_fd_sc_hd__nand3_1   | 0.062 |   1.655 |    1.717 | 
     | g100642__2883                             | A v -> Y ^   | sky130_fd_sc_hd__nand2_1   | 0.264 |   1.920 |    1.981 | 
     | FE_OFC167_n_4300                          | A ^ -> Y v   | sky130_fd_sc_hd__inv_2     | 0.086 |   2.005 |    2.067 | 
     | g100622__1705                             | A2 v -> X v  | sky130_fd_sc_hd__o22a_1    | 0.222 |   2.227 |    2.289 | 
     | FE_RC_76_0                                | A v -> Y ^   | sky130_fd_sc_hd__nand3_2   | 0.087 |   2.315 |    2.376 | 
     | FE_RC_201_0                               | A ^ -> Y v   | sky130_fd_sc_hd__nand2_1   | 0.054 |   2.369 |    2.430 | 
     | FE_RC_199_0                               | B v -> Y ^   | sky130_fd_sc_hd__nand2_1   | 0.071 |   2.439 |    2.501 | 
     | FE_RC_197_0                               | A ^ -> Y v   | sky130_fd_sc_hd__nor2_1    | 0.045 |   2.484 |    2.545 | 
     | FE_RC_198_0                               | A v -> Y ^   | sky130_fd_sc_hd__inv_1     | 0.046 |   2.530 |    2.592 | 
     | FE_RC_251_0                               | C ^ -> Y v   | sky130_fd_sc_hd__nand3_1   | 0.095 |   2.625 |    2.686 | 
     | FE_RC_250_0                               | A_N v -> Y v | sky130_fd_sc_hd__nand2b_4  | 0.200 |   2.824 |    2.886 | 
     | FE_RC_297_0                               | A1 v -> Y ^  | sky130_fd_sc_hd__a21oi_2   | 0.144 |   2.968 |    3.030 | 
     | FE_RC_296_0                               | A ^ -> Y v   | sky130_fd_sc_hd__inv_2     | 0.064 |   3.032 |    3.093 | 
     | FE_RC_75_0                                | C v -> Y ^   | sky130_fd_sc_hd__nor3_4    | 0.164 |   3.196 |    3.257 | 
     | FE_RC_194_0                               | A ^ -> Y v   | sky130_fd_sc_hd__nand2_1   | 0.077 |   3.273 |    3.335 | 
     | FE_RC_192_0                               | A v -> Y ^   | sky130_fd_sc_hd__nand2_1   | 0.076 |   3.349 |    3.411 | 
     | FE_RC_193_0                               | A ^ -> Y v   | sky130_fd_sc_hd__inv_2     | 0.061 |   3.411 |    3.472 | 
     | g188062                                   | A v -> Y ^   | sky130_fd_sc_hd__clkinv_1  | 0.075 |   3.485 |    3.547 | 
     | g183659__3680                             | A1 ^ -> X ^  | sky130_fd_sc_hd__o21a_1    | 0.141 |   3.626 |    3.687 | 
     | FE_OFC130_n_3763                          | A ^ -> Y v   | sky130_fd_sc_hd__inv_2     | 0.056 |   3.681 |    3.743 | 
     | FE_OFC132_n_3763                          | A v -> Y ^   | sky130_fd_sc_hd__inv_4     | 0.315 |   3.997 |    4.058 | 
     | g183447__6260                             | B1 ^ -> X ^  | sky130_fd_sc_hd__a22o_1    | 0.205 |   4.202 |    4.264 | 
     | u_request_queue_req_mem_reg[1][wdata][31] | D ^          | sky130_fd_sc_hd__dfxtp_1   | 0.000 |   4.202 |    4.264 | 
     +--------------------------------------------------------------------------------------------------------------------+ 

