###############################################################
#  Generated by:      Cadence Innovus 23.13-s082_1
#  OS:                Linux x86_64(Host ID n01-zeus.olympus.ece.tamu.edu)
#  Generated on:      Mon Sep 28 20:39:56 2026
#  Design:            ddr4_controller_top
#  Command:           report_timing -max_paths 10 > $REPORTS_DIR/timing_postroute.rpt
###############################################################
Path 1: VIOLATED Setup Check with Pin rsp_rdata_q_reg[15]/CLK 
Endpoint:   rsp_rdata_q_reg[15]/D     (v) checked with  leading edge of 'clk'
Beginpoint: service_addr_q_reg[3]/Q_N (^) triggered by  leading edge of 'clk'
Path Groups: {clk}
Analysis View: VIEW_TYP
Other End Arrival Time          0.374
- Setup                         0.076
+ Phase Shift                   4.000
- Uncertainty                   0.100
= Required Time                 4.198
- Arrival Time                  4.204
= Slack Time                   -0.006
     Clock Rise Edge                 0.000
     + Clock Network Latency (Prop)  0.034
     = Beginpoint Arrival Time       0.034
     +------------------------------------------------------------------------------------------------+ 
     |       Instance        |      Arc       |           Cell           | Delay | Arrival | Required | 
     |                       |                |                          |       |  Time   |   Time   | 
     |-----------------------+----------------+--------------------------+-------+---------+----------| 
     | service_addr_q_reg[3] | CLK ^          |                          |       |   0.034 |    0.028 | 
     | service_addr_q_reg[3] | CLK ^ -> Q_N ^ | sky130_fd_sc_hd__dfxbp_1 | 0.721 |   0.755 |    0.749 | 
     | g189581               | A ^ -> X ^     | sky130_fd_sc_hd__or2_4   | 0.923 |   1.678 |    1.672 | 
     | g189359               | A ^ -> Y v     | sky130_fd_sc_hd__inv_2   | 0.147 |   1.825 |    1.819 | 
     | g189279               | B v -> X v     | sky130_fd_sc_hd__and2_4  | 0.530 |   2.355 |    2.349 | 
     | g188611               | A1 v -> Y ^    | sky130_fd_sc_hd__a22oi_1 | 0.358 |   2.713 |    2.706 | 
     | g183589__9945         | A ^ -> Y v     | sky130_fd_sc_hd__nand4_1 | 0.283 |   2.995 |    2.989 | 
     | g183319__6131         | B1 v -> Y ^    | sky130_fd_sc_hd__a22oi_1 | 1.087 |   4.082 |    4.076 | 
     | g183091__8428         | B ^ -> Y v     | sky130_fd_sc_hd__nand2_1 | 0.122 |   4.204 |    4.198 | 
     | rsp_rdata_q_reg[15]   | D v            | sky130_fd_sc_hd__dfxtp_1 | 0.000 |   4.204 |    4.198 | 
     +------------------------------------------------------------------------------------------------+ 
Path 2: VIOLATED Setup Check with Pin rsp_rdata_q_reg[29]/CLK 
Endpoint:   rsp_rdata_q_reg[29]/D   (v) checked with  leading edge of 'clk'
Beginpoint: service_addr_q_reg[0]/Q (^) triggered by  leading edge of 'clk'
Path Groups: {clk}
Analysis View: VIEW_TYP
Other End Arrival Time          0.373
- Setup                         0.083
+ Phase Shift                   4.000
- Uncertainty                   0.100
= Required Time                 4.190
- Arrival Time                  4.191
= Slack Time                   -0.001
     Clock Rise Edge                 0.000
     + Clock Network Latency (Prop)  0.031
     = Beginpoint Arrival Time       0.031
     +-------------------------------------------------------------------------------------------------+ 
     |        Instance         |     Arc      |           Cell            | Delay | Arrival | Required | 
     |                         |              |                           |       |  Time   |   Time   | 
     |-------------------------+--------------+---------------------------+-------+---------+----------| 
     | service_addr_q_reg[0]   | CLK ^        |                           |       |   0.031 |    0.030 | 
     | service_addr_q_reg[0]   | CLK ^ -> Q ^ | sky130_fd_sc_hd__dfxtp_1  | 0.527 |   0.559 |    0.558 | 
     | g189616                 | A ^ -> Y v   | sky130_fd_sc_hd__inv_2    | 0.073 |   0.632 |    0.631 | 
     | g189595                 | A v -> Y ^   | sky130_fd_sc_hd__nand2_2  | 0.111 |   0.742 |    0.741 | 
     | FE_OFC60_n_10           | A ^ -> Y v   | sky130_fd_sc_hd__inv_8    | 0.141 |   0.883 |    0.882 | 
     | FE_OFC62_n_10           | A v -> Y ^   | sky130_fd_sc_hd__inv_2    | 0.170 |   1.054 |    1.053 | 
     | FE_OFC63_n_10           | A ^ -> Y v   | sky130_fd_sc_hd__inv_8    | 0.143 |   1.196 |    1.195 | 
     | FE_OFC115_FE_DBTN0_n_10 | A v -> X v   | sky130_fd_sc_hd__buf_2    | 0.377 |   1.573 |    1.572 | 
     | g189223                 | A1 v -> X v  | sky130_fd_sc_hd__a22o_1   | 0.258 |   1.831 |    1.830 | 
     | g188442                 | C1 v -> Y ^  | sky130_fd_sc_hd__a221oi_1 | 0.353 |   2.185 |    2.184 | 
     | g188103                 | B2 ^ -> Y v  | sky130_fd_sc_hd__o22ai_1  | 0.168 |   2.353 |    2.352 | 
     | g185880__1617           | C1 v -> Y ^  | sky130_fd_sc_hd__a221oi_1 | 0.329 |   2.682 |    2.681 | 
     | g183645__9945           | A ^ -> Y v   | sky130_fd_sc_hd__nand4_1  | 0.269 |   2.951 |    2.950 | 
     | g183329__1666           | B1 v -> Y ^  | sky130_fd_sc_hd__a22oi_1  | 1.137 |   4.088 |    4.087 | 
     | g183101__6131           | A ^ -> Y v   | sky130_fd_sc_hd__nand2_1  | 0.103 |   4.191 |    4.190 | 
     | rsp_rdata_q_reg[29]     | D v          | sky130_fd_sc_hd__dfxtp_1  | 0.000 |   4.191 |    4.190 | 
     +-------------------------------------------------------------------------------------------------+ 
Path 3: MET Setup Check with Pin rsp_rdata_q_reg[7]/CLK 
Endpoint:   rsp_rdata_q_reg[7]/D    (v) checked with  leading edge of 'clk'
Beginpoint: service_addr_q_reg[0]/Q (v) triggered by  leading edge of 'clk'
Path Groups: {clk}
Analysis View: VIEW_TYP
Other End Arrival Time          0.372
- Setup                         0.081
+ Phase Shift                   4.000
- Uncertainty                   0.100
= Required Time                 4.191
- Arrival Time                  4.169
= Slack Time                    0.022
     Clock Rise Edge                 0.000
     + Clock Network Latency (Prop)  0.031
     = Beginpoint Arrival Time       0.031
     +-----------------------------------------------------------------------------------------------+ 
     |       Instance        |     Arc      |           Cell            | Delay | Arrival | Required | 
     |                       |              |                           |       |  Time   |   Time   | 
     |-----------------------+--------------+---------------------------+-------+---------+----------| 
     | service_addr_q_reg[0] | CLK ^        |                           |       |   0.031 |    0.054 | 
     | service_addr_q_reg[0] | CLK ^ -> Q v | sky130_fd_sc_hd__dfxtp_1  | 0.453 |   0.484 |    0.507 | 
     | g189616               | A v -> Y ^   | sky130_fd_sc_hd__inv_2    | 0.089 |   0.573 |    0.596 | 
     | g189596               | B ^ -> Y v   | sky130_fd_sc_hd__nor2_1   | 0.050 |   0.623 |    0.646 | 
     | FE_OFC77_n_36         | A v -> X v   | sky130_fd_sc_hd__buf_4    | 0.423 |   1.046 |    1.069 | 
     | FE_OFC80_n_36         | A v -> X v   | sky130_fd_sc_hd__buf_4    | 0.524 |   1.571 |    1.593 | 
     | g188434               | B1 v -> Y ^  | sky130_fd_sc_hd__a221oi_1 | 0.624 |   2.195 |    2.218 | 
     | g188000               | A2 ^ -> Y v  | sky130_fd_sc_hd__o22ai_1  | 0.155 |   2.350 |    2.373 | 
     | g185792__8428         | C1 v -> Y ^  | sky130_fd_sc_hd__a221oi_1 | 0.313 |   2.664 |    2.686 | 
     | g183512__2802         | A ^ -> Y v   | sky130_fd_sc_hd__nand4_1  | 0.289 |   2.953 |    2.975 | 
     | g183313__1617         | B1 v -> Y ^  | sky130_fd_sc_hd__a22oi_1  | 1.099 |   4.051 |    4.074 | 
     | g183085__6417         | B ^ -> Y v   | sky130_fd_sc_hd__nand2_1  | 0.118 |   4.169 |    4.191 | 
     | rsp_rdata_q_reg[7]    | D v          | sky130_fd_sc_hd__dfxtp_1  | 0.000 |   4.169 |    4.191 | 
     +-----------------------------------------------------------------------------------------------+ 
Path 4: MET Setup Check with Pin rsp_rdata_q_reg[0]/CLK 
Endpoint:   rsp_rdata_q_reg[0]/D    (^) checked with  leading edge of 'clk'
Beginpoint: service_pending_q_reg/Q (^) triggered by  leading edge of 'clk'
Path Groups: {clk}
Analysis View: VIEW_TYP
Other End Arrival Time          0.374
- Setup                         0.031
+ Phase Shift                   4.000
- Uncertainty                   0.100
= Required Time                 4.244
- Arrival Time                  4.209
= Slack Time                    0.034
     Clock Rise Edge                 0.000
     + Clock Network Latency (Prop)  0.034
     = Beginpoint Arrival Time       0.034
     +-----------------------------------------------------------------------------------------------+ 
     |       Instance        |     Arc      |           Cell            | Delay | Arrival | Required | 
     |                       |              |                           |       |  Time   |   Time   | 
     |-----------------------+--------------+---------------------------+-------+---------+----------| 
     | service_pending_q_reg | CLK ^        |                           |       |   0.034 |    0.069 | 
     | service_pending_q_reg | CLK ^ -> Q ^ | sky130_fd_sc_hd__dfxtp_1  | 0.618 |   0.652 |    0.686 | 
     | g100760__2802         | B ^ -> Y v   | sky130_fd_sc_hd__nand2_1  | 0.313 |   0.965 |    0.999 | 
     | g100725__4319         | B v -> X v   | sky130_fd_sc_hd__or2_0    | 0.465 |   1.430 |    1.464 | 
     | g100856__5122         | A v -> Y ^   | sky130_fd_sc_hd__nor2b_1  | 0.251 |   1.681 |    1.715 | 
     | g100693               | A ^ -> Y v   | sky130_fd_sc_hd__inv_2    | 0.077 |   1.758 |    1.792 | 
     | g189278               | B v -> Y ^   | sky130_fd_sc_hd__nor2_1   | 0.717 |   2.476 |    2.510 | 
     | FE_OFC20_n_140        | A ^ -> X ^   | sky130_fd_sc_hd__clkbuf_1 | 0.889 |   3.364 |    3.398 | 
     | g183309__8428         | A2 ^ -> Y v  | sky130_fd_sc_hd__a22oi_1  | 0.642 |   4.006 |    4.041 | 
     | g183081__2883         | B v -> Y ^   | sky130_fd_sc_hd__nand2_1  | 0.203 |   4.209 |    4.244 | 
     | rsp_rdata_q_reg[0]    | D ^          | sky130_fd_sc_hd__dfxtp_1  | 0.000 |   4.209 |    4.244 | 
     +-----------------------------------------------------------------------------------------------+ 
Path 5: MET Setup Check with Pin rsp_rdata_q_reg[8]/CLK 
Endpoint:   rsp_rdata_q_reg[8]/D      (v) checked with  leading edge of 'clk'
Beginpoint: service_addr_q_reg[3]/Q_N (^) triggered by  leading edge of 'clk'
Path Groups: {clk}
Analysis View: VIEW_TYP
Other End Arrival Time          0.343
- Setup                         0.091
+ Phase Shift                   4.000
- Uncertainty                   0.100
= Required Time                 4.152
- Arrival Time                  4.103
= Slack Time                    0.049
     Clock Rise Edge                 0.000
     + Clock Network Latency (Prop)  0.034
     = Beginpoint Arrival Time       0.034
     +------------------------------------------------------------------------------------------------+ 
     |       Instance        |      Arc       |           Cell           | Delay | Arrival | Required | 
     |                       |                |                          |       |  Time   |   Time   | 
     |-----------------------+----------------+--------------------------+-------+---------+----------| 
     | service_addr_q_reg[3] | CLK ^          |                          |       |   0.034 |    0.083 | 
     | service_addr_q_reg[3] | CLK ^ -> Q_N ^ | sky130_fd_sc_hd__dfxbp_1 | 0.721 |   0.755 |    0.804 | 
     | g189581               | A ^ -> X ^     | sky130_fd_sc_hd__or2_4   | 0.923 |   1.678 |    1.727 | 
     | g189359               | A ^ -> Y v     | sky130_fd_sc_hd__inv_2   | 0.147 |   1.825 |    1.874 | 
     | g189281               | B v -> X v     | sky130_fd_sc_hd__and2_4  | 0.540 |   2.365 |    2.415 | 
     | g188768               | A1 v -> Y ^    | sky130_fd_sc_hd__a22oi_1 | 0.315 |   2.681 |    2.730 | 
     | g183508__5526         | C ^ -> Y v     | sky130_fd_sc_hd__nand4_1 | 0.251 |   2.932 |    2.981 | 
     | g183314__2802         | B1 v -> Y ^    | sky130_fd_sc_hd__a22oi_1 | 1.050 |   3.982 |    4.031 | 
     | g183086__5477         | B ^ -> Y v     | sky130_fd_sc_hd__nand2_1 | 0.121 |   4.103 |    4.152 | 
     | rsp_rdata_q_reg[8]    | D v            | sky130_fd_sc_hd__dfxtp_1 | 0.000 |   4.103 |    4.152 | 
     +------------------------------------------------------------------------------------------------+ 
Path 6: MET Setup Check with Pin rsp_rdata_q_reg[27]/CLK 
Endpoint:   rsp_rdata_q_reg[27]/D   (^) checked with  leading edge of 'clk'
Beginpoint: service_pending_q_reg/Q (^) triggered by  leading edge of 'clk'
Path Groups: {clk}
Analysis View: VIEW_TYP
Other End Arrival Time          0.374
- Setup                         0.031
+ Phase Shift                   4.000
- Uncertainty                   0.100
= Required Time                 4.243
- Arrival Time                  4.191
= Slack Time                    0.052
     Clock Rise Edge                 0.000
     + Clock Network Latency (Prop)  0.034
     = Beginpoint Arrival Time       0.034
     +-----------------------------------------------------------------------------------------------+ 
     |       Instance        |     Arc      |           Cell            | Delay | Arrival | Required | 
     |                       |              |                           |       |  Time   |   Time   | 
     |-----------------------+--------------+---------------------------+-------+---------+----------| 
     | service_pending_q_reg | CLK ^        |                           |       |   0.034 |    0.086 | 
     | service_pending_q_reg | CLK ^ -> Q ^ | sky130_fd_sc_hd__dfxtp_1  | 0.618 |   0.652 |    0.704 | 
     | g100760__2802         | B ^ -> Y v   | sky130_fd_sc_hd__nand2_1  | 0.313 |   0.965 |    1.016 | 
     | g100725__4319         | B v -> X v   | sky130_fd_sc_hd__or2_0    | 0.465 |   1.430 |    1.481 | 
     | g100856__5122         | A v -> Y ^   | sky130_fd_sc_hd__nor2b_1  | 0.251 |   1.681 |    1.732 | 
     | g100693               | A ^ -> Y v   | sky130_fd_sc_hd__inv_2    | 0.077 |   1.758 |    1.810 | 
     | g189278               | B v -> Y ^   | sky130_fd_sc_hd__nor2_1   | 0.717 |   2.476 |    2.527 | 
     | FE_OFC20_n_140        | A ^ -> X ^   | sky130_fd_sc_hd__clkbuf_1 | 0.889 |   3.364 |    3.416 | 
     | g183327__2883         | B2 ^ -> Y v  | sky130_fd_sc_hd__a22oi_2  | 0.608 |   3.972 |    4.024 | 
     | g183098__5122         | B v -> Y ^   | sky130_fd_sc_hd__nand2_1  | 0.219 |   4.191 |    4.243 | 
     | rsp_rdata_q_reg[27]   | D ^          | sky130_fd_sc_hd__dfxtp_1  | 0.000 |   4.191 |    4.243 | 
     +-----------------------------------------------------------------------------------------------+ 
Path 7: MET Setup Check with Pin rsp_rdata_q_reg[5]/CLK 
Endpoint:   rsp_rdata_q_reg[5]/D    (v) checked with  leading edge of 'clk'
Beginpoint: service_addr_q_reg[0]/Q (^) triggered by  leading edge of 'clk'
Path Groups: {clk}
Analysis View: VIEW_TYP
Other End Arrival Time          0.343
- Setup                         0.069
+ Phase Shift                   4.000
- Uncertainty                   0.100
= Required Time                 4.174
- Arrival Time                  4.119
= Slack Time                    0.055
     Clock Rise Edge                 0.000
     + Clock Network Latency (Prop)  0.031
     = Beginpoint Arrival Time       0.031
     +-------------------------------------------------------------------------------------------------+ 
     |        Instance         |     Arc      |           Cell            | Delay | Arrival | Required | 
     |                         |              |                           |       |  Time   |   Time   | 
     |-------------------------+--------------+---------------------------+-------+---------+----------| 
     | service_addr_q_reg[0]   | CLK ^        |                           |       |   0.031 |    0.086 | 
     | service_addr_q_reg[0]   | CLK ^ -> Q ^ | sky130_fd_sc_hd__dfxtp_1  | 0.527 |   0.559 |    0.613 | 
     | g189616                 | A ^ -> Y v   | sky130_fd_sc_hd__inv_2    | 0.073 |   0.632 |    0.686 | 
     | g189595                 | A v -> Y ^   | sky130_fd_sc_hd__nand2_2  | 0.111 |   0.742 |    0.797 | 
     | FE_OFC60_n_10           | A ^ -> Y v   | sky130_fd_sc_hd__inv_8    | 0.141 |   0.883 |    0.938 | 
     | FE_OFC62_n_10           | A v -> Y ^   | sky130_fd_sc_hd__inv_2    | 0.170 |   1.054 |    1.108 | 
     | FE_OFC63_n_10           | A ^ -> Y v   | sky130_fd_sc_hd__inv_8    | 0.143 |   1.196 |    1.251 | 
     | FE_OFC115_FE_DBTN0_n_10 | A v -> X v   | sky130_fd_sc_hd__buf_2    | 0.377 |   1.573 |    1.628 | 
     | g189125                 | A1 v -> X v  | sky130_fd_sc_hd__a22o_1   | 0.245 |   1.818 |    1.873 | 
     | g188524                 | C1 v -> Y ^  | sky130_fd_sc_hd__a221oi_1 | 0.379 |   2.197 |    2.251 | 
     | g188067                 | B2 ^ -> Y v  | sky130_fd_sc_hd__o22ai_1  | 0.179 |   2.375 |    2.430 | 
     | g185784__1666           | C1 v -> Y ^  | sky130_fd_sc_hd__a221oi_1 | 0.603 |   2.978 |    3.033 | 
     | g183520__7482           | B ^ -> Y v   | sky130_fd_sc_hd__nand4_1  | 0.268 |   3.246 |    3.301 | 
     | g183312__3680           | B1 v -> Y ^  | sky130_fd_sc_hd__a22oi_1  | 0.463 |   3.709 |    3.764 | 
     | FE_PSBC231_n_3990       | A ^ -> Y v   | sky130_fd_sc_hd__inv_2    | 0.102 |   3.811 |    3.865 | 
     | FE_PSBC230_n_3990       | A v -> Y ^   | sky130_fd_sc_hd__inv_2    | 0.220 |   4.031 |    4.086 | 
     | g183084__7410           | B ^ -> Y v   | sky130_fd_sc_hd__nand2_1  | 0.089 |   4.119 |    4.174 | 
     | rsp_rdata_q_reg[5]      | D v          | sky130_fd_sc_hd__dfxtp_1  | 0.000 |   4.119 |    4.174 | 
     +-------------------------------------------------------------------------------------------------+ 
Path 8: MET Setup Check with Pin rsp_rdata_q_reg[14]/CLK 
Endpoint:   rsp_rdata_q_reg[14]/D   (^) checked with  leading edge of 'clk'
Beginpoint: service_pending_q_reg/Q (^) triggered by  leading edge of 'clk'
Path Groups: {clk}
Analysis View: VIEW_TYP
Other End Arrival Time          0.374
- Setup                         0.030
+ Phase Shift                   4.000
- Uncertainty                   0.100
= Required Time                 4.245
- Arrival Time                  4.190
= Slack Time                    0.055
     Clock Rise Edge                 0.000
     + Clock Network Latency (Prop)  0.034
     = Beginpoint Arrival Time       0.034
     +-----------------------------------------------------------------------------------------------+ 
     |       Instance        |     Arc      |           Cell            | Delay | Arrival | Required | 
     |                       |              |                           |       |  Time   |   Time   | 
     |-----------------------+--------------+---------------------------+-------+---------+----------| 
     | service_pending_q_reg | CLK ^        |                           |       |   0.034 |    0.089 | 
     | service_pending_q_reg | CLK ^ -> Q ^ | sky130_fd_sc_hd__dfxtp_1  | 0.618 |   0.652 |    0.707 | 
     | g100760__2802         | B ^ -> Y v   | sky130_fd_sc_hd__nand2_1  | 0.313 |   0.965 |    1.019 | 
     | g100725__4319         | B v -> X v   | sky130_fd_sc_hd__or2_0    | 0.465 |   1.430 |    1.484 | 
     | g100856__5122         | A v -> Y ^   | sky130_fd_sc_hd__nor2b_1  | 0.251 |   1.681 |    1.736 | 
     | g100693               | A ^ -> Y v   | sky130_fd_sc_hd__inv_2    | 0.077 |   1.758 |    1.813 | 
     | g189278               | B v -> Y ^   | sky130_fd_sc_hd__nor2_1   | 0.717 |   2.476 |    2.530 | 
     | FE_OFC20_n_140        | A ^ -> X ^   | sky130_fd_sc_hd__clkbuf_1 | 0.889 |   3.364 |    3.419 | 
     | g183318__7098         | A2 ^ -> Y v  | sky130_fd_sc_hd__a22oi_2  | 0.619 |   3.983 |    4.038 | 
     | g183090__4319         | B v -> Y ^   | sky130_fd_sc_hd__nand2_1  | 0.207 |   4.190 |    4.245 | 
     | rsp_rdata_q_reg[14]   | D ^          | sky130_fd_sc_hd__dfxtp_1  | 0.000 |   4.190 |    4.245 | 
     +-----------------------------------------------------------------------------------------------+ 
Path 9: MET Setup Check with Pin u_request_queue_req_mem_reg[1][wdata][3]/CLK 
Endpoint:   u_request_queue_req_mem_reg[1][wdata][3]/D (^) checked with  
leading edge of 'clk'
Beginpoint: u_request_queue_req_mem_reg[1][bank][0]/Q  (v) triggered by  
leading edge of 'clk'
Path Groups: {clk}
Analysis View: VIEW_TYP
Other End Arrival Time          0.382
- Setup                         0.018
+ Phase Shift                   4.000
- Uncertainty                   0.100
= Required Time                 4.264
- Arrival Time                  4.208
= Slack Time                    0.055
     Clock Rise Edge                 0.000
     + Clock Network Latency (Prop)  0.036
     = Beginpoint Arrival Time       0.036
     +-------------------------------------------------------------------------------------------------------------------+ 
     |                 Instance                 |     Arc      |            Cell            | Delay | Arrival | Required | 
     |                                          |              |                            |       |  Time   |   Time   | 
     |------------------------------------------+--------------+----------------------------+-------+---------+----------| 
     | u_request_queue_req_mem_reg[1][bank][0]  | CLK ^        |                            |       |   0.036 |    0.092 | 
     | u_request_queue_req_mem_reg[1][bank][0]  | CLK ^ -> Q v | sky130_fd_sc_hd__dfxtp_4   | 0.442 |   0.478 |    0.534 | 
     | g100792__2802                            | A v -> Y ^   | sky130_fd_sc_hd__nor2_1    | 0.289 |   0.767 |    0.823 | 
     | g100731__2802                            | B2 ^ -> Y v  | sky130_fd_sc_hd__a2bb2oi_1 | 0.106 |   0.873 |    0.928 | 
     | FE_RC_139_0                              | C v -> Y ^   | sky130_fd_sc_hd__nand3_1   | 0.092 |   0.965 |    1.020 | 
     | FE_RC_131_0                              | A ^ -> Y v   | sky130_fd_sc_hd__nand2_1   | 0.049 |   1.014 |    1.069 | 
     | FE_RC_132_0                              | A v -> Y ^   | sky130_fd_sc_hd__inv_1     | 0.064 |   1.077 |    1.132 | 
     | g100680__2346                            | A ^ -> Y v   | sky130_fd_sc_hd__nand2_2   | 0.071 |   1.148 |    1.203 | 
     | FE_RC_57_0                               | A v -> Y ^   | sky130_fd_sc_hd__nand2_2   | 0.066 |   1.213 |    1.269 | 
     | FE_RC_56_0                               | B ^ -> Y v   | sky130_fd_sc_hd__nor2_2    | 0.037 |   1.251 |    1.306 | 
     | FE_RC_55_0                               | B v -> Y ^   | sky130_fd_sc_hd__nor2_2    | 0.123 |   1.373 |    1.429 | 
     | g100657__5526                            | A ^ -> Y v   | sky130_fd_sc_hd__nand2_2   | 0.129 |   1.502 |    1.557 | 
     | FE_OFC119_n_4298                         | A v -> Y ^   | sky130_fd_sc_hd__inv_2     | 0.092 |   1.593 |    1.649 | 
     | g100643__2346                            | A ^ -> Y v   | sky130_fd_sc_hd__nand3_1   | 0.062 |   1.655 |    1.711 | 
     | g100642__2883                            | A v -> Y ^   | sky130_fd_sc_hd__nand2_1   | 0.264 |   1.920 |    1.975 | 
     | FE_OFC167_n_4300                         | A ^ -> Y v   | sky130_fd_sc_hd__inv_2     | 0.086 |   2.005 |    2.061 | 
     | g100622__1705                            | A2 v -> X v  | sky130_fd_sc_hd__o22a_1    | 0.222 |   2.227 |    2.283 | 
     | FE_RC_76_0                               | A v -> Y ^   | sky130_fd_sc_hd__nand3_2   | 0.087 |   2.315 |    2.370 | 
     | FE_RC_201_0                              | A ^ -> Y v   | sky130_fd_sc_hd__nand2_1   | 0.054 |   2.369 |    2.424 | 
     | FE_RC_199_0                              | B v -> Y ^   | sky130_fd_sc_hd__nand2_1   | 0.071 |   2.439 |    2.494 | 
     | FE_RC_197_0                              | A ^ -> Y v   | sky130_fd_sc_hd__nor2_1    | 0.045 |   2.484 |    2.539 | 
     | FE_RC_198_0                              | A v -> Y ^   | sky130_fd_sc_hd__inv_1     | 0.046 |   2.530 |    2.585 | 
     | FE_RC_251_0                              | C ^ -> Y v   | sky130_fd_sc_hd__nand3_1   | 0.095 |   2.625 |    2.680 | 
     | FE_RC_250_0                              | A_N v -> Y v | sky130_fd_sc_hd__nand2b_4  | 0.200 |   2.824 |    2.880 | 
     | FE_RC_297_0                              | A1 v -> Y ^  | sky130_fd_sc_hd__a21oi_2   | 0.144 |   2.968 |    3.024 | 
     | FE_RC_296_0                              | A ^ -> Y v   | sky130_fd_sc_hd__inv_2     | 0.064 |   3.032 |    3.087 | 
     | FE_RC_75_0                               | C v -> Y ^   | sky130_fd_sc_hd__nor3_4    | 0.164 |   3.196 |    3.251 | 
     | FE_RC_194_0                              | A ^ -> Y v   | sky130_fd_sc_hd__nand2_1   | 0.077 |   3.273 |    3.328 | 
     | FE_RC_192_0                              | A v -> Y ^   | sky130_fd_sc_hd__nand2_1   | 0.076 |   3.349 |    3.405 | 
     | FE_RC_193_0                              | A ^ -> Y v   | sky130_fd_sc_hd__inv_2     | 0.061 |   3.411 |    3.466 | 
     | g188062                                  | A v -> Y ^   | sky130_fd_sc_hd__clkinv_1  | 0.075 |   3.486 |    3.541 | 
     | g183659__3680                            | A1 ^ -> X ^  | sky130_fd_sc_hd__o21a_1    | 0.141 |   3.626 |    3.681 | 
     | FE_OFC130_n_3763                         | A ^ -> Y v   | sky130_fd_sc_hd__inv_2     | 0.056 |   3.682 |    3.737 | 
     | FE_OFC132_n_3763                         | A v -> Y ^   | sky130_fd_sc_hd__inv_4     | 0.315 |   3.997 |    4.052 | 
     | g183419__6260                            | B1 ^ -> X ^  | sky130_fd_sc_hd__a22o_1    | 0.212 |   4.208 |    4.264 | 
     | u_request_queue_req_mem_reg[1][wdata][3] | D ^          | sky130_fd_sc_hd__dfxtp_1   | 0.000 |   4.208 |    4.264 | 
     +-------------------------------------------------------------------------------------------------------------------+ 
Path 10: MET Setup Check with Pin u_request_queue_req_mem_reg[1][wdata][28]/CLK 
Endpoint:   u_request_queue_req_mem_reg[1][wdata][28]/D (^) checked with  
leading edge of 'clk'
Beginpoint: u_request_queue_req_mem_reg[1][bank][0]/Q   (v) triggered by  
leading edge of 'clk'
Path Groups: {clk}
Analysis View: VIEW_TYP
Other End Arrival Time          0.381
- Setup                         0.018
+ Phase Shift                   4.000
- Uncertainty                   0.100
= Required Time                 4.264
- Arrival Time                  4.208
= Slack Time                    0.056
     Clock Rise Edge                 0.000
     + Clock Network Latency (Prop)  0.036
     = Beginpoint Arrival Time       0.036
     +--------------------------------------------------------------------------------------------------------------------+ 
     |                 Instance                  |     Arc      |            Cell            | Delay | Arrival | Required | 
     |                                           |              |                            |       |  Time   |   Time   | 
     |-------------------------------------------+--------------+----------------------------+-------+---------+----------| 
     | u_request_queue_req_mem_reg[1][bank][0]   | CLK ^        |                            |       |   0.036 |    0.092 | 
     | u_request_queue_req_mem_reg[1][bank][0]   | CLK ^ -> Q v | sky130_fd_sc_hd__dfxtp_4   | 0.442 |   0.478 |    0.534 | 
     | g100792__2802                             | A v -> Y ^   | sky130_fd_sc_hd__nor2_1    | 0.289 |   0.767 |    0.823 | 
     | g100731__2802                             | B2 ^ -> Y v  | sky130_fd_sc_hd__a2bb2oi_1 | 0.106 |   0.873 |    0.929 | 
     | FE_RC_139_0                               | C v -> Y ^   | sky130_fd_sc_hd__nand3_1   | 0.092 |   0.965 |    1.021 | 
     | FE_RC_131_0                               | A ^ -> Y v   | sky130_fd_sc_hd__nand2_1   | 0.049 |   1.014 |    1.069 | 
     | FE_RC_132_0                               | A v -> Y ^   | sky130_fd_sc_hd__inv_1     | 0.064 |   1.077 |    1.133 | 
     | g100680__2346                             | A ^ -> Y v   | sky130_fd_sc_hd__nand2_2   | 0.071 |   1.148 |    1.203 | 
     | FE_RC_57_0                                | A v -> Y ^   | sky130_fd_sc_hd__nand2_2   | 0.066 |   1.213 |    1.269 | 
     | FE_RC_56_0                                | B ^ -> Y v   | sky130_fd_sc_hd__nor2_2    | 0.037 |   1.251 |    1.306 | 
     | FE_RC_55_0                                | B v -> Y ^   | sky130_fd_sc_hd__nor2_2    | 0.123 |   1.373 |    1.429 | 
     | g100657__5526                             | A ^ -> Y v   | sky130_fd_sc_hd__nand2_2   | 0.129 |   1.502 |    1.558 | 
     | FE_OFC119_n_4298                          | A v -> Y ^   | sky130_fd_sc_hd__inv_2     | 0.092 |   1.593 |    1.649 | 
     | g100643__2346                             | A ^ -> Y v   | sky130_fd_sc_hd__nand3_1   | 0.062 |   1.655 |    1.711 | 
     | g100642__2883                             | A v -> Y ^   | sky130_fd_sc_hd__nand2_1   | 0.264 |   1.920 |    1.975 | 
     | FE_OFC167_n_4300                          | A ^ -> Y v   | sky130_fd_sc_hd__inv_2     | 0.086 |   2.005 |    2.061 | 
     | g100622__1705                             | A2 v -> X v  | sky130_fd_sc_hd__o22a_1    | 0.222 |   2.227 |    2.283 | 
     | FE_RC_76_0                                | A v -> Y ^   | sky130_fd_sc_hd__nand3_2   | 0.087 |   2.315 |    2.370 | 
     | FE_RC_201_0                               | A ^ -> Y v   | sky130_fd_sc_hd__nand2_1   | 0.054 |   2.369 |    2.424 | 
     | FE_RC_199_0                               | B v -> Y ^   | sky130_fd_sc_hd__nand2_1   | 0.071 |   2.439 |    2.495 | 
     | FE_RC_197_0                               | A ^ -> Y v   | sky130_fd_sc_hd__nor2_1    | 0.045 |   2.484 |    2.540 | 
     | FE_RC_198_0                               | A v -> Y ^   | sky130_fd_sc_hd__inv_1     | 0.046 |   2.530 |    2.586 | 
     | FE_RC_251_0                               | C ^ -> Y v   | sky130_fd_sc_hd__nand3_1   | 0.095 |   2.625 |    2.681 | 
     | FE_RC_250_0                               | A_N v -> Y v | sky130_fd_sc_hd__nand2b_4  | 0.200 |   2.824 |    2.880 | 
     | FE_RC_297_0                               | A1 v -> Y ^  | sky130_fd_sc_hd__a21oi_2   | 0.144 |   2.968 |    3.024 | 
     | FE_RC_296_0                               | A ^ -> Y v   | sky130_fd_sc_hd__inv_2     | 0.064 |   3.032 |    3.088 | 
     | FE_RC_75_0                                | C v -> Y ^   | sky130_fd_sc_hd__nor3_4    | 0.164 |   3.196 |    3.252 | 
     | FE_RC_194_0                               | A ^ -> Y v   | sky130_fd_sc_hd__nand2_1   | 0.077 |   3.273 |    3.329 | 
     | FE_RC_192_0                               | A v -> Y ^   | sky130_fd_sc_hd__nand2_1   | 0.076 |   3.349 |    3.405 | 
     | FE_RC_193_0                               | A ^ -> Y v   | sky130_fd_sc_hd__inv_2     | 0.061 |   3.411 |    3.467 | 
     | g188062                                   | A v -> Y ^   | sky130_fd_sc_hd__clkinv_1  | 0.075 |   3.486 |    3.541 | 
     | g183659__3680                             | A1 ^ -> X ^  | sky130_fd_sc_hd__o21a_1    | 0.141 |   3.626 |    3.682 | 
     | FE_OFC130_n_3763                          | A ^ -> Y v   | sky130_fd_sc_hd__inv_2     | 0.056 |   3.682 |    3.737 | 
     | FE_OFC132_n_3763                          | A v -> Y ^   | sky130_fd_sc_hd__inv_4     | 0.315 |   3.997 |    4.052 | 
     | g183443__6417                             | B1 ^ -> X ^  | sky130_fd_sc_hd__a22o_1    | 0.211 |   4.208 |    4.263 | 
     | u_request_queue_req_mem_reg[1][wdata][28] | D ^          | sky130_fd_sc_hd__dfxtp_1   | 0.000 |   4.208 |    4.264 | 
     +--------------------------------------------------------------------------------------------------------------------+ 

