###############################################################
#  Generated by:      Cadence Innovus 23.13-s082_1
#  OS:                Linux x86_64(Host ID n01-zeus.olympus.ece.tamu.edu)
#  Generated on:      Mon Sep 28 20:40:03 2026
#  Design:            ddr4_controller_top
#  Command:           report_timing -early -max_paths 10 > $REPORTS_DIR/hold_postroute.rpt
###############################################################
Path 1: MET Hold Check with Pin txn_enqueued_q_reg/CLK 
Endpoint:   txn_enqueued_q_reg/D (^) checked with  leading edge of 'clk'
Beginpoint: txn_valid            (^) triggered by  leading edge of 'clk'
Path Groups: {clk}
Analysis View: VIEW_TYP
Other End Arrival Time          0.035
+ Hold                          0.006
+ Phase Shift                   0.000
+ Uncertainty                   0.100
= Required Time                 0.141
  Arrival Time                  0.202
  Slack Time                    0.061
     Clock Rise Edge                      0.000
     + Input Delay                        0.000
     = Beginpoint Arrival Time            0.000
     +--------------------------------------------------------------------------------------------+ 
     |      Instance       |     Arc     |           Cell            | Delay | Arrival | Required | 
     |                     |             |                           |       |  Time   |   Time   | 
     |---------------------+-------------+---------------------------+-------+---------+----------| 
     |                     | txn_valid ^ |                           |       |   0.000 |   -0.061 | 
     | FE_PHC268_txn_valid | A ^ -> X ^  | sky130_fd_sc_hd__clkbuf_1 | 0.072 |   0.072 |    0.010 | 
     | g188197             | A2 ^ -> X ^ | sky130_fd_sc_hd__a31o_1   | 0.131 |   0.202 |    0.141 | 
     | txn_enqueued_q_reg  | D ^         | sky130_fd_sc_hd__dfxtp_1  | 0.000 |   0.202 |    0.141 | 
     +--------------------------------------------------------------------------------------------+ 
Path 2: MET Hold Check with Pin u_request_queue_req_mem_reg[0][wdata][17]/CLK 
Endpoint:   u_request_queue_req_mem_reg[0][wdata][17]/D (^) checked with  
leading edge of 'clk'
Beginpoint: txn_wdata[17]                               (^) triggered by  
leading edge of 'clk'
Path Groups: {clk}
Analysis View: VIEW_TYP
Other End Arrival Time          0.044
+ Hold                          0.007
+ Phase Shift                   0.000
+ Uncertainty                   0.100
= Required Time                 0.152
  Arrival Time                  0.319
  Slack Time                    0.167
     Clock Rise Edge                      0.000
     + Input Delay                        0.000
     = Beginpoint Arrival Time            0.000
     +----------------------------------------------------------------------------------------------------------------------+ 
     |                 Instance                  |       Arc       |           Cell            | Delay | Arrival | Required | 
     |                                           |                 |                           |       |  Time   |   Time   | 
     |-------------------------------------------+-----------------+---------------------------+-------+---------+----------| 
     |                                           | txn_wdata[17] ^ |                           |       |   0.000 |   -0.167 | 
     | FE_PHC234_txn_wdata_17                    | A ^ -> X ^      | sky130_fd_sc_hd__clkbuf_1 | 0.152 |   0.152 |   -0.016 | 
     | g183394__5526                             | A2 ^ -> X ^     | sky130_fd_sc_hd__a22o_1   | 0.167 |   0.319 |    0.152 | 
     | u_request_queue_req_mem_reg[0][wdata][17] | D ^             | sky130_fd_sc_hd__dfxtp_1  | 0.000 |   0.319 |    0.152 | 
     +----------------------------------------------------------------------------------------------------------------------+ 
Path 3: MET Hold Check with Pin u_request_queue_req_mem_reg[3][wdata][17]/CLK 
Endpoint:   u_request_queue_req_mem_reg[3][wdata][17]/D (^) checked with  
leading edge of 'clk'
Beginpoint: txn_wdata[17]                               (^) triggered by  
leading edge of 'clk'
Path Groups: {clk}
Analysis View: VIEW_TYP
Other End Arrival Time          0.044
+ Hold                          0.007
+ Phase Shift                   0.000
+ Uncertainty                   0.100
= Required Time                 0.152
  Arrival Time                  0.319
  Slack Time                    0.167
     Clock Rise Edge                      0.000
     + Input Delay                        0.000
     = Beginpoint Arrival Time            0.000
     +----------------------------------------------------------------------------------------------------------------------+ 
     |                 Instance                  |       Arc       |           Cell            | Delay | Arrival | Required | 
     |                                           |                 |                           |       |  Time   |   Time   | 
     |-------------------------------------------+-----------------+---------------------------+-------+---------+----------| 
     |                                           | txn_wdata[17] ^ |                           |       |   0.000 |   -0.167 | 
     | FE_PHC234_txn_wdata_17                    | A ^ -> X ^      | sky130_fd_sc_hd__clkbuf_1 | 0.152 |   0.152 |   -0.016 | 
     | g183355__2883                             | A2 ^ -> X ^     | sky130_fd_sc_hd__a22o_1   | 0.167 |   0.319 |    0.152 | 
     | u_request_queue_req_mem_reg[3][wdata][17] | D ^             | sky130_fd_sc_hd__dfxtp_1  | 0.000 |   0.319 |    0.152 | 
     +----------------------------------------------------------------------------------------------------------------------+ 
Path 4: MET Hold Check with Pin u_request_queue_req_mem_reg[2][wdata][17]/CLK 
Endpoint:   u_request_queue_req_mem_reg[2][wdata][17]/D (^) checked with  
leading edge of 'clk'
Beginpoint: txn_wdata[17]                               (^) triggered by  
leading edge of 'clk'
Path Groups: {clk}
Analysis View: VIEW_TYP
Other End Arrival Time          0.044
+ Hold                          0.007
+ Phase Shift                   0.000
+ Uncertainty                   0.100
= Required Time                 0.151
  Arrival Time                  0.320
  Slack Time                    0.168
     Clock Rise Edge                      0.000
     + Input Delay                        0.000
     = Beginpoint Arrival Time            0.000
     +----------------------------------------------------------------------------------------------------------------------+ 
     |                 Instance                  |       Arc       |           Cell            | Delay | Arrival | Required | 
     |                                           |                 |                           |       |  Time   |   Time   | 
     |-------------------------------------------+-----------------+---------------------------+-------+---------+----------| 
     |                                           | txn_wdata[17] ^ |                           |       |   0.000 |   -0.168 | 
     | FE_PHC234_txn_wdata_17                    | A ^ -> X ^      | sky130_fd_sc_hd__clkbuf_1 | 0.152 |   0.152 |   -0.017 | 
     | g183472__5477                             | A2 ^ -> X ^     | sky130_fd_sc_hd__a22o_1   | 0.168 |   0.320 |    0.151 | 
     | u_request_queue_req_mem_reg[2][wdata][17] | D ^             | sky130_fd_sc_hd__dfxtp_1  | 0.000 |   0.320 |    0.151 | 
     +----------------------------------------------------------------------------------------------------------------------+ 
Path 5: MET Hold Check with Pin u_request_queue_req_mem_reg[1][wdata][17]/CLK 
Endpoint:   u_request_queue_req_mem_reg[1][wdata][17]/D (^) checked with  
leading edge of 'clk'
Beginpoint: txn_wdata[17]                               (^) triggered by  
leading edge of 'clk'
Path Groups: {clk}
Analysis View: VIEW_TYP
Other End Arrival Time          0.045
+ Hold                          0.007
+ Phase Shift                   0.000
+ Uncertainty                   0.100
= Required Time                 0.152
  Arrival Time                  0.321
  Slack Time                    0.169
     Clock Rise Edge                      0.000
     + Input Delay                        0.000
     = Beginpoint Arrival Time            0.000
     +----------------------------------------------------------------------------------------------------------------------+ 
     |                 Instance                  |       Arc       |           Cell            | Delay | Arrival | Required | 
     |                                           |                 |                           |       |  Time   |   Time   | 
     |-------------------------------------------+-----------------+---------------------------+-------+---------+----------| 
     |                                           | txn_wdata[17] ^ |                           |       |   0.000 |   -0.169 | 
     | FE_PHC234_txn_wdata_17                    | A ^ -> X ^      | sky130_fd_sc_hd__clkbuf_1 | 0.152 |   0.152 |   -0.017 | 
     | g183433__5115                             | A2 ^ -> X ^     | sky130_fd_sc_hd__a22o_1   | 0.169 |   0.321 |    0.152 | 
     | u_request_queue_req_mem_reg[1][wdata][17] | D ^             | sky130_fd_sc_hd__dfxtp_1  | 0.000 |   0.321 |    0.152 | 
     +----------------------------------------------------------------------------------------------------------------------+ 
Path 6: MET Hold Check with Pin u_request_queue_req_mem_reg[0][wdata][12]/CLK 
Endpoint:   u_request_queue_req_mem_reg[0][wdata][12]/D (^) checked with  
leading edge of 'clk'
Beginpoint: txn_wdata[12]                               (^) triggered by  
leading edge of 'clk'
Path Groups: {clk}
Analysis View: VIEW_TYP
Other End Arrival Time          0.043
+ Hold                          0.008
+ Phase Shift                   0.000
+ Uncertainty                   0.100
= Required Time                 0.150
  Arrival Time                  0.332
  Slack Time                    0.182
     Clock Rise Edge                      0.000
     + Input Delay                        0.000
     = Beginpoint Arrival Time            0.000
     +----------------------------------------------------------------------------------------------------------------------+ 
     |                 Instance                  |       Arc       |           Cell            | Delay | Arrival | Required | 
     |                                           |                 |                           |       |  Time   |   Time   | 
     |-------------------------------------------+-----------------+---------------------------+-------+---------+----------| 
     |                                           | txn_wdata[12] ^ |                           |       |   0.000 |   -0.182 | 
     | FE_PHC240_txn_wdata_12                    | A ^ -> X ^      | sky130_fd_sc_hd__clkbuf_1 | 0.163 |   0.163 |   -0.018 | 
     | g183389__2398                             | A2 ^ -> X ^     | sky130_fd_sc_hd__a22o_1   | 0.169 |   0.332 |    0.150 | 
     | u_request_queue_req_mem_reg[0][wdata][12] | D ^             | sky130_fd_sc_hd__dfxtp_1  | 0.000 |   0.332 |    0.150 | 
     +----------------------------------------------------------------------------------------------------------------------+ 
Path 7: MET Hold Check with Pin u_request_queue_req_mem_reg[2][wdata][12]/CLK 
Endpoint:   u_request_queue_req_mem_reg[2][wdata][12]/D (^) checked with  
leading edge of 'clk'
Beginpoint: txn_wdata[12]                               (^) triggered by  
leading edge of 'clk'
Path Groups: {clk}
Analysis View: VIEW_TYP
Other End Arrival Time          0.042
+ Hold                          0.007
+ Phase Shift                   0.000
+ Uncertainty                   0.100
= Required Time                 0.149
  Arrival Time                  0.333
  Slack Time                    0.183
     Clock Rise Edge                      0.000
     + Input Delay                        0.000
     = Beginpoint Arrival Time            0.000
     +----------------------------------------------------------------------------------------------------------------------+ 
     |                 Instance                  |       Arc       |           Cell            | Delay | Arrival | Required | 
     |                                           |                 |                           |       |  Time   |   Time   | 
     |-------------------------------------------+-----------------+---------------------------+-------+---------+----------| 
     |                                           | txn_wdata[12] ^ |                           |       |   0.000 |   -0.183 | 
     | FE_PHC240_txn_wdata_12                    | A ^ -> X ^      | sky130_fd_sc_hd__clkbuf_1 | 0.163 |   0.163 |   -0.020 | 
     | g183467__2883                             | A2 ^ -> X ^     | sky130_fd_sc_hd__a22o_1   | 0.169 |   0.333 |    0.149 | 
     | u_request_queue_req_mem_reg[2][wdata][12] | D ^             | sky130_fd_sc_hd__dfxtp_1  | 0.000 |   0.333 |    0.149 | 
     +----------------------------------------------------------------------------------------------------------------------+ 
Path 8: MET Hold Check with Pin u_request_queue_req_mem_reg[0][wdata][14]/CLK 
Endpoint:   u_request_queue_req_mem_reg[0][wdata][14]/D (^) checked with  
leading edge of 'clk'
Beginpoint: txn_wdata[14]                               (^) triggered by  
leading edge of 'clk'
Path Groups: {clk}
Analysis View: VIEW_TYP
Other End Arrival Time          0.044
+ Hold                          0.008
+ Phase Shift                   0.000
+ Uncertainty                   0.100
= Required Time                 0.152
  Arrival Time                  0.341
  Slack Time                    0.189
     Clock Rise Edge                      0.000
     + Input Delay                        0.000
     = Beginpoint Arrival Time            0.000
     +----------------------------------------------------------------------------------------------------------------------+ 
     |                 Instance                  |       Arc       |           Cell            | Delay | Arrival | Required | 
     |                                           |                 |                           |       |  Time   |   Time   | 
     |-------------------------------------------+-----------------+---------------------------+-------+---------+----------| 
     |                                           | txn_wdata[14] ^ |                           |       |   0.000 |   -0.189 | 
     | FE_PHC231_txn_wdata_14                    | A ^ -> X ^      | sky130_fd_sc_hd__clkbuf_1 | 0.172 |   0.172 |   -0.016 | 
     | g183391__6260                             | A2 ^ -> X ^     | sky130_fd_sc_hd__a22o_1   | 0.168 |   0.341 |    0.152 | 
     | u_request_queue_req_mem_reg[0][wdata][14] | D ^             | sky130_fd_sc_hd__dfxtp_1  | 0.000 |   0.341 |    0.152 | 
     +----------------------------------------------------------------------------------------------------------------------+ 
Path 9: MET Hold Check with Pin u_request_queue_req_mem_reg[1][wdata][14]/CLK 
Endpoint:   u_request_queue_req_mem_reg[1][wdata][14]/D (^) checked with  
leading edge of 'clk'
Beginpoint: txn_wdata[14]                               (^) triggered by  
leading edge of 'clk'
Path Groups: {clk}
Analysis View: VIEW_TYP
Other End Arrival Time          0.044
+ Hold                          0.008
+ Phase Shift                   0.000
+ Uncertainty                   0.100
= Required Time                 0.152
  Arrival Time                  0.343
  Slack Time                    0.191
     Clock Rise Edge                      0.000
     + Input Delay                        0.000
     = Beginpoint Arrival Time            0.000
     +----------------------------------------------------------------------------------------------------------------------+ 
     |                 Instance                  |       Arc       |           Cell            | Delay | Arrival | Required | 
     |                                           |                 |                           |       |  Time   |   Time   | 
     |-------------------------------------------+-----------------+---------------------------+-------+---------+----------| 
     |                                           | txn_wdata[14] ^ |                           |       |   0.000 |   -0.191 | 
     | FE_PHC231_txn_wdata_14                    | A ^ -> X ^      | sky130_fd_sc_hd__clkbuf_1 | 0.172 |   0.172 |   -0.018 | 
     | g183430__7098                             | A2 ^ -> X ^     | sky130_fd_sc_hd__a22o_1   | 0.170 |   0.343 |    0.152 | 
     | u_request_queue_req_mem_reg[1][wdata][14] | D ^             | sky130_fd_sc_hd__dfxtp_1  | 0.000 |   0.343 |    0.152 | 
     +----------------------------------------------------------------------------------------------------------------------+ 
Path 10: MET Hold Check with Pin u_request_queue_req_mem_reg[1][wdata][12]/CLK 
Endpoint:   u_request_queue_req_mem_reg[1][wdata][12]/D (^) checked with  
leading edge of 'clk'
Beginpoint: txn_wdata[12]                               (^) triggered by  
leading edge of 'clk'
Path Groups: {clk}
Analysis View: VIEW_TYP
Other End Arrival Time          0.035
+ Hold                          0.005
+ Phase Shift                   0.000
+ Uncertainty                   0.100
= Required Time                 0.140
  Arrival Time                  0.332
  Slack Time                    0.191
     Clock Rise Edge                      0.000
     + Input Delay                        0.000
     = Beginpoint Arrival Time            0.000
     +----------------------------------------------------------------------------------------------------------------------+ 
     |                 Instance                  |       Arc       |           Cell            | Delay | Arrival | Required | 
     |                                           |                 |                           |       |  Time   |   Time   | 
     |-------------------------------------------+-----------------+---------------------------+-------+---------+----------| 
     |                                           | txn_wdata[12] ^ |                           |       |   0.000 |   -0.191 | 
     | FE_PHC240_txn_wdata_12                    | A ^ -> X ^      | sky130_fd_sc_hd__clkbuf_1 | 0.163 |   0.163 |   -0.028 | 
     | g183428__5122                             | A2 ^ -> X ^     | sky130_fd_sc_hd__a22o_1   | 0.168 |   0.332 |    0.140 | 
     | u_request_queue_req_mem_reg[1][wdata][12] | D ^             | sky130_fd_sc_hd__dfxtp_1  | 0.000 |   0.332 |    0.140 | 
     +----------------------------------------------------------------------------------------------------------------------+ 

